mm2-smoke commit=5ce8a8a9a37cf278f1601a612f91f183810c5868
2026-10-04T00:55:30.229287Z  WARN mm2: wheel part whl0 geometry authored in place; recentring onto origin car=Some("sthlm_racer")
2026-10-04T00:55:30.229316Z  WARN mm2: wheel part whl1 geometry authored in place; recentring onto origin car=Some("sthlm_racer")
2026-10-04T00:55:30.229322Z  WARN mm2: wheel part whl2 geometry authored in place; recentring onto origin car=Some("sthlm_racer")
2026-10-04T00:55:30.229326Z  WARN mm2: wheel part whl3 geometry authored in place; recentring onto origin car=Some("sthlm_racer")
2026-10-04T00:55:30.861825Z  WARN mm2_app::city: water refs resolved no rooms; deadly water off path=city/stockholm.parts/part_-3_0.water skipped=0
2026-10-04T00:55:31.163405Z  WARN mm2_app::city: water refs resolved no rooms; deadly water off path=city/stockholm.parts/part_-2_2.water skipped=0
2026-10-04T00:55:31.166269Z  WARN mm2_app::city: water refs resolved no rooms; deadly water off path=city/stockholm.parts/part_-2_3.water skipped=0
2026-10-04T00:55:31.315093Z  WARN mm2_app::city: water refs resolved no rooms; deadly water off path=city/stockholm.parts/part_-1_0.water skipped=0
2026-10-04T00:55:31.446253Z  WARN mm2_app::city: water refs resolved no rooms; deadly water off path=city/stockholm.parts/part_-1_2.water skipped=0
2026-10-04T00:55:31.493166Z  WARN mm2_app::city: water refs resolved no rooms; deadly water off path=city/stockholm.parts/part_-1_3.water skipped=0
2026-10-04T00:55:31.594765Z  WARN mm2_app::city: water refs resolved no rooms; deadly water off path=city/stockholm.parts/part_0_-2.water skipped=0
2026-10-04T00:55:31.840171Z  WARN mm2_app::city: water refs resolved no rooms; deadly water off path=city/stockholm.parts/part_0_2.water skipped=0
2026-10-04T00:55:31.893948Z  WARN mm2_app::city: water refs resolved no rooms; deadly water off path=city/stockholm.parts/part_0_3.water skipped=0
2026-10-04T00:55:31.980274Z  WARN mm2_app::city: water refs resolved no rooms; deadly water off path=city/stockholm.parts/part_1_-3.water skipped=0
2026-10-04T00:55:32.065876Z  WARN mm2_app::city: water refs resolved no rooms; deadly water off path=city/stockholm.parts/part_1_-2.water skipped=0
2026-10-04T00:55:32.276341Z  WARN mm2_app::city: water refs resolved no rooms; deadly water off path=city/stockholm.parts/part_1_1.water skipped=0
2026-10-04T00:55:32.353996Z  WARN mm2_app::city: water refs resolved no rooms; deadly water off path=city/stockholm.parts/part_1_2.water skipped=0
2026-10-04T00:55:32.406486Z  WARN mm2_app::city: water refs resolved no rooms; deadly water off path=city/stockholm.parts/part_1_3.water skipped=0
2026-10-04T00:55:32.532978Z  WARN mm2_app::city: water refs resolved no rooms; deadly water off path=city/stockholm.parts/part_2_-3.water skipped=0
2026-10-04T00:55:32.755648Z  WARN mm2_app::city: water refs resolved no rooms; deadly water off path=city/stockholm.parts/part_2_1.water skipped=0
2026-10-04T00:55:32.811896Z  WARN mm2_app::city: water refs resolved no rooms; deadly water off path=city/stockholm.parts/part_2_2.water skipped=0
2026-10-04T00:55:32.833544Z  WARN mm2_app::city: water refs resolved no rooms; deadly water off path=city/stockholm.parts/part_2_3.water skipped=0
2026-10-04T00:55:33.119643Z  WARN mm2_app::city: water refs resolved no rooms; deadly water off path=city/stockholm.parts/part_3_1.water skipped=0
2026-10-04T00:55:33.167761Z  WARN mm2_app::city: water refs resolved no rooms; deadly water off path=city/stockholm.parts/part_3_2.water skipped=0
2026-10-04T00:55:33.206958Z  WARN mm2_app::city: water refs resolved no rooms; deadly water off path=city/stockholm.parts/part_3_3.water skipped=0
2026-10-04T00:55:33.365070Z  WARN mm2_app::city: water refs resolved no rooms; deadly water off path=city/stockholm.parts/part_4_1.water skipped=0
2026-10-04T00:55:33.400791Z  WARN mm2_app::city: water refs resolved no rooms; deadly water off path=city/stockholm.parts/part_4_2.water skipped=0
2026-10-04T00:55:33.665753Z  WARN mm2_app::city: water refs resolved no rooms; deadly water off path=city/stockholm.parts/part_6_1.water skipped=0
2026-10-04T00:55:33.924511Z  WARN mm2_app::object_sound: object sound table unreadable path=aud/ambient/ferry.csv error=asset not found: aud/ambient/ferry.csv
2026-10-04T00:55:33.924539Z  WARN mm2_app::object_sound: object sound table unreadable path=aud/ambient/subwaycar.csv error=asset not found: aud/ambient/subwaycar.csv
2026-10-04T00:55:33.924588Z  WARN mm2_app::environment: lighting preset validation issue path=city/stockholm.lt04 issue=OffGridName("noon")
2026-10-04T00:55:33.924596Z  WARN mm2_app::environment: fog table unavailable path=city/stockholm_fog.csv error=asset not found: city/stockholm_fog.csv
2026-10-04T00:55:33.924600Z  WARN mm2_app::environment: sky definition unavailable path=city/stockholm.sky error=asset not found: city/stockholm.sky
2026-10-04T00:55:33.942963Z  WARN mm2_app::damage_fx: smoke atlas unresolved — untextured puffs texture="fxpt2"
2026-10-04T00:55:33.942993Z  WARN mm2_app::spark_fx: spark texture unresolved — untextured streaks texture="spark"
2026-10-04T00:55:33.943002Z  WARN mm2_app::wheel_fx: wheel effect unavailable rule="dirt" path=tune/effects/dirt.asbirthrule
2026-10-04T00:55:33.943006Z  WARN mm2_app::wheel_fx: wheel effect unavailable rule="dust" path=tune/effects/dust.asbirthrule
2026-10-04T00:55:33.943009Z  WARN mm2_app::wheel_fx: wheel effect unavailable rule="grass" path=tune/effects/grass.asbirthrule
2026-10-04T00:55:33.943014Z  WARN mm2_app::wheel_fx: wheel effect unavailable rule="leaf" path=tune/effects/leaf.asbirthrule
2026-10-04T00:55:33.943017Z  WARN mm2_app::wheel_fx: wheel effect unavailable rule="smoke" path=tune/effects/smoke.asbirthrule
2026-10-04T00:55:33.943019Z  WARN mm2_app::wheel_fx: wheel effect unavailable rule="snow" path=tune/effects/snow.asbirthrule
2026-10-04T00:55:33.943021Z  WARN mm2_app::wheel_fx: wheel effect unavailable rule="splash" path=tune/effects/splash.asbirthrule
2026-10-04T00:55:33.943023Z  WARN mm2_app::wheel_fx: wheel effect unavailable rule="rock" path=tune/effects/rock.asbirthrule
2026-10-04T00:55:33.943028Z  WARN mm2_app::wheel_fx: wheel atlas unresolved — untextured puffs texture="ptx_wheel"
2026-10-04T00:55:33.943282Z  WARN mm2_app::audio: audio: aud/cardata/player/default_impacts.csv: asset not found: aud/cardata/player/default_impacts.csv
2026-10-04T00:55:33.943288Z  WARN mm2_app::audio: audio: aud/cardata/player/default_surfacedry.csv: asset not found: aud/cardata/player/default_surfacedry.csv
2026-10-04T00:55:33.943292Z  WARN mm2_app::audio: audio: aud/cardata/player/stockholmpolicesiren.csv: asset not found: aud/cardata/player/stockholmpolicesiren.csv
2026-10-04T00:55:33.943296Z  WARN mm2_app::audio: audio: aud/cardata/opponent/policesiren.csv: asset not found: aud/cardata/opponent/policesiren.csv
2026-10-04T00:55:33.944253Z  WARN mm2_app::session: nav graph failed to load — opponent routes stay verbatim error=city/stockholm.bai: not found in the VFS
2026-10-04T00:55:34.341589Z  WARN mm2_app::race_audio: audio: race cue startracelow: no wave matches stem "startracelow"
2026-10-04T00:55:34.341668Z  WARN mm2_app::audio: audio: aud/spchdata/stockholm.csv: asset not found: aud/spchdata/stockholm.csv
2026-10-04T00:55:34.874711Z  WARN mm2_app::race_audio: audio: race cue startracelow: no wave matches stem "startracelow"
2026-10-04T00:55:35.304939Z  WARN mm2_app::race_audio: audio: race cue startracelow: no wave matches stem "startracelow"
2026-10-04T00:55:35.739879Z  WARN mm2_app::race_audio: audio: race cue startracehigh: no wave matches stem "startracehigh"
2026-10-04T00:55:51.017345Z  WARN mm2_app::race_audio: audio: race cue waypoint: no wave matches stem "waypoint"
2026-10-04T00:56:05.734203Z  WARN mm2_app::race_audio: audio: race cue waypoint: no wave matches stem "waypoint"
2026-10-04T00:56:17.585670Z  INFO mm2_app::scripted: scripted player started a bounded escape after sustained low-speed throttle tick=11198 escapes=1 position=Vec3(556.23224, 25.385696, -1406.623) speed=0.0006394935771822929 heading_rad=0.2015291154384613 bearing_rad=1.524635910987854 route_next=Some(430) gate=Vec3(1023.2831, 12.48794, -886.06976) aim=Vec3(579.39923, 25.00335, -1412.4816)
2026-10-04T00:56:22.233185Z  INFO mm2_app::scripted: scripted player started a bounded escape after sustained low-speed throttle tick=12570 escapes=2 position=Vec3(630.8677, 23.43983, -1431.992) speed=0.261764794588089 heading_rad=-1.3219212293624878 bearing_rad=1.006584644317627 route_next=Some(450) gate=Vec3(1023.2831, 12.48794, -886.06976) aim=Vec3(648.5389, 22.69265, -1415.2732)
2026-10-04T00:56:23.637724Z  INFO mm2_app::scripted: scripted player started a bounded escape after sustained low-speed throttle tick=12984 escapes=3 position=Vec3(631.4934, 23.394806, -1432.1572) speed=0.44741472601890564 heading_rad=-1.3803867101669312 bearing_rad=0.9710497260093689 route_next=Some(450) gate=Vec3(1023.2831, 12.48794, -886.06976) aim=Vec3(648.5389, 22.69265, -1415.2732)
2026-10-04T00:56:25.703697Z  INFO mm2_app::scripted: scripted player started a bounded escape after sustained low-speed throttle tick=13592 escapes=4 position=Vec3(641.3053, 23.00072, -1434.3553) speed=0.01162294577807188 heading_rad=-1.6498291492462158 bearing_rad=1.108112096786499 route_next=Some(451) gate=Vec3(1023.2831, 12.48794, -886.06976) aim=Vec3(650.7735, 22.61901, -1410.899)
2026-10-04T00:56:32.495273Z  INFO mm2_app::scripted: scripted player started a bounded escape after sustained low-speed throttle tick=17020 escapes=5 position=Vec3(884.74805, 10.300207, -1037.7847) speed=0.09304773807525635 heading_rad=-1.222750186920166 bearing_rad=1.157607078552246 route_next=Some(571) gate=Vec3(1023.2831, 12.48794, -886.06976) aim=Vec3(899.4708, 10.10652, -1022.33264)
2026-10-04T00:56:33.506516Z  INFO mm2_app::scripted: scripted player started a bounded escape after sustained low-speed throttle tick=17612 escapes=6 position=Vec3(892.51385, 10.260243, -1040.7678) speed=-0.0027608992531895638 heading_rad=-1.1803253889083862 bearing_rad=1.5793342590332031 route_next=Some(572) gate=Vec3(1023.2831, 12.48794, -886.06976) aim=Vec3(901.53925, 10.05696, -1018.29736)
2026-10-04T00:56:37.143480Z  INFO mm2_app::scripted: scripted player started a bounded escape after sustained low-speed throttle tick=19610 escapes=7 position=Vec3(988.2095, 10.189167, -933.27167) speed=-0.0022368463687598705 heading_rad=-2.1838645935058594 bearing_rad=-0.10694845765829086 route_next=Some(613) gate=Vec3(1023.2831, 12.48794, -886.06976) aim=Vec3(1005.099, 11.21893, -923.9102)
2026-10-04T00:56:38.681171Z  INFO mm2_app::scripted: scripted player started a bounded escape after sustained low-speed throttle tick=20342 escapes=8 position=Vec3(984.68616, 10.017583, -931.2541) speed=-0.00022580381482839584 heading_rad=-2.662355661392212 bearing_rad=-0.7462098002433777 route_next=Some(613) gate=Vec3(1023.2831, 12.48794, -886.06976) aim=Vec3(1005.099, 11.21893, -923.9102)
2026-10-04T00:56:42.479541Z  WARN mm2_app::race_audio: audio: race cue lastwaypoint: no wave matches stem "lastwaypoint"
2026-10-04T00:56:45.806358Z  WARN mm2_app::race_audio: audio: race cue endofracetag: no wave matches stem "endofracetag"
smoke=headless-physics world=city/stockholm.psdl status=pass updates=25600 ticks=22477 driver=scripted diff=amateur phase=results impacts=18 dropped=0 peak=24.1m/s travel=3022.5m sim=187.31s resets=0 controls=16571t/4220b/9980s finite=true moved=2229m wheels=4/4 final=(1422,6.2,-905) race=Complete cp=3/3 results=1 tl=82.7s pos=1/1 outcome=finished place=1 p_rec=0r/8e env=lt04(noon) fog=none sky=none wtr=0.2/1698r map=inset/north/z1200/hudmap_stockholm.pkg/1t/5m dash=absent:missing-spec+pkg trk=sized ind=on/0m/0b tmr=22g/off arr=hudarrow_blitz01/off sta=10g/-/-/- bng=3240d/0a/2s/0b bng_ev=2a/2s/0b wfx=0r/0e/0x+8f+ut aud=0h/0v/0s/0l/0a/0r+9x
