mm2-smoke commit=1a822c1cc472f6c04a25a6832e346b162bbb0ff5
2026-10-04T05:22:30.534222Z  WARN mm2: wheel part whl0 geometry authored in place; recentring onto origin car=Some("sthlm_racer")
2026-10-04T05:22:30.534243Z  WARN mm2: wheel part whl1 geometry authored in place; recentring onto origin car=Some("sthlm_racer")
2026-10-04T05:22:30.534246Z  WARN mm2: wheel part whl2 geometry authored in place; recentring onto origin car=Some("sthlm_racer")
2026-10-04T05:22:30.534249Z  WARN mm2: wheel part whl3 geometry authored in place; recentring onto origin car=Some("sthlm_racer")
2026-10-04T05:22:31.354539Z  WARN mm2_app::city: water refs resolved no rooms; deadly water off path=city/stockholm.parts/part_-3_0.water skipped=0
2026-10-04T05:22:31.716997Z  WARN mm2_app::city: water refs resolved no rooms; deadly water off path=city/stockholm.parts/part_-2_2.water skipped=0
2026-10-04T05:22:31.719996Z  WARN mm2_app::city: water refs resolved no rooms; deadly water off path=city/stockholm.parts/part_-2_3.water skipped=0
2026-10-04T05:22:31.883298Z  WARN mm2_app::city: water refs resolved no rooms; deadly water off path=city/stockholm.parts/part_-1_0.water skipped=0
2026-10-04T05:22:32.035935Z  WARN mm2_app::city: water refs resolved no rooms; deadly water off path=city/stockholm.parts/part_-1_2.water skipped=0
2026-10-04T05:22:32.085684Z  WARN mm2_app::city: water refs resolved no rooms; deadly water off path=city/stockholm.parts/part_-1_3.water skipped=0
2026-10-04T05:22:32.211530Z  WARN mm2_app::city: water refs resolved no rooms; deadly water off path=city/stockholm.parts/part_0_-2.water skipped=0
2026-10-04T05:22:32.485528Z  WARN mm2_app::city: water refs resolved no rooms; deadly water off path=city/stockholm.parts/part_0_2.water skipped=0
2026-10-04T05:22:32.547165Z  WARN mm2_app::city: water refs resolved no rooms; deadly water off path=city/stockholm.parts/part_0_3.water skipped=0
2026-10-04T05:22:32.645284Z  WARN mm2_app::city: water refs resolved no rooms; deadly water off path=city/stockholm.parts/part_1_-3.water skipped=0
2026-10-04T05:22:32.741123Z  WARN mm2_app::city: water refs resolved no rooms; deadly water off path=city/stockholm.parts/part_1_-2.water skipped=0
2026-10-04T05:22:32.804004Z  WARN mm2_app::city: water refs resolved no rooms; deadly water off path=city/stockholm.parts/part_1_-1.water skipped=0
2026-10-04T05:22:33.029608Z  WARN mm2_app::city: water refs resolved no rooms; deadly water off path=city/stockholm.parts/part_1_1.water skipped=0
2026-10-04T05:22:33.108142Z  WARN mm2_app::city: water refs resolved no rooms; deadly water off path=city/stockholm.parts/part_1_2.water skipped=0
2026-10-04T05:22:33.167593Z  WARN mm2_app::city: water refs resolved no rooms; deadly water off path=city/stockholm.parts/part_1_3.water skipped=0
2026-10-04T05:22:33.293383Z  WARN mm2_app::city: water refs resolved no rooms; deadly water off path=city/stockholm.parts/part_2_-3.water skipped=0
2026-10-04T05:22:33.427925Z  WARN mm2_app::city: water refs resolved no rooms; deadly water off path=city/stockholm.parts/part_2_-1.water skipped=0
2026-10-04T05:22:33.553452Z  WARN mm2_app::city: water refs resolved no rooms; deadly water off path=city/stockholm.parts/part_2_1.water skipped=0
2026-10-04T05:22:33.607821Z  WARN mm2_app::city: water refs resolved no rooms; deadly water off path=city/stockholm.parts/part_2_2.water skipped=0
2026-10-04T05:22:33.630176Z  WARN mm2_app::city: water refs resolved no rooms; deadly water off path=city/stockholm.parts/part_2_3.water skipped=0
2026-10-04T05:22:33.920651Z  WARN mm2_app::city: water refs resolved no rooms; deadly water off path=city/stockholm.parts/part_3_1.water skipped=0
2026-10-04T05:22:33.967553Z  WARN mm2_app::city: water refs resolved no rooms; deadly water off path=city/stockholm.parts/part_3_2.water skipped=0
2026-10-04T05:22:34.007601Z  WARN mm2_app::city: water refs resolved no rooms; deadly water off path=city/stockholm.parts/part_3_3.water skipped=0
2026-10-04T05:22:34.177320Z  WARN mm2_app::city: water refs resolved no rooms; deadly water off path=city/stockholm.parts/part_4_1.water skipped=0
2026-10-04T05:22:34.212449Z  WARN mm2_app::city: water refs resolved no rooms; deadly water off path=city/stockholm.parts/part_4_2.water skipped=0
2026-10-04T05:22:34.498880Z  WARN mm2_app::city: water refs resolved no rooms; deadly water off path=city/stockholm.parts/part_6_1.water skipped=0
2026-10-04T05:22:34.779962Z  WARN mm2_app::object_sound: object sound table unreadable path=aud/ambient/ferry.csv error=asset not found: aud/ambient/ferry.csv
2026-10-04T05:22:34.779985Z  WARN mm2_app::object_sound: object sound table unreadable path=aud/ambient/subwaycar.csv error=asset not found: aud/ambient/subwaycar.csv
2026-10-04T05:22:34.780125Z  WARN mm2_app::environment: lighting preset validation issue path=city/stockholm.lt04 issue=OffGridName("noon")
2026-10-04T05:22:34.780151Z  WARN mm2_app::environment: fog table unavailable path=city/stockholm_fog.csv error=asset not found: city/stockholm_fog.csv
2026-10-04T05:22:34.780156Z  WARN mm2_app::environment: sky definition unavailable path=city/stockholm.sky error=asset not found: city/stockholm.sky
2026-10-04T05:22:34.798971Z  WARN mm2_app::damage_fx: smoke atlas unresolved — untextured puffs texture="fxpt2"
2026-10-04T05:22:34.799000Z  WARN mm2_app::spark_fx: spark texture unresolved — untextured streaks texture="spark"
2026-10-04T05:22:34.799008Z  WARN mm2_app::wheel_fx: wheel effect unavailable rule="dirt" path=tune/effects/dirt.asbirthrule
2026-10-04T05:22:34.799012Z  WARN mm2_app::wheel_fx: wheel effect unavailable rule="dust" path=tune/effects/dust.asbirthrule
2026-10-04T05:22:34.799015Z  WARN mm2_app::wheel_fx: wheel effect unavailable rule="grass" path=tune/effects/grass.asbirthrule
2026-10-04T05:22:34.799017Z  WARN mm2_app::wheel_fx: wheel effect unavailable rule="leaf" path=tune/effects/leaf.asbirthrule
2026-10-04T05:22:34.799020Z  WARN mm2_app::wheel_fx: wheel effect unavailable rule="smoke" path=tune/effects/smoke.asbirthrule
2026-10-04T05:22:34.799022Z  WARN mm2_app::wheel_fx: wheel effect unavailable rule="snow" path=tune/effects/snow.asbirthrule
2026-10-04T05:22:34.799025Z  WARN mm2_app::wheel_fx: wheel effect unavailable rule="splash" path=tune/effects/splash.asbirthrule
2026-10-04T05:22:34.799028Z  WARN mm2_app::wheel_fx: wheel effect unavailable rule="rock" path=tune/effects/rock.asbirthrule
2026-10-04T05:22:34.799031Z  WARN mm2_app::wheel_fx: wheel atlas unresolved — untextured puffs texture="ptx_wheel"
2026-10-04T05:22:34.799279Z  WARN mm2_app::audio: audio: aud/cardata/player/default_impacts.csv: asset not found: aud/cardata/player/default_impacts.csv
2026-10-04T05:22:34.799297Z  WARN mm2_app::audio: audio: aud/cardata/player/default_surfacedry.csv: asset not found: aud/cardata/player/default_surfacedry.csv
2026-10-04T05:22:34.799303Z  WARN mm2_app::audio: audio: aud/cardata/player/stockholmpolicesiren.csv: asset not found: aud/cardata/player/stockholmpolicesiren.csv
2026-10-04T05:22:34.799307Z  WARN mm2_app::audio: audio: aud/cardata/opponent/policesiren.csv: asset not found: aud/cardata/opponent/policesiren.csv
2026-10-04T05:22:34.800293Z  WARN mm2_app::session: nav graph failed to load — opponent routes stay verbatim error=city/stockholm.bai: not found in the VFS
2026-10-04T05:22:35.233963Z  WARN mm2_app::race_audio: audio: race cue startracelow: no wave matches stem "startracelow"
2026-10-04T05:22:35.234012Z  WARN mm2_app::audio: audio: aud/spchdata/stockholm.csv: asset not found: aud/spchdata/stockholm.csv
2026-10-04T05:22:35.563512Z  WARN mm2_app::race_audio: audio: race cue startracelow: no wave matches stem "startracelow"
2026-10-04T05:22:35.796788Z  WARN mm2_app::race_audio: audio: race cue startracelow: no wave matches stem "startracelow"
2026-10-04T05:22:36.028930Z  WARN mm2_app::race_audio: audio: race cue startracehigh: no wave matches stem "startracehigh"
2026-10-04T05:22:49.980241Z  WARN mm2_app::race_audio: audio: race cue waypoint: no wave matches stem "waypoint"
2026-10-04T05:23:04.928005Z  INFO mm2_app::scripted: scripted player started a bounded escape after sustained low-speed throttle tick=12524 escapes=1 position=Vec3(408.59113, 9.182194, -525.71136) speed=0.0023799757473170757 heading_rad=1.969725489616394 bearing_rad=0.0208735391497612 route_next=Some(440) gate=Vec3(1732.7577, 2.79616, 397.85587) aim=Vec3(397.42896, 10.50133, -521.2782)
2026-10-04T05:23:06.024770Z  INFO mm2_app::scripted: scripted player started a bounded escape after sustained low-speed throttle tick=12938 escapes=2 position=Vec3(408.59662, 9.181652, -525.70667) speed=-0.001259145443327725 heading_rad=1.9681767225265503 bearing_rad=0.01986922137439251 route_next=Some(440) gate=Vec3(1732.7577, 2.79616, 397.85587) aim=Vec3(397.4318, 10.50133, -521.2795)
2026-10-04T05:23:06.978525Z  INFO mm2_app::scripted: scripted player started a bounded escape after sustained low-speed throttle tick=13352 escapes=3 position=Vec3(408.5969, 9.180177, -525.7081) speed=-0.0016720055136829615 heading_rad=1.969154953956604 bearing_rad=0.02074177749454975 route_next=Some(440) gate=Vec3(1732.7577, 2.79616, 397.85587) aim=Vec3(397.4326, 10.50133, -521.2798)
2026-10-04T05:23:07.938142Z  INFO mm2_app::scripted: scripted player started a bounded escape after sustained low-speed throttle tick=13766 escapes=4 position=Vec3(408.6006, 9.181559, -525.7065) speed=-7.116218330338597e-5 heading_rad=1.9684618711471558 bearing_rad=0.020298724994063377 route_next=Some(440) gate=Vec3(1732.7577, 2.79616, 397.85587) aim=Vec3(397.43506, 10.50133, -521.2809)
2026-10-04T05:23:08.389455Z  INFO mm2_app::scripted: scripted player re-anchored onto its route after a bounded stuck tick=13964 reanchors=1 position=Vec3(408.60245, 9.184976, -525.70844) speed=-0.0003986997180618346 heading_rad=1.9693200588226318 route_next=438 gate=Vec3(1732.7577, 2.79616, 397.85587) landing=Vec3(415.70386, 12.847864, -529.42645)
2026-10-04T05:23:13.220880Z  INFO mm2_app::scripted: scripted player re-anchored onto its route after a bounded stuck tick=16054 reanchors=2 position=Vec3(321.83185, 0.6990894, -510.9477) speed=3.8008432388305664 heading_rad=0.9078190922737122 route_next=463 gate=Vec3(1732.7577, 2.79616, 397.85587) landing=Vec3(313.65305, 10.61179, -489.022)
2026-10-04T05:23:30.102065Z  WARN mm2_app::race_audio: audio: race cue waypoint: no wave matches stem "waypoint"
2026-10-04T05:23:37.042177Z  INFO mm2_app::scripted: scripted player started a bounded escape after sustained low-speed throttle tick=25932 escapes=5 position=Vec3(626.5558, 4.4006042, -12.366395) speed=0.0015240833163261414 heading_rad=-0.7501488327980042 bearing_rad=0.570959210395813 route_next=Some(814) gate=Vec3(1732.7577, 2.79616, 397.85587) aim=Vec3(638.211, 4.36578, -15.33859)
2026-10-04T05:23:38.590368Z  INFO mm2_app::scripted: scripted player started a bounded escape after sustained low-speed throttle tick=26496 escapes=6 position=Vec3(619.8962, 1.5996425, -3.8560622) speed=-0.005719365086406469 heading_rad=-1.6601521968841553 bearing_rad=-0.7260517477989197 route_next=Some(814) gate=Vec3(1732.7577, 2.79616, 397.85587) aim=Vec3(634.5076, 4.39688, -14.66007)
2026-10-04T05:23:39.647210Z  INFO mm2_app::scripted: scripted player started a bounded escape after sustained low-speed throttle tick=26910 escapes=7 position=Vec3(619.89624, 1.5987854, -3.8578212) speed=0.03093673661351204 heading_rad=-1.6606757640838623 bearing_rad=-0.7264994382858276 route_next=Some(814) gate=Vec3(1732.7577, 2.79616, 397.85587) aim=Vec3(634.5076, 4.39688, -14.66007)
2026-10-04T05:23:40.701227Z  INFO mm2_app::scripted: scripted player started a bounded escape after sustained low-speed throttle tick=27324 escapes=8 position=Vec3(619.7356, 1.6209122, -3.7724388) speed=0.04724641144275665 heading_rad=-1.6979389190673828 bearing_rad=-0.7622998356819153 route_next=Some(814) gate=Vec3(1732.7577, 2.79616, 397.85587) aim=Vec3(634.5076, 4.39688, -14.66007)
2026-10-04T05:23:42.055829Z  INFO mm2_app::scripted: scripted player started a bounded escape after sustained low-speed throttle tick=27860 escapes=9 position=Vec3(619.79047, 1.6344504, -3.7911081) speed=-0.012418561615049839 heading_rad=-1.7639321088790894 bearing_rad=-0.8292510509490967 route_next=Some(814) gate=Vec3(1732.7577, 2.79616, 397.85587) aim=Vec3(634.5076, 4.39688, -14.66007)
2026-10-04T05:23:42.364266Z  INFO mm2_app::scripted: scripted player re-anchored onto its route after a bounded stuck tick=27984 reanchors=3 position=Vec3(619.7949, 1.6348488, -3.7941012) speed=0.011728917248547077 heading_rad=-1.7683907747268677 route_next=812 gate=Vec3(1732.7577, 2.79616, 397.85587) landing=Vec3(614.84644, 4.818449, -10.996865)
2026-10-04T05:23:43.472184Z  INFO mm2_app::scripted: scripted player started a bounded escape after sustained low-speed throttle tick=28422 escapes=10 position=Vec3(626.3083, 4.411808, -12.518409) speed=-0.006395474076271057 heading_rad=-0.8774195909500122 bearing_rad=0.4598064124584198 route_next=Some(814) gate=Vec3(1732.7577, 2.79616, 397.85587) aim=Vec3(637.9985, 4.36578, -15.299651)
2026-10-04T05:23:49.952135Z  INFO mm2_app::scripted: scripted player re-anchored onto its route after a bounded stuck tick=30954 reanchors=4 position=Vec3(622.2866, 0.69372195, -4.442521) speed=3.055257558822632 heading_rad=-0.11134351044893265 route_next=815 gate=Vec3(1732.7577, 2.79616, 397.85587) landing=Vec3(627.84283, 4.7738433, -13.438969)
2026-10-04T05:23:58.544207Z  INFO mm2_app::scripted: scripted player started a bounded escape after sustained low-speed throttle tick=34222 escapes=11 position=Vec3(1032.8949, 5.0854445, 3.269222) speed=0.03969460725784302 heading_rad=-2.454864025115967 bearing_rad=-0.22162963449954987 route_next=Some(931) gate=Vec3(1732.7577, 2.79616, 397.85587) aim=Vec3(1042.5902, 5.38773, 10.83175)
2026-10-04T05:24:00.021247Z  INFO mm2_app::scripted: scripted player started a bounded escape after sustained low-speed throttle tick=34790 escapes=12 position=Vec3(1034.7607, 5.0967684, 2.0345533) speed=0.0041642338037490845 heading_rad=-2.1386001110076904 bearing_rad=0.27896595001220703 route_next=Some(932) gate=Vec3(1732.7577, 2.79616, 397.85587) aim=Vec3(1043.2719, 5.38773, 11.660139)
2026-10-04T05:24:03.772528Z  INFO mm2_app::scripted: scripted player started a bounded escape after sustained low-speed throttle tick=36224 escapes=13 position=Vec3(1093.3003, 7.9700737, 72.51637) speed=0.019475355744361877 heading_rad=-2.3817121982574463 bearing_rad=0.07062908262014389 route_next=Some(951) gate=Vec3(1732.7577, 2.79616, 397.85587) aim=Vec3(1100.9318, 7.70752, 81.776985)
2026-10-04T05:24:04.860161Z  INFO mm2_app::scripted: scripted player started a bounded escape after sustained low-speed throttle tick=36638 escapes=14 position=Vec3(1092.479, 7.909383, 71.45701) speed=0.9678748846054077 heading_rad=-2.1958296298980713 bearing_rad=0.25923070311546326 route_next=Some(951) gate=Vec3(1732.7577, 2.79616, 397.85587) aim=Vec3(1100.0853, 7.95863, 80.73841)
2026-10-04T05:24:06.367126Z  INFO mm2_app::scripted: scripted player started a bounded escape after sustained low-speed throttle tick=37198 escapes=15 position=Vec3(1091.5605, 7.784871, 70.211174) speed=0.012903053313493729 heading_rad=-2.4786953926086426 bearing_rad=-0.01736575923860073 route_next=Some(951) gate=Vec3(1732.7577, 2.79616, 397.85587) aim=Vec3(1099.1088, 7.95863, 79.54037)
2026-10-04T05:24:07.461252Z  INFO mm2_app::scripted: scripted player started a bounded escape after sustained low-speed throttle tick=37612 escapes=16 position=Vec3(1089.8457, 7.6078424, 68.162476) speed=0.38892433047294617 heading_rad=-2.206874132156372 bearing_rad=0.25142207741737366 route_next=Some(951) gate=Vec3(1732.7577, 2.79616, 397.85587) aim=Vec3(1099.0933, 7.95863, 79.521324)
2026-10-04T05:24:07.807948Z  INFO mm2_app::scripted: scripted player re-anchored onto its route after a bounded stuck tick=37744 reanchors=5 position=Vec3(1087.1483, 7.488291, 65.18043) speed=-5.744964122772217 heading_rad=-2.8803958892822266 route_next=947 gate=Vec3(1732.7577, 2.79616, 397.85587) landing=Vec3(1081.3124, 7.5698843, 57.891712)
2026-10-04T05:24:09.209201Z  INFO mm2_app::scripted: scripted player started a bounded escape after sustained low-speed throttle tick=38246 escapes=17 position=Vec3(1091.4194, 7.7750835, 70.39477) speed=-0.009190861135721207 heading_rad=-2.3872628211975098 bearing_rad=0.055282626301050186 route_next=Some(951) gate=Vec3(1732.7577, 2.79616, 397.85587) aim=Vec3(1099.1417, 7.95863, 79.58074)
2026-10-04T05:24:11.060122Z  INFO mm2_app::scripted: scripted player started a bounded escape after sustained low-speed throttle tick=38888 escapes=18 position=Vec3(1084.2126, 7.4582314, 65.89009) speed=0.0009422811563126743 heading_rad=-2.9217419624328613 bearing_rad=-0.60933917760849 route_next=Some(951) gate=Vec3(1732.7577, 2.79616, 397.85587) aim=Vec3(1099.0933, 7.95863, 79.521324)
2026-10-04T05:24:13.218933Z  INFO mm2_app::scripted: scripted player started a bounded escape after sustained low-speed throttle tick=39700 escapes=19 position=Vec3(1091.6765, 7.7912927, 70.13272) speed=0.005101930350065231 heading_rad=-2.458484411239624 bearing_rad=0.014461927115917206 route_next=Some(951) gate=Vec3(1732.7577, 2.79616, 397.85587) aim=Vec3(1099.1171, 7.95863, 79.55051)
2026-10-04T05:24:14.833770Z  INFO mm2_app::scripted: scripted player started a bounded escape after sustained low-speed throttle tick=40300 escapes=20 position=Vec3(1091.7916, 7.8064466, 70.06957) speed=-0.01506892591714859 heading_rad=-2.42348313331604 bearing_rad=0.06021862104535103 route_next=Some(951) gate=Vec3(1732.7577, 2.79616, 397.85587) aim=Vec3(1099.1324, 7.95863, 79.56941)
2026-10-04T05:24:17.173426Z  INFO mm2_app::scripted: scripted player started a bounded escape after sustained low-speed throttle tick=41170 escapes=21 position=Vec3(1111.7455, 6.691242, 96.82322) speed=-0.0307922400534153 heading_rad=-1.91932213306427 bearing_rad=0.4450001120567322 route_next=Some(958) gate=Vec3(1732.7577, 2.79616, 397.85587) aim=Vec3(1120.1984, 6.20085, 105.414635)
2026-10-04T05:24:18.271526Z  INFO mm2_app::scripted: scripted player started a bounded escape after sustained low-speed throttle tick=41584 escapes=22 position=Vec3(1108.7103, 6.9180403, 93.71815) speed=0.005022691562771797 heading_rad=-1.304879069328308 bearing_rad=1.0594446659088135 route_next=Some(958) gate=Vec3(1732.7577, 2.79616, 397.85587) aim=Vec3(1120.1022, 6.20085, 105.29673)
2026-10-04T05:24:19.581328Z  INFO mm2_app::scripted: scripted player started a bounded escape after sustained low-speed throttle tick=42078 escapes=23 position=Vec3(1111.7549, 6.711815, 96.483955) speed=-0.008210285566747189 heading_rad=-2.090226173400879 bearing_rad=0.2930876910686493 route_next=Some(958) gate=Vec3(1732.7577, 2.79616, 397.85587) aim=Vec3(1120.1022, 6.20085, 105.29673)
2026-10-04T05:24:22.707195Z  INFO mm2_app::scripted: scripted player started a bounded escape after sustained low-speed throttle tick=43240 escapes=24 position=Vec3(1123.2253, 5.7781057, 109.92228) speed=0.07619930058717728 heading_rad=-2.364668607711792 bearing_rad=0.051285289227962494 route_next=Some(961) gate=Vec3(1732.7577, 2.79616, 397.85587) aim=Vec3(1131.1957, 5.19641, 118.90705)
2026-10-04T05:24:23.881383Z  INFO mm2_app::scripted: scripted player started a bounded escape after sustained low-speed throttle tick=43694 escapes=25 position=Vec3(1121.1538, 5.8169956, 110.66729) speed=0.009811046533286572 heading_rad=3.1213154792785645 bearing_rad=-0.9157575368881226 route_next=Some(961) gate=Vec3(1732.7577, 2.79616, 397.85587) aim=Vec3(1130.7336, 5.19641, 118.340195)
2026-10-04T05:24:25.791312Z  INFO mm2_app::scripted: scripted player started a bounded escape after sustained low-speed throttle tick=44408 escapes=26 position=Vec3(1130.6853, 5.135377, 119.50697) speed=0.04204482212662697 heading_rad=-2.214223623275757 bearing_rad=0.17903900146484375 route_next=Some(964) gate=Vec3(1732.7577, 2.79616, 397.85587) aim=Vec3(1138.8673, 4.69419, 128.31921)
2026-10-04T05:24:33.600303Z  WARN mm2_app::race_audio: audio: race cue waypoint: no wave matches stem "waypoint"
2026-10-04T05:24:36.728614Z  INFO mm2_app::scripted: scripted player started a bounded escape after sustained low-speed throttle tick=48470 escapes=27 position=Vec3(1243.76, 3.2002351, 447.16626) speed=1.1549025774002075 heading_rad=2.743168830871582 bearing_rad=-0.7873936295509338 route_next=Some(1061) gate=Vec3(1732.7577, 2.79616, 397.85587) aim=Vec3(1248.312, 3.13511, 458.27274)
2026-10-04T05:24:49.221991Z  WARN mm2_app::race_audio: audio: race cue lastwaypoint: no wave matches stem "lastwaypoint"
2026-10-04T05:24:52.159983Z  WARN mm2_app::race_audio: audio: race cue endofracetag: no wave matches stem "endofracetag"
smoke=headless-physics world=city/stockholm.psdl status=pass updates=50000 ticks=54293 driver=scripted diff=professional phase=results impacts=449 dropped=0 peak=30.1m/s travel=6041.7m sim=452.44s resets=14 controls=40493t/6028b/28439s finite=true moved=430m wheels=4/4 final=(1493,-0.0,-101) race=Complete cp=4/4 results=6 pos=1/6 outcome=finished place=1 opp=5/5 opp_rec=30 opp_drv=32354m/12.7mps/12.6ipk/5.0xpk/1.1apk/0.37hpk opps=0:sthlm_racer/4c/F/28e/6r/900w,1:sthlm_racer/4c/F/28e/5r/900w,2:sthlm_racer/4c/F/23e/9r/900w,3:sthlm_racer/4c/F/29e/4r/900w,4:sthlm_racer/4c/F/24e/6r/900w p_rec=5r/27e env=lt04(noon) fog=none sky=none wtr=0.2/1698r map=inset/north/z1200/hudmap_stockholm.pkg/1t/11m dash=absent:missing-spec+pkg trk=sized ind=on/5m/5b tmr=22g/off arr=hudarrow01/off sta=10g/-/-/- bng=3235d/0a/7s/0b bng_ev=7a/7s/0b rcv=105w/0f/105r wfx=0r/0e/0x+8f+ut aud=0h/0v/0s/0l/0a/0r+10x
