mm2-smoke commit=1a822c1cc472f6c04a25a6832e346b162bbb0ff5
2026-10-04T05:17:16.108844Z  WARN mm2: wheel part whl0 geometry authored in place; recentring onto origin car=Some("sthlm_racer")
2026-10-04T05:17:16.108871Z  WARN mm2: wheel part whl1 geometry authored in place; recentring onto origin car=Some("sthlm_racer")
2026-10-04T05:17:16.108875Z  WARN mm2: wheel part whl2 geometry authored in place; recentring onto origin car=Some("sthlm_racer")
2026-10-04T05:17:16.108879Z  WARN mm2: wheel part whl3 geometry authored in place; recentring onto origin car=Some("sthlm_racer")
2026-10-04T05:17:17.004796Z  WARN mm2_app::city: water refs resolved no rooms; deadly water off path=city/stockholm.parts/part_-3_0.water skipped=0
2026-10-04T05:17:17.369594Z  WARN mm2_app::city: water refs resolved no rooms; deadly water off path=city/stockholm.parts/part_-2_2.water skipped=0
2026-10-04T05:17:17.372471Z  WARN mm2_app::city: water refs resolved no rooms; deadly water off path=city/stockholm.parts/part_-2_3.water skipped=0
2026-10-04T05:17:17.528330Z  WARN mm2_app::city: water refs resolved no rooms; deadly water off path=city/stockholm.parts/part_-1_0.water skipped=0
2026-10-04T05:17:17.663926Z  WARN mm2_app::city: water refs resolved no rooms; deadly water off path=city/stockholm.parts/part_-1_2.water skipped=0
2026-10-04T05:17:17.712032Z  WARN mm2_app::city: water refs resolved no rooms; deadly water off path=city/stockholm.parts/part_-1_3.water skipped=0
2026-10-04T05:17:17.831372Z  WARN mm2_app::city: water refs resolved no rooms; deadly water off path=city/stockholm.parts/part_0_-2.water skipped=0
2026-10-04T05:17:18.087496Z  WARN mm2_app::city: water refs resolved no rooms; deadly water off path=city/stockholm.parts/part_0_2.water skipped=0
2026-10-04T05:17:18.143039Z  WARN mm2_app::city: water refs resolved no rooms; deadly water off path=city/stockholm.parts/part_0_3.water skipped=0
2026-10-04T05:17:18.238140Z  WARN mm2_app::city: water refs resolved no rooms; deadly water off path=city/stockholm.parts/part_1_-3.water skipped=0
2026-10-04T05:17:18.332301Z  WARN mm2_app::city: water refs resolved no rooms; deadly water off path=city/stockholm.parts/part_1_-2.water skipped=0
2026-10-04T05:17:18.396111Z  WARN mm2_app::city: water refs resolved no rooms; deadly water off path=city/stockholm.parts/part_1_-1.water skipped=0
2026-10-04T05:17:18.626100Z  WARN mm2_app::city: water refs resolved no rooms; deadly water off path=city/stockholm.parts/part_1_1.water skipped=0
2026-10-04T05:17:18.704329Z  WARN mm2_app::city: water refs resolved no rooms; deadly water off path=city/stockholm.parts/part_1_2.water skipped=0
2026-10-04T05:17:18.762212Z  WARN mm2_app::city: water refs resolved no rooms; deadly water off path=city/stockholm.parts/part_1_3.water skipped=0
2026-10-04T05:17:18.888215Z  WARN mm2_app::city: water refs resolved no rooms; deadly water off path=city/stockholm.parts/part_2_-3.water skipped=0
2026-10-04T05:17:19.021744Z  WARN mm2_app::city: water refs resolved no rooms; deadly water off path=city/stockholm.parts/part_2_-1.water skipped=0
2026-10-04T05:17:19.144441Z  WARN mm2_app::city: water refs resolved no rooms; deadly water off path=city/stockholm.parts/part_2_1.water skipped=0
2026-10-04T05:17:19.198797Z  WARN mm2_app::city: water refs resolved no rooms; deadly water off path=city/stockholm.parts/part_2_2.water skipped=0
2026-10-04T05:17:19.221479Z  WARN mm2_app::city: water refs resolved no rooms; deadly water off path=city/stockholm.parts/part_2_3.water skipped=0
2026-10-04T05:17:19.514743Z  WARN mm2_app::city: water refs resolved no rooms; deadly water off path=city/stockholm.parts/part_3_1.water skipped=0
2026-10-04T05:17:19.563691Z  WARN mm2_app::city: water refs resolved no rooms; deadly water off path=city/stockholm.parts/part_3_2.water skipped=0
2026-10-04T05:17:19.604989Z  WARN mm2_app::city: water refs resolved no rooms; deadly water off path=city/stockholm.parts/part_3_3.water skipped=0
2026-10-04T05:17:19.776205Z  WARN mm2_app::city: water refs resolved no rooms; deadly water off path=city/stockholm.parts/part_4_1.water skipped=0
2026-10-04T05:17:19.813963Z  WARN mm2_app::city: water refs resolved no rooms; deadly water off path=city/stockholm.parts/part_4_2.water skipped=0
2026-10-04T05:17:20.110774Z  WARN mm2_app::city: water refs resolved no rooms; deadly water off path=city/stockholm.parts/part_6_1.water skipped=0
2026-10-04T05:17:20.406338Z  WARN mm2_app::object_sound: object sound table unreadable path=aud/ambient/ferry.csv error=asset not found: aud/ambient/ferry.csv
2026-10-04T05:17:20.406362Z  WARN mm2_app::object_sound: object sound table unreadable path=aud/ambient/subwaycar.csv error=asset not found: aud/ambient/subwaycar.csv
2026-10-04T05:17:20.406496Z  WARN mm2_app::environment: lighting preset validation issue path=city/stockholm.lt04 issue=OffGridName("noon")
2026-10-04T05:17:20.406508Z  WARN mm2_app::environment: fog table unavailable path=city/stockholm_fog.csv error=asset not found: city/stockholm_fog.csv
2026-10-04T05:17:20.406512Z  WARN mm2_app::environment: sky definition unavailable path=city/stockholm.sky error=asset not found: city/stockholm.sky
2026-10-04T05:17:20.424959Z  WARN mm2_app::damage_fx: smoke atlas unresolved — untextured puffs texture="fxpt2"
2026-10-04T05:17:20.424983Z  WARN mm2_app::spark_fx: spark texture unresolved — untextured streaks texture="spark"
2026-10-04T05:17:20.424990Z  WARN mm2_app::wheel_fx: wheel effect unavailable rule="dirt" path=tune/effects/dirt.asbirthrule
2026-10-04T05:17:20.424993Z  WARN mm2_app::wheel_fx: wheel effect unavailable rule="dust" path=tune/effects/dust.asbirthrule
2026-10-04T05:17:20.424995Z  WARN mm2_app::wheel_fx: wheel effect unavailable rule="grass" path=tune/effects/grass.asbirthrule
2026-10-04T05:17:20.424998Z  WARN mm2_app::wheel_fx: wheel effect unavailable rule="leaf" path=tune/effects/leaf.asbirthrule
2026-10-04T05:17:20.425000Z  WARN mm2_app::wheel_fx: wheel effect unavailable rule="smoke" path=tune/effects/smoke.asbirthrule
2026-10-04T05:17:20.425002Z  WARN mm2_app::wheel_fx: wheel effect unavailable rule="snow" path=tune/effects/snow.asbirthrule
2026-10-04T05:17:20.425004Z  WARN mm2_app::wheel_fx: wheel effect unavailable rule="splash" path=tune/effects/splash.asbirthrule
2026-10-04T05:17:20.425010Z  WARN mm2_app::wheel_fx: wheel effect unavailable rule="rock" path=tune/effects/rock.asbirthrule
2026-10-04T05:17:20.425013Z  WARN mm2_app::wheel_fx: wheel atlas unresolved — untextured puffs texture="ptx_wheel"
2026-10-04T05:17:20.425248Z  WARN mm2_app::audio: audio: aud/cardata/player/default_impacts.csv: asset not found: aud/cardata/player/default_impacts.csv
2026-10-04T05:17:20.425256Z  WARN mm2_app::audio: audio: aud/cardata/player/default_surfacedry.csv: asset not found: aud/cardata/player/default_surfacedry.csv
2026-10-04T05:17:20.425261Z  WARN mm2_app::audio: audio: aud/cardata/player/stockholmpolicesiren.csv: asset not found: aud/cardata/player/stockholmpolicesiren.csv
2026-10-04T05:17:20.425264Z  WARN mm2_app::audio: audio: aud/cardata/opponent/policesiren.csv: asset not found: aud/cardata/opponent/policesiren.csv
2026-10-04T05:17:20.426733Z  WARN mm2_app::session: nav graph failed to load — opponent routes stay verbatim error=city/stockholm.bai: not found in the VFS
2026-10-04T05:17:20.876880Z  WARN mm2_app::race_audio: audio: race cue startracelow: no wave matches stem "startracelow"
2026-10-04T05:17:20.876925Z  WARN mm2_app::audio: audio: aud/spchdata/stockholm.csv: asset not found: aud/spchdata/stockholm.csv
2026-10-04T05:17:21.204224Z  WARN mm2_app::race_audio: audio: race cue startracelow: no wave matches stem "startracelow"
2026-10-04T05:17:21.420487Z  WARN mm2_app::race_audio: audio: race cue startracelow: no wave matches stem "startracelow"
2026-10-04T05:17:21.640714Z  WARN mm2_app::race_audio: audio: race cue startracehigh: no wave matches stem "startracehigh"
2026-10-04T05:17:35.073181Z  WARN mm2_app::race_audio: audio: race cue waypoint: no wave matches stem "waypoint"
2026-10-04T05:17:51.193838Z  INFO mm2_app::scripted: scripted player started a bounded escape after sustained low-speed throttle tick=12524 escapes=1 position=Vec3(408.59113, 9.182194, -525.71136) speed=0.0023799757473170757 heading_rad=1.969725489616394 bearing_rad=0.0208735391497612 route_next=Some(440) gate=Vec3(1732.7577, 2.79616, 397.85587) aim=Vec3(397.42896, 10.50133, -521.2782)
2026-10-04T05:17:52.251867Z  INFO mm2_app::scripted: scripted player started a bounded escape after sustained low-speed throttle tick=12938 escapes=2 position=Vec3(408.59662, 9.181652, -525.70667) speed=-0.001259145443327725 heading_rad=1.9681767225265503 bearing_rad=0.01986922137439251 route_next=Some(440) gate=Vec3(1732.7577, 2.79616, 397.85587) aim=Vec3(397.4318, 10.50133, -521.2795)
2026-10-04T05:17:53.316249Z  INFO mm2_app::scripted: scripted player started a bounded escape after sustained low-speed throttle tick=13352 escapes=3 position=Vec3(408.5969, 9.180177, -525.7081) speed=-0.0016720055136829615 heading_rad=1.969154953956604 bearing_rad=0.02074177749454975 route_next=Some(440) gate=Vec3(1732.7577, 2.79616, 397.85587) aim=Vec3(397.4326, 10.50133, -521.2798)
2026-10-04T05:17:54.412409Z  INFO mm2_app::scripted: scripted player started a bounded escape after sustained low-speed throttle tick=13766 escapes=4 position=Vec3(408.6006, 9.181559, -525.7065) speed=-7.116218330338597e-5 heading_rad=1.9684618711471558 bearing_rad=0.020298724994063377 route_next=Some(440) gate=Vec3(1732.7577, 2.79616, 397.85587) aim=Vec3(397.43506, 10.50133, -521.2809)
2026-10-04T05:17:54.907753Z  INFO mm2_app::scripted: scripted player re-anchored onto its route after a bounded stuck tick=13964 reanchors=1 position=Vec3(408.60245, 9.184976, -525.70844) speed=-0.0003986997180618346 heading_rad=1.9693200588226318 route_next=436 gate=Vec3(1732.7577, 2.79616, 397.85587) landing=Vec3(422.94852, 13.486417, -532.8181)
2026-10-04T05:18:03.241349Z  INFO mm2_app::scripted: scripted player started a bounded escape after sustained low-speed throttle tick=17248 escapes=5 position=Vec3(69.49442, 8.405979, -365.57428) speed=0.07298915833234787 heading_rad=1.6030552387237549 bearing_rad=0.019517676904797554 route_next=Some(529) gate=Vec3(1732.7577, 2.79616, 397.85587) aim=Vec3(64.62049, 8.38916, -365.51218)
2026-10-04T05:18:13.734653Z  INFO mm2_app::scripted: scripted player started a bounded escape after sustained low-speed throttle tick=21522 escapes=6 position=Vec3(72.32545, 6.223337, 14.904636) speed=0.031034935265779495 heading_rad=1.9674794673919678 bearing_rad=-1.6370916366577148 route_next=Some(639) gate=Vec3(1732.7577, 2.79616, 397.85587) aim=Vec3(74.02964, 6.1829715, 18.318731)
2026-10-04T05:18:18.170224Z  WARN mm2_app::race_audio: audio: race cue waypoint: no wave matches stem "waypoint"
2026-10-04T05:18:24.456458Z  INFO mm2_app::scripted: scripted player started a bounded escape after sustained low-speed throttle tick=26250 escapes=7 position=Vec3(625.58936, 4.3708086, -13.598874) speed=0.004153940826654434 heading_rad=-1.2144962549209595 bearing_rad=0.2220088243484497 route_next=Some(814) gate=Vec3(1732.7577, 2.79616, 397.85587) aim=Vec3(637.49445, 4.36578, -15.207304)
2026-10-04T05:18:26.235463Z  INFO mm2_app::scripted: scripted player started a bounded escape after sustained low-speed throttle tick=27018 escapes=8 position=Vec3(632.0352, 4.3758593, -12.34684) speed=-0.7256371378898621 heading_rad=-1.1066157817840576 bearing_rad=0.13255877792835236 route_next=Some(816) gate=Vec3(1732.7577, 2.79616, 397.85587) aim=Vec3(643.5809, 4.33468, -16.322447)
2026-10-04T05:18:27.752677Z  INFO mm2_app::scripted: scripted player started a bounded escape after sustained low-speed throttle tick=27684 escapes=9 position=Vec3(625.5159, 4.3834276, -13.794678) speed=0.014080630615353584 heading_rad=-1.1961150169372559 bearing_rad=0.23565718531608582 route_next=Some(816) gate=Vec3(1732.7577, 2.79616, 397.85587) aim=Vec3(643.5809, 4.33468, -16.322447)
2026-10-04T05:18:29.439948Z  INFO mm2_app::scripted: scripted player started a bounded escape after sustained low-speed throttle tick=28422 escapes=10 position=Vec3(626.8619, 4.26797, -9.389611) speed=0.002867652103304863 heading_rad=-1.479511022567749 bearing_rad=-0.30180180072784424 route_next=Some(816) gate=Vec3(1732.7577, 2.79616, 397.85587) aim=Vec3(643.5809, 4.33468, -16.322447)
2026-10-04T05:18:30.810306Z  INFO mm2_app::scripted: scripted player started a bounded escape after sustained low-speed throttle tick=29016 escapes=11 position=Vec3(626.85596, 4.2788982, -9.369002) speed=0.003948084078729153 heading_rad=-1.4546606540679932 bearing_rad=-0.27787724137306213 route_next=Some(816) gate=Vec3(1732.7577, 2.79616, 397.85587) aim=Vec3(643.5809, 4.33468, -16.322447)
2026-10-04T05:18:31.764022Z  INFO mm2_app::scripted: scripted player started a bounded escape after sustained low-speed throttle tick=29430 escapes=12 position=Vec3(625.5949, 4.3012753, -9.175602) speed=0.3340725302696228 heading_rad=-1.3959120512008667 bearing_rad=-0.20334143936634064 route_next=Some(816) gate=Vec3(1732.7577, 2.79616, 397.85587) aim=Vec3(643.5809, 4.33468, -16.322447)
2026-10-04T05:18:32.192025Z  INFO mm2_app::scripted: scripted player re-anchored onto its route after a bounded stuck tick=29618 reanchors=2 position=Vec3(625.589, 4.297576, -9.153231) speed=0.18546369671821594 heading_rad=-1.4024252891540527 route_next=812 gate=Vec3(1732.7577, 2.79616, 397.85587) landing=Vec3(616.0466, 4.826298, -11.238771)
2026-10-04T05:18:33.174679Z  INFO mm2_app::scripted: scripted player started a bounded escape after sustained low-speed throttle tick=30042 escapes=13 position=Vec3(626.194, 4.41011, -12.613473) speed=0.005810398608446121 heading_rad=-0.9338023662567139 bearing_rad=0.41291123628616333 route_next=Some(814) gate=Vec3(1732.7577, 2.79616, 397.85587) aim=Vec3(637.9047, 4.36578, -15.2824745)
2026-10-04T05:18:37.387145Z  INFO mm2_app::scripted: scripted player started a bounded escape after sustained low-speed throttle tick=31826 escapes=14 position=Vec3(620.79596, 0.75193626, -7.5425715) speed=1.2843759059906006 heading_rad=-0.15003955364227295 bearing_rad=1.082500696182251 route_next=Some(817) gate=Vec3(1732.7577, 2.79616, 397.85587) aim=Vec3(648.1175, 4.30358, -17.15363)
2026-10-04T05:18:38.412234Z  INFO mm2_app::scripted: scripted player re-anchored onto its route after a bounded stuck tick=32266 reanchors=3 position=Vec3(623.6727, 0.78065616, -1.0449492) speed=4.584399700164795 heading_rad=-1.9103543758392334 route_next=813 gate=Vec3(1732.7577, 2.79616, 397.85587) landing=Vec3(620.5759, 4.8236594, -12.107552)
2026-10-04T05:18:39.320790Z  INFO mm2_app::scripted: scripted player started a bounded escape after sustained low-speed throttle tick=32642 escapes=15 position=Vec3(625.7962, 4.393819, -12.919755) speed=0.02197352424263954 heading_rad=-1.2819350957870483 bearing_rad=0.09583193808794022 route_next=Some(814) gate=Vec3(1732.7577, 2.79616, 397.85587) aim=Vec3(637.57416, 4.36578, -15.2219095)
smoke=headless-physics world=city/stockholm.psdl status=pass updates=50000 ticks=99640 driver=scripted diff=amateur phase=playing impacts=789 dropped=0 peak=30.1m/s travel=6202.9m sim=830.33s resets=235 controls=91344t/3658b/83134s finite=true moved=974m wheels=4/4 final=(628,0.5,-9) race=Running cp=2/4 results=5 pos=6/6 opp=5/5 opp_rec=15 opp_drv=31353m/14.5mps/25.6ipk/3.6xpk/1.6apk/0.19hpk opps=0:sthlm_racer/4c/F/16e/2r/900w,1:sthlm_racer/4c/F/10e/1r/900w,2:sthlm_racer/4c/F/28e/6r/900w,3:sthlm_racer/4c/F/13e/2r/900w,4:sthlm_racer/4c/F/31e/4r/900w p_rec=3r/15e env=lt04(noon) fog=none sky=none wtr=0.2/1698r map=inset/north/z1200/hudmap_stockholm.pkg/1t/11m dash=absent:missing-spec+pkg trk=sized ind=on/5m/5b tmr=22g/13:50:33 arr=hudarrow01/behind sta=10g/p6of6/-/c2of4 bng=3240d/0a/2s/0b bng_ev=2a/2s/0b rcv=1136w/4f/1140r wfx=0r/0e/0x+8f+ut aud=0h/0v/0s/0l/0a/0r+7x
