mm2-smoke commit=b3d9804489bdcd576dd4b85b3f40fec75c545071
2026-10-03T22:07:47.712605Z  WARN mm2_app::city: water refs resolved no rooms; deadly water off path=city/stockholm.parts/part_-2_2.water skipped=0
2026-10-03T22:07:47.835412Z  WARN mm2_app::city: water refs resolved no rooms; deadly water off path=city/stockholm.parts/part_-1_2.water skipped=0
2026-10-03T22:07:48.013592Z  WARN mm2_app::city: water refs resolved no rooms; deadly water off path=city/stockholm.parts/part_0_2.water skipped=0
2026-10-03T22:07:48.196331Z  WARN mm2_app::city: water refs resolved no rooms; deadly water off path=city/stockholm.parts/part_1_1.water skipped=0
2026-10-03T22:07:48.455680Z  WARN mm2_app::city: water refs resolved no rooms; deadly water off path=city/stockholm.parts/part_3_1.water skipped=0
2026-10-03T22:07:48.577112Z  WARN mm2_app::environment: fog table unavailable path=city/stockholm_fog.csv error=asset not found: city/stockholm_fog.csv
2026-10-03T22:07:48.577148Z  WARN mm2_app::environment: sky definition unavailable path=city/stockholm.sky error=asset not found: city/stockholm.sky
2026-10-03T22:07:48.592855Z  WARN mm2_app::damage_fx: smoke atlas unresolved — untextured puffs texture="fxpt2"
2026-10-03T22:07:48.592894Z  WARN mm2_app::spark_fx: spark texture unresolved — untextured streaks texture="spark"
2026-10-03T22:07:48.592903Z  WARN mm2_app::wheel_fx: wheel effect unavailable rule="dirt" path=tune/effects/dirt.asbirthrule
2026-10-03T22:07:48.592907Z  WARN mm2_app::wheel_fx: wheel effect unavailable rule="dust" path=tune/effects/dust.asbirthrule
2026-10-03T22:07:48.592910Z  WARN mm2_app::wheel_fx: wheel effect unavailable rule="grass" path=tune/effects/grass.asbirthrule
2026-10-03T22:07:48.592913Z  WARN mm2_app::wheel_fx: wheel effect unavailable rule="leaf" path=tune/effects/leaf.asbirthrule
2026-10-03T22:07:48.592916Z  WARN mm2_app::wheel_fx: wheel effect unavailable rule="smoke" path=tune/effects/smoke.asbirthrule
2026-10-03T22:07:48.592919Z  WARN mm2_app::wheel_fx: wheel effect unavailable rule="snow" path=tune/effects/snow.asbirthrule
2026-10-03T22:07:48.592922Z  WARN mm2_app::wheel_fx: wheel effect unavailable rule="splash" path=tune/effects/splash.asbirthrule
2026-10-03T22:07:48.592925Z  WARN mm2_app::wheel_fx: wheel effect unavailable rule="rock" path=tune/effects/rock.asbirthrule
2026-10-03T22:07:48.592928Z  WARN mm2_app::wheel_fx: wheel atlas unresolved — untextured puffs texture="ptx_wheel"
2026-10-03T22:07:48.593072Z  WARN mm2_app::audio: audio: aud/cardata/player/default_impacts.csv: asset not found: aud/cardata/player/default_impacts.csv
2026-10-03T22:07:48.593079Z  WARN mm2_app::audio: audio: aud/cardata/player/default_surfacedry.csv: asset not found: aud/cardata/player/default_surfacedry.csv
2026-10-03T22:07:48.593084Z  WARN mm2_app::audio: audio: aud/cardata/player/stockholmpolicesiren.csv: asset not found: aud/cardata/player/stockholmpolicesiren.csv
2026-10-03T22:07:48.593088Z  WARN mm2_app::audio: audio: aud/cardata/opponent/policesiren.csv: asset not found: aud/cardata/opponent/policesiren.csv
2026-10-03T22:07:48.821682Z  WARN mm2_app::audio: audio: aud/spchdata/stockholm.csv: asset not found: aud/spchdata/stockholm.csv
2026-10-03T22:07:48.866975Z  WARN bevy_app::hierarchy: warning[B0004]: Entity 78278v0 with the <Enable the debug feature to see the name> component has a parent (78277v0 entity) without <Enable the debug feature to see the name>.
This will cause inconsistent behaviors! See: https://bevy.org/learn/errors/b0004
2026-10-03T22:07:48.867015Z  WARN bevy_app::hierarchy: warning[B0004]: Entity 78281v0 with the <Enable the debug feature to see the name> component has a parent (78280v0 entity) without <Enable the debug feature to see the name>.
This will cause inconsistent behaviors! See: https://bevy.org/learn/errors/b0004
2026-10-03T22:07:48.867022Z  WARN bevy_app::hierarchy: warning[B0004]: Entity 78284v0 with the <Enable the debug feature to see the name> component has a parent (78283v0 entity) without <Enable the debug feature to see the name>.
This will cause inconsistent behaviors! See: https://bevy.org/learn/errors/b0004
2026-10-03T22:07:48.867034Z  WARN bevy_app::hierarchy: warning[B0004]: Entity 78287v0 with the <Enable the debug feature to see the name> component has a parent (78286v0 entity) without <Enable the debug feature to see the name>.
This will cause inconsistent behaviors! See: https://bevy.org/learn/errors/b0004
smoke=visual world=city/stockholm.psdl status=pass frames=done screenshot=/private/tmp/smoothing-native-brannkyrka.png bytes=3657439 aud=0h/0v/0s/0l/0a
2026-10-03T22:07:50.411679Z  WARN bevy_winit::state: Skipped event Destroyed for unknown winit Window Id WindowId(30625137280)
