mm2-smoke commit=02cbe4db5d6d7fc27d2c0b2410ffeb4d05876bb7
2026-10-04T01:08:13.526390Z  WARN mm2: wheel part whl0 geometry authored in place; recentring onto origin car=Some("sthlm_racer")
2026-10-04T01:08:13.526461Z  WARN mm2: wheel part whl1 geometry authored in place; recentring onto origin car=Some("sthlm_racer")
2026-10-04T01:08:13.526468Z  WARN mm2: wheel part whl2 geometry authored in place; recentring onto origin car=Some("sthlm_racer")
2026-10-04T01:08:13.526472Z  WARN mm2: wheel part whl3 geometry authored in place; recentring onto origin car=Some("sthlm_racer")
2026-10-04T01:08:14.092724Z  WARN mm2_app::city: water refs resolved no rooms; deadly water off path=city/stockholm.parts/part_-3_0.water skipped=0
2026-10-04T01:08:14.359421Z  WARN mm2_app::city: water refs resolved no rooms; deadly water off path=city/stockholm.parts/part_-2_2.water skipped=0
2026-10-04T01:08:14.361752Z  WARN mm2_app::city: water refs resolved no rooms; deadly water off path=city/stockholm.parts/part_-2_3.water skipped=0
2026-10-04T01:08:14.487935Z  WARN mm2_app::city: water refs resolved no rooms; deadly water off path=city/stockholm.parts/part_-1_0.water skipped=0
2026-10-04T01:08:14.601558Z  WARN mm2_app::city: water refs resolved no rooms; deadly water off path=city/stockholm.parts/part_-1_2.water skipped=0
2026-10-04T01:08:14.642392Z  WARN mm2_app::city: water refs resolved no rooms; deadly water off path=city/stockholm.parts/part_-1_3.water skipped=0
2026-10-04T01:08:14.736453Z  WARN mm2_app::city: water refs resolved no rooms; deadly water off path=city/stockholm.parts/part_0_-2.water skipped=0
2026-10-04T01:08:14.948386Z  WARN mm2_app::city: water refs resolved no rooms; deadly water off path=city/stockholm.parts/part_0_2.water skipped=0
2026-10-04T01:08:14.995348Z  WARN mm2_app::city: water refs resolved no rooms; deadly water off path=city/stockholm.parts/part_0_3.water skipped=0
2026-10-04T01:08:15.067148Z  WARN mm2_app::city: water refs resolved no rooms; deadly water off path=city/stockholm.parts/part_1_-3.water skipped=0
2026-10-04T01:08:15.138189Z  WARN mm2_app::city: water refs resolved no rooms; deadly water off path=city/stockholm.parts/part_1_-2.water skipped=0
2026-10-04T01:08:15.314978Z  WARN mm2_app::city: water refs resolved no rooms; deadly water off path=city/stockholm.parts/part_1_1.water skipped=0
2026-10-04T01:08:15.379653Z  WARN mm2_app::city: water refs resolved no rooms; deadly water off path=city/stockholm.parts/part_1_2.water skipped=0
2026-10-04T01:08:15.423581Z  WARN mm2_app::city: water refs resolved no rooms; deadly water off path=city/stockholm.parts/part_1_3.water skipped=0
2026-10-04T01:08:15.529268Z  WARN mm2_app::city: water refs resolved no rooms; deadly water off path=city/stockholm.parts/part_2_-3.water skipped=0
2026-10-04T01:08:15.721422Z  WARN mm2_app::city: water refs resolved no rooms; deadly water off path=city/stockholm.parts/part_2_1.water skipped=0
2026-10-04T01:08:15.768763Z  WARN mm2_app::city: water refs resolved no rooms; deadly water off path=city/stockholm.parts/part_2_2.water skipped=0
2026-10-04T01:08:15.786862Z  WARN mm2_app::city: water refs resolved no rooms; deadly water off path=city/stockholm.parts/part_2_3.water skipped=0
2026-10-04T01:08:16.026698Z  WARN mm2_app::city: water refs resolved no rooms; deadly water off path=city/stockholm.parts/part_3_1.water skipped=0
2026-10-04T01:08:16.068656Z  WARN mm2_app::city: water refs resolved no rooms; deadly water off path=city/stockholm.parts/part_3_2.water skipped=0
2026-10-04T01:08:16.102636Z  WARN mm2_app::city: water refs resolved no rooms; deadly water off path=city/stockholm.parts/part_3_3.water skipped=0
2026-10-04T01:08:16.245566Z  WARN mm2_app::city: water refs resolved no rooms; deadly water off path=city/stockholm.parts/part_4_1.water skipped=0
2026-10-04T01:08:16.277498Z  WARN mm2_app::city: water refs resolved no rooms; deadly water off path=city/stockholm.parts/part_4_2.water skipped=0
2026-10-04T01:08:16.507917Z  WARN mm2_app::city: water refs resolved no rooms; deadly water off path=city/stockholm.parts/part_6_1.water skipped=0
2026-10-04T01:08:16.735004Z  WARN mm2_app::object_sound: object sound table unreadable path=aud/ambient/ferry.csv error=asset not found: aud/ambient/ferry.csv
2026-10-04T01:08:16.735039Z  WARN mm2_app::object_sound: object sound table unreadable path=aud/ambient/subwaycar.csv error=asset not found: aud/ambient/subwaycar.csv
2026-10-04T01:08:16.735087Z  WARN mm2_app::environment: lighting preset validation issue path=city/stockholm.lt04 issue=OffGridName("noon")
2026-10-04T01:08:16.735093Z  WARN mm2_app::environment: fog table unavailable path=city/stockholm_fog.csv error=asset not found: city/stockholm_fog.csv
2026-10-04T01:08:16.735097Z  WARN mm2_app::environment: sky definition unavailable path=city/stockholm.sky error=asset not found: city/stockholm.sky
2026-10-04T01:08:16.751659Z  WARN mm2_app::damage_fx: smoke atlas unresolved — untextured puffs texture="fxpt2"
2026-10-04T01:08:16.751680Z  WARN mm2_app::spark_fx: spark texture unresolved — untextured streaks texture="spark"
2026-10-04T01:08:16.751686Z  WARN mm2_app::wheel_fx: wheel effect unavailable rule="dirt" path=tune/effects/dirt.asbirthrule
2026-10-04T01:08:16.751689Z  WARN mm2_app::wheel_fx: wheel effect unavailable rule="dust" path=tune/effects/dust.asbirthrule
2026-10-04T01:08:16.751692Z  WARN mm2_app::wheel_fx: wheel effect unavailable rule="grass" path=tune/effects/grass.asbirthrule
2026-10-04T01:08:16.751694Z  WARN mm2_app::wheel_fx: wheel effect unavailable rule="leaf" path=tune/effects/leaf.asbirthrule
2026-10-04T01:08:16.751696Z  WARN mm2_app::wheel_fx: wheel effect unavailable rule="smoke" path=tune/effects/smoke.asbirthrule
2026-10-04T01:08:16.751698Z  WARN mm2_app::wheel_fx: wheel effect unavailable rule="snow" path=tune/effects/snow.asbirthrule
2026-10-04T01:08:16.751701Z  WARN mm2_app::wheel_fx: wheel effect unavailable rule="splash" path=tune/effects/splash.asbirthrule
2026-10-04T01:08:16.751703Z  WARN mm2_app::wheel_fx: wheel effect unavailable rule="rock" path=tune/effects/rock.asbirthrule
2026-10-04T01:08:16.751706Z  WARN mm2_app::wheel_fx: wheel atlas unresolved — untextured puffs texture="ptx_wheel"
2026-10-04T01:08:16.751937Z  WARN mm2_app::audio: audio: aud/cardata/player/default_impacts.csv: asset not found: aud/cardata/player/default_impacts.csv
2026-10-04T01:08:16.751944Z  WARN mm2_app::audio: audio: aud/cardata/player/default_surfacedry.csv: asset not found: aud/cardata/player/default_surfacedry.csv
2026-10-04T01:08:16.751947Z  WARN mm2_app::audio: audio: aud/cardata/player/stockholmpolicesiren.csv: asset not found: aud/cardata/player/stockholmpolicesiren.csv
2026-10-04T01:08:16.751949Z  WARN mm2_app::audio: audio: aud/cardata/opponent/policesiren.csv: asset not found: aud/cardata/opponent/policesiren.csv
2026-10-04T01:08:16.752949Z  WARN mm2_app::session: nav graph failed to load — opponent routes stay verbatim error=city/stockholm.bai: not found in the VFS
2026-10-04T01:08:17.086279Z  WARN mm2_app::race_audio: audio: race cue startracelow: no wave matches stem "startracelow"
2026-10-04T01:08:17.086333Z  WARN mm2_app::audio: audio: aud/spchdata/stockholm.csv: asset not found: aud/spchdata/stockholm.csv
2026-10-04T01:08:17.285049Z  WARN mm2_app::race_audio: audio: race cue startracelow: no wave matches stem "startracelow"
2026-10-04T01:08:17.410666Z  WARN mm2_app::race_audio: audio: race cue startracelow: no wave matches stem "startracelow"
2026-10-04T01:08:17.536013Z  WARN mm2_app::race_audio: audio: race cue startracehigh: no wave matches stem "startracehigh"
2026-10-04T01:08:21.640403Z  WARN mm2_app::race_audio: audio: race cue waypoint: no wave matches stem "waypoint"
2026-10-04T01:08:24.106455Z  INFO mm2_app::scripted: scripted player started a bounded escape after sustained low-speed throttle tick=4754 escapes=1 position=Vec3(2107.122, 20.935328, 1885.0931) speed=0.014575083740055561 heading_rad=-1.819032073020935 bearing_rad=0.10970919579267502 route_next=Some(117) gate=Vec3(2167.993, 19.22201, 1943.1373) aim=Vec3(2126.8281, 20.45521, 1892.4644)
2026-10-04T01:08:24.994805Z  INFO mm2_app::scripted: scripted player started a bounded escape after sustained low-speed throttle tick=5404 escapes=2 position=Vec3(2100.4812, 21.08733, 1886.5313) speed=0.011060945689678192 heading_rad=-2.5922131538391113 bearing_rad=-0.7999200820922852 route_next=Some(117) gate=Vec3(2167.993, 19.22201, 1943.1373) aim=Vec3(2126.8281, 20.45521, 1892.4644)
2026-10-04T01:08:27.132012Z  WARN mm2_app::race_audio: audio: race cue waypoint: no wave matches stem "waypoint"
2026-10-04T01:08:31.647822Z  WARN mm2_app::race_audio: audio: race cue waypoint: no wave matches stem "waypoint"
2026-10-04T01:08:35.120857Z  WARN mm2_app::race_audio: audio: race cue waypoint: no wave matches stem "waypoint"
2026-10-04T01:08:38.798394Z  WARN mm2_app::race_audio: audio: race cue waypoint: no wave matches stem "waypoint"
2026-10-04T01:08:42.583377Z  WARN mm2_app::race_audio: audio: race cue waypoint: no wave matches stem "waypoint"
2026-10-04T01:08:46.190516Z  WARN mm2_app::race_audio: audio: race cue waypoint: no wave matches stem "waypoint"
2026-10-04T01:08:50.250301Z  WARN mm2_app::race_audio: audio: race cue waypoint: no wave matches stem "waypoint"
2026-10-04T01:08:54.044225Z  WARN mm2_app::race_audio: audio: race cue waypoint: no wave matches stem "waypoint"
2026-10-04T01:08:54.803464Z  INFO mm2_app::scripted: scripted player started a bounded escape after sustained low-speed throttle tick=27170 escapes=3 position=Vec3(1623.268, 24.780384, 1510.8661) speed=-0.0007198555395007133 heading_rad=-1.321122169494629 bearing_rad=0.9986803531646729 route_next=Some(620) gate=Vec3(1960.3698, 26.60316, 1446.1626) aim=Vec3(1638.5784, 24.72295, 1525.1008)
2026-10-04T01:08:55.070461Z  INFO mm2_app::scripted: scripted player re-anchored onto its route after a bounded stuck tick=27368 reanchors=1 position=Vec3(1615.4349, 24.705936, 1509.7089) speed=-5.307596683502197 heading_rad=-1.7886699438095093 route_next=41 gate=Vec3(1960.3698, 26.60316, 1446.1626) landing=Vec3(1619.6427, 25.042692, 1529.4308)
2026-10-04T01:09:00.066150Z  WARN mm2_app::race_audio: audio: race cue waypoint: no wave matches stem "waypoint"
2026-10-04T01:09:01.298091Z  INFO mm2_app::scripted: scripted player started a bounded escape after sustained low-speed throttle tick=31908 escapes=4 position=Vec3(2025.9944, 27.002274, 1449.8846) speed=0.3073121905326843 heading_rad=-1.4633314609527588 bearing_rad=1.0059021711349487 route_next=Some(41) gate=Vec3(2092.4043, 27.33409, 1533.3036) aim=Vec3(2092.4043, 27.33409, 1533.3036)
2026-10-04T01:09:01.619099Z  INFO mm2_app::scripted: scripted player re-anchored onto its route after a bounded stuck tick=32144 reanchors=2 position=Vec3(2026.7544, 26.981647, 1449.2057) speed=2.8794569969177246 heading_rad=-1.1115952730178833 route_next=43 gate=Vec3(2092.4043, 27.33409, 1533.3036) landing=Vec3(1864.9479, 24.352064, 1777.795)
2026-10-04T01:09:02.856326Z  INFO mm2_app::scripted: scripted player started a bounded escape after sustained low-speed throttle tick=33054 escapes=5 position=Vec3(1843.1287, 24.164534, 1749.8599) speed=0.6318341493606567 heading_rad=0.3538946211338043 bearing_rad=1.209416151046753 route_next=Some(43) gate=Vec3(2092.4043, 27.33409, 1533.3036) aim=Vec3(2092.4043, 27.33409, 1533.3036)
2026-10-04T01:09:04.199917Z  INFO mm2_app::scripted: scripted player started a bounded escape after sustained low-speed throttle tick=34000 escapes=6 position=Vec3(1851.7876, 24.361027, 1720.054) speed=0.28464001417160034 heading_rad=0.0850018560886383 bearing_rad=0.9957811832427979 route_next=Some(43) gate=Vec3(2092.4043, 27.33409, 1533.3036) aim=Vec3(2092.4043, 27.33409, 1533.3036)
2026-10-04T01:09:04.816716Z  INFO mm2_app::scripted: scripted player started a bounded escape after sustained low-speed throttle tick=34414 escapes=7 position=Vec3(1851.7266, 24.366144, 1719.378) speed=0.6794551014900208 heading_rad=0.1442044973373413 bearing_rad=1.0568619966506958 route_next=Some(43) gate=Vec3(2092.4043, 27.33409, 1533.3036) aim=Vec3(2092.4043, 27.33409, 1533.3036)
2026-10-04T01:09:07.175858Z  INFO mm2_app::scripted: scripted player started a bounded escape after sustained low-speed throttle tick=35974 escapes=8 position=Vec3(1832.6703, 24.890118, 1623.3865) speed=0.04573021084070206 heading_rad=0.26109105348587036 bearing_rad=1.4980416297912598 route_next=Some(43) gate=Vec3(2092.4043, 27.33409, 1533.3036) aim=Vec3(2092.4043, 27.33409, 1533.3036)
2026-10-04T01:09:08.271035Z  INFO mm2_app::scripted: scripted player started a bounded escape after sustained low-speed throttle tick=36702 escapes=9 position=Vec3(1832.2445, 24.889462, 1623.6809) speed=-0.0028444889467209578 heading_rad=-0.13240909576416016 bearing_rad=1.104038119316101 route_next=Some(43) gate=Vec3(2092.4043, 27.33409, 1533.3036) aim=Vec3(2092.4043, 27.33409, 1533.3036)
2026-10-04T01:09:09.888589Z  INFO mm2_app::scripted: scripted player started a bounded escape after sustained low-speed throttle tick=37780 escapes=10 position=Vec3(1863.5513, 25.0497, 1629.9183) speed=-0.017462875694036484 heading_rad=-2.2741551399230957 bearing_rad=-1.1028294563293457 route_next=Some(43) gate=Vec3(2092.4043, 27.33409, 1533.3036) aim=Vec3(2092.4043, 27.33409, 1533.3036)
2026-10-04T01:09:10.073365Z  INFO mm2_app::scripted: scripted player re-anchored onto its route after a bounded stuck tick=37906 reanchors=3 position=Vec3(1860.162, 25.019096, 1627.8916) speed=-7.400537967681885 heading_rad=-1.5437790155410767 route_next=45 gate=Vec3(2092.4043, 27.33409, 1533.3036) landing=Vec3(1862.3245, 24.306526, 1783.689)
2026-10-04T01:09:10.895384Z  INFO mm2_app::scripted: scripted player started a bounded escape after sustained low-speed throttle tick=38456 escapes=11 position=Vec3(1868.1721, 23.943108, 1788.671) speed=-0.003557882271707058 heading_rad=-2.2990095615386963 bearing_rad=-1.578439712524414 route_next=Some(45) gate=Vec3(2092.4043, 27.33409, 1533.3036) aim=Vec3(2092.4043, 27.33409, 1533.3036)
2026-10-04T01:09:12.618398Z  INFO mm2_app::scripted: scripted player started a bounded escape after sustained low-speed throttle tick=39602 escapes=12 position=Vec3(1902.4052, 24.160185, 1759.8181) speed=0.29400137066841125 heading_rad=-1.1285349130630493 bearing_rad=-0.43058231472969055 route_next=Some(45) gate=Vec3(2092.4043, 27.33409, 1533.3036) aim=Vec3(2092.4043, 27.33409, 1533.3036)
2026-10-04T01:09:13.245960Z  INFO mm2_app::scripted: scripted player started a bounded escape after sustained low-speed throttle tick=40016 escapes=13 position=Vec3(1898.5137, 24.142878, 1761.553) speed=0.0028548201080411673 heading_rad=-0.63143390417099 bearing_rad=0.07275141775608063 route_next=Some(45) gate=Vec3(2092.4043, 27.33409, 1533.3036) aim=Vec3(2092.4043, 27.33409, 1533.3036)
2026-10-04T01:09:18.528976Z  INFO mm2_app::scripted: scripted player started a bounded escape after sustained low-speed throttle tick=43482 escapes=14 position=Vec3(2031.3315, 24.14851, 1724.5931) speed=0.004432082176208496 heading_rad=-1.1256780624389648 bearing_rad=-0.8166387677192688 route_next=Some(45) gate=Vec3(2092.4043, 27.33409, 1533.3036) aim=Vec3(2092.4043, 27.33409, 1533.3036)
2026-10-04T01:09:19.531414Z  INFO mm2_app::scripted: scripted player started a bounded escape after sustained low-speed throttle tick=44142 escapes=15 position=Vec3(2023.843, 24.172924, 1728.1194) speed=-0.01077141985297203 heading_rad=0.23797933757305145 bearing_rad=0.5763713717460632 route_next=Some(45) gate=Vec3(2092.4043, 27.33409, 1533.3036) aim=Vec3(2092.4043, 27.33409, 1533.3036)
2026-10-04T01:09:20.802976Z  INFO mm2_app::scripted: scripted player started a bounded escape after sustained low-speed throttle tick=44980 escapes=16 position=Vec3(2035.8593, 24.130268, 1724.6552) speed=0.031116262078285217 heading_rad=-0.8072347044944763 bearing_rad=-0.5199082493782043 route_next=Some(45) gate=Vec3(2092.4043, 27.33409, 1533.3036) aim=Vec3(2092.4043, 27.33409, 1533.3036)
2026-10-04T01:09:21.879805Z  INFO mm2_app::scripted: scripted player started a bounded escape after sustained low-speed throttle tick=45700 escapes=17 position=Vec3(2027.4109, 24.158628, 1726.6046) speed=0.002146456390619278 heading_rad=0.8525238037109375 bearing_rad=1.1768782138824463 route_next=Some(45) gate=Vec3(2092.4043, 27.33409, 1533.3036) aim=Vec3(2092.4043, 27.33409, 1533.3036)
2026-10-04T01:09:24.163612Z  INFO mm2_app::scripted: scripted player started a bounded escape after sustained low-speed throttle tick=47210 escapes=18 position=Vec3(2081.0718, 23.776068, 1711.9304) speed=0.23643510043621063 heading_rad=-1.223915457725525 bearing_rad=-1.1605578660964966 route_next=Some(45) gate=Vec3(2092.4043, 27.33409, 1533.3036) aim=Vec3(2092.4043, 27.33409, 1533.3036)
2026-10-04T01:09:26.145360Z  INFO mm2_app::scripted: scripted player started a bounded escape after sustained low-speed throttle tick=48418 escapes=19 position=Vec3(2141.3337, 23.828142, 1689.7831) speed=-0.028696412220597267 heading_rad=-0.9015631079673767 bearing_rad=-1.2046202421188354 route_next=Some(45) gate=Vec3(2092.4043, 27.33409, 1533.3036) aim=Vec3(2092.4043, 27.33409, 1533.3036)
2026-10-04T01:09:27.958510Z  INFO mm2_app::scripted: scripted player started a bounded escape after sustained low-speed throttle tick=49602 escapes=20 position=Vec3(2129.404, 25.569756, 1645.3405) speed=0.033543866127729416 heading_rad=-0.7736629843711853 bearing_rad=-1.0926326513290405 route_next=Some(45) gate=Vec3(2092.4043, 27.33409, 1533.3036) aim=Vec3(2092.4043, 27.33409, 1533.3036)
2026-10-04T01:09:29.662347Z  INFO mm2_app::scripted: scripted player started a bounded escape after sustained low-speed throttle tick=50742 escapes=21 position=Vec3(2107.0308, 26.481773, 1615.2512) speed=0.04545021429657936 heading_rad=1.1686253547668457 bearing_rad=0.9919998049736023 route_next=Some(45) gate=Vec3(2092.4043, 27.33409, 1533.3036) aim=Vec3(2092.4043, 27.33409, 1533.3036)
2026-10-04T01:09:31.794344Z  WARN mm2_app::race_audio: audio: race cue waypoint: no wave matches stem "waypoint"
2026-10-04T01:09:32.999667Z  INFO mm2_app::scripted: scripted player re-anchored onto its route after a bounded stuck tick=52930 reanchors=4 position=Vec3(2026.9901, 27.199677, 1550.0311) speed=11.997584342956543 heading_rad=2.247727394104004 route_next=47 gate=Vec3(2026.7817, 24.66279, 1734.4355) landing=Vec3(1864.4469, 24.282673, 1792.0028)
2026-10-04T01:09:34.819446Z  INFO mm2_app::scripted: scripted player re-anchored onto its route after a bounded stuck tick=54152 reanchors=5 position=Vec3(1933.7076, 23.395525, 1843.2993) speed=11.935822486877441 heading_rad=-1.644810676574707 route_next=50 gate=Vec3(2026.7817, 24.66279, 1734.4355) landing=Vec3(1869.7897, 24.2282, 1803.1183)
2026-10-04T01:09:35.980470Z  INFO mm2_app::scripted: scripted player started a bounded escape after sustained low-speed throttle tick=54930 escapes=22 position=Vec3(1911.5039, 23.70852, 1808.1896) speed=0.002614244818687439 heading_rad=-0.42806264758110046 bearing_rad=0.5735668540000916 route_next=Some(50) gate=Vec3(2026.7817, 24.66279, 1734.4355) aim=Vec3(2026.7817, 24.66279, 1734.4355)
2026-10-04T01:09:37.481266Z  INFO mm2_app::scripted: scripted player started a bounded escape after sustained low-speed throttle tick=55936 escapes=23 position=Vec3(1938.3202, 23.387472, 1813.8135) speed=1.0076581239700317 heading_rad=-1.759254813194275 bearing_rad=-0.9197885394096375 route_next=Some(50) gate=Vec3(2026.7817, 24.66279, 1734.4355) aim=Vec3(2026.7817, 24.66279, 1734.4355)
2026-10-04T01:09:39.044982Z  INFO mm2_app::scripted: scripted player started a bounded escape after sustained low-speed throttle tick=56972 escapes=24 position=Vec3(1984.4639, 22.894682, 1825.1605) speed=0.2267872393131256 heading_rad=-1.698955774307251 bearing_rad=-1.2625137567520142 route_next=Some(50) gate=Vec3(2026.7817, 24.66279, 1734.4355) aim=Vec3(2026.7817, 24.66279, 1734.4355)
2026-10-04T01:09:39.680338Z  INFO mm2_app::scripted: scripted player started a bounded escape after sustained low-speed throttle tick=57386 escapes=25 position=Vec3(1985.069, 22.88893, 1825.2239) speed=0.3301513195037842 heading_rad=-1.7421072721481323 bearing_rad=-1.3114219903945923 route_next=Some(50) gate=Vec3(2026.7817, 24.66279, 1734.4355) aim=Vec3(2026.7817, 24.66279, 1734.4355)
2026-10-04T01:09:40.982853Z  INFO mm2_app::scripted: scripted player started a bounded escape after sustained low-speed throttle tick=58258 escapes=26 position=Vec3(2008.7935, 22.637762, 1830.8116) speed=0.11169053614139557 heading_rad=-1.8081668615341187 bearing_rad=-1.623643398284912 route_next=Some(50) gate=Vec3(2026.7817, 24.66279, 1734.4355) aim=Vec3(2026.7817, 24.66279, 1734.4355)
2026-10-04T01:09:41.635055Z  INFO mm2_app::scripted: scripted player started a bounded escape after sustained low-speed throttle tick=58672 escapes=27 position=Vec3(2008.4816, 22.64756, 1830.7626) speed=0.034997329115867615 heading_rad=-1.7916111946105957 bearing_rad=-1.6038689613342285 route_next=Some(50) gate=Vec3(2026.7817, 24.66279, 1734.4355) aim=Vec3(2026.7817, 24.66279, 1734.4355)
2026-10-04T01:09:42.785851Z  INFO mm2_app::scripted: scripted player started a bounded escape after sustained low-speed throttle tick=59394 escapes=28 position=Vec3(2006.2815, 22.672657, 1830.2369) speed=0.029140163213014603 heading_rad=-1.7875689268112183 bearing_rad=-1.576761245727539 route_next=Some(50) gate=Vec3(2026.7817, 24.66279, 1734.4355) aim=Vec3(2026.7817, 24.66279, 1734.4355)
2026-10-04T01:09:43.284456Z  INFO mm2_app::scripted: scripted player re-anchored onto its route after a bounded stuck tick=59712 reanchors=6 position=Vec3(2006.0049, 22.664124, 1830.1372) speed=0.09734442830085754 heading_rad=-1.8072198629379272 route_next=53 gate=Vec3(2026.7817, 24.66279, 1734.4355) landing=Vec3(1883.5206, 24.164677, 1806.7507)
2026-10-04T01:09:45.519925Z  INFO mm2_app::scripted: scripted player started a bounded escape after sustained low-speed throttle tick=61244 escapes=29 position=Vec3(1950.5067, 23.2474, 1816.6796) speed=0.8690877556800842 heading_rad=-1.805513858795166 bearing_rad=-1.0577526092529297 route_next=Some(53) gate=Vec3(2026.7817, 24.66279, 1734.4355) aim=Vec3(2026.7817, 24.66279, 1734.4355)
2026-10-04T01:09:46.090810Z  INFO mm2_app::scripted: scripted player started a bounded escape after sustained low-speed throttle tick=61658 escapes=30 position=Vec3(1951.9508, 23.231937, 1817.0258) speed=0.8355838656425476 heading_rad=-1.8138736486434937 bearing_rad=-1.0777255296707153 route_next=Some(53) gate=Vec3(2026.7817, 24.66279, 1734.4355) aim=Vec3(2026.7817, 24.66279, 1734.4355)
2026-10-04T01:09:47.326171Z  INFO mm2_app::scripted: scripted player started a bounded escape after sustained low-speed throttle tick=62564 escapes=31 position=Vec3(1973.8241, 22.991982, 1822.669) speed=0.06687067449092865 heading_rad=-1.6242371797561646 bearing_rad=-1.083670973777771 route_next=Some(53) gate=Vec3(2026.7817, 24.66279, 1734.4355) aim=Vec3(2026.7817, 24.66279, 1734.4355)
2026-10-04T01:09:47.902336Z  INFO mm2_app::scripted: scripted player started a bounded escape after sustained low-speed throttle tick=62978 escapes=32 position=Vec3(1973.8711, 22.993416, 1822.6531) speed=0.16835156083106995 heading_rad=-1.6400604248046875 bearing_rad=-1.099806547164917 route_next=Some(53) gate=Vec3(2026.7817, 24.66279, 1734.4355) aim=Vec3(2026.7817, 24.66279, 1734.4355)
2026-10-04T01:09:49.315948Z  INFO mm2_app::scripted: scripted player started a bounded escape after sustained low-speed throttle tick=64018 escapes=33 position=Vec3(2010.5891, 22.632545, 1831.2607) speed=0.003158281557261944 heading_rad=-1.7969985008239746 bearing_rad=-1.6312962770462036 route_next=Some(53) gate=Vec3(2026.7817, 24.66279, 1734.4355) aim=Vec3(2026.7817, 24.66279, 1734.4355)
2026-10-04T01:09:49.875410Z  INFO mm2_app::scripted: scripted player started a bounded escape after sustained low-speed throttle tick=64432 escapes=34 position=Vec3(2010.8732, 22.622927, 1831.3223) speed=0.047130271792411804 heading_rad=-1.8025802373886108 bearing_rad=-1.6398348808288574 route_next=Some(53) gate=Vec3(2026.7817, 24.66279, 1734.4355) aim=Vec3(2026.7817, 24.66279, 1734.4355)
2026-10-04T01:09:50.536814Z  INFO mm2_app::scripted: scripted player started a bounded escape after sustained low-speed throttle tick=64920 escapes=35 position=Vec3(2010.8978, 22.638428, 1831.3888) speed=0.031986676156520844 heading_rad=-1.7666497230529785 bearing_rad=-1.6042617559432983 route_next=Some(53) gate=Vec3(2026.7817, 24.66279, 1734.4355) aim=Vec3(2026.7817, 24.66279, 1734.4355)
2026-10-04T01:09:51.100763Z  INFO mm2_app::scripted: scripted player started a bounded escape after sustained low-speed throttle tick=65334 escapes=36 position=Vec3(2010.3965, 22.642334, 1831.2954) speed=0.033381201326847076 heading_rad=-1.7521655559539795 bearing_rad=-1.5845874547958374 route_next=Some(53) gate=Vec3(2026.7817, 24.66279, 1734.4355) aim=Vec3(2026.7817, 24.66279, 1734.4355)
2026-10-04T01:09:51.458138Z  INFO mm2_app::scripted: scripted player re-anchored onto its route after a bounded stuck tick=65596 reanchors=7 position=Vec3(2011.0284, 22.610231, 1832.3958) speed=3.849491596221924 heading_rad=-2.1578924655914307 route_next=56 gate=Vec3(2026.7817, 24.66279, 1734.4355) landing=Vec3(1897.2517, 24.08116, 1810.3832)
2026-10-04T01:09:52.522808Z  INFO mm2_app::scripted: scripted player started a bounded escape after sustained low-speed throttle tick=66376 escapes=37 position=Vec3(1938.5374, 23.38552, 1813.8405) speed=1.3149746656417847 heading_rad=-1.7727969884872437 bearing_rad=-0.9347215294837952 route_next=Some(56) gate=Vec3(2026.7817, 24.66279, 1734.4355) aim=Vec3(2026.7817, 24.66279, 1734.4355)
2026-10-04T01:09:53.883783Z  INFO mm2_app::scripted: scripted player started a bounded escape after sustained low-speed throttle tick=67352 escapes=38 position=Vec3(1951.6918, 23.234627, 1816.9609) speed=0.9910268783569336 heading_rad=-1.8137564659118652 bearing_rad=-1.0754978656768799 route_next=Some(56) gate=Vec3(2026.7817, 24.66279, 1734.4355) aim=Vec3(2026.7817, 24.66279, 1734.4355)
2026-10-04T01:09:55.172752Z  INFO mm2_app::scripted: scripted player started a bounded escape after sustained low-speed throttle tick=68270 escapes=39 position=Vec3(1973.9171, 22.993036, 1822.567) speed=0.1553168147802353 heading_rad=-1.6934356689453125 bearing_rad=-1.153135061264038 route_next=Some(56) gate=Vec3(2026.7817, 24.66279, 1734.4355) aim=Vec3(2026.7817, 24.66279, 1734.4355)
2026-10-04T01:09:55.734275Z  INFO mm2_app::scripted: scripted player started a bounded escape after sustained low-speed throttle tick=68684 escapes=40 position=Vec3(1974.4746, 22.990185, 1822.631) speed=0.29388710856437683 heading_rad=-1.7332003116607666 bearing_rad=-1.197883129119873 route_next=Some(56) gate=Vec3(2026.7817, 24.66279, 1734.4355) aim=Vec3(2026.7817, 24.66279, 1734.4355)
2026-10-04T01:09:57.142701Z  INFO mm2_app::scripted: scripted player started a bounded escape after sustained low-speed throttle tick=69712 escapes=41 position=Vec3(2010.3146, 22.625185, 1831.1818) speed=0.023404238745570183 heading_rad=-1.8071563243865967 bearing_rad=-1.6385622024536133 route_next=Some(56) gate=Vec3(2026.7817, 24.66279, 1734.4355) aim=Vec3(2026.7817, 24.66279, 1734.4355)
2026-10-04T01:09:57.720749Z  INFO mm2_app::scripted: scripted player started a bounded escape after sustained low-speed throttle tick=70126 escapes=42 position=Vec3(2009.0912, 22.6295, 1830.8851) speed=0.004152111709117889 heading_rad=-1.8077646493911743 bearing_rad=-1.6263632774353027 route_next=Some(56) gate=Vec3(2026.7817, 24.66279, 1734.4355) aim=Vec3(2026.7817, 24.66279, 1734.4355)
2026-10-04T01:09:58.500235Z  INFO mm2_app::scripted: scripted player started a bounded escape after sustained low-speed throttle tick=70626 escapes=43 position=Vec3(2009.376, 22.646444, 1831.0624) speed=0.03425263985991478 heading_rad=-1.7475998401641846 bearing_rad=-1.5693773031234741 route_next=Some(56) gate=Vec3(2026.7817, 24.66279, 1734.4355) aim=Vec3(2026.7817, 24.66279, 1734.4355)
2026-10-04T01:09:59.092873Z  INFO mm2_app::scripted: scripted player started a bounded escape after sustained low-speed throttle tick=71040 escapes=44 position=Vec3(2009.5454, 22.648838, 1831.0967) speed=0.01389643456786871 heading_rad=-1.749882459640503 bearing_rad=-1.5734201669692993 route_next=Some(56) gate=Vec3(2026.7817, 24.66279, 1734.4355) aim=Vec3(2026.7817, 24.66279, 1734.4355)
2026-10-04T01:09:59.394709Z  INFO mm2_app::scripted: scripted player re-anchored onto its route after a bounded stuck tick=71250 reanchors=8 position=Vec3(2009.2239, 22.639029, 1831.295) speed=2.0499889850616455 heading_rad=-1.928287148475647 route_next=59 gate=Vec3(2026.7817, 24.66279, 1734.4355) landing=Vec3(1910.9827, 23.97524, 1814.0156)
2026-10-04T01:10:00.467166Z  INFO mm2_app::scripted: scripted player started a bounded escape after sustained low-speed throttle tick=72000 escapes=45 position=Vec3(1949.4092, 23.25814, 1816.5048) speed=0.8391563892364502 heading_rad=-1.7522400617599487 bearing_rad=-0.9962902665138245 route_next=Some(59) gate=Vec3(2026.7817, 24.66279, 1734.4355) aim=Vec3(2026.7817, 24.66279, 1734.4355)
2026-10-04T01:10:01.086927Z  INFO mm2_app::scripted: scripted player started a bounded escape after sustained low-speed throttle tick=72414 escapes=46 position=Vec3(1950.726, 23.2449, 1816.743) speed=0.8114725351333618 heading_rad=-1.8010035753250122 bearing_rad=-1.055061936378479 route_next=Some(59) gate=Vec3(2026.7817, 24.66279, 1734.4355) aim=Vec3(2026.7817, 24.66279, 1734.4355)
2026-10-04T01:10:02.138976Z  INFO mm2_app::scripted: scripted player started a bounded escape after sustained low-speed throttle tick=73102 escapes=47 position=Vec3(1959.7875, 23.144623, 1819.0397) speed=0.5121462941169739 heading_rad=-1.790563702583313 bearing_rad=-1.120808482170105 route_next=Some(59) gate=Vec3(2026.7817, 24.66279, 1734.4355) aim=Vec3(2026.7817, 24.66279, 1734.4355)
2026-10-04T01:10:02.812387Z  INFO mm2_app::scripted: scripted player started a bounded escape after sustained low-speed throttle tick=73516 escapes=48 position=Vec3(1961.1724, 23.131275, 1819.3455) speed=1.2269153594970703 heading_rad=-1.8024311065673828 bearing_rad=-1.1445634365081787 route_next=Some(59) gate=Vec3(2026.7817, 24.66279, 1734.4355) aim=Vec3(2026.7817, 24.66279, 1734.4355)
2026-10-04T01:10:04.689084Z  INFO mm2_app::scripted: scripted player started a bounded escape after sustained low-speed throttle tick=74692 escapes=49 position=Vec3(2009.581, 22.631897, 1831.0073) speed=0.049748778343200684 heading_rad=-1.8041349649429321 bearing_rad=-1.6278704404830933 route_next=Some(59) gate=Vec3(2026.7817, 24.66279, 1734.4355) aim=Vec3(2026.7817, 24.66279, 1734.4355)
2026-10-04T01:10:05.362455Z  INFO mm2_app::scripted: scripted player started a bounded escape after sustained low-speed throttle tick=75106 escapes=50 position=Vec3(2008.6146, 22.63612, 1830.7732) speed=0.04809323325753212 heading_rad=-1.805044174194336 bearing_rad=-1.6186555624008179 route_next=Some(59) gate=Vec3(2026.7817, 24.66279, 1734.4355) aim=Vec3(2026.7817, 24.66279, 1734.4355)
2026-10-04T01:10:06.147877Z  INFO mm2_app::scripted: scripted player started a bounded escape after sustained low-speed throttle tick=75600 escapes=51 position=Vec3(2009.126, 22.647856, 1830.9758) speed=0.03088480234146118 heading_rad=-1.7600537538528442 bearing_rad=-1.5791678428649902 route_next=Some(59) gate=Vec3(2026.7817, 24.66279, 1734.4355) aim=Vec3(2026.7817, 24.66279, 1734.4355)
2026-10-04T01:10:06.808991Z  INFO mm2_app::scripted: scripted player started a bounded escape after sustained low-speed throttle tick=76014 escapes=52 position=Vec3(2008.6047, 22.655807, 1830.858) speed=0.1579916775226593 heading_rad=-1.7580198049545288 bearing_rad=-1.5716923475265503 route_next=Some(59) gate=Vec3(2026.7817, 24.66279, 1734.4355) aim=Vec3(2026.7817, 24.66279, 1734.4355)
2026-10-04T01:10:07.105770Z  INFO mm2_app::scripted: scripted player re-anchored onto its route after a bounded stuck tick=76196 reanchors=9 position=Vec3(2008.5974, 22.647472, 1830.9163) speed=1.1336512565612793 heading_rad=-1.8293342590332031 route_next=62 gate=Vec3(2026.7817, 24.66279, 1734.4355) landing=Vec3(1924.7137, 23.854288, 1817.6481)
2026-10-04T01:10:08.254229Z  INFO mm2_app::scripted: scripted player started a bounded escape after sustained low-speed throttle tick=76912 escapes=53 position=Vec3(1959.521, 23.145369, 1819.1085) speed=0.2421082705259323 heading_rad=-1.7192621231079102 bearing_rad=-1.0479702949523926 route_next=Some(62) gate=Vec3(2026.7817, 24.66279, 1734.4355) aim=Vec3(2026.7817, 24.66279, 1734.4355)
2026-10-04T01:10:08.911603Z  INFO mm2_app::scripted: scripted player started a bounded escape after sustained low-speed throttle tick=77326 escapes=54 position=Vec3(1960.4003, 23.143505, 1819.2512) speed=0.47324174642562866 heading_rad=-1.7542375326156616 bearing_rad=-1.0901621580123901 route_next=Some(62) gate=Vec3(2026.7817, 24.66279, 1734.4355) aim=Vec3(2026.7817, 24.66279, 1734.4355)
2026-10-04T01:10:10.792425Z  INFO mm2_app::scripted: scripted player started a bounded escape after sustained low-speed throttle tick=78492 escapes=55 position=Vec3(2009.0957, 22.641687, 1830.8938) speed=0.04822402447462082 heading_rad=-1.801129698753357 bearing_rad=-1.6197896003723145 route_next=Some(62) gate=Vec3(2026.7817, 24.66279, 1734.4355) aim=Vec3(2026.7817, 24.66279, 1734.4355)
2026-10-04T01:10:11.465889Z  INFO mm2_app::scripted: scripted player started a bounded escape after sustained low-speed throttle tick=78906 escapes=56 position=Vec3(2008.7692, 22.638992, 1830.8109) speed=0.012800346128642559 heading_rad=-1.804192066192627 bearing_rad=-1.6194236278533936 route_next=Some(62) gate=Vec3(2026.7817, 24.66279, 1734.4355) aim=Vec3(2026.7817, 24.66279, 1734.4355)
2026-10-04T01:10:12.256410Z  INFO mm2_app::scripted: scripted player started a bounded escape after sustained low-speed throttle tick=79404 escapes=57 position=Vec3(2009.5723, 22.644619, 1831.0969) speed=-0.00878484733402729 heading_rad=-1.7531038522720337 bearing_rad=-1.576911211013794 route_next=Some(62) gate=Vec3(2026.7817, 24.66279, 1734.4355) aim=Vec3(2026.7817, 24.66279, 1734.4355)
2026-10-04T01:10:12.952214Z  INFO mm2_app::scripted: scripted player started a bounded escape after sustained low-speed throttle tick=79818 escapes=58 position=Vec3(2009.0627, 22.649967, 1830.9785) speed=0.01815834827721119 heading_rad=-1.7507754564285278 bearing_rad=-1.569260835647583 route_next=Some(62) gate=Vec3(2026.7817, 24.66279, 1734.4355) aim=Vec3(2026.7817, 24.66279, 1734.4355)
2026-10-04T01:10:13.194564Z  INFO mm2_app::scripted: scripted player re-anchored onto its route after a bounded stuck tick=79970 reanchors=10 position=Vec3(2008.922, 22.654701, 1830.9207) speed=0.17601770162582397 heading_rad=-1.7654712200164795 route_next=65 gate=Vec3(2026.7817, 24.66279, 1734.4355) landing=Vec3(1934.4355, 23.73038, 1820.2195)
2026-10-04T01:10:14.513418Z  INFO mm2_app::scripted: scripted player started a bounded escape after sustained low-speed throttle tick=80780 escapes=59 position=Vec3(1974.5138, 22.991354, 1822.5575) speed=0.40983712673187256 heading_rad=-1.776896357536316 bearing_rad=-1.2415422201156616 route_next=Some(65) gate=Vec3(2026.7817, 24.66279, 1734.4355) aim=Vec3(2026.7817, 24.66279, 1734.4355)
2026-10-04T01:10:15.215960Z  INFO mm2_app::scripted: scripted player started a bounded escape after sustained low-speed throttle tick=81194 escapes=60 position=Vec3(1975.8479, 22.9767, 1822.8236) speed=1.378548502922058 heading_rad=-1.8085366487503052 bearing_rad=-1.2857615947723389 route_next=Some(65) gate=Vec3(2026.7817, 24.66279, 1734.4355) aim=Vec3(2026.7817, 24.66279, 1734.4355)
2026-10-04T01:10:16.632958Z  INFO mm2_app::scripted: scripted player started a bounded escape after sustained low-speed throttle tick=82042 escapes=61 position=Vec3(1995.04, 22.781452, 1827.9598) speed=0.037871040403842926 heading_rad=-1.543651819229126 bearing_rad=-1.2164555788040161 route_next=Some(65) gate=Vec3(2026.7817, 24.66279, 1734.4355) aim=Vec3(2026.7817, 24.66279, 1734.4355)
2026-10-04T01:10:17.307384Z  INFO mm2_app::scripted: scripted player started a bounded escape after sustained low-speed throttle tick=82456 escapes=62 position=Vec3(1994.8275, 22.784803, 1827.9023) speed=0.17830350995063782 heading_rad=-1.547049641609192 bearing_rad=-1.217628836631775 route_next=Some(65) gate=Vec3(2026.7817, 24.66279, 1734.4355) aim=Vec3(2026.7817, 24.66279, 1734.4355)
2026-10-04T01:10:18.491730Z  INFO mm2_app::scripted: scripted player started a bounded escape after sustained low-speed throttle tick=83218 escapes=63 position=Vec3(2010.9313, 22.634256, 1831.386) speed=-0.002899913117289543 heading_rad=-1.7736530303955078 bearing_rad=-1.6115963459014893 route_next=Some(65) gate=Vec3(2026.7817, 24.66279, 1734.4355) aim=Vec3(2026.7817, 24.66279, 1734.4355)
2026-10-04T01:10:19.108083Z  INFO mm2_app::scripted: scripted player started a bounded escape after sustained low-speed throttle tick=83632 escapes=64 position=Vec3(2010.4506, 22.642231, 1831.3011) speed=0.03343023359775543 heading_rad=-1.755730152130127 bearing_rad=-1.5887045860290527 route_next=Some(65) gate=Vec3(2026.7817, 24.66279, 1734.4355) aim=Vec3(2026.7817, 24.66279, 1734.4355)
2026-10-04T01:10:20.044934Z  INFO mm2_app::scripted: scripted player started a bounded escape after sustained low-speed throttle tick=84256 escapes=65 position=Vec3(2017.7021, 22.567684, 1833.0934) speed=0.03405290096998215 heading_rad=-1.7090846300125122 bearing_rad=-1.6173120737075806 route_next=Some(65) gate=Vec3(2026.7817, 24.66279, 1734.4355) aim=Vec3(2026.7817, 24.66279, 1734.4355)
2026-10-04T01:10:20.657305Z  INFO mm2_app::scripted: scripted player started a bounded escape after sustained low-speed throttle tick=84670 escapes=66 position=Vec3(2017.0336, 22.578753, 1833.0087) speed=0.5298410654067993 heading_rad=-1.6694554090499878 bearing_rad=-1.5708831548690796 route_next=Some(65) gate=Vec3(2026.7817, 24.66279, 1734.4355) aim=Vec3(2026.7817, 24.66279, 1734.4355)
2026-10-04T01:10:21.496005Z  INFO mm2_app::scripted: scripted player started a bounded escape after sustained low-speed throttle tick=85240 escapes=67 position=Vec3(2022.7971, 22.490005, 1834.4456) speed=0.03463377803564072 heading_rad=-1.6506797075271606 bearing_rad=-1.6108585596084595 route_next=Some(65) gate=Vec3(2026.7817, 24.66279, 1734.4355) aim=Vec3(2026.7817, 24.66279, 1734.4355)
2026-10-04T01:10:22.126472Z  INFO mm2_app::scripted: scripted player started a bounded escape after sustained low-speed throttle tick=85654 escapes=68 position=Vec3(2021.2504, 22.515818, 1834.2173) speed=0.270967960357666 heading_rad=-1.5596259832382202 bearing_rad=-1.5042479038238525 route_next=Some(65) gate=Vec3(2026.7817, 24.66279, 1734.4355) aim=Vec3(2026.7817, 24.66279, 1734.4355)
2026-10-04T01:10:22.911603Z  INFO mm2_app::scripted: scripted player started a bounded escape after sustained low-speed throttle tick=86184 escapes=69 position=Vec3(2025.4036, 22.456022, 1835.1805) speed=-0.008018173277378082 heading_rad=-1.606420874595642 bearing_rad=-1.592741847038269 route_next=Some(65) gate=Vec3(2026.7817, 24.66279, 1734.4355) aim=Vec3(2026.7817, 24.66279, 1734.4355)
2026-10-04T01:10:23.525710Z  INFO mm2_app::scripted: scripted player started a bounded escape after sustained low-speed throttle tick=86598 escapes=70 position=Vec3(2023.2902, 22.478804, 1835.0186) speed=0.023170828819274902 heading_rad=-1.3728209733963013 bearing_rad=-1.3381215333938599 route_next=Some(65) gate=Vec3(2026.7817, 24.66279, 1734.4355) aim=Vec3(2026.7817, 24.66279, 1734.4355)
2026-10-04T01:10:23.837236Z  INFO mm2_app::scripted: scripted player re-anchored onto its route after a bounded stuck tick=86808 reanchors=11 position=Vec3(2018.1779, 22.50724, 1838.42) speed=-3.3848659992218018 heading_rad=0.10899101197719574 route_next=68 gate=Vec3(2026.7817, 24.66279, 1734.4355) landing=Vec3(1944.9524, 23.61571, 1823.0023)
2026-10-04T01:10:24.951802Z  INFO mm2_app::scripted: scripted player started a bounded escape after sustained low-speed throttle tick=87546 escapes=71 position=Vec3(1974.0809, 22.986063, 1823.2543) speed=0.007652918342500925 heading_rad=-1.2809348106384277 bearing_rad=-0.745417594909668 route_next=Some(68) gate=Vec3(2026.7817, 24.66279, 1734.4355) aim=Vec3(2026.7817, 24.66279, 1734.4355)
2026-10-04T01:10:26.205012Z  INFO mm2_app::scripted: scripted player started a bounded escape after sustained low-speed throttle tick=88376 escapes=72 position=Vec3(1959.996, 23.13228, 1819.8687) speed=0.07514144480228424 heading_rad=0.8286017775535583 bearing_rad=1.4921038150787354 route_next=Some(68) gate=Vec3(2026.7817, 24.66279, 1734.4355) aim=Vec3(2026.7817, 24.66279, 1734.4355)
2026-10-04T01:10:27.297887Z  INFO mm2_app::scripted: scripted player started a bounded escape after sustained low-speed throttle tick=89108 escapes=73 position=Vec3(1958.8977, 23.141512, 1819.9347) speed=0.024789780378341675 heading_rad=-0.345221608877182 bearing_rad=0.32583364844322205 route_next=Some(68) gate=Vec3(2026.7817, 24.66279, 1734.4355) aim=Vec3(2026.7817, 24.66279, 1734.4355)
2026-10-04T01:10:29.335648Z  INFO mm2_app::scripted: scripted player started a bounded escape after sustained low-speed throttle tick=90454 escapes=74 position=Vec3(1987.163, 22.86644, 1825.6027) speed=0.2979165017604828 heading_rad=-1.8053324222564697 bearing_rad=-1.3953813314437866 route_next=Some(68) gate=Vec3(2026.7817, 24.66279, 1734.4355) aim=Vec3(2026.7817, 24.66279, 1734.4355)
2026-10-04T01:10:30.879745Z  INFO mm2_app::scripted: scripted player started a bounded escape after sustained low-speed throttle tick=91420 escapes=75 position=Vec3(2009.8225, 22.624538, 1831.0648) speed=0.08569260686635971 heading_rad=-1.8053514957427979 bearing_rad=-1.631612777709961 route_next=Some(68) gate=Vec3(2026.7817, 24.66279, 1734.4355) aim=Vec3(2026.7817, 24.66279, 1734.4355)
2026-10-04T01:10:31.491105Z  INFO mm2_app::scripted: scripted player started a bounded escape after sustained low-speed throttle tick=91834 escapes=76 position=Vec3(2009.649, 22.630785, 1831.0215) speed=0.06088109314441681 heading_rad=-1.8065714836120605 bearing_rad=-1.6310147047042847 route_next=Some(68) gate=Vec3(2026.7817, 24.66279, 1734.4355) aim=Vec3(2026.7817, 24.66279, 1734.4355)
2026-10-04T01:10:32.213505Z  INFO mm2_app::scripted: scripted player started a bounded escape after sustained low-speed throttle tick=92322 escapes=77 position=Vec3(2008.727, 22.651447, 1830.8557) speed=0.0341559536755085 heading_rad=-1.772401213645935 bearing_rad=-1.5872946977615356 route_next=Some(68) gate=Vec3(2026.7817, 24.66279, 1734.4355) aim=Vec3(2026.7817, 24.66279, 1734.4355)
2026-10-04T01:10:32.852185Z  INFO mm2_app::scripted: scripted player started a bounded escape after sustained low-speed throttle tick=92736 escapes=78 position=Vec3(2008.2781, 22.656332, 1830.7325) speed=-0.0053750136867165565 heading_rad=-1.779241681098938 bearing_rad=-1.589403510093689 route_next=Some(68) gate=Vec3(2026.7817, 24.66279, 1734.4355) aim=Vec3(2026.7817, 24.66279, 1734.4355)
2026-10-04T01:10:33.089112Z  INFO mm2_app::scripted: scripted player re-anchored onto its route after a bounded stuck tick=92898 reanchors=12 position=Vec3(2007.6228, 22.65808, 1830.5831) speed=0.5132484436035156 heading_rad=-1.801175594329834 route_next=71 gate=Vec3(2026.7817, 24.66279, 1734.4355) landing=Vec3(1956.4604, 23.487257, 1826.049)
2026-10-04T01:10:34.427219Z  INFO mm2_app::scripted: scripted player started a bounded escape after sustained low-speed throttle tick=93810 escapes=79 position=Vec3(1995.3344, 22.780027, 1827.691) speed=0.8187805414199829 heading_rad=-1.7344322204589844 bearing_rad=-1.4091899394989014 route_next=Some(71) gate=Vec3(2026.7817, 24.66279, 1734.4355) aim=Vec3(2026.7817, 24.66279, 1734.4355)
2026-10-04T01:10:35.046782Z  INFO mm2_app::scripted: scripted player started a bounded escape after sustained low-speed throttle tick=94224 escapes=80 position=Vec3(1996.1018, 22.776073, 1827.823) speed=0.4324398934841156 heading_rad=-1.7639904022216797 bearing_rad=-1.4465752840042114 route_next=Some(71) gate=Vec3(2026.7817, 24.66279, 1734.4355) aim=Vec3(2026.7817, 24.66279, 1734.4355)
2026-10-04T01:10:36.163241Z  INFO mm2_app::scripted: scripted player started a bounded escape after sustained low-speed throttle tick=94974 escapes=81 position=Vec3(2011.1388, 22.632677, 1831.4377) speed=-0.0029375948943197727 heading_rad=-1.7725443840026855 bearing_rad=-1.612657070159912 route_next=Some(71) gate=Vec3(2026.7817, 24.66279, 1734.4355) aim=Vec3(2026.7817, 24.66279, 1734.4355)
2026-10-04T01:10:36.771533Z  INFO mm2_app::scripted: scripted player started a bounded escape after sustained low-speed throttle tick=95388 escapes=82 position=Vec3(2010.6903, 22.64071, 1831.3625) speed=0.029318109154701233 heading_rad=-1.7538549900054932 bearing_rad=-1.5893394947052002 route_next=Some(71) gate=Vec3(2026.7817, 24.66279, 1734.4355) aim=Vec3(2026.7817, 24.66279, 1734.4355)
2026-10-04T01:10:37.696397Z  INFO mm2_app::scripted: scripted player started a bounded escape after sustained low-speed throttle tick=96010 escapes=83 position=Vec3(2017.8855, 22.565521, 1833.1414) speed=0.03675783425569534 heading_rad=-1.7062304019927979 bearing_rad=-1.6163444519042969 route_next=Some(71) gate=Vec3(2026.7817, 24.66279, 1734.4355) aim=Vec3(2026.7817, 24.66279, 1734.4355)
2026-10-04T01:10:38.343035Z  INFO mm2_app::scripted: scripted player started a bounded escape after sustained low-speed throttle tick=96424 escapes=84 position=Vec3(2017.0404, 22.578997, 1833.0073) speed=0.036917202174663544 heading_rad=-1.6703221797943115 bearing_rad=-1.5718172788619995 route_next=Some(71) gate=Vec3(2026.7817, 24.66279, 1734.4355) aim=Vec3(2026.7817, 24.66279, 1734.4355)
2026-10-04T01:10:39.206958Z  INFO mm2_app::scripted: scripted player started a bounded escape after sustained low-speed throttle tick=96932 escapes=85 position=Vec3(2019.9218, 22.536757, 1833.9714) speed=0.02215498499572277 heading_rad=-1.5067594051361084 bearing_rad=-1.43794846534729 route_next=Some(71) gate=Vec3(2026.7817, 24.66279, 1734.4355) aim=Vec3(2026.7817, 24.66279, 1734.4355)
2026-10-04T01:10:39.886057Z  INFO mm2_app::scripted: scripted player started a bounded escape after sustained low-speed throttle tick=97346 escapes=86 position=Vec3(2019.2823, 22.540146, 1833.9299) speed=0.09262439608573914 heading_rad=-1.4375214576721191 bearing_rad=-1.3622887134552002 route_next=Some(71) gate=Vec3(2026.7817, 24.66279, 1734.4355) aim=Vec3(2026.7817, 24.66279, 1734.4355)
2026-10-04T01:10:40.617618Z  INFO mm2_app::scripted: scripted player started a bounded escape after sustained low-speed throttle tick=97806 escapes=87 position=Vec3(2019.5803, 22.538263, 1833.9365) speed=0.03142381086945534 heading_rad=-1.4781802892684937 bearing_rad=-1.4059308767318726 route_next=Some(71) gate=Vec3(2026.7817, 24.66279, 1734.4355) aim=Vec3(2026.7817, 24.66279, 1734.4355)
2026-10-04T01:10:41.282304Z  INFO mm2_app::scripted: scripted player started a bounded escape after sustained low-speed throttle tick=98220 escapes=88 position=Vec3(2018.5173, 22.546204, 1833.8918) speed=0.020475875586271286 heading_rad=-1.3398869037628174 bearing_rad=-1.256981611251831 route_next=Some(71) gate=Vec3(2026.7817, 24.66279, 1734.4355) aim=Vec3(2026.7817, 24.66279, 1734.4355)
2026-10-04T01:10:42.395745Z  INFO mm2_app::scripted: scripted player started a bounded escape after sustained low-speed throttle tick=98916 escapes=89 position=Vec3(2010.1046, 22.630854, 1832.3374) speed=0.0013342120219022036 heading_rad=-0.06479332596063614 bearing_rad=0.1039324551820755 route_next=Some(71) gate=Vec3(2026.7817, 24.66279, 1734.4355) aim=Vec3(2026.7817, 24.66279, 1734.4355)
2026-10-04T01:10:43.664660Z  INFO mm2_app::scripted: scripted player started a bounded escape after sustained low-speed throttle tick=99696 escapes=90 position=Vec3(2020.3142, 22.522406, 1834.7365) speed=-0.001785743166692555 heading_rad=-0.07249683886766434 bearing_rad=-0.008104714564979076 route_next=Some(71) gate=Vec3(2026.7817, 24.66279, 1734.4355) aim=Vec3(2026.7817, 24.66279, 1734.4355)
2026-10-04T01:10:44.906855Z  INFO mm2_app::scripted: scripted player started a bounded escape after sustained low-speed throttle tick=100466 escapes=91 position=Vec3(2012.3553, 22.618149, 1832.8085) speed=0.003053588792681694 heading_rad=-0.29626917839050293 bearing_rad=-0.15065711736679077 route_next=Some(71) gate=Vec3(2026.7817, 24.66279, 1734.4355) aim=Vec3(2026.7817, 24.66279, 1734.4355)
2026-10-04T01:10:46.130729Z  INFO mm2_app::scripted: scripted player started a bounded escape after sustained low-speed throttle tick=101228 escapes=92 position=Vec3(2020.1343, 22.526217, 1834.6913) speed=0.04904485121369362 heading_rad=-0.07699546217918396 bearing_rad=-0.010787326842546463 route_next=Some(71) gate=Vec3(2026.7817, 24.66279, 1734.4355) aim=Vec3(2026.7817, 24.66279, 1734.4355)
2026-10-04T01:10:47.732950Z  INFO mm2_app::scripted: scripted player started a bounded escape after sustained low-speed throttle tick=102198 escapes=93 position=Vec3(2007.5167, 22.651176, 1831.432) speed=0.008050063624978065 heading_rad=0.7525159120559692 bearing_rad=0.9485800266265869 route_next=Some(71) gate=Vec3(2026.7817, 24.66279, 1734.4355) aim=Vec3(2026.7817, 24.66279, 1734.4355)
2026-10-04T01:10:48.978368Z  INFO mm2_app::scripted: scripted player started a bounded escape after sustained low-speed throttle tick=102906 escapes=94 position=Vec3(2014.419, 22.597395, 1833.3633) speed=-0.005784137640148401 heading_rad=-0.07088197767734528 bearing_rad=0.053441423922777176 route_next=Some(71) gate=Vec3(2026.7817, 24.66279, 1734.4355) aim=Vec3(2026.7817, 24.66279, 1734.4355)
2026-10-04T01:10:50.303074Z  INFO mm2_app::scripted: scripted player started a bounded escape after sustained low-speed throttle tick=103658 escapes=95 position=Vec3(2008.212, 22.646994, 1831.8833) speed=0.024322574958205223 heading_rad=-0.4192385971546173 bearing_rad=-0.23093563318252563 route_next=Some(71) gate=Vec3(2026.7817, 24.66279, 1734.4355) aim=Vec3(2026.7817, 24.66279, 1734.4355)
2026-10-04T01:10:51.592197Z  INFO mm2_app::scripted: scripted player started a bounded escape after sustained low-speed throttle tick=104412 escapes=96 position=Vec3(2015.8667, 22.580227, 1833.6454) speed=0.035337574779987335 heading_rad=-0.16032613813877106 bearing_rad=-0.050747111439704895 route_next=Some(71) gate=Vec3(2026.7817, 24.66279, 1734.4355) aim=Vec3(2026.7817, 24.66279, 1734.4355)
2026-10-04T01:10:52.954210Z  INFO mm2_app::scripted: scripted player started a bounded escape after sustained low-speed throttle tick=105200 escapes=97 position=Vec3(2006.0171, 22.668934, 1831.2297) speed=0.031030550599098206 heading_rad=-0.2378958910703659 bearing_rad=-0.02657502144575119 route_next=Some(71) gate=Vec3(2026.7817, 24.66279, 1734.4355) aim=Vec3(2026.7817, 24.66279, 1734.4355)
2026-10-04T01:10:54.308606Z  INFO mm2_app::scripted: scripted player started a bounded escape after sustained low-speed throttle tick=105946 escapes=98 position=Vec3(2012.5155, 22.616713, 1832.9146) speed=0.01766977086663246 heading_rad=-0.07100391387939453 bearing_rad=0.07286103069782257 route_next=Some(71) gate=Vec3(2026.7817, 24.66279, 1734.4355) aim=Vec3(2026.7817, 24.66279, 1734.4355)
2026-10-04T01:10:55.579368Z  INFO mm2_app::scripted: scripted player started a bounded escape after sustained low-speed throttle tick=106678 escapes=99 position=Vec3(2007.7527, 22.65199, 1831.785) speed=-0.01777997985482216 heading_rad=-0.44818753004074097 bearing_rad=-0.25515004992485046 route_next=Some(71) gate=Vec3(2026.7817, 24.66279, 1734.4355) aim=Vec3(2026.7817, 24.66279, 1734.4355)
2026-10-04T01:10:56.830616Z  INFO mm2_app::scripted: scripted player started a bounded escape after sustained low-speed throttle tick=107414 escapes=100 position=Vec3(2014.4806, 22.595905, 1833.289) speed=0.05564191937446594 heading_rad=-0.20472761988639832 bearing_rad=-0.08092574030160904 route_next=Some(71) gate=Vec3(2026.7817, 24.66279, 1734.4355) aim=Vec3(2026.7817, 24.66279, 1734.4355)
2026-10-04T01:10:58.159216Z  INFO mm2_app::scripted: scripted player started a bounded escape after sustained low-speed throttle tick=108198 escapes=101 position=Vec3(2005.7255, 22.672415, 1831.2455) speed=0.0252530537545681 heading_rad=-0.11848804354667664 bearing_rad=0.09567753970623016 route_next=Some(71) gate=Vec3(2026.7817, 24.66279, 1734.4355) aim=Vec3(2026.7817, 24.66279, 1734.4355)
2026-10-04T01:10:59.486168Z  INFO mm2_app::scripted: scripted player started a bounded escape after sustained low-speed throttle tick=108974 escapes=102 position=Vec3(2015.3434, 22.585026, 1833.5819) speed=-0.01777155138552189 heading_rad=-0.39195454120635986 bearing_rad=-0.2770939767360687 route_next=Some(71) gate=Vec3(2026.7817, 24.66279, 1734.4355) aim=Vec3(2026.7817, 24.66279, 1734.4355)
2026-10-04T01:11:00.934392Z  INFO mm2_app::scripted: scripted player started a bounded escape after sustained low-speed throttle tick=109820 escapes=103 position=Vec3(2003.393, 22.687239, 1830.461) speed=0.027942128479480743 heading_rad=0.7283607721328735 bearing_rad=0.9672772288322449 route_next=Some(71) gate=Vec3(2026.7817, 24.66279, 1734.4355) aim=Vec3(2026.7817, 24.66279, 1734.4355)
2026-10-04T01:11:02.276824Z  INFO mm2_app::scripted: scripted player started a bounded escape after sustained low-speed throttle tick=110558 escapes=104 position=Vec3(2012.1417, 22.62054, 1832.7969) speed=0.02003469504415989 heading_rad=-0.11880242079496384 bearing_rad=0.02895200438797474 route_next=Some(71) gate=Vec3(2026.7817, 24.66279, 1734.4355) aim=Vec3(2026.7817, 24.66279, 1734.4355)
2026-10-04T01:11:03.634141Z  INFO mm2_app::scripted: scripted player started a bounded escape after sustained low-speed throttle tick=111312 escapes=105 position=Vec3(2005.7539, 22.669249, 1831.2621) speed=0.020363785326480865 heading_rad=-0.371021568775177 bearing_rad=-0.1571720987558365 route_next=Some(71) gate=Vec3(2026.7817, 24.66279, 1734.4355) aim=Vec3(2026.7817, 24.66279, 1734.4355)
2026-10-04T01:11:03.682092Z  INFO mm2_app::scripted: scripted player re-anchored onto its route after a bounded stuck tick=111340 reanchors=13 position=Vec3(2005.6405, 22.66108, 1831.43) speed=-1.476609230041504 heading_rad=-0.3301798403263092 route_next=74 gate=Vec3(2026.7817, 24.66279, 1734.4355) landing=Vec3(1969.4417, 23.351376, 1829.2899)
2026-10-04T01:11:04.936601Z  INFO mm2_app::scripted: scripted player started a bounded escape after sustained low-speed throttle tick=112066 escapes=106 position=Vec3(1995.356, 22.770964, 1828.5331) speed=0.08615366369485855 heading_rad=-1.1856566667556763 bearing_rad=-0.863332986831665 route_next=Some(74) gate=Vec3(2026.7817, 24.66279, 1734.4355) aim=Vec3(2026.7817, 24.66279, 1734.4355)
2026-10-04T01:11:06.340415Z  INFO mm2_app::scripted: scripted player started a bounded escape after sustained low-speed throttle tick=112896 escapes=107 position=Vec3(1982.3276, 22.903982, 1825.4713) speed=-0.01589871756732464 heading_rad=0.6318923234939575 bearing_rad=1.0861480236053467 route_next=Some(74) gate=Vec3(2026.7817, 24.66279, 1734.4355) aim=Vec3(2026.7817, 24.66279, 1734.4355)
2026-10-04T01:11:07.640572Z  INFO mm2_app::scripted: scripted player started a bounded escape after sustained low-speed throttle tick=113622 escapes=108 position=Vec3(1992.8809, 22.79961, 1828.2305) speed=-0.011191705241799355 heading_rad=-0.5617285370826721 bearing_rad=-0.2149021476507187 route_next=Some(74) gate=Vec3(2026.7817, 24.66279, 1734.4355) aim=Vec3(2026.7817, 24.66279, 1734.4355)
2026-10-04T01:11:08.922296Z  INFO mm2_app::scripted: scripted player started a bounded escape after sustained low-speed throttle tick=114394 escapes=109 position=Vec3(2001.6, 22.711786, 1830.2833) speed=0.04263826832175255 heading_rad=-0.42336466908454895 bearing_rad=-0.1664443165063858 route_next=Some(74) gate=Vec3(2026.7817, 24.66279, 1734.4355) aim=Vec3(2026.7817, 24.66279, 1734.4355)
2026-10-04T01:11:10.094358Z  INFO mm2_app::scripted: scripted player started a bounded escape after sustained low-speed throttle tick=115122 escapes=110 position=Vec3(1996.1461, 22.76754, 1828.9417) speed=0.01039164699614048 heading_rad=-0.3795219361782074 bearing_rad=-0.06604500114917755 route_next=Some(74) gate=Vec3(2026.7817, 24.66279, 1734.4355) aim=Vec3(2026.7817, 24.66279, 1734.4355)
2026-10-04T01:11:11.260088Z  INFO mm2_app::scripted: scripted player started a bounded escape after sustained low-speed throttle tick=115846 escapes=111 position=Vec3(1999.1437, 22.736395, 1829.6885) speed=0.038926124572753906 heading_rad=-0.05289846286177635 bearing_rad=0.22950144112110138 route_next=Some(74) gate=Vec3(2026.7817, 24.66279, 1734.4355) aim=Vec3(2026.7817, 24.66279, 1734.4355)
2026-10-04T01:11:12.457010Z  INFO mm2_app::scripted: scripted player started a bounded escape after sustained low-speed throttle tick=116602 escapes=112 position=Vec3(1991.6925, 22.812166, 1827.7903) speed=0.015608102083206177 heading_rad=-0.2527414858341217 bearing_rad=0.10679162293672562 route_next=Some(74) gate=Vec3(2026.7817, 24.66279, 1734.4355) aim=Vec3(2026.7817, 24.66279, 1734.4355)
2026-10-04T01:11:13.708784Z  INFO mm2_app::scripted: scripted player started a bounded escape after sustained low-speed throttle tick=117374 escapes=113 position=Vec3(1999.7908, 22.728497, 1829.818) speed=0.02966795302927494 heading_rad=-0.10489056259393692 bearing_rad=0.17087587714195251 route_next=Some(74) gate=Vec3(2026.7817, 24.66279, 1734.4355) aim=Vec3(2026.7817, 24.66279, 1734.4355)
2026-10-04T01:11:14.966252Z  INFO mm2_app::scripted: scripted player started a bounded escape after sustained low-speed throttle tick=118146 escapes=114 position=Vec3(1991.0198, 22.81931, 1827.681) speed=0.010912860743701458 heading_rad=-0.32202082872390747 bearing_rad=0.04420267790555954 route_next=Some(74) gate=Vec3(2026.7817, 24.66279, 1734.4355) aim=Vec3(2026.7817, 24.66279, 1734.4355)
2026-10-04T01:11:16.216988Z  INFO mm2_app::scripted: scripted player started a bounded escape after sustained low-speed throttle tick=118912 escapes=115 position=Vec3(1999.5936, 22.731838, 1829.6942) speed=-0.0228329598903656 heading_rad=-0.21375690400600433 bearing_rad=0.06426467001438141 route_next=Some(74) gate=Vec3(2026.7817, 24.66279, 1734.4355) aim=Vec3(2026.7817, 24.66279, 1734.4355)
2026-10-04T01:11:17.435675Z  INFO mm2_app::scripted: scripted player started a bounded escape after sustained low-speed throttle tick=119668 escapes=116 position=Vec3(1992.6826, 22.80176, 1828.1293) speed=-0.015031013637781143 heading_rad=-0.40604695677757263 bearing_rad=-0.057005688548088074 route_next=Some(74) gate=Vec3(2026.7817, 24.66279, 1734.4355) aim=Vec3(2026.7817, 24.66279, 1734.4355)
2026-10-04T01:11:18.603618Z  INFO mm2_app::scripted: scripted player started a bounded escape after sustained low-speed throttle tick=120392 escapes=117 position=Vec3(1995.6232, 22.773504, 1828.839) speed=0.027316927909851074 heading_rad=-0.0466206893324852 bearing_rad=0.2721787393093109 route_next=Some(74) gate=Vec3(2026.7817, 24.66279, 1734.4355) aim=Vec3(2026.7817, 24.66279, 1734.4355)
2026-10-04T01:11:19.803024Z  INFO mm2_app::scripted: scripted player started a bounded escape after sustained low-speed throttle tick=121126 escapes=118 position=Vec3(1989.4175, 22.833658, 1827.28) speed=0.0026287916116416454 heading_rad=-0.2948358952999115 bearing_rad=0.0877714455127716 route_next=Some(74) gate=Vec3(2026.7817, 24.66279, 1734.4355) aim=Vec3(2026.7817, 24.66279, 1734.4355)
2026-10-04T01:11:20.020448Z  INFO mm2_app::scripted: scripted player re-anchored onto its route after a bounded stuck tick=121260 reanchors=14 position=Vec3(1988.8027, 22.812119, 1831.712) speed=-7.4083709716796875 heading_rad=-0.03637897968292236 route_next=76 gate=Vec3(2026.7817, 24.66279, 1734.4355) landing=Vec3(1979.3096, 23.255037, 1831.5354)
2026-10-04T01:11:21.424916Z  INFO mm2_app::scripted: scripted player started a bounded escape after sustained low-speed throttle tick=122146 escapes=119 position=Vec3(2011.3961, 22.630798, 1831.5288) speed=0.03477181866765022 heading_rad=-1.7574318647384644 bearing_rad=-1.6002763509750366 route_next=Some(76) gate=Vec3(2026.7817, 24.66279, 1734.4355) aim=Vec3(2026.7817, 24.66279, 1734.4355)
2026-10-04T01:11:22.121419Z  INFO mm2_app::scripted: scripted player started a bounded escape after sustained low-speed throttle tick=122560 escapes=120 position=Vec3(2010.8695, 22.639194, 1831.4153) speed=0.0040611159056425095 heading_rad=-1.748711347579956 bearing_rad=-1.5860824584960938 route_next=Some(76) gate=Vec3(2026.7817, 24.66279, 1734.4355) aim=Vec3(2026.7817, 24.66279, 1734.4355)
2026-10-04T01:11:23.106414Z  INFO mm2_app::scripted: scripted player started a bounded escape after sustained low-speed throttle tick=123178 escapes=121 position=Vec3(2017.8806, 22.565943, 1833.145) speed=-0.010575979016721249 heading_rad=-1.703497052192688 bearing_rad=-1.6135653257369995 route_next=Some(76) gate=Vec3(2026.7817, 24.66279, 1734.4355) aim=Vec3(2026.7817, 24.66279, 1734.4355)
2026-10-04T01:11:23.756610Z  INFO mm2_app::scripted: scripted player started a bounded escape after sustained low-speed throttle tick=123592 escapes=122 position=Vec3(2017.1466, 22.578888, 1833.0313) speed=0.051570046693086624 heading_rad=-1.6715744733810425 bearing_rad=-1.574160099029541 route_next=Some(76) gate=Vec3(2026.7817, 24.66279, 1734.4355) aim=Vec3(2026.7817, 24.66279, 1734.4355)
2026-10-04T01:11:24.090889Z  INFO mm2_app::scripted: scripted player re-anchored onto its route after a bounded stuck tick=123776 reanchors=15 position=Vec3(2016.2002, 22.579794, 1832.9613) speed=1.1820117235183716 heading_rad=-1.6917939186096191 route_next=79 gate=Vec3(2026.7817, 24.66279, 1734.4355) landing=Vec3(1992.3885, 23.123835, 1834.5117)
2026-10-04T01:11:25.349880Z  INFO mm2_app::scripted: scripted player started a bounded escape after sustained low-speed throttle tick=124532 escapes=123 position=Vec3(2020.0961, 22.538828, 1833.8516) speed=0.06865200400352478 heading_rad=-1.604401707649231 bearing_rad=-1.5372533798217773 route_next=Some(79) gate=Vec3(2026.7817, 24.66279, 1734.4355) aim=Vec3(2026.7817, 24.66279, 1734.4355)
2026-10-04T01:11:26.100986Z  INFO mm2_app::scripted: scripted player started a bounded escape after sustained low-speed throttle tick=124946 escapes=124 position=Vec3(2020.3079, 22.536314, 1833.8528) speed=0.11649470776319504 heading_rad=-1.6338666677474976 bearing_rad=-1.5688402652740479 route_next=Some(79) gate=Vec3(2026.7817, 24.66279, 1734.4355) aim=Vec3(2026.7817, 24.66279, 1734.4355)
2026-10-04T01:11:27.055398Z  INFO mm2_app::scripted: scripted player started a bounded escape after sustained low-speed throttle tick=125490 escapes=125 position=Vec3(2025.0522, 22.460722, 1835.065) speed=-0.007533550728112459 heading_rad=-1.621889591217041 bearing_rad=-1.60470449924469 route_next=Some(79) gate=Vec3(2026.7817, 24.66279, 1734.4355) aim=Vec3(2026.7817, 24.66279, 1734.4355)
2026-10-04T01:11:27.771829Z  INFO mm2_app::scripted: scripted player started a bounded escape after sustained low-speed throttle tick=125904 escapes=126 position=Vec3(2023.0814, 22.483538, 1834.8788) speed=0.11039253324270248 heading_rad=-1.433078408241272 bearing_rad=-1.3962551355361938 route_next=Some(79) gate=Vec3(2026.7817, 24.66279, 1734.4355) aim=Vec3(2026.7817, 24.66279, 1734.4355)
smoke=headless-physics world=city/stockholm.psdl status=pass updates=63241 ticks=126122 driver=scripted diff=amateur phase=playing impacts=302 dropped=0 peak=12.1m/s travel=5816.2m sim=1051.02s resets=15 controls=94636t/31318b/80420s finite=true moved=101m wheels=4/4 final=(2020,22.5,1835) race=Running cp=11/12 results=3 lap=1/2 pos=4/4 opp=3/3 opp_rec=2 opp_drv=26060m/14.9mps/5.1ipk/3.1xpk opps=0:sthlm_racer/12c/2l/F/11e/734w/24d,1:sthlm_racer/12c/2l/F/57e/2r/900w/24d,2:sthlm_racer/12c/2l/F/10e/864w/24d p_rec=15r/126e env=lt04(noon) fog=none sky=none wtr=0.2/1698r map=inset/north/z1200/hudmap_stockholm.pkg/1t/16m dash=absent:missing-spec+pkg trk=sized ind=on/3m/3b tmr=22g/17:31:01 arr=hudarrow01/off sta=10g/p4of4/l1of2/c11of12 bng=3238d/0a/4s/0b bng_ev=4a/4s/0b wfx=0r/0e/0x+8f+ut aud=0h/0v/0s/0l/0a/0r+16x
