{
  "mode": "green",
  "reports": [
    {
      "name": "Lilla V\u00e4sterbron",
      "source_ways": [
        30687722,
        100905137,
        1338916516,
        1338916517
      ],
      "rule": "shared component upper longitudinal datum; true span anchors retained",
      "max_raise_m": 1.554286,
      "source_junction_lifts": []
    }
  ],
  "native": [
    {
      "body": [
        -1298.4471,
        19.51138,
        -153.23096
      ],
      "faces": 4,
      "min_normal_y": 0.9969152069728278
    },
    {
      "body": [
        -1315.6173,
        15.837227,
        -112.7724
      ],
      "faces": 4,
      "min_normal_y": 0.9969222104414595
    },
    {
      "body": [
        -1314.1775,
        15.725,
        -111.57
      ],
      "faces": 3,
      "min_normal_y": 0.9969222104414595
    },
    {
      "body": [
        -1319.067,
        14.7341,
        -101.2665
      ],
      "faces": 9,
      "min_normal_y": 0.9889448635246142
    }
  ]
}
