mm2-smoke commit=1a822c1cc472f6c04a25a6832e346b162bbb0ff5
2026-10-04T06:29:01.629921Z  WARN mm2: wheel part whl0 geometry authored in place; recentring onto origin car=Some("sthlm_racer")
2026-10-04T06:29:01.629949Z  WARN mm2: wheel part whl1 geometry authored in place; recentring onto origin car=Some("sthlm_racer")
2026-10-04T06:29:01.629954Z  WARN mm2: wheel part whl2 geometry authored in place; recentring onto origin car=Some("sthlm_racer")
2026-10-04T06:29:01.629957Z  WARN mm2: wheel part whl3 geometry authored in place; recentring onto origin car=Some("sthlm_racer")
2026-10-04T06:29:02.293463Z  WARN mm2_app::city: water refs resolved no rooms; deadly water off path=city/stockholm.parts/part_-3_0.water skipped=0
2026-10-04T06:29:02.645532Z  WARN mm2_app::city: water refs resolved no rooms; deadly water off path=city/stockholm.parts/part_-2_2.water skipped=0
2026-10-04T06:29:02.649073Z  WARN mm2_app::city: water refs resolved no rooms; deadly water off path=city/stockholm.parts/part_-2_3.water skipped=0
2026-10-04T06:29:02.802401Z  WARN mm2_app::city: water refs resolved no rooms; deadly water off path=city/stockholm.parts/part_-1_0.water skipped=0
2026-10-04T06:29:02.941049Z  WARN mm2_app::city: water refs resolved no rooms; deadly water off path=city/stockholm.parts/part_-1_2.water skipped=0
2026-10-04T06:29:02.989598Z  WARN mm2_app::city: water refs resolved no rooms; deadly water off path=city/stockholm.parts/part_-1_3.water skipped=0
2026-10-04T06:29:03.109348Z  WARN mm2_app::city: water refs resolved no rooms; deadly water off path=city/stockholm.parts/part_0_-2.water skipped=0
2026-10-04T06:29:03.370805Z  WARN mm2_app::city: water refs resolved no rooms; deadly water off path=city/stockholm.parts/part_0_2.water skipped=0
2026-10-04T06:29:03.429513Z  WARN mm2_app::city: water refs resolved no rooms; deadly water off path=city/stockholm.parts/part_0_3.water skipped=0
2026-10-04T06:29:03.523224Z  WARN mm2_app::city: water refs resolved no rooms; deadly water off path=city/stockholm.parts/part_1_-3.water skipped=0
2026-10-04T06:29:03.617435Z  WARN mm2_app::city: water refs resolved no rooms; deadly water off path=city/stockholm.parts/part_1_-2.water skipped=0
2026-10-04T06:29:03.687250Z  WARN mm2_app::city: water refs resolved no rooms; deadly water off path=city/stockholm.parts/part_1_-1.water skipped=0
2026-10-04T06:29:03.914268Z  WARN mm2_app::city: water refs resolved no rooms; deadly water off path=city/stockholm.parts/part_1_1.water skipped=0
2026-10-04T06:29:03.995097Z  WARN mm2_app::city: water refs resolved no rooms; deadly water off path=city/stockholm.parts/part_1_2.water skipped=0
2026-10-04T06:29:04.054839Z  WARN mm2_app::city: water refs resolved no rooms; deadly water off path=city/stockholm.parts/part_1_3.water skipped=0
2026-10-04T06:29:04.184208Z  WARN mm2_app::city: water refs resolved no rooms; deadly water off path=city/stockholm.parts/part_2_-3.water skipped=0
2026-10-04T06:29:04.325507Z  WARN mm2_app::city: water refs resolved no rooms; deadly water off path=city/stockholm.parts/part_2_-1.water skipped=0
2026-10-04T06:29:04.451066Z  WARN mm2_app::city: water refs resolved no rooms; deadly water off path=city/stockholm.parts/part_2_1.water skipped=0
2026-10-04T06:29:04.507876Z  WARN mm2_app::city: water refs resolved no rooms; deadly water off path=city/stockholm.parts/part_2_2.water skipped=0
2026-10-04T06:29:04.531204Z  WARN mm2_app::city: water refs resolved no rooms; deadly water off path=city/stockholm.parts/part_2_3.water skipped=0
2026-10-04T06:29:04.843374Z  WARN mm2_app::city: water refs resolved no rooms; deadly water off path=city/stockholm.parts/part_3_1.water skipped=0
2026-10-04T06:29:04.898023Z  WARN mm2_app::city: water refs resolved no rooms; deadly water off path=city/stockholm.parts/part_3_2.water skipped=0
2026-10-04T06:29:04.944418Z  WARN mm2_app::city: water refs resolved no rooms; deadly water off path=city/stockholm.parts/part_3_3.water skipped=0
2026-10-04T06:29:05.140153Z  WARN mm2_app::city: water refs resolved no rooms; deadly water off path=city/stockholm.parts/part_4_1.water skipped=0
2026-10-04T06:29:05.181272Z  WARN mm2_app::city: water refs resolved no rooms; deadly water off path=city/stockholm.parts/part_4_2.water skipped=0
2026-10-04T06:29:05.510622Z  WARN mm2_app::city: water refs resolved no rooms; deadly water off path=city/stockholm.parts/part_6_1.water skipped=0
2026-10-04T06:29:05.778768Z  WARN mm2_app::object_sound: object sound table unreadable path=aud/ambient/ferry.csv error=asset not found: aud/ambient/ferry.csv
2026-10-04T06:29:05.778798Z  WARN mm2_app::object_sound: object sound table unreadable path=aud/ambient/subwaycar.csv error=asset not found: aud/ambient/subwaycar.csv
2026-10-04T06:29:05.778845Z  WARN mm2_app::environment: lighting preset validation issue path=city/stockholm.lt04 issue=OffGridName("noon")
2026-10-04T06:29:05.778852Z  WARN mm2_app::environment: fog table unavailable path=city/stockholm_fog.csv error=asset not found: city/stockholm_fog.csv
2026-10-04T06:29:05.778855Z  WARN mm2_app::environment: sky definition unavailable path=city/stockholm.sky error=asset not found: city/stockholm.sky
2026-10-04T06:29:05.799164Z  WARN mm2_app::damage_fx: smoke atlas unresolved — untextured puffs texture="fxpt2"
2026-10-04T06:29:05.799190Z  WARN mm2_app::spark_fx: spark texture unresolved — untextured streaks texture="spark"
2026-10-04T06:29:05.799197Z  WARN mm2_app::wheel_fx: wheel effect unavailable rule="dirt" path=tune/effects/dirt.asbirthrule
2026-10-04T06:29:05.799201Z  WARN mm2_app::wheel_fx: wheel effect unavailable rule="dust" path=tune/effects/dust.asbirthrule
2026-10-04T06:29:05.799203Z  WARN mm2_app::wheel_fx: wheel effect unavailable rule="grass" path=tune/effects/grass.asbirthrule
2026-10-04T06:29:05.799206Z  WARN mm2_app::wheel_fx: wheel effect unavailable rule="leaf" path=tune/effects/leaf.asbirthrule
2026-10-04T06:29:05.799209Z  WARN mm2_app::wheel_fx: wheel effect unavailable rule="smoke" path=tune/effects/smoke.asbirthrule
2026-10-04T06:29:05.799212Z  WARN mm2_app::wheel_fx: wheel effect unavailable rule="snow" path=tune/effects/snow.asbirthrule
2026-10-04T06:29:05.799215Z  WARN mm2_app::wheel_fx: wheel effect unavailable rule="splash" path=tune/effects/splash.asbirthrule
2026-10-04T06:29:05.799218Z  WARN mm2_app::wheel_fx: wheel effect unavailable rule="rock" path=tune/effects/rock.asbirthrule
2026-10-04T06:29:05.799221Z  WARN mm2_app::wheel_fx: wheel atlas unresolved — untextured puffs texture="ptx_wheel"
2026-10-04T06:29:05.799473Z  WARN mm2_app::audio: audio: aud/cardata/player/default_impacts.csv: asset not found: aud/cardata/player/default_impacts.csv
2026-10-04T06:29:05.799481Z  WARN mm2_app::audio: audio: aud/cardata/player/default_surfacedry.csv: asset not found: aud/cardata/player/default_surfacedry.csv
2026-10-04T06:29:05.799487Z  WARN mm2_app::audio: audio: aud/cardata/player/stockholmpolicesiren.csv: asset not found: aud/cardata/player/stockholmpolicesiren.csv
2026-10-04T06:29:05.799489Z  WARN mm2_app::audio: audio: aud/cardata/opponent/policesiren.csv: asset not found: aud/cardata/opponent/policesiren.csv
2026-10-04T06:29:05.800395Z  WARN mm2_app::session: nav graph failed to load — opponent routes stay verbatim error=city/stockholm.bai: not found in the VFS
2026-10-04T06:29:06.258454Z  WARN mm2_app::race_audio: audio: race cue startracelow: no wave matches stem "startracelow"
2026-10-04T06:29:06.258513Z  WARN mm2_app::audio: audio: aud/spchdata/stockholm.csv: asset not found: aud/spchdata/stockholm.csv
2026-10-04T06:29:06.622688Z  WARN mm2_app::race_audio: audio: race cue startracelow: no wave matches stem "startracelow"
2026-10-04T06:29:06.883186Z  WARN mm2_app::race_audio: audio: race cue startracelow: no wave matches stem "startracelow"
2026-10-04T06:29:07.148694Z  WARN mm2_app::race_audio: audio: race cue startracehigh: no wave matches stem "startracehigh"
2026-10-04T06:29:31.504618Z  INFO mm2_app::scripted: scripted player started a bounded escape after sustained low-speed throttle tick=8156 escapes=1 position=Vec3(630.69824, 25.841328, 1809.9006) speed=0.04280907288193703 heading_rad=-1.3837153911590576 bearing_rad=1.2754989862442017 route_next=Some(337) gate=Vec3(225.863, 2.46011, 773.00256) aim=Vec3(636.71106, 26.00943, 1821.3834)
2026-10-04T06:29:35.580792Z  WARN mm2_app::race_audio: audio: race cue waypoint: no wave matches stem "waypoint"
2026-10-04T06:29:41.134066Z  INFO mm2_app::scripted: scripted player started a bounded escape after sustained low-speed throttle tick=11140 escapes=2 position=Vec3(785.64276, 25.873123, 1825.4977) speed=-0.006091832183301449 heading_rad=-1.0953803062438965 bearing_rad=0.1421097218990326 route_next=Some(407) gate=Vec3(225.863, 2.46011, 773.00256) aim=Vec3(797.04016, 25.81802, 1821.5516)
2026-10-04T06:29:43.711570Z  INFO mm2_app::scripted: scripted player started a bounded escape after sustained low-speed throttle tick=11960 escapes=3 position=Vec3(785.16254, 25.863855, 1822.9696) speed=0.017837226390838623 heading_rad=-1.3512041568756104 bearing_rad=0.0996861383318901 route_next=Some(407) gate=Vec3(225.863, 2.46011, 773.00256) aim=Vec3(797.15234, 25.81802, 1821.525)
2026-10-04T06:29:45.785078Z  INFO mm2_app::scripted: scripted player started a bounded escape after sustained low-speed throttle tick=12620 escapes=4 position=Vec3(785.5036, 25.870363, 1824.6554) speed=0.029464267194271088 heading_rad=-1.4443385601043701 bearing_rad=-0.1362110674381256 route_next=Some(407) gate=Vec3(225.863, 2.46011, 773.00256) aim=Vec3(797.0972, 25.81802, 1821.5381)
2026-10-04T06:29:47.232399Z  INFO mm2_app::scripted: scripted player started a bounded escape after sustained low-speed throttle tick=13082 escapes=5 position=Vec3(785.7892, 25.87245, 1826.1898) speed=-0.0041261049918830395 heading_rad=-1.8536373376846313 bearing_rad=-0.6740840077400208 route_next=Some(407) gate=Vec3(225.863, 2.46011, 773.00256) aim=Vec3(797.02356, 25.81802, 1821.5555)
2026-10-04T06:29:49.434595Z  INFO mm2_app::scripted: scripted player started a bounded escape after sustained low-speed throttle tick=13780 escapes=6 position=Vec3(785.67883, 25.871239, 1825.4515) speed=0.023290112614631653 heading_rad=-1.4722410440444946 bearing_rad=-0.2317289412021637 route_next=Some(407) gate=Vec3(225.863, 2.46011, 773.00256) aim=Vec3(797.08466, 25.81802, 1821.5411)
2026-10-04T06:29:51.324239Z  INFO mm2_app::scripted: scripted player started a bounded escape after sustained low-speed throttle tick=14384 escapes=7 position=Vec3(779.8432, 25.896235, 1823.4851) speed=0.7101338505744934 heading_rad=-1.245395302772522 bearing_rad=0.23905082046985626 route_next=Some(407) gate=Vec3(225.863, 2.46011, 773.00256) aim=Vec3(794.0801, 25.83708, 1822.2527)
2026-10-04T06:29:53.832371Z  INFO mm2_app::scripted: scripted player started a bounded escape after sustained low-speed throttle tick=15186 escapes=8 position=Vec3(786.0455, 25.873356, 1827.1278) speed=-0.005495944991707802 heading_rad=-1.548222303390503 bearing_rad=-0.44647806882858276 route_next=Some(407) gate=Vec3(225.863, 2.46011, 773.00256) aim=Vec3(797.05597, 25.81802, 1821.548)
2026-10-04T06:29:55.945410Z  INFO mm2_app::scripted: scripted player started a bounded escape after sustained low-speed throttle tick=15856 escapes=9 position=Vec3(785.29944, 25.8705, 1823.7721) speed=0.0565420463681221 heading_rad=-1.4314428567886353 bearing_rad=-0.04780418053269386 route_next=Some(407) gate=Vec3(225.863, 2.46011, 773.00256) aim=Vec3(797.10205, 25.81802, 1821.537)
2026-10-04T06:29:58.633645Z  INFO mm2_app::scripted: scripted player started a bounded escape after sustained low-speed throttle tick=16678 escapes=10 position=Vec3(784.48425, 25.87105, 1820.5596) speed=-0.000646559230517596 heading_rad=-1.5009268522262573 bearing_rad=0.14845959842205048 route_next=Some(407) gate=Vec3(225.863, 2.46011, 773.00256) aim=Vec3(797.05054, 25.81802, 1821.5492)
2026-10-04T06:30:00.537998Z  INFO mm2_app::scripted: scripted player started a bounded escape after sustained low-speed throttle tick=17268 escapes=11 position=Vec3(784.66406, 25.87182, 1820.9307) speed=0.03740759193897247 heading_rad=-1.364814281463623 bearing_rad=0.25387898087501526 route_next=Some(407) gate=Vec3(225.863, 2.46011, 773.00256) aim=Vec3(797.1376, 25.81802, 1821.5286)
2026-10-04T06:30:02.843501Z  INFO mm2_app::scripted: scripted player started a bounded escape after sustained low-speed throttle tick=17988 escapes=12 position=Vec3(785.2984, 25.871939, 1823.98) speed=-0.003050818108022213 heading_rad=-1.1465296745300293 bearing_rad=0.22029127180576324 route_next=Some(407) gate=Vec3(225.863, 2.46011, 773.00256) aim=Vec3(797.05444, 25.81802, 1821.5482)
2026-10-04T06:30:03.748515Z  INFO mm2_app::scripted: scripted player re-anchored onto its route after a bounded stuck tick=18274 reanchors=1 position=Vec3(775.7256, 25.912485, 1824.4983) speed=-1.1614394187927246 heading_rad=-0.9242071509361267 route_next=403 gate=Vec3(225.863, 2.46011, 773.00256) landing=Vec3(766.8338, 26.317022, 1828.7057)
2026-10-04T06:30:05.424008Z  INFO mm2_app::scripted: scripted player started a bounded escape after sustained low-speed throttle tick=18802 escapes=13 position=Vec3(785.1381, 25.870491, 1823.2283) speed=0.03643759340047836 heading_rad=-1.4805021286010742 bearing_rad=-0.04989676922559738 route_next=Some(407) gate=Vec3(225.863, 2.46011, 773.00256) aim=Vec3(797.0712, 25.81802, 1821.5443)
2026-10-04T06:30:07.647739Z  INFO mm2_app::scripted: scripted player started a bounded escape after sustained low-speed throttle tick=19508 escapes=14 position=Vec3(785.69104, 25.871202, 1825.7853) speed=0.027975331991910934 heading_rad=-1.0271989107131958 bearing_rad=0.18635717034339905 route_next=Some(407) gate=Vec3(225.863, 2.46011, 773.00256) aim=Vec3(797.0214, 25.81802, 1821.5562)
2026-10-04T06:30:09.355734Z  INFO mm2_app::scripted: scripted player started a bounded escape after sustained low-speed throttle tick=20050 escapes=15 position=Vec3(785.9514, 25.870213, 1826.1987) speed=0.020923150703310966 heading_rad=-1.3275089263916016 bearing_rad=-0.15169447660446167 route_next=Some(407) gate=Vec3(225.863, 2.46011, 773.00256) aim=Vec3(797.1752, 25.81802, 1821.5197)
2026-10-04T06:30:10.471962Z  INFO mm2_app::scripted: scripted player re-anchored onto its route after a bounded stuck tick=20386 reanchors=2 position=Vec3(785.6619, 25.86613, 1825.6594) speed=-0.015139679424464703 heading_rad=-1.045868158340454 route_next=403 gate=Vec3(225.863, 2.46011, 773.00256) landing=Vec3(765.8834, 26.32279, 1828.9307)
2026-10-04T06:30:13.094073Z  INFO mm2_app::scripted: scripted player started a bounded escape after sustained low-speed throttle tick=21150 escapes=16 position=Vec3(785.069, 25.872217, 1823.1716) speed=0.0017287670634686947 heading_rad=-1.0551807880401611 bearing_rad=0.3812878429889679 route_next=Some(407) gate=Vec3(225.863, 2.46011, 773.00256) aim=Vec3(797.01843, 25.81802, 1821.5568)
2026-10-04T06:30:15.017959Z  INFO mm2_app::scripted: scripted player started a bounded escape after sustained low-speed throttle tick=21730 escapes=17 position=Vec3(785.08, 25.869854, 1822.8192) speed=0.020798660814762115 heading_rad=-1.4158973693847656 bearing_rad=0.04858633503317833 route_next=Some(407) gate=Vec3(225.863, 2.46011, 773.00256) aim=Vec3(797.10803, 25.81802, 1821.5356)
2026-10-04T06:30:16.599369Z  INFO mm2_app::scripted: scripted player started a bounded escape after sustained low-speed throttle tick=22234 escapes=18 position=Vec3(785.29535, 25.871931, 1824.1359) speed=0.027263157069683075 heading_rad=-1.6357859373092651 bearing_rad=-0.2815348505973816 route_next=Some(407) gate=Vec3(225.863, 2.46011, 773.00256) aim=Vec3(797.0166, 25.81802, 1821.5573)
2026-10-04T06:30:18.158642Z  INFO mm2_app::scripted: scripted player re-anchored onto its route after a bounded stuck tick=22722 reanchors=3 position=Vec3(778.93353, 25.900059, 1827.635) speed=-0.13592463731765747 heading_rad=-1.6931533813476563 route_next=401 gate=Vec3(225.863, 2.46011, 773.00256) landing=Vec3(759.069, 26.373444, 1830.63)
2026-10-04T06:30:20.247787Z  INFO mm2_app::scripted: scripted player started a bounded escape after sustained low-speed throttle tick=23334 escapes=19 position=Vec3(784.9853, 25.87116, 1822.6563) speed=-0.0026688463985919952 heading_rad=-1.1590579748153687 bearing_rad=0.32019078731536865 route_next=Some(407) gate=Vec3(225.863, 2.46011, 773.00256) aim=Vec3(797.0548, 25.81802, 1821.5482)
2026-10-04T06:30:22.616448Z  INFO mm2_app::scripted: scripted player started a bounded escape after sustained low-speed throttle tick=24074 escapes=20 position=Vec3(785.93036, 25.881943, 1826.7275) speed=0.016793735325336456 heading_rad=-1.0779712200164795 bearing_rad=0.05678240582346916 route_next=Some(407) gate=Vec3(225.863, 2.46011, 773.00256) aim=Vec3(797.0367, 25.81802, 1821.5525)
2026-10-04T06:30:23.942855Z  INFO mm2_app::scripted: scripted player started a bounded escape after sustained low-speed throttle tick=24488 escapes=21 position=Vec3(786.0158, 25.883778, 1826.8064) speed=0.004612697288393974 heading_rad=-1.2177808284759521 bearing_rad=-0.09072721004486084 route_next=Some(407) gate=Vec3(225.863, 2.46011, 773.00256) aim=Vec3(797.09985, 25.81802, 1821.5375)
2026-10-04T06:30:25.251760Z  INFO mm2_app::scripted: scripted player started a bounded escape after sustained low-speed throttle tick=24902 escapes=22 position=Vec3(785.85266, 25.867073, 1826.4312) speed=-0.00587301654741168 heading_rad=-1.062053918838501 bearing_rad=0.09730350226163864 route_next=Some(407) gate=Vec3(225.863, 2.46011, 773.00256) aim=Vec3(797.02954, 25.81802, 1821.5542)
2026-10-04T06:30:25.258013Z  INFO mm2_app::scripted: scripted player re-anchored onto its route after a bounded stuck tick=24904 reanchors=4 position=Vec3(785.8528, 25.866999, 1826.4305) speed=0.004182611592113972 heading_rad=-1.0622237920761108 route_next=402 gate=Vec3(225.863, 2.46011, 773.00256) landing=Vec3(762.0071, 26.349958, 1829.8842)
2026-10-04T06:30:27.050674Z  INFO mm2_app::scripted: scripted player started a bounded escape after sustained low-speed throttle tick=25470 escapes=23 position=Vec3(781.55054, 25.882717, 1826.1104) speed=0.5590985417366028 heading_rad=-1.601637840270996 bearing_rad=-0.33545956015586853 route_next=Some(406) gate=Vec3(225.863, 2.46011, 773.00256) aim=Vec3(793.0279, 25.83708, 1822.5018)
2026-10-04T06:30:29.555528Z  INFO mm2_app::scripted: scripted player started a bounded escape after sustained low-speed throttle tick=26260 escapes=24 position=Vec3(786.543, 25.871252, 1828.762) speed=0.03245515003800392 heading_rad=-1.373029112815857 bearing_rad=-0.4006292223930359 route_next=Some(407) gate=Vec3(225.863, 2.46011, 773.00256) aim=Vec3(797.1606, 25.81802, 1821.5231)
2026-10-04T06:30:31.929418Z  INFO mm2_app::scripted: scripted player started a bounded escape after sustained low-speed throttle tick=27020 escapes=25 position=Vec3(785.12787, 25.873138, 1823.347) speed=-0.015736795961856842 heading_rad=-1.564698576927185 bearing_rad=-0.14346013963222504 route_next=Some(407) gate=Vec3(225.863, 2.46011, 773.00256) aim=Vec3(797.0349, 25.81802, 1821.5529)
2026-10-04T06:30:34.141725Z  INFO mm2_app::scripted: scripted player started a bounded escape after sustained low-speed throttle tick=27758 escapes=26 position=Vec3(785.97815, 25.870705, 1826.3232) speed=0.03178706020116806 heading_rad=-1.3232829570770264 bearing_rad=-0.1577843427658081 route_next=Some(407) gate=Vec3(225.863, 2.46011, 773.00256) aim=Vec3(797.17255, 25.81802, 1821.5203)
2026-10-04T06:30:36.226802Z  INFO mm2_app::scripted: scripted player started a bounded escape after sustained low-speed throttle tick=28460 escapes=27 position=Vec3(785.116, 25.872847, 1823.3995) speed=0.013281645253300667 heading_rad=-1.6454440355300903 bearing_rad=-0.22820448875427246 route_next=Some(407) gate=Vec3(225.863, 2.46011, 773.00256) aim=Vec3(797.0119, 25.81802, 1821.5583)
2026-10-04T06:30:36.663127Z  INFO mm2_app::scripted: scripted player re-anchored onto its route after a bounded stuck tick=28616 reanchors=5 position=Vec3(779.8133, 25.890257, 1824.6667) speed=-7.317859172821045 heading_rad=-1.1210312843322754 route_next=404 gate=Vec3(225.863, 2.46011, 773.00256) landing=Vec3(770.72614, 26.29399, 1827.7838)
2026-10-04T06:30:38.353671Z  INFO mm2_app::scripted: scripted player started a bounded escape after sustained low-speed throttle tick=29222 escapes=28 position=Vec3(785.28595, 25.861551, 1823.7426) speed=0.09237690269947052 heading_rad=-2.0588431358337402 bearing_rad=-0.6725552082061768 route_next=Some(407) gate=Vec3(225.863, 2.46011, 773.00256) aim=Vec3(797.0959, 25.81802, 1821.5385)
2026-10-04T06:30:39.610790Z  INFO mm2_app::scripted: scripted player started a bounded escape after sustained low-speed throttle tick=29674 escapes=29 position=Vec3(785.1058, 25.873825, 1823.3544) speed=0.003772578202188015 heading_rad=-1.850852370262146 bearing_rad=-0.42978036403656006 route_next=Some(407) gate=Vec3(225.863, 2.46011, 773.00256) aim=Vec3(797.0123, 25.81802, 1821.5582)
2026-10-04T06:30:41.389775Z  INFO mm2_app::scripted: scripted player started a bounded escape after sustained low-speed throttle tick=30304 escapes=30 position=Vec3(784.90607, 25.884958, 1822.5037) speed=0.005984642077237368 heading_rad=-1.05064058303833 bearing_rad=0.44219979643821716 route_next=Some(407) gate=Vec3(225.863, 2.46011, 773.00256) aim=Vec3(797.014, 25.81802, 1821.5579)
2026-10-04T06:30:42.312807Z  INFO mm2_app::scripted: scripted player re-anchored onto its route after a bounded stuck tick=30640 reanchors=6 position=Vec3(784.8835, 25.860126, 1822.3964) speed=0.02957877889275551 heading_rad=-1.0770742893218994 route_next=405 gate=Vec3(225.863, 2.46011, 773.00256) landing=Vec3(773.6627, 26.277124, 1827.0883)
2026-10-04T06:30:43.612947Z  INFO mm2_app::scripted: scripted player started a bounded escape after sustained low-speed throttle tick=31110 escapes=31 position=Vec3(785.1785, 25.873545, 1823.661) speed=-0.02984749712049961 heading_rad=-1.8441160917282104 bearing_rad=-0.4491754472255707 route_next=Some(407) gate=Vec3(225.863, 2.46011, 773.00256) aim=Vec3(797.01245, 25.81802, 1821.5582)
2026-10-04T06:30:45.676676Z  INFO mm2_app::scripted: scripted player started a bounded escape after sustained low-speed throttle tick=31826 escapes=32 position=Vec3(785.7402, 25.871172, 1825.7784) speed=0.03729821741580963 heading_rad=-1.1649370193481445 bearing_rad=0.0482262447476387 route_next=Some(407) gate=Vec3(225.863, 2.46011, 773.00256) aim=Vec3(797.0694, 25.81802, 1821.5447)
2026-10-04T06:30:47.609766Z  INFO mm2_app::scripted: scripted player started a bounded escape after sustained low-speed throttle tick=32466 escapes=33 position=Vec3(783.72656, 25.882504, 1823.8011) speed=-0.005419264547526836 heading_rad=-1.5598936080932617 bearing_rad=-0.14850589632987976 route_next=Some(407) gate=Vec3(225.863, 2.46011, 773.00256) aim=Vec3(795.60614, 25.83708, 1821.8912)
2026-10-04T06:30:48.158193Z  INFO mm2_app::scripted: scripted player re-anchored onto its route after a bounded stuck tick=32664 reanchors=7 position=Vec3(779.149, 25.894266, 1825.3145) speed=-3.0438573360443115 heading_rad=-1.396957516670227 route_next=402 gate=Vec3(225.863, 2.46011, 773.00256) landing=Vec3(762.946, 26.342611, 1829.6458)
2026-10-04T06:30:49.696284Z  INFO mm2_app::scripted: scripted player started a bounded escape after sustained low-speed throttle tick=33216 escapes=34 position=Vec3(784.38776, 25.865551, 1825.268) speed=0.17106378078460693 heading_rad=-1.7763683795928955 bearing_rad=-0.4964194893836975 route_next=Some(407) gate=Vec3(225.863, 2.46011, 773.00256) aim=Vec3(795.9033, 25.83708, 1821.8209)
2026-10-04T06:30:51.611878Z  INFO mm2_app::scripted: scripted player started a bounded escape after sustained low-speed throttle tick=33912 escapes=35 position=Vec3(785.3217, 25.871883, 1824.0737) speed=-0.002190249040722847 heading_rad=-1.5208054780960083 bearing_rad=-0.1620294600725174 route_next=Some(407) gate=Vec3(225.863, 2.46011, 773.00256) aim=Vec3(797.0555, 25.81802, 1821.548)
2026-10-04T06:30:53.583056Z  INFO mm2_app::scripted: scripted player started a bounded escape after sustained low-speed throttle tick=34632 escapes=36 position=Vec3(784.6946, 25.871483, 1821.4905) speed=-0.012929456308484077 heading_rad=-1.1392630338668823 bearing_rad=0.43647682666778564 route_next=Some(407) gate=Vec3(225.863, 2.46011, 773.00256) aim=Vec3(797.041, 25.81802, 1821.5515)
2026-10-04T06:30:53.982109Z  INFO mm2_app::scripted: scripted player re-anchored onto its route after a bounded stuck tick=34776 reanchors=8 position=Vec3(779.41486, 25.891817, 1823.5988) speed=-7.76324987411499 heading_rad=-1.164440393447876 route_next=403 gate=Vec3(225.863, 2.46011, 773.00256) landing=Vec3(766.8338, 26.317022, 1828.7057)
2026-10-04T06:30:55.654237Z  INFO mm2_app::scripted: scripted player started a bounded escape after sustained low-speed throttle tick=35388 escapes=37 position=Vec3(785.4574, 25.872866, 1824.6809) speed=0.0018249559216201305 heading_rad=-1.1235798597335815 bearing_rad=0.18336814641952515 route_next=Some(407) gate=Vec3(225.863, 2.46011, 773.00256) aim=Vec3(797.0478, 25.81802, 1821.5498)
2026-10-04T06:30:57.733384Z  INFO mm2_app::scripted: scripted player started a bounded escape after sustained low-speed throttle tick=36104 escapes=38 position=Vec3(785.33203, 25.87185, 1824.1094) speed=0.015253691002726555 heading_rad=-1.5172117948532104 bearing_rad=-0.1615188717842102 route_next=Some(407) gate=Vec3(225.863, 2.46011, 773.00256) aim=Vec3(797.05725, 25.81802, 1821.5476)
2026-10-04T06:30:59.709401Z  INFO mm2_app::scripted: scripted player started a bounded escape after sustained low-speed throttle tick=36826 escapes=39 position=Vec3(785.2105, 25.869865, 1823.0994) speed=-0.009194830432534218 heading_rad=-1.3344374895095825 bearing_rad=0.1051468551158905 route_next=Some(407) gate=Vec3(225.863, 2.46011, 773.00256) aim=Vec3(797.1687, 25.81802, 1821.5212)
2026-10-04T06:30:59.878440Z  INFO mm2_app::scripted: scripted player re-anchored onto its route after a bounded stuck tick=36888 reanchors=9 position=Vec3(784.8419, 25.858345, 1823.0975) speed=-1.1820435523986816 heading_rad=-1.2740756273269653 route_next=405 gate=Vec3(225.863, 2.46011, 773.00256) landing=Vec3(773.4661, 26.278206, 1827.1349)
2026-10-04T06:31:01.125479Z  INFO mm2_app::scripted: scripted player started a bounded escape after sustained low-speed throttle tick=37342 escapes=40 position=Vec3(785.20636, 25.885824, 1823.8123) speed=0.0022002793848514557 heading_rad=-1.700094223022461 bearing_rad=-0.3179158866405487 route_next=Some(407) gate=Vec3(225.863, 2.46011, 773.00256) aim=Vec3(797.00494, 25.81802, 1821.56)
2026-10-04T06:31:02.464826Z  INFO mm2_app::scripted: scripted player started a bounded escape after sustained low-speed throttle tick=37832 escapes=41 position=Vec3(784.9242, 25.872736, 1822.4932) speed=0.019730117172002792 heading_rad=-1.111070156097412 bearing_rad=0.38226017355918884 route_next=Some(407) gate=Vec3(225.863, 2.46011, 773.00256) aim=Vec3(797.0335, 25.81802, 1821.5532)
2026-10-04T06:31:04.410072Z  INFO mm2_app::scripted: scripted player started a bounded escape after sustained low-speed throttle tick=38540 escapes=42 position=Vec3(784.5746, 25.871235, 1820.9126) speed=0.045976392924785614 heading_rad=-1.1780282258987427 bearing_rad=0.4436064064502716 route_next=Some(407) gate=Vec3(225.863, 2.46011, 773.00256) aim=Vec3(797.057, 25.81802, 1821.5477)
2026-10-04T06:31:05.438310Z  INFO mm2_app::scripted: scripted player re-anchored onto its route after a bounded stuck tick=38912 reanchors=10 position=Vec3(774.99347, 25.91749, 1824.719) speed=2.6090476512908936 heading_rad=-1.6607005596160889 route_next=403 gate=Vec3(225.863, 2.46011, 773.00256) landing=Vec3(766.8338, 26.317022, 1828.7057)
2026-10-04T06:31:06.951574Z  INFO mm2_app::scripted: scripted player started a bounded escape after sustained low-speed throttle tick=39458 escapes=43 position=Vec3(783.928, 25.876099, 1825.0292) speed=0.021435867995023727 heading_rad=-1.383236050605774 bearing_rad=-0.07514913380146027 route_next=Some(407) gate=Vec3(225.863, 2.46011, 773.00256) aim=Vec3(795.52155, 25.83708, 1821.9114)
2026-10-04T06:31:08.938793Z  INFO mm2_app::scripted: scripted player started a bounded escape after sustained low-speed throttle tick=40184 escapes=44 position=Vec3(785.8658, 25.871365, 1826.3561) speed=-0.019735805690288544 heading_rad=-1.5309934616088867 bearing_rad=-0.3659803569316864 route_next=Some(407) gate=Vec3(225.863, 2.46011, 773.00256) aim=Vec3(797.05884, 25.81802, 1821.5472)
2026-10-04T06:31:10.876185Z  INFO mm2_app::scripted: scripted player started a bounded escape after sustained low-speed throttle tick=40900 escapes=45 position=Vec3(781.28345, 25.888395, 1823.0779) speed=-0.0046819462440907955 heading_rad=-1.1672943830490112 bearing_rad=0.3391057848930359 route_next=Some(407) gate=Vec3(225.863, 2.46011, 773.00256) aim=Vec3(794.0801, 25.83708, 1822.2527)
2026-10-04T06:31:12.976359Z  INFO mm2_app::scripted: scripted player started a bounded escape after sustained low-speed throttle tick=41686 escapes=46 position=Vec3(786.0352, 25.870413, 1826.5863) speed=-0.0017655710689723492 heading_rad=-1.316044807434082 bearing_rad=-0.17222169041633606 route_next=Some(407) gate=Vec3(225.863, 2.46011, 773.00256) aim=Vec3(797.1676, 25.81802, 1821.5215)
2026-10-04T06:31:14.297776Z  INFO mm2_app::scripted: scripted player started a bounded escape after sustained low-speed throttle tick=42334 escapes=47 position=Vec3(781.0771, 25.904854, 1829.3301) speed=0.03243127092719078 heading_rad=-1.644702672958374 bearing_rad=-0.572354793548584 route_next=Some(407) gate=Vec3(225.863, 2.46011, 773.00256) aim=Vec3(794.0801, 25.83708, 1822.2527)
2026-10-04T06:31:15.810312Z  INFO mm2_app::scripted: scripted player started a bounded escape after sustained low-speed throttle tick=43058 escapes=48 position=Vec3(781.34894, 25.897158, 1824.5713) speed=-0.36839771270751953 heading_rad=-1.2468829154968262 bearing_rad=0.1437671184539795 route_next=Some(407) gate=Vec3(225.863, 2.46011, 773.00256) aim=Vec3(794.0801, 25.83708, 1822.2527)
2026-10-04T06:31:17.287766Z  INFO mm2_app::scripted: scripted player started a bounded escape after sustained low-speed throttle tick=43776 escapes=49 position=Vec3(780.66815, 25.883713, 1822.3085) speed=0.9366511106491089 heading_rad=-1.302935242652893 bearing_rad=0.2637016475200653 route_next=Some(407) gate=Vec3(225.863, 2.46011, 773.00256) aim=Vec3(794.0801, 25.83708, 1822.2527)
2026-10-04T06:31:19.232336Z  INFO mm2_app::scripted: scripted player started a bounded escape after sustained low-speed throttle tick=44648 escapes=50 position=Vec3(786.5516, 25.869366, 1828.7195) speed=0.0021408842876553535 heading_rad=-1.3198325634002686 bearing_rad=-0.34456902742385864 route_next=Some(407) gate=Vec3(225.863, 2.46011, 773.00256) aim=Vec3(797.17816, 25.81802, 1821.5189)
2026-10-04T06:31:21.258288Z  INFO mm2_app::scripted: scripted player started a bounded escape after sustained low-speed throttle tick=45520 escapes=51 position=Vec3(785.7806, 25.87256, 1825.4908) speed=0.014478206634521484 heading_rad=-1.326155662536621 bearing_rad=-0.09073526412248611 route_next=Some(407) gate=Vec3(225.863, 2.46011, 773.00256) aim=Vec3(797.1722, 25.81802, 1821.5204)
2026-10-04T06:31:22.689395Z  INFO mm2_app::scripted: scripted player re-anchored onto its route after a bounded stuck tick=46170 reanchors=11 position=Vec3(786.3825, 25.86894, 1828.0684) speed=0.025489136576652527 heading_rad=-1.3046811819076538 route_next=405 gate=Vec3(225.863, 2.46011, 773.00256) landing=Vec3(773.8102, 26.276312, 1827.0533)
2026-10-04T06:31:23.853841Z  INFO mm2_app::scripted: scripted player started a bounded escape after sustained low-speed throttle tick=46724 escapes=52 position=Vec3(785.55054, 25.870518, 1824.544) speed=-0.005375663749873638 heading_rad=-1.324695348739624 bearing_rad=-0.008428488858044147 route_next=Some(407) gate=Vec3(225.863, 2.46011, 773.00256) aim=Vec3(797.16675, 25.81802, 1821.5217)
2026-10-04T06:31:25.437305Z  INFO mm2_app::scripted: scripted player started a bounded escape after sustained low-speed throttle tick=47424 escapes=53 position=Vec3(785.94965, 25.870949, 1826.6309) speed=-0.0033338661305606365 heading_rad=-1.4947905540466309 bearing_rad=-0.35286766290664673 route_next=Some(407) gate=Vec3(225.863, 2.46011, 773.00256) aim=Vec3(797.0766, 25.81802, 1821.543)
2026-10-04T06:31:27.321867Z  INFO mm2_app::scripted: scripted player re-anchored onto its route after a bounded stuck tick=48284 reanchors=12 position=Vec3(784.66724, 25.870045, 1821.1228) speed=-0.009214065037667751 heading_rad=-1.4216336011886597 route_next=404 gate=Vec3(225.863, 2.46011, 773.00256) landing=Vec3(769.85126, 26.29905, 1827.991)
2026-10-04T06:31:28.709971Z  INFO mm2_app::scripted: scripted player started a bounded escape after sustained low-speed throttle tick=48916 escapes=54 position=Vec3(785.5494, 25.87292, 1825.0596) speed=0.004400523845106363 heading_rad=-0.7183917760848999 bearing_rad=0.5561626553535461 route_next=Some(407) gate=Vec3(225.863, 2.46011, 773.00256) aim=Vec3(797.05, 25.81802, 1821.5493)
2026-10-04T06:31:30.143017Z  INFO mm2_app::scripted: scripted player started a bounded escape after sustained low-speed throttle tick=49570 escapes=55 position=Vec3(779.63556, 25.90218, 1831.9069) speed=-0.863105833530426 heading_rad=-1.4192428588867188 bearing_rad=-0.4376222789287567 route_next=Some(407) gate=Vec3(225.863, 2.46011, 773.00256) aim=Vec3(794.0801, 25.83708, 1822.2527)
2026-10-04T06:31:32.310957Z  INFO mm2_app::scripted: scripted player started a bounded escape after sustained low-speed throttle tick=50540 escapes=56 position=Vec3(786.008, 25.874744, 1827.1301) speed=0.041515253484249115 heading_rad=-1.7993026971817017 bearing_rad=-0.6970659494400024 route_next=Some(407) gate=Vec3(225.863, 2.46011, 773.00256) aim=Vec3(797.0199, 25.81802, 1821.5564)
2026-10-04T06:31:34.028820Z  INFO mm2_app::scripted: scripted player started a bounded escape after sustained low-speed throttle tick=51312 escapes=57 position=Vec3(784.46423, 25.869696, 1820.35) speed=0.027750898152589798 heading_rad=-1.4468917846679688 bearing_rad=0.21816889941692352 route_next=Some(407) gate=Vec3(225.863, 2.46011, 773.00256) aim=Vec3(797.0787, 25.81802, 1821.5426)
2026-10-04T06:31:35.872409Z  INFO mm2_app::scripted: scripted player started a bounded escape after sustained low-speed throttle tick=52136 escapes=58 position=Vec3(784.0411, 25.86733, 1818.351) speed=0.03444993495941162 heading_rad=-1.305864930152893 bearing_rad=0.5033549070358276 route_next=Some(407) gate=Vec3(225.863, 2.46011, 773.00256) aim=Vec3(797.1262, 25.81802, 1821.5313)
2026-10-04T06:31:37.020916Z  INFO mm2_app::scripted: scripted player started a bounded escape after sustained low-speed throttle tick=52646 escapes=59 position=Vec3(783.66064, 25.828716, 1816.6741) speed=-0.004568114876747131 heading_rad=-1.333975911140442 bearing_rad=0.5823822021484375 route_next=Some(407) gate=Vec3(225.863, 2.46011, 773.00256) aim=Vec3(797.142, 25.81802, 1821.5275)
2026-10-04T06:31:37.553448Z  INFO mm2_app::scripted: scripted player re-anchored onto its route after a bounded stuck tick=52888 reanchors=13 position=Vec3(779.34564, 25.887491, 1819.4412) speed=2.744314670562744 heading_rad=-2.7599079608917236 route_next=403 gate=Vec3(225.863, 2.46011, 773.00256) landing=Vec3(766.8338, 26.317022, 1828.7057)
2026-10-04T06:31:38.962115Z  INFO mm2_app::scripted: scripted player started a bounded escape after sustained low-speed throttle tick=53522 escapes=60 position=Vec3(785.5115, 25.872902, 1825.0092) speed=0.0007983803516253829 heading_rad=-0.7911862134933472 bearing_rad=0.48816895484924316 route_next=Some(407) gate=Vec3(225.863, 2.46011, 773.00256) aim=Vec3(797.0254, 25.81802, 1821.5552)
2026-10-04T06:31:40.534058Z  INFO mm2_app::scripted: scripted player started a bounded escape after sustained low-speed throttle tick=54250 escapes=61 position=Vec3(786.4919, 25.871025, 1828.9188) speed=-0.01613226719200611 heading_rad=-1.51227605342865 bearing_rad=-0.5500655174255371 route_next=Some(407) gate=Vec3(225.863, 2.46011, 773.00256) aim=Vec3(797.07697, 25.81802, 1821.543)
2026-10-04T06:31:42.225981Z  INFO mm2_app::scripted: scripted player started a bounded escape after sustained low-speed throttle tick=55028 escapes=62 position=Vec3(785.0174, 25.871918, 1822.8348) speed=-0.002271303441375494 heading_rad=-1.532922625541687 bearing_rad=-0.06851131469011307 route_next=Some(407) gate=Vec3(225.863, 2.46011, 773.00256) aim=Vec3(797.04517, 25.81802, 1821.5504)
2026-10-04T06:31:43.860592Z  INFO mm2_app::scripted: scripted player started a bounded escape after sustained low-speed throttle tick=55754 escapes=63 position=Vec3(785.7946, 25.868979, 1825.525) speed=-0.007535582408308983 heading_rad=-1.33445143699646 bearing_rad=-0.10204041004180908 route_next=Some(407) gate=Vec3(225.863, 2.46011, 773.00256) aim=Vec3(797.1778, 25.81802, 1821.519)
2026-10-04T06:31:45.540794Z  INFO mm2_app::scripted: scripted player started a bounded escape after sustained low-speed throttle tick=56498 escapes=64 position=Vec3(784.68896, 25.87429, 1821.6688) speed=-0.028755906969308853 heading_rad=-1.733072280883789 bearing_rad=-0.1709449589252472 route_next=Some(407) gate=Vec3(225.863, 2.46011, 773.00256) aim=Vec3(796.99567, 25.81802, 1821.5621)
2026-10-04T06:31:45.811636Z  INFO mm2_app::scripted: scripted player re-anchored onto its route after a bounded stuck tick=56624 reanchors=14 position=Vec3(781.0187, 25.87983, 1821.7275) speed=-6.6941986083984375 heading_rad=-1.2333585023880005 route_next=404 gate=Vec3(225.863, 2.46011, 773.00256) landing=Vec3(770.72614, 26.29399, 1827.7838)
2026-10-04T06:31:47.117020Z  INFO mm2_app::scripted: scripted player started a bounded escape after sustained low-speed throttle tick=57230 escapes=65 position=Vec3(785.1906, 25.872896, 1823.6528) speed=0.026816699653863907 heading_rad=-1.8976932764053345 bearing_rad=-0.5023257732391357 route_next=Some(407) gate=Vec3(225.863, 2.46011, 773.00256) aim=Vec3(797.0257, 25.81802, 1821.555)
2026-10-04T06:31:48.175709Z  INFO mm2_app::scripted: scripted player started a bounded escape after sustained low-speed throttle tick=57724 escapes=66 position=Vec3(784.41724, 25.869696, 1819.9359) speed=0.028716841712594032 heading_rad=-1.2972877025604248 bearing_rad=0.39836713671684265 route_next=Some(407) gate=Vec3(225.863, 2.46011, 773.00256) aim=Vec3(797.12695, 25.81802, 1821.5311)
2026-10-04T06:31:49.659694Z  INFO mm2_app::scripted: scripted player started a bounded escape after sustained low-speed throttle tick=58392 escapes=67 position=Vec3(786.5481, 25.867855, 1828.8378) speed=-0.0017380919307470322 heading_rad=-1.2799190282821655 bearing_rad=-0.31295058131217957 route_next=Some(407) gate=Vec3(225.863, 2.46011, 773.00256) aim=Vec3(797.1484, 25.81802, 1821.526)
2026-10-04T06:31:50.985342Z  INFO mm2_app::scripted: scripted player started a bounded escape after sustained low-speed throttle tick=58942 escapes=68 position=Vec3(786.5001, 25.869923, 1828.8633) speed=0.010773861780762672 heading_rad=-0.6499918103218079 bearing_rad=0.31597867608070374 route_next=Some(407) gate=Vec3(225.863, 2.46011, 773.00256) aim=Vec3(797.0972, 25.81802, 1821.5381)
2026-10-04T06:31:52.653346Z  INFO mm2_app::scripted: scripted player started a bounded escape after sustained low-speed throttle tick=59624 escapes=69 position=Vec3(785.3811, 25.869553, 1824.104) speed=0.008940487168729305 heading_rad=-1.4277676343917847 bearing_rad=-0.07258658111095428 route_next=Some(407) gate=Vec3(225.863, 2.46011, 773.00256) aim=Vec3(797.1049, 25.81802, 1821.5363)
2026-10-04T06:31:53.610294Z  INFO mm2_app::scripted: scripted player re-anchored onto its route after a bounded stuck tick=59990 reanchors=15 position=Vec3(778.2209, 25.905432, 1828.3838) speed=2.8867409229278564 heading_rad=-1.093839406967163 route_next=403 gate=Vec3(225.863, 2.46011, 773.00256) landing=Vec3(766.8338, 26.317022, 1828.7057)
2026-10-04T06:31:54.767666Z  INFO mm2_app::scripted: scripted player started a bounded escape after sustained low-speed throttle tick=60504 escapes=70 position=Vec3(783.85144, 25.871998, 1824.5565) speed=-0.015471462160348892 heading_rad=-1.3350356817245483 bearing_rad=0.012839511036872864 route_next=Some(407) gate=Vec3(225.863, 2.46011, 773.00256) aim=Vec3(795.55505, 25.83708, 1821.9034)
2026-10-04T06:31:56.489827Z  INFO mm2_app::scripted: scripted player started a bounded escape after sustained low-speed throttle tick=61240 escapes=71 position=Vec3(786.3375, 25.865017, 1827.8108) speed=0.016133565455675125 heading_rad=-1.3277208805084229 bearing_rad=-0.2827779948711395 route_next=Some(407) gate=Vec3(225.863, 2.46011, 773.00256) aim=Vec3(797.17926, 25.81802, 1821.5187)
2026-10-04T06:31:57.777164Z  INFO mm2_app::scripted: scripted player started a bounded escape after sustained low-speed throttle tick=61806 escapes=72 position=Vec3(786.2637, 25.869093, 1827.4954) speed=0.028425954282283783 heading_rad=-1.3407862186431885 bearing_rad=-0.2709178626537323 route_next=Some(407) gate=Vec3(225.863, 2.46011, 773.00256) aim=Vec3(797.18005, 25.81802, 1821.5186)
2026-10-04T06:31:59.358971Z  INFO mm2_app::scripted: scripted player started a bounded escape after sustained low-speed throttle tick=62522 escapes=73 position=Vec3(786.79913, 25.869358, 1829.998) speed=0.026538128033280373 heading_rad=-1.4294135570526123 bearing_rad=-0.5453633069992065 route_next=Some(407) gate=Vec3(225.863, 2.46011, 773.00256) aim=Vec3(797.12585, 25.81802, 1821.5314)
2026-10-04T06:32:01.419783Z  INFO mm2_app::scripted: scripted player started a bounded escape after sustained low-speed throttle tick=63450 escapes=74 position=Vec3(782.9993, 25.886238, 1827.0945) speed=0.0028111645951867104 heading_rad=-0.9051457047462463 bearing_rad=0.25518476963043213 route_next=Some(407) gate=Vec3(225.863, 2.46011, 773.00256) aim=Vec3(794.179, 25.83708, 1822.2292)
2026-10-04T06:32:02.283308Z  INFO mm2_app::scripted: scripted player re-anchored onto its route after a bounded stuck tick=63834 reanchors=16 position=Vec3(776.0347, 25.933636, 1833.82) speed=2.457437038421631 heading_rad=-1.6630605459213257 route_next=404 gate=Vec3(225.863, 2.46011, 773.00256) landing=Vec3(770.72614, 26.29399, 1827.7838)
2026-10-04T06:32:03.364225Z  INFO mm2_app::scripted: scripted player started a bounded escape after sustained low-speed throttle tick=64326 escapes=75 position=Vec3(785.22424, 25.873379, 1823.5172) speed=0.02249276265501976 heading_rad=-1.4543492794036865 bearing_rad=-0.04867243766784668 route_next=Some(407) gate=Vec3(225.863, 2.46011, 773.00256) aim=Vec3(797.08795, 25.81802, 1821.5403)
2026-10-04T06:32:05.127564Z  INFO mm2_app::scripted: scripted player started a bounded escape after sustained low-speed throttle tick=65112 escapes=76 position=Vec3(785.79443, 25.871304, 1826.1571) speed=-0.029953034594655037 heading_rad=-1.5903903245925903 bearing_rad=-0.4083481729030609 route_next=Some(407) gate=Vec3(225.863, 2.46011, 773.00256) aim=Vec3(797.0359, 25.81802, 1821.5526)
2026-10-04T06:32:06.742293Z  INFO mm2_app::scripted: scripted player started a bounded escape after sustained low-speed throttle tick=65828 escapes=77 position=Vec3(785.42926, 25.87106, 1824.006) speed=-0.0062711965292692184 heading_rad=-1.334375023841858 bearing_rad=0.0278277900069952 route_next=Some(407) gate=Vec3(225.863, 2.46011, 773.00256) aim=Vec3(797.1725, 25.81802, 1821.5203)
2026-10-04T06:32:06.807484Z  INFO mm2_app::scripted: scripted player re-anchored onto its route after a bounded stuck tick=65858 reanchors=17 position=Vec3(785.1973, 25.86535, 1823.9987) speed=-1.5642313957214355 heading_rad=-1.2881278991699219 route_next=405 gate=Vec3(225.863, 2.46011, 773.00256) landing=Vec3(777.4929, 26.256044, 1826.1812)
2026-10-04T06:32:07.711489Z  INFO mm2_app::scripted: scripted player started a bounded escape after sustained low-speed throttle tick=66264 escapes=78 position=Vec3(785.22473, 25.873804, 1823.8728) speed=0.031062712892889977 heading_rad=-1.6793875694274902 bearing_rad=-0.3024692237377167 route_next=Some(407) gate=Vec3(225.863, 2.46011, 773.00256) aim=Vec3(797.0087, 25.81802, 1821.5591)
2026-10-04T06:32:09.625341Z  INFO mm2_app::scripted: scripted player started a bounded escape after sustained low-speed throttle tick=67128 escapes=79 position=Vec3(783.97614, 25.881035, 1826.8732) speed=0.10993154346942902 heading_rad=-1.459464192390442 bearing_rad=-0.2999235987663269 route_next=Some(407) gate=Vec3(225.863, 2.46011, 773.00256) aim=Vec3(795.15356, 25.83708, 1821.9984)
2026-10-04T06:32:11.542529Z  INFO mm2_app::scripted: scripted player started a bounded escape after sustained low-speed throttle tick=67990 escapes=80 position=Vec3(785.68164, 25.87118, 1825.0966) speed=0.023745637387037277 heading_rad=-1.3469667434692383 bearing_rad=-0.0779283419251442 route_next=Some(407) gate=Vec3(225.863, 2.46011, 773.00256) aim=Vec3(797.16693, 25.81802, 1821.5216)
2026-10-04T06:32:13.133241Z  INFO mm2_app::scripted: scripted player started a bounded escape after sustained low-speed throttle tick=68688 escapes=81 position=Vec3(785.73517, 25.870426, 1825.6816) speed=0.007264178246259689 heading_rad=-1.4705225229263306 bearing_rad=-0.2495303750038147 route_next=Some(407) gate=Vec3(225.863, 2.46011, 773.00256) aim=Vec3(797.08636, 25.81802, 1821.5406)
2026-10-04T06:32:14.615342Z  INFO mm2_app::scripted: scripted player started a bounded escape after sustained low-speed throttle tick=69398 escapes=82 position=Vec3(784.8069, 25.875269, 1821.6788) speed=-0.015831366181373596 heading_rad=-1.4135241508483887 bearing_rad=0.14567922055721283 route_next=Some(407) gate=Vec3(225.863, 2.46011, 773.00256) aim=Vec3(797.10504, 25.81802, 1821.5363)
2026-10-04T06:32:16.087564Z  INFO mm2_app::scripted: scripted player started a bounded escape after sustained low-speed throttle tick=70054 escapes=83 position=Vec3(785.2292, 25.870745, 1823.5087) speed=0.01337904017418623 heading_rad=-1.227085828781128 bearing_rad=0.17919500172138214 route_next=Some(407) gate=Vec3(225.863, 2.46011, 773.00256) aim=Vec3(797.0946, 25.81802, 1821.5388)
2026-10-04T06:32:17.740518Z  INFO mm2_app::scripted: scripted player started a bounded escape after sustained low-speed throttle tick=70790 escapes=84 position=Vec3(784.8564, 25.873306, 1822.0271) speed=-0.010296208783984184 heading_rad=-1.1977697610855103 bearing_rad=0.3334810137748718 route_next=Some(407) gate=Vec3(225.863, 2.46011, 773.00256) aim=Vec3(797.07385, 25.81802, 1821.5437)
2026-10-04T06:32:18.155300Z  INFO mm2_app::scripted: scripted player re-anchored onto its route after a bounded stuck tick=70980 reanchors=18 position=Vec3(777.19995, 25.904907, 1825.5872) speed=-5.721831321716309 heading_rad=-1.51262366771698 route_next=403 gate=Vec3(225.863, 2.46011, 773.00256) landing=Vec3(766.8338, 26.317022, 1828.7057)
2026-10-04T06:32:19.504649Z  INFO mm2_app::scripted: scripted player started a bounded escape after sustained low-speed throttle tick=71594 escapes=85 position=Vec3(785.4818, 25.872038, 1824.4747) speed=0.04555117338895798 heading_rad=-1.2555599212646484 bearing_rad=0.06763416528701782 route_next=Some(407) gate=Vec3(225.863, 2.46011, 773.00256) aim=Vec3(797.1171, 25.81802, 1821.5334)
2026-10-04T06:32:20.781600Z  INFO mm2_app::scripted: scripted player started a bounded escape after sustained low-speed throttle tick=72180 escapes=86 position=Vec3(785.7036, 25.869974, 1825.318) speed=0.007761748973280191 heading_rad=-1.385884165763855 bearing_rad=-0.13511115312576294 route_next=Some(407) gate=Vec3(225.863, 2.46011, 773.00256) aim=Vec3(797.13806, 25.81802, 1821.5284)
2026-10-04T06:32:22.273233Z  INFO mm2_app::scripted: scripted player started a bounded escape after sustained low-speed throttle tick=72854 escapes=87 position=Vec3(784.99445, 25.871906, 1822.2684) speed=0.024417119100689888 heading_rad=-1.351144552230835 bearing_rad=0.1586122214794159 route_next=Some(407) gate=Vec3(225.863, 2.46011, 773.00256) aim=Vec3(797.15045, 25.81802, 1821.5255)
2026-10-04T06:32:22.805100Z  INFO mm2_app::scripted: scripted player re-anchored onto its route after a bounded stuck tick=73092 reanchors=19 position=Vec3(776.60974, 25.91005, 1826.1437) speed=-2.791874885559082 heading_rad=-1.4208741188049316 route_next=402 gate=Vec3(225.863, 2.46011, 773.00256) landing=Vec3(762.946, 26.342611, 1829.6458)
2026-10-04T06:32:24.370413Z  INFO mm2_app::scripted: scripted player started a bounded escape after sustained low-speed throttle tick=73766 escapes=88 position=Vec3(785.5935, 25.870779, 1825.1729) speed=0.09402737766504288 heading_rad=-1.1712777614593506 bearing_rad=0.093287892639637 route_next=Some(407) gate=Vec3(225.863, 2.46011, 773.00256) aim=Vec3(797.06635, 25.81802, 1821.5454)
2026-10-04T06:32:25.795548Z  INFO mm2_app::scripted: scripted player started a bounded escape after sustained low-speed throttle tick=74374 escapes=89 position=Vec3(786.00995, 25.869993, 1826.5621) speed=0.04435762017965317 heading_rad=-1.3771617412567139 bearing_rad=-0.23098225891590118 route_next=Some(407) gate=Vec3(225.863, 2.46011, 773.00256) aim=Vec3(797.1491, 25.81802, 1821.5259)
2026-10-04T06:32:27.489707Z  INFO mm2_app::scripted: scripted player started a bounded escape after sustained low-speed throttle tick=75074 escapes=90 position=Vec3(785.34656, 25.870584, 1823.676) speed=0.06250424683094025 heading_rad=-1.3303956985473633 bearing_rad=0.06011553481221199 route_next=Some(407) gate=Vec3(225.863, 2.46011, 773.00256) aim=Vec3(797.1682, 25.81802, 1821.5214)
2026-10-04T06:32:27.993912Z  INFO mm2_app::scripted: scripted player re-anchored onto its route after a bounded stuck tick=75294 reanchors=20 position=Vec3(777.61896, 25.906956, 1824.108) speed=-1.5190680027008057 heading_rad=-1.1034246683120728 route_next=403 gate=Vec3(225.863, 2.46011, 773.00256) landing=Vec3(766.8338, 26.317022, 1828.7057)
2026-10-04T06:32:29.066897Z  INFO mm2_app::scripted: scripted player started a bounded escape after sustained low-speed throttle tick=75780 escapes=91 position=Vec3(781.9381, 25.88798, 1825.7574) speed=-0.6138222217559814 heading_rad=-0.9155595302581787 bearing_rad=0.37422651052474976 route_next=Some(407) gate=Vec3(225.863, 2.46011, 773.00256) aim=Vec3(794.0801, 25.83708, 1822.2527)
2026-10-04T06:32:30.818743Z  INFO mm2_app::scripted: scripted player started a bounded escape after sustained low-speed throttle tick=76562 escapes=92 position=Vec3(786.3121, 25.873886, 1828.3881) speed=-0.010034225881099701 heading_rad=-1.6818742752075195 bearing_rad=-0.678819477558136 route_next=Some(407) gate=Vec3(225.863, 2.46011, 773.00256) aim=Vec3(797.0257, 25.81802, 1821.555)
2026-10-04T06:32:32.399704Z  INFO mm2_app::scripted: scripted player started a bounded escape after sustained low-speed throttle tick=77276 escapes=93 position=Vec3(785.86755, 25.870838, 1826.333) speed=-0.0016552023589611053 heading_rad=-1.5161813497543335 bearing_rad=-0.3493831753730774 route_next=Some(407) gate=Vec3(225.863, 2.46011, 773.00256) aim=Vec3(797.0657, 25.81802, 1821.5457)
2026-10-04T06:32:33.876198Z  INFO mm2_app::scripted: scripted player started a bounded escape after sustained low-speed throttle tick=77882 escapes=94 position=Vec3(785.6857, 25.86744, 1825.1409) speed=0.04014640673995018 heading_rad=-1.352858304977417 bearing_rad=-0.08747188001871109 route_next=Some(407) gate=Vec3(225.863, 2.46011, 773.00256) aim=Vec3(797.1608, 25.81802, 1821.5231)
2026-10-04T06:32:34.451830Z  INFO mm2_app::scripted: scripted player re-anchored onto its route after a bounded stuck tick=78114 reanchors=21 position=Vec3(782.0443, 25.882818, 1825.8433) speed=1.5721845626831055 heading_rad=-1.9454249143600464 route_next=404 gate=Vec3(225.863, 2.46011, 773.00256) landing=Vec3(770.72614, 26.29399, 1827.7838)
2026-10-04T06:32:35.681352Z  INFO mm2_app::scripted: scripted player started a bounded escape after sustained low-speed throttle tick=78606 escapes=95 position=Vec3(785.5017, 25.869473, 1824.408) speed=0.026364672929048538 heading_rad=-1.3052335977554321 bearing_rad=0.022988231852650642 route_next=Some(407) gate=Vec3(225.863, 2.46011, 773.00256) aim=Vec3(797.15094, 25.81802, 1821.5254)
2026-10-04T06:32:37.082864Z  INFO mm2_app::scripted: scripted player started a bounded escape after sustained low-speed throttle tick=79172 escapes=96 position=Vec3(782.11694, 25.891272, 1826.7612) speed=-0.3974798619747162 heading_rad=-1.3554037809371948 bearing_rad=-0.14501646161079407 route_next=Some(407) gate=Vec3(225.863, 2.46011, 773.00256) aim=Vec3(794.0801, 25.83708, 1822.2527)
2026-10-04T06:32:38.824958Z  INFO mm2_app::scripted: scripted player started a bounded escape after sustained low-speed throttle tick=79896 escapes=97 position=Vec3(781.2723, 25.889647, 1824.0231) speed=0.05505577102303505 heading_rad=-1.7345794439315796 bearing_rad=-0.30113986134529114 route_next=Some(407) gate=Vec3(225.863, 2.46011, 773.00256) aim=Vec3(794.0801, 25.83708, 1822.2527)
2026-10-04T06:32:39.399514Z  INFO mm2_app::scripted: scripted player re-anchored onto its route after a bounded stuck tick=80138 reanchors=22 position=Vec3(772.7438, 25.93086, 1826.1569) speed=-2.7738518714904785 heading_rad=-2.073162794113159 route_next=400 gate=Vec3(225.863, 2.46011, 773.00256) landing=Vec3(755.19196, 26.409496, 1831.6144)
2026-10-04T06:32:41.122215Z  INFO mm2_app::scripted: scripted player started a bounded escape after sustained low-speed throttle tick=80852 escapes=98 position=Vec3(781.259, 25.89248, 1825.1781) speed=-0.6712223887443542 heading_rad=-1.988946557044983 bearing_rad=-0.6424815654754639 route_next=Some(407) gate=Vec3(225.863, 2.46011, 773.00256) aim=Vec3(794.0801, 25.83708, 1822.2527)
2026-10-04T06:32:42.924472Z  INFO mm2_app::scripted: scripted player started a bounded escape after sustained low-speed throttle tick=81596 escapes=99 position=Vec3(784.8353, 25.87033, 1821.5656) speed=0.020173413679003716 heading_rad=-1.3412173986434937 bearing_rad=0.22620075941085815 route_next=Some(407) gate=Vec3(225.863, 2.46011, 773.00256) aim=Vec3(797.1574, 25.81802, 1821.5239)
2026-10-04T06:32:44.691032Z  INFO mm2_app::scripted: scripted player started a bounded escape after sustained low-speed throttle tick=82322 escapes=100 position=Vec3(784.09106, 25.869665, 1818.8206) speed=0.029564859345555305 heading_rad=-1.2146501541137695 bearing_rad=0.5630853176116943 route_next=Some(407) gate=Vec3(225.863, 2.46011, 773.00256) aim=Vec3(797.06824, 25.81802, 1821.545)
2026-10-04T06:32:46.608476Z  INFO mm2_app::scripted: scripted player started a bounded escape after sustained low-speed throttle tick=83082 escapes=101 position=Vec3(785.3999, 25.8711, 1824.3994) speed=0.034844622015953064 heading_rad=-1.1485674381256104 bearing_rad=0.1823091357946396 route_next=Some(407) gate=Vec3(225.863, 2.46011, 773.00256) aim=Vec3(797.05646, 25.81802, 1821.5479)
2026-10-04T06:32:48.189393Z  INFO mm2_app::scripted: scripted player started a bounded escape after sustained low-speed throttle tick=83708 escapes=102 position=Vec3(785.3339, 25.870333, 1823.8383) speed=0.007732527330517769 heading_rad=-1.2647058963775635 bearing_rad=0.11292200535535812 route_next=Some(407) gate=Vec3(225.863, 2.46011, 773.00256) aim=Vec3(797.1199, 25.81802, 1821.5328)
2026-10-04T06:32:50.108461Z  INFO mm2_app::scripted: scripted player started a bounded escape after sustained low-speed throttle tick=84462 escapes=103 position=Vec3(786.3892, 25.868164, 1827.9956) speed=-0.003871271386742592 heading_rad=-1.3344833850860596 bearing_rad=-0.30411404371261597 route_next=Some(407) gate=Vec3(225.863, 2.46011, 773.00256) aim=Vec3(797.18677, 25.81802, 1821.517)
2026-10-04T06:32:50.610230Z  INFO mm2_app::scripted: scripted player re-anchored onto its route after a bounded stuck tick=84662 reanchors=23 position=Vec3(777.9238, 25.906372, 1829.5039) speed=-4.821081161499023 heading_rad=-1.6867731809616089 route_next=403 gate=Vec3(225.863, 2.46011, 773.00256) landing=Vec3(766.8338, 26.317022, 1828.7057)
2026-10-04T06:32:52.167432Z  INFO mm2_app::scripted: scripted player started a bounded escape after sustained low-speed throttle tick=85280 escapes=104 position=Vec3(777.8315, 25.908386, 1826.2789) speed=-0.0007583461701869965 heading_rad=-1.1604468822479248 bearing_rad=0.16341352462768555 route_next=Some(406) gate=Vec3(225.863, 2.46011, 773.00256) aim=Vec3(789.4995, 25.85791, 1823.3376)
2026-10-04T06:32:54.171843Z  INFO mm2_app::scripted: scripted player started a bounded escape after sustained low-speed throttle tick=86066 escapes=105 position=Vec3(782.23615, 25.894432, 1828.7599) speed=-0.8085162043571472 heading_rad=-1.120971918106079 bearing_rad=-0.07437070459127426 route_next=Some(406) gate=Vec3(225.863, 2.46011, 773.00256) aim=Vec3(793.0829, 25.83708, 1822.4889)
2026-10-04T06:32:56.433699Z  INFO mm2_app::scripted: scripted player started a bounded escape after sustained low-speed throttle tick=86944 escapes=106 position=Vec3(785.6493, 25.872637, 1825.6245) speed=0.02369174174964428 heading_rad=-1.6580336093902588 bearing_rad=-0.4308396279811859 route_next=Some(407) gate=Vec3(225.863, 2.46011, 773.00256) aim=Vec3(797.0179, 25.81802, 1821.5569)
2026-10-04T06:32:58.339822Z  INFO mm2_app::scripted: scripted player started a bounded escape after sustained low-speed throttle tick=87648 escapes=107 position=Vec3(785.9522, 25.871666, 1826.6614) speed=-0.006814010441303253 heading_rad=-1.5046862363815308 bearing_rad=-0.36518537998199463 route_next=Some(407) gate=Vec3(225.863, 2.46011, 773.00256) aim=Vec3(797.0722, 25.81802, 1821.5441)
2026-10-04T06:33:00.530039Z  INFO mm2_app::scripted: scripted player re-anchored onto its route after a bounded stuck tick=88420 reanchors=24 position=Vec3(778.88336, 25.898306, 1825.218) speed=-0.14461854100227356 heading_rad=-0.7685711979866028 route_next=404 gate=Vec3(225.863, 2.46011, 773.00256) landing=Vec3(770.72614, 26.29399, 1827.7838)
2026-10-04T06:33:01.841829Z  INFO mm2_app::scripted: scripted player started a bounded escape after sustained low-speed throttle tick=88928 escapes=108 position=Vec3(785.1863, 25.8711, 1823.7241) speed=-0.013060955330729485 heading_rad=-1.811714768409729 bearing_rad=-0.42202770709991455 route_next=Some(407) gate=Vec3(225.863, 2.46011, 773.00256) aim=Vec3(797.0056, 25.81802, 1821.5598)
2026-10-04T06:33:03.796294Z  INFO mm2_app::scripted: scripted player started a bounded escape after sustained low-speed throttle tick=89704 escapes=109 position=Vec3(782.03467, 25.88555, 1826.3406) speed=-0.028226220980286598 heading_rad=-1.657172679901123 bearing_rad=-0.41355299949645996 route_next=Some(407) gate=Vec3(225.863, 2.46011, 773.00256) aim=Vec3(794.0801, 25.83708, 1822.2527)
2026-10-04T06:33:05.847845Z  INFO mm2_app::scripted: scripted player started a bounded escape after sustained low-speed throttle tick=90512 escapes=110 position=Vec3(784.2182, 25.862576, 1819.105) speed=0.05785491690039635 heading_rad=-1.3697268962860107 bearing_rad=0.3869147002696991 route_next=Some(407) gate=Vec3(225.863, 2.46011, 773.00256) aim=Vec3(797.1248, 25.81802, 1821.5316)
2026-10-04T06:33:07.318659Z  INFO mm2_app::scripted: scripted player started a bounded escape after sustained low-speed throttle tick=91146 escapes=111 position=Vec3(785.08795, 25.872526, 1822.7395) speed=0.028994163498282433 heading_rad=-1.3801590204238892 bearing_rad=0.09052317589521408 route_next=Some(407) gate=Vec3(225.863, 2.46011, 773.00256) aim=Vec3(797.13336, 25.81802, 1821.5295)
2026-10-04T06:33:08.901841Z  INFO mm2_app::scripted: scripted player started a bounded escape after sustained low-speed throttle tick=91840 escapes=112 position=Vec3(785.0609, 25.86723, 1822.7723) speed=0.004322458058595657 heading_rad=-1.2435396909713745 bearing_rad=0.22503578662872314 route_next=Some(407) gate=Vec3(225.863, 2.46011, 773.00256) aim=Vec3(797.10034, 25.81802, 1821.5374)
2026-10-04T06:33:09.528942Z  INFO mm2_app::scripted: scripted player re-anchored onto its route after a bounded stuck tick=92124 reanchors=25 position=Vec3(780.79144, 25.887053, 1824.9219) speed=2.3044052124023438 heading_rad=-1.2825679779052734 route_next=403 gate=Vec3(225.863, 2.46011, 773.00256) landing=Vec3(766.8338, 26.317022, 1828.7057)
2026-10-04T06:33:10.659225Z  INFO mm2_app::scripted: scripted player started a bounded escape after sustained low-speed throttle tick=92628 escapes=113 position=Vec3(781.7527, 25.870352, 1825.5648) speed=0.035069603472948074 heading_rad=-1.4955552816390991 bearing_rad=-0.1872408390045166 route_next=Some(407) gate=Vec3(225.863, 2.46011, 773.00256) aim=Vec3(794.0801, 25.83708, 1822.2527)
2026-10-04T06:33:12.676365Z  INFO mm2_app::scripted: scripted player started a bounded escape after sustained low-speed throttle tick=93462 escapes=114 position=Vec3(786.12213, 25.871363, 1827.4333) speed=0.038319576531648636 heading_rad=-1.5388623476028442 bearing_rad=-0.46177810430526733 route_next=Some(407) gate=Vec3(225.863, 2.46011, 773.00256) aim=Vec3(797.05994, 25.81802, 1821.547)
2026-10-04T06:33:14.543001Z  INFO mm2_app::scripted: scripted player started a bounded escape after sustained low-speed throttle tick=94248 escapes=115 position=Vec3(784.81934, 25.869686, 1821.9498) speed=-0.01480034552514553 heading_rad=-1.5002599954605103 bearing_rad=0.037698134779930115 route_next=Some(407) gate=Vec3(225.863, 2.46011, 773.00256) aim=Vec3(797.0561, 25.81802, 1821.5479)
2026-10-04T06:33:16.540495Z  INFO mm2_app::scripted: scripted player started a bounded escape after sustained low-speed throttle tick=95064 escapes=116 position=Vec3(786.04156, 25.87031, 1826.7913) speed=-0.005527544766664505 heading_rad=-1.4097007513046265 bearing_rad=-0.2819456160068512 route_next=Some(407) gate=Vec3(225.863, 2.46011, 773.00256) aim=Vec3(797.1277, 25.81802, 1821.5309)
2026-10-04T06:33:18.151574Z  INFO mm2_app::scripted: scripted player started a bounded escape after sustained low-speed throttle tick=95730 escapes=117 position=Vec3(781.482, 25.896038, 1824.3583) speed=-0.5430718660354614 heading_rad=-1.3714475631713867 bearing_rad=0.033743664622306824 route_next=Some(407) gate=Vec3(225.863, 2.46011, 773.00256) aim=Vec3(794.0801, 25.83708, 1822.2527)
2026-10-04T06:33:20.503328Z  INFO mm2_app::scripted: scripted player started a bounded escape after sustained low-speed throttle tick=96528 escapes=118 position=Vec3(786.19684, 25.871843, 1827.7794) speed=-0.003170375945046544 heading_rad=-1.5599170923233032 bearing_rad=-0.5101575255393982 route_next=Some(407) gate=Vec3(225.863, 2.46011, 773.00256) aim=Vec3(797.0531, 25.81802, 1821.5486)
2026-10-04T06:33:22.648892Z  INFO mm2_app::scripted: scripted player started a bounded escape after sustained low-speed throttle tick=97248 escapes=119 position=Vec3(781.5965, 25.889217, 1824.3965) speed=0.045202113687992096 heading_rad=-1.0534987449645996 bearing_rad=0.34722697734832764 route_next=Some(407) gate=Vec3(225.863, 2.46011, 773.00256) aim=Vec3(794.0801, 25.83708, 1822.2527)
2026-10-04T06:33:24.959460Z  INFO mm2_app::scripted: scripted player started a bounded escape after sustained low-speed throttle tick=98040 escapes=120 position=Vec3(786.43896, 25.872692, 1828.7621) speed=0.0022795223630964756 heading_rad=-1.5375499725341797 bearing_rad=-0.5634089708328247 route_next=Some(407) gate=Vec3(225.863, 2.46011, 773.00256) aim=Vec3(797.062, 25.81802, 1821.5465)
2026-10-04T06:33:26.452448Z  INFO mm2_app::scripted: scripted player started a bounded escape after sustained low-speed throttle tick=98566 escapes=121 position=Vec3(786.13434, 25.869272, 1827.268) speed=0.03722617030143738 heading_rad=-1.228037714958191 bearing_rad=-0.13861703872680664 route_next=Some(407) gate=Vec3(225.863, 2.46011, 773.00256) aim=Vec3(797.10864, 25.81802, 1821.5354)
2026-10-04T06:33:28.260526Z  INFO mm2_app::scripted: scripted player started a bounded escape after sustained low-speed throttle tick=99202 escapes=122 position=Vec3(786.56726, 25.866226, 1828.8811) speed=0.030340036377310753 heading_rad=-1.375525712966919 bearing_rad=-0.4119214713573456 route_next=Some(407) gate=Vec3(225.863, 2.46011, 773.00256) aim=Vec3(797.1568, 25.81802, 1821.524)
2026-10-04T06:33:30.675303Z  INFO mm2_app::scripted: scripted player started a bounded escape after sustained low-speed throttle tick=100042 escapes=123 position=Vec3(785.1272, 25.87372, 1823.354) speed=0.03106527402997017 heading_rad=-1.5716410875320435 bearing_rad=-0.15094205737113953 route_next=Some(407) gate=Vec3(225.863, 2.46011, 773.00256) aim=Vec3(797.0328, 25.81802, 1821.5535)
2026-10-04T06:33:32.884867Z  INFO mm2_app::scripted: scripted player started a bounded escape after sustained low-speed throttle tick=100770 escapes=124 position=Vec3(785.7555, 25.872229, 1825.9741) speed=0.024367325007915497 heading_rad=-1.0918492078781128 bearing_rad=0.10543746501207352 route_next=Some(407) gate=Vec3(225.863, 2.46011, 773.00256) aim=Vec3(797.04004, 25.81802, 1821.5516)
2026-10-04T06:33:34.968524Z  INFO mm2_app::scripted: scripted player started a bounded escape after sustained low-speed throttle tick=101482 escapes=125 position=Vec3(785.1516, 25.87218, 1823.3336) speed=-0.024478483945131302 heading_rad=-1.503682255744934 bearing_rad=-0.08181121200323105 route_next=Some(407) gate=Vec3(225.863, 2.46011, 773.00256) aim=Vec3(797.06036, 25.81802, 1821.5469)
2026-10-04T06:33:35.287554Z  INFO mm2_app::scripted: scripted player re-anchored onto its route after a bounded stuck tick=101602 reanchors=26 position=Vec3(782.1109, 25.876907, 1823.8436) speed=-5.609904766082764 heading_rad=-1.125594973564148 route_next=405 gate=Vec3(225.863, 2.46011, 773.00256) landing=Vec3(774.61847, 26.271864, 1826.8619)
2026-10-04T06:33:36.395652Z  INFO mm2_app::scripted: scripted player started a bounded escape after sustained low-speed throttle tick=102044 escapes=126 position=Vec3(785.4697, 25.873678, 1824.9077) speed=-0.008499040268361568 heading_rad=-0.8950050473213196 bearing_rad=0.39334535598754883 route_next=Some(407) gate=Vec3(225.863, 2.46011, 773.00256) aim=Vec3(797.0086, 25.81802, 1821.5591)
2026-10-04T06:33:38.022642Z  INFO mm2_app::scripted: scripted player started a bounded escape after sustained low-speed throttle tick=102752 escapes=127 position=Vec3(786.1547, 25.871035, 1827.4923) speed=0.03485986962914467 heading_rad=-1.4993815422058105 bearing_rad=-0.42733272910118103 route_next=Some(407) gate=Vec3(225.863, 2.46011, 773.00256) aim=Vec3(797.07764, 25.81802, 1821.5428)
2026-10-04T06:33:39.664042Z  INFO mm2_app::scripted: scripted player started a bounded escape after sustained low-speed throttle tick=103480 escapes=128 position=Vec3(785.68005, 25.871319, 1825.7386) speed=0.03137628734111786 heading_rad=-1.638198733329773 bearing_rad=-0.4207201898097992 route_next=Some(407) gate=Vec3(225.863, 2.46011, 773.00256) aim=Vec3(797.0214, 25.81802, 1821.556)
2026-10-04T06:33:41.271915Z  INFO mm2_app::scripted: scripted player started a bounded escape after sustained low-speed throttle tick=104184 escapes=129 position=Vec3(785.99664, 25.870926, 1826.8047) speed=0.014093008823692799 heading_rad=-1.4854894876480103 bearing_rad=-0.357946515083313 route_next=Some(407) gate=Vec3(225.863, 2.46011, 773.00256) aim=Vec3(797.0821, 25.81802, 1821.5417)
2026-10-04T06:33:42.292644Z  INFO mm2_app::scripted: scripted player started a bounded escape after sustained low-speed throttle tick=104642 escapes=130 position=Vec3(786.2499, 25.88371, 1828.1578) speed=-0.003136523300781846 heading_rad=-1.73472261428833 bearing_rad=-0.7138464450836182 route_next=Some(407) gate=Vec3(225.863, 2.46011, 773.00256) aim=Vec3(797.01843, 25.81802, 1821.5568)
2026-10-04T06:33:43.696303Z  INFO mm2_app::scripted: scripted player started a bounded escape after sustained low-speed throttle tick=105262 escapes=131 position=Vec3(786.4141, 25.869038, 1828.1772) speed=0.012151191011071205 heading_rad=-1.311418056488037 bearing_rad=-0.29480066895484924 route_next=Some(407) gate=Vec3(225.863, 2.46011, 773.00256) aim=Vec3(797.1696, 25.81802, 1821.521)
2026-10-04T06:33:45.369559Z  INFO mm2_app::scripted: scripted player started a bounded escape after sustained low-speed throttle tick=106016 escapes=132 position=Vec3(785.20776, 25.872345, 1823.6371) speed=0.0036658525932580233 heading_rad=-1.5404587984085083 bearing_rad=-0.14414319396018982 route_next=Some(407) gate=Vec3(225.863, 2.46011, 773.00256) aim=Vec3(797.0455, 25.81802, 1821.5504)
2026-10-04T06:33:46.989304Z  INFO mm2_app::scripted: scripted player started a bounded escape after sustained low-speed throttle tick=106744 escapes=133 position=Vec3(785.5382, 25.872396, 1825.158) speed=0.042915210127830505 heading_rad=-1.6502844095230103 bearing_rad=-0.3834618628025055 route_next=Some(407) gate=Vec3(225.863, 2.46011, 773.00256) aim=Vec3(797.01733, 25.81802, 1821.557)
2026-10-04T06:33:48.497714Z  INFO mm2_app::scripted: scripted player started a bounded escape after sustained low-speed throttle tick=107432 escapes=134 position=Vec3(783.52814, 25.873774, 1823.3347) speed=0.005450334399938583 heading_rad=-1.3705482482910156 bearing_rad=0.08210670948028564 route_next=Some(407) gate=Vec3(225.863, 2.46011, 773.00256) aim=Vec3(795.5229, 25.83708, 1821.911)
2026-10-04T06:33:50.216464Z  INFO mm2_app::scripted: scripted player started a bounded escape after sustained low-speed throttle tick=108210 escapes=135 position=Vec3(786.27905, 25.870451, 1827.5348) speed=0.023356381803750992 heading_rad=-1.334555745124817 bearing_rad=-0.26792773604393005 route_next=Some(407) gate=Vec3(225.863, 2.46011, 773.00256) aim=Vec3(797.18585, 25.81802, 1821.5172)
2026-10-04T06:33:51.925081Z  INFO mm2_app::scripted: scripted player started a bounded escape after sustained low-speed throttle tick=108976 escapes=136 position=Vec3(785.0143, 25.873564, 1822.8739) speed=0.03763817250728607 heading_rad=-1.564195990562439 bearing_rad=-0.10284168273210526 route_next=Some(407) gate=Vec3(225.863, 2.46011, 773.00256) aim=Vec3(797.03345, 25.81802, 1821.5532)
2026-10-04T06:33:53.501868Z  INFO mm2_app::scripted: scripted player started a bounded escape after sustained low-speed throttle tick=109690 escapes=137 position=Vec3(785.49774, 25.874647, 1825.0188) speed=0.039157360792160034 heading_rad=-0.9552776217460632 bearing_rad=0.323556125164032 route_next=Some(407) gate=Vec3(225.863, 2.46011, 773.00256) aim=Vec3(797.0102, 25.81802, 1821.5587)
2026-10-04T06:33:55.369751Z  INFO mm2_app::scripted: scripted player started a bounded escape after sustained low-speed throttle tick=110522 escapes=138 position=Vec3(782.23596, 25.880678, 1824.5073) speed=-0.041775621473789215 heading_rad=-0.9311266541481018 bearing_rad=0.4515608847141266 route_next=Some(407) gate=Vec3(225.863, 2.46011, 773.00256) aim=Vec3(794.0801, 25.83708, 1822.2527)
2026-10-04T06:33:55.457183Z  INFO mm2_app::scripted: scripted player re-anchored onto its route after a bounded stuck tick=110562 reanchors=27 position=Vec3(781.87366, 25.880926, 1824.8545) speed=-2.8001821041107178 heading_rad=-0.9847314953804016 route_next=404 gate=Vec3(225.863, 2.46011, 773.00256) landing=Vec3(770.72614, 26.29399, 1827.7838)
2026-10-04T06:33:56.748950Z  INFO mm2_app::scripted: scripted player started a bounded escape after sustained low-speed throttle tick=111086 escapes=139 position=Vec3(781.7548, 25.887514, 1825.2789) speed=-0.021735304966568947 heading_rad=-1.4275002479553223 bearing_rad=-0.09747303277254105 route_next=Some(407) gate=Vec3(225.863, 2.46011, 773.00256) aim=Vec3(794.0801, 25.83708, 1822.2527)
2026-10-04T06:33:58.429092Z  INFO mm2_app::scripted: scripted player started a bounded escape after sustained low-speed throttle tick=111842 escapes=140 position=Vec3(785.66626, 25.882065, 1825.675) speed=-0.009987742640078068 heading_rad=-1.6155459880828857 bearing_rad=-0.3927186131477356 route_next=Some(407) gate=Vec3(225.863, 2.46011, 773.00256) aim=Vec3(797.0226, 25.81802, 1821.5558)
2026-10-04T06:33:59.995919Z  INFO mm2_app::scripted: scripted player started a bounded escape after sustained low-speed throttle tick=112546 escapes=141 position=Vec3(784.96625, 25.870455, 1822.4984) speed=0.05638054758310318 heading_rad=-1.4736781120300293 bearing_rad=0.018447784706950188 route_next=Some(407) gate=Vec3(225.863, 2.46011, 773.00256) aim=Vec3(797.07214, 25.81802, 1821.5441)
2026-10-04T06:34:00.253206Z  INFO mm2_app::scripted: scripted player re-anchored onto its route after a bounded stuck tick=112656 reanchors=28 position=Vec3(782.0733, 25.876564, 1823.1285) speed=-6.470078468322754 heading_rad=-1.1908988952636719 route_next=405 gate=Vec3(225.863, 2.46011, 773.00256) landing=Vec3(774.73, 26.27125, 1826.8356)
2026-10-04T06:34:01.205985Z  INFO mm2_app::scripted: scripted player started a bounded escape after sustained low-speed throttle tick=113086 escapes=142 position=Vec3(783.8403, 25.87506, 1824.5403) speed=0.007531590759754181 heading_rad=-1.2376582622528076 bearing_rad=0.11174289882183075 route_next=Some(407) gate=Vec3(225.863, 2.46011, 773.00256) aim=Vec3(795.5481, 25.83708, 1821.905)
2026-10-04T06:34:02.248105Z  INFO mm2_app::scripted: scripted player started a bounded escape after sustained low-speed throttle tick=113546 escapes=143 position=Vec3(783.44836, 25.873625, 1822.6392) speed=0.04006059840321541 heading_rad=-0.4433842897415161 bearing_rad=1.0660171508789063 route_next=Some(407) gate=Vec3(225.863, 2.46011, 773.00256) aim=Vec3(795.60333, 25.83708, 1821.892)
2026-10-04T06:34:03.690223Z  INFO mm2_app::scripted: scripted player started a bounded escape after sustained low-speed throttle tick=114150 escapes=144 position=Vec3(786.31036, 25.869326, 1827.9523) speed=-0.016637219116091728 heading_rad=-1.2446212768554688 bearing_rad=-0.2096782773733139 route_next=Some(407) gate=Vec3(225.863, 2.46011, 773.00256) aim=Vec3(797.1218, 25.81802, 1821.5323)
2026-10-04T06:34:04.984980Z  INFO mm2_app::scripted: scripted player re-anchored onto its route after a bounded stuck tick=114680 reanchors=29 position=Vec3(783.37384, 25.888395, 1829.4407) speed=-0.4412694573402405 heading_rad=-0.5175822973251343 route_next=403 gate=Vec3(225.863, 2.46011, 773.00256) landing=Vec3(766.8338, 26.317022, 1828.7057)
2026-10-04T06:34:06.299149Z  INFO mm2_app::scripted: scripted player started a bounded escape after sustained low-speed throttle tick=115194 escapes=145 position=Vec3(781.7703, 25.876698, 1824.227) speed=-0.02481263503432274 heading_rad=-1.0791970491409302 bearing_rad=0.33256348967552185 route_next=Some(407) gate=Vec3(225.863, 2.46011, 773.00256) aim=Vec3(794.0801, 25.83708, 1822.2527)
2026-10-04T06:34:07.839428Z  INFO mm2_app::scripted: scripted player started a bounded escape after sustained low-speed throttle tick=115874 escapes=146 position=Vec3(785.6712, 25.864628, 1825.0166) speed=0.014556504786014557 heading_rad=-1.3346037864685059 bearing_rad=-0.058904144912958145 route_next=Some(407) gate=Vec3(225.863, 2.46011, 773.00256) aim=Vec3(797.175, 25.81802, 1821.5198)
2026-10-04T06:34:09.085514Z  INFO mm2_app::scripted: scripted player started a bounded escape after sustained low-speed throttle tick=116430 escapes=147 position=Vec3(785.50415, 25.870764, 1824.4084) speed=0.002985479310154915 heading_rad=-1.30790114402771 bearing_rad=0.020236829295754433 route_next=Some(407) gate=Vec3(225.863, 2.46011, 773.00256) aim=Vec3(797.15314, 25.81802, 1821.5249)
2026-10-04T06:34:10.688852Z  INFO mm2_app::scripted: scripted player started a bounded escape after sustained low-speed throttle tick=117150 escapes=148 position=Vec3(786.09393, 25.87083, 1827.4144) speed=0.008821872994303703 heading_rad=-1.6004832983016968 bearing_rad=-0.5214655995368958 route_next=Some(407) gate=Vec3(225.863, 2.46011, 773.00256) aim=Vec3(797.0375, 25.81802, 1821.5522)
2026-10-04T06:34:11.355617Z  INFO mm2_app::scripted: scripted player re-anchored onto its route after a bounded stuck tick=117452 reanchors=30 position=Vec3(775.84503, 25.917156, 1828.5392) speed=-0.46047618985176086 heading_rad=-0.6273035407066345 route_next=403 gate=Vec3(225.863, 2.46011, 773.00256) landing=Vec3(766.8338, 26.317022, 1828.7057)
2026-10-04T06:34:12.774760Z  INFO mm2_app::scripted: scripted player started a bounded escape after sustained low-speed throttle tick=118086 escapes=149 position=Vec3(785.5115, 25.872902, 1825.0092) speed=0.0007983803516253829 heading_rad=-0.7911862134933472 bearing_rad=0.48816895484924316 route_next=Some(407) gate=Vec3(225.863, 2.46011, 773.00256) aim=Vec3(797.0254, 25.81802, 1821.5552)
2026-10-04T06:34:14.395318Z  INFO mm2_app::scripted: scripted player started a bounded escape after sustained low-speed throttle tick=118814 escapes=150 position=Vec3(786.4919, 25.871025, 1828.9188) speed=-0.01613226719200611 heading_rad=-1.51227605342865 bearing_rad=-0.5500655174255371 route_next=Some(407) gate=Vec3(225.863, 2.46011, 773.00256) aim=Vec3(797.07697, 25.81802, 1821.543)
2026-10-04T06:34:15.869790Z  INFO mm2_app::scripted: scripted player started a bounded escape after sustained low-speed throttle tick=119464 escapes=151 position=Vec3(785.749, 25.869524, 1825.649) speed=0.008180724456906319 heading_rad=-1.4342461824417114 bearing_rad=-0.21090246737003326 route_next=Some(407) gate=Vec3(225.863, 2.46011, 773.00256) aim=Vec3(797.1068, 25.81802, 1821.5359)
2026-10-04T06:34:17.057870Z  INFO mm2_app::scripted: scripted player started a bounded escape after sustained low-speed throttle tick=119998 escapes=152 position=Vec3(775.13025, 25.922997, 1829.9902) speed=1.4029592275619507 heading_rad=-1.8237793445587158 bearing_rad=-0.6406391263008118 route_next=Some(407) gate=Vec3(225.863, 2.46011, 773.00256) aim=Vec3(794.0801, 25.83708, 1822.2527)
2026-10-04T06:34:19.020278Z  INFO mm2_app::scripted: scripted player started a bounded escape after sustained low-speed throttle tick=120878 escapes=153 position=Vec3(784.6157, 25.870094, 1821.2769) speed=0.04568931832909584 heading_rad=-1.0708256959915161 bearing_rad=0.5226214528083801 route_next=Some(407) gate=Vec3(225.863, 2.46011, 773.00256) aim=Vec3(797.0142, 25.81802, 1821.5577)
2026-10-04T06:34:20.664188Z  INFO mm2_app::scripted: scripted player started a bounded escape after sustained low-speed throttle tick=121630 escapes=154 position=Vec3(785.8209, 25.871397, 1826.1144) speed=-0.005619199946522713 heading_rad=-1.1644515991210938 bearing_rad=0.0204786229878664 route_next=Some(407) gate=Vec3(225.863, 2.46011, 773.00256) aim=Vec3(797.07056, 25.81802, 1821.5444)
2026-10-04T06:34:22.323215Z  INFO mm2_app::scripted: scripted player started a bounded escape after sustained low-speed throttle tick=122454 escapes=155 position=Vec3(782.0928, 25.881294, 1824.6886) speed=-0.07126742601394653 heading_rad=-0.9744312167167664 bearing_rad=0.3958871066570282 route_next=Some(407) gate=Vec3(225.863, 2.46011, 773.00256) aim=Vec3(794.0801, 25.83708, 1822.2527)
2026-10-04T06:34:23.830705Z  INFO mm2_app::scripted: scripted player started a bounded escape after sustained low-speed throttle tick=123224 escapes=156 position=Vec3(782.4106, 25.886559, 1828.3988) speed=-0.013937191106379032 heading_rad=-1.0546826124191284 bearing_rad=0.031348712742328644 route_next=Some(407) gate=Vec3(225.863, 2.46011, 773.00256) aim=Vec3(794.0801, 25.83708, 1822.2527)
2026-10-04T06:34:24.822845Z  INFO mm2_app::scripted: scripted player re-anchored onto its route after a bounded stuck tick=123728 reanchors=31 position=Vec3(778.30194, 25.9037, 1826.9512) speed=7.745242118835449 heading_rad=-1.1141563653945923 route_next=403 gate=Vec3(225.863, 2.46011, 773.00256) landing=Vec3(766.8338, 26.317022, 1828.7057)
2026-10-04T06:34:26.049061Z  INFO mm2_app::scripted: scripted player started a bounded escape after sustained low-speed throttle tick=124362 escapes=157 position=Vec3(785.5115, 25.872902, 1825.0092) speed=0.0007983803516253829 heading_rad=-0.7911862134933472 bearing_rad=0.48816895484924316 route_next=Some(407) gate=Vec3(225.863, 2.46011, 773.00256) aim=Vec3(797.0254, 25.81802, 1821.5552)
2026-10-04T06:34:27.461621Z  INFO mm2_app::scripted: scripted player started a bounded escape after sustained low-speed throttle tick=125090 escapes=158 position=Vec3(786.4919, 25.871025, 1828.9188) speed=-0.01613226719200611 heading_rad=-1.51227605342865 bearing_rad=-0.5500655174255371 route_next=Some(407) gate=Vec3(225.863, 2.46011, 773.00256) aim=Vec3(797.07697, 25.81802, 1821.543)
2026-10-04T06:34:28.972282Z  INFO mm2_app::scripted: scripted player started a bounded escape after sustained low-speed throttle tick=125868 escapes=159 position=Vec3(785.0174, 25.871918, 1822.8348) speed=-0.002271303441375494 heading_rad=-1.532922625541687 bearing_rad=-0.06851131469011307 route_next=Some(407) gate=Vec3(225.863, 2.46011, 773.00256) aim=Vec3(797.04517, 25.81802, 1821.5504)
2026-10-04T06:34:30.374573Z  INFO mm2_app::scripted: scripted player started a bounded escape after sustained low-speed throttle tick=126594 escapes=160 position=Vec3(785.7946, 25.868979, 1825.525) speed=-0.007535582408308983 heading_rad=-1.33445143699646 bearing_rad=-0.10204041004180908 route_next=Some(407) gate=Vec3(225.863, 2.46011, 773.00256) aim=Vec3(797.1778, 25.81802, 1821.519)
2026-10-04T06:34:31.730408Z  INFO mm2_app::scripted: scripted player started a bounded escape after sustained low-speed throttle tick=127288 escapes=161 position=Vec3(781.263, 25.887724, 1822.8534) speed=-0.3801466226577759 heading_rad=-1.5550992488861084 bearing_rad=-0.03113643266260624 route_next=Some(407) gate=Vec3(225.863, 2.46011, 773.00256) aim=Vec3(794.0801, 25.83708, 1822.2527)
2026-10-04T06:34:33.285515Z  INFO mm2_app::scripted: scripted player started a bounded escape after sustained low-speed throttle tick=128072 escapes=162 position=Vec3(785.52954, 25.876614, 1824.8729) speed=0.0016382304020226002 heading_rad=-1.1837880611419678 bearing_rad=0.10623125731945038 route_next=Some(407) gate=Vec3(225.863, 2.46011, 773.00256) aim=Vec3(797.07306, 25.81802, 1821.5438)
2026-10-04T06:34:34.543321Z  INFO mm2_app::scripted: scripted player started a bounded escape after sustained low-speed throttle tick=128716 escapes=163 position=Vec3(785.5585, 25.870386, 1824.9469) speed=0.005647678859531879 heading_rad=-1.1994717121124268 bearing_rad=0.08401042222976685 route_next=Some(407) gate=Vec3(225.863, 2.46011, 773.00256) aim=Vec3(797.08386, 25.81802, 1821.5413)
2026-10-04T06:34:35.986567Z  INFO mm2_app::scripted: scripted player started a bounded escape after sustained low-speed throttle tick=129460 escapes=164 position=Vec3(786.6158, 25.868334, 1828.9387) speed=-0.003901728894561529 heading_rad=-1.3345133066177368 bearing_rad=-0.3757530748844147 route_next=Some(407) gate=Vec3(225.863, 2.46011, 773.00256) aim=Vec3(797.1898, 25.81802, 1821.5162)
smoke=headless-physics world=city/stockholm.psdl status=pass updates=64976 ticks=129592 driver=scripted diff=professional phase=playing impacts=1831 dropped=0 peak=30.1m/s travel=5055.8m sim=1079.93s resets=31 controls=102416t/23590b/105924s finite=true moved=1325m wheels=4/4 final=(782,25.9,1830) race=Running cp=1/4 results=0 pos=5/6 opp=0/5 opp_rec=159 cu=4 opp_drv=26368m/4.9mps/66.7ipk/36.0xpk/6.0apk/0.99hpk opps=0:sthlm_racer/1c/150e/30r/900w,1:sthlm_racer/2c/155e/22r/900w,2:sthlm_racer/2c/177e/42r/900w,3:sthlm_racer/1c/146e/35r/900w,4:sthlm_racer/2c/162e/30r/900w p_rec=31r/164e env=lt04(noon) fog=none sky=none wtr=0.2/1698r map=inset/north/z1200/hudmap_stockholm.pkg/1t/11m dash=absent:missing-spec+pkg trk=sized ind=on/5m/5b tmr=22g/17:59:93 arr=hudarrow01/ahead sta=10g/p5of6/-/c1of4 bng=3236d/0a/6s/0b bng_ev=6a/6s/0b rcv=8w/0f/8r wfx=0r/0e/0x+8f+ut aud=0h/0v/0s/0l/0a/0r+6x
