mm2-smoke commit=1a822c1cc472f6c04a25a6832e346b162bbb0ff5
2026-10-04T06:39:20.967603Z  WARN mm2: wheel part whl0 geometry authored in place; recentring onto origin car=Some("sthlm_racer")
2026-10-04T06:39:20.967633Z  WARN mm2: wheel part whl1 geometry authored in place; recentring onto origin car=Some("sthlm_racer")
2026-10-04T06:39:20.967638Z  WARN mm2: wheel part whl2 geometry authored in place; recentring onto origin car=Some("sthlm_racer")
2026-10-04T06:39:20.967641Z  WARN mm2: wheel part whl3 geometry authored in place; recentring onto origin car=Some("sthlm_racer")
2026-10-04T06:39:21.622856Z  WARN mm2_app::city: water refs resolved no rooms; deadly water off path=city/stockholm.parts/part_-3_0.water skipped=0
2026-10-04T06:39:21.966971Z  WARN mm2_app::city: water refs resolved no rooms; deadly water off path=city/stockholm.parts/part_-2_2.water skipped=0
2026-10-04T06:39:21.970028Z  WARN mm2_app::city: water refs resolved no rooms; deadly water off path=city/stockholm.parts/part_-2_3.water skipped=0
2026-10-04T06:39:22.119389Z  WARN mm2_app::city: water refs resolved no rooms; deadly water off path=city/stockholm.parts/part_-1_0.water skipped=0
2026-10-04T06:39:22.248260Z  WARN mm2_app::city: water refs resolved no rooms; deadly water off path=city/stockholm.parts/part_-1_2.water skipped=0
2026-10-04T06:39:22.294556Z  WARN mm2_app::city: water refs resolved no rooms; deadly water off path=city/stockholm.parts/part_-1_3.water skipped=0
2026-10-04T06:39:22.408705Z  WARN mm2_app::city: water refs resolved no rooms; deadly water off path=city/stockholm.parts/part_0_-2.water skipped=0
2026-10-04T06:39:22.655646Z  WARN mm2_app::city: water refs resolved no rooms; deadly water off path=city/stockholm.parts/part_0_2.water skipped=0
2026-10-04T06:39:22.709131Z  WARN mm2_app::city: water refs resolved no rooms; deadly water off path=city/stockholm.parts/part_0_3.water skipped=0
2026-10-04T06:39:22.797494Z  WARN mm2_app::city: water refs resolved no rooms; deadly water off path=city/stockholm.parts/part_1_-3.water skipped=0
2026-10-04T06:39:22.886218Z  WARN mm2_app::city: water refs resolved no rooms; deadly water off path=city/stockholm.parts/part_1_-2.water skipped=0
2026-10-04T06:39:22.951241Z  WARN mm2_app::city: water refs resolved no rooms; deadly water off path=city/stockholm.parts/part_1_-1.water skipped=0
2026-10-04T06:39:23.157870Z  WARN mm2_app::city: water refs resolved no rooms; deadly water off path=city/stockholm.parts/part_1_1.water skipped=0
2026-10-04T06:39:23.232647Z  WARN mm2_app::city: water refs resolved no rooms; deadly water off path=city/stockholm.parts/part_1_2.water skipped=0
2026-10-04T06:39:23.289858Z  WARN mm2_app::city: water refs resolved no rooms; deadly water off path=city/stockholm.parts/part_1_3.water skipped=0
2026-10-04T06:39:23.409619Z  WARN mm2_app::city: water refs resolved no rooms; deadly water off path=city/stockholm.parts/part_2_-3.water skipped=0
2026-10-04T06:39:23.541790Z  WARN mm2_app::city: water refs resolved no rooms; deadly water off path=city/stockholm.parts/part_2_-1.water skipped=0
2026-10-04T06:39:23.661987Z  WARN mm2_app::city: water refs resolved no rooms; deadly water off path=city/stockholm.parts/part_2_1.water skipped=0
2026-10-04T06:39:23.715735Z  WARN mm2_app::city: water refs resolved no rooms; deadly water off path=city/stockholm.parts/part_2_2.water skipped=0
2026-10-04T06:39:23.737923Z  WARN mm2_app::city: water refs resolved no rooms; deadly water off path=city/stockholm.parts/part_2_3.water skipped=0
2026-10-04T06:39:24.024453Z  WARN mm2_app::city: water refs resolved no rooms; deadly water off path=city/stockholm.parts/part_3_1.water skipped=0
2026-10-04T06:39:24.072961Z  WARN mm2_app::city: water refs resolved no rooms; deadly water off path=city/stockholm.parts/part_3_2.water skipped=0
2026-10-04T06:39:24.114294Z  WARN mm2_app::city: water refs resolved no rooms; deadly water off path=city/stockholm.parts/part_3_3.water skipped=0
2026-10-04T06:39:24.281260Z  WARN mm2_app::city: water refs resolved no rooms; deadly water off path=city/stockholm.parts/part_4_1.water skipped=0
2026-10-04T06:39:24.316734Z  WARN mm2_app::city: water refs resolved no rooms; deadly water off path=city/stockholm.parts/part_4_2.water skipped=0
2026-10-04T06:39:24.593268Z  WARN mm2_app::city: water refs resolved no rooms; deadly water off path=city/stockholm.parts/part_6_1.water skipped=0
2026-10-04T06:39:24.824649Z  WARN mm2_app::object_sound: object sound table unreadable path=aud/ambient/ferry.csv error=asset not found: aud/ambient/ferry.csv
2026-10-04T06:39:24.824680Z  WARN mm2_app::object_sound: object sound table unreadable path=aud/ambient/subwaycar.csv error=asset not found: aud/ambient/subwaycar.csv
2026-10-04T06:39:24.824725Z  WARN mm2_app::environment: lighting preset validation issue path=city/stockholm.lt08 issue=OffGridName("evening")
2026-10-04T06:39:24.824732Z  WARN mm2_app::environment: fog table unavailable path=city/stockholm_fog.csv error=asset not found: city/stockholm_fog.csv
2026-10-04T06:39:24.824735Z  WARN mm2_app::environment: sky definition unavailable path=city/stockholm.sky error=asset not found: city/stockholm.sky
2026-10-04T06:39:24.843690Z  WARN mm2_app::damage_fx: smoke atlas unresolved — untextured puffs texture="fxpt2"
2026-10-04T06:39:24.843720Z  WARN mm2_app::spark_fx: spark texture unresolved — untextured streaks texture="spark"
2026-10-04T06:39:24.843728Z  WARN mm2_app::wheel_fx: wheel effect unavailable rule="dirt" path=tune/effects/dirt.asbirthrule
2026-10-04T06:39:24.843732Z  WARN mm2_app::wheel_fx: wheel effect unavailable rule="dust" path=tune/effects/dust.asbirthrule
2026-10-04T06:39:24.843736Z  WARN mm2_app::wheel_fx: wheel effect unavailable rule="grass" path=tune/effects/grass.asbirthrule
2026-10-04T06:39:24.843738Z  WARN mm2_app::wheel_fx: wheel effect unavailable rule="leaf" path=tune/effects/leaf.asbirthrule
2026-10-04T06:39:24.843741Z  WARN mm2_app::wheel_fx: wheel effect unavailable rule="smoke" path=tune/effects/smoke.asbirthrule
2026-10-04T06:39:24.843743Z  WARN mm2_app::wheel_fx: wheel effect unavailable rule="snow" path=tune/effects/snow.asbirthrule
2026-10-04T06:39:24.843746Z  WARN mm2_app::wheel_fx: wheel effect unavailable rule="splash" path=tune/effects/splash.asbirthrule
2026-10-04T06:39:24.843748Z  WARN mm2_app::wheel_fx: wheel effect unavailable rule="rock" path=tune/effects/rock.asbirthrule
2026-10-04T06:39:24.843751Z  WARN mm2_app::wheel_fx: wheel atlas unresolved — untextured puffs texture="ptx_wheel"
2026-10-04T06:39:24.844006Z  WARN mm2_app::audio: audio: aud/cardata/player/default_impacts.csv: asset not found: aud/cardata/player/default_impacts.csv
2026-10-04T06:39:24.844018Z  WARN mm2_app::audio: audio: aud/cardata/player/default_surfacedry.csv: asset not found: aud/cardata/player/default_surfacedry.csv
2026-10-04T06:39:24.844023Z  WARN mm2_app::audio: audio: aud/cardata/player/stockholmpolicesiren.csv: asset not found: aud/cardata/player/stockholmpolicesiren.csv
2026-10-04T06:39:24.844026Z  WARN mm2_app::audio: audio: aud/cardata/opponent/policesiren.csv: asset not found: aud/cardata/opponent/policesiren.csv
2026-10-04T06:39:24.845016Z  WARN mm2_app::session: nav graph failed to load — opponent routes stay verbatim error=city/stockholm.bai: not found in the VFS
2026-10-04T06:39:25.271444Z  WARN mm2_app::race_audio: audio: race cue startracelow: no wave matches stem "startracelow"
2026-10-04T06:39:25.271485Z  WARN mm2_app::audio: audio: aud/spchdata/stockholm.csv: asset not found: aud/spchdata/stockholm.csv
2026-10-04T06:39:25.561890Z  WARN mm2_app::race_audio: audio: race cue startracelow: no wave matches stem "startracelow"
2026-10-04T06:39:25.749234Z  WARN mm2_app::race_audio: audio: race cue startracelow: no wave matches stem "startracelow"
2026-10-04T06:39:25.953660Z  WARN mm2_app::race_audio: audio: race cue startracehigh: no wave matches stem "startracehigh"
2026-10-04T06:39:35.859961Z  WARN mm2_app::race_audio: audio: race cue waypoint: no wave matches stem "waypoint"
2026-10-04T06:40:00.246277Z  INFO mm2_app::scripted: scripted player started a bounded escape after sustained low-speed throttle tick=17078 escapes=1 position=Vec3(-1189.9136, 16.957487, -418.48782) speed=0.04523685574531555 heading_rad=-0.1254991888999939 bearing_rad=1.347203254699707 route_next=Some(678) gate=Vec3(1045.6683, 2.51742, 764.7204) aim=Vec3(-1186.9238, 16.94167, -418.78204)
2026-10-04T06:40:10.882292Z  WARN mm2_app::race_audio: audio: race cue waypoint: no wave matches stem "waypoint"
2026-10-04T06:40:25.868271Z  WARN mm2_app::race_audio: audio: race cue waypoint: no wave matches stem "waypoint"
2026-10-04T06:40:42.183687Z  WARN mm2_app::race_audio: audio: race cue waypoint: no wave matches stem "waypoint"
2026-10-04T06:40:53.335857Z  INFO mm2_app::scripted: scripted player started a bounded escape after sustained low-speed throttle tick=43718 escapes=2 position=Vec3(837.20087, 8.237578, -52.749744) speed=0.050222571939229965 heading_rad=-2.682251214981079 bearing_rad=0.0877089723944664 route_next=Some(1700) gate=Vec3(1045.6683, 2.51742, 764.7204) aim=Vec3(841.56024, 9.30331, -41.564472)
2026-10-04T06:40:54.742332Z  INFO mm2_app::scripted: scripted player started a bounded escape after sustained low-speed throttle tick=44390 escapes=3 position=Vec3(837.2373, 7.7264757, -60.263184) speed=-0.011801768094301224 heading_rad=-2.6507699489593506 bearing_rad=0.2860262095928192 route_next=Some(1700) gate=Vec3(1045.6683, 2.51742, 764.7204) aim=Vec3(840.5127, 8.88862, -44.494015)
2026-10-04T06:40:56.929921Z  INFO mm2_app::scripted: scripted player started a bounded escape after sustained low-speed throttle tick=45362 escapes=4 position=Vec3(835.8515, 8.406997, -49.81105) speed=0.0474696084856987 heading_rad=-2.6903998851776123 bearing_rad=-0.10549274832010269 route_next=Some(1701) gate=Vec3(1045.6683, 2.51742, 764.7204) aim=Vec3(842.339, 9.74774, -39.386734)
2026-10-04T06:40:59.102314Z  INFO mm2_app::scripted: scripted player started a bounded escape after sustained low-speed throttle tick=46372 escapes=5 position=Vec3(836.6625, 7.797916, -58.953327) speed=0.004145625978708267 heading_rad=-1.8319436311721802 bearing_rad=1.030713438987732 route_next=Some(1701) gate=Vec3(1045.6683, 2.51742, 764.7204) aim=Vec3(841.97437, 9.30331, -40.40637)
2026-10-04T06:41:00.727175Z  INFO mm2_app::scripted: scripted player started a bounded escape after sustained low-speed throttle tick=47158 escapes=6 position=Vec3(836.08765, 8.413243, -49.937) speed=0.052965324372053146 heading_rad=-2.6579644680023193 bearing_rad=-0.05188717693090439 route_next=Some(1701) gate=Vec3(1045.6683, 2.51742, 764.7204) aim=Vec3(842.3258, 9.74774, -39.423542)
2026-10-04T06:41:02.321809Z  INFO mm2_app::scripted: scripted player started a bounded escape after sustained low-speed throttle tick=47912 escapes=7 position=Vec3(839.2792, 8.579458, -54.11838) speed=0.895490288734436 heading_rad=-2.623567819595337 bearing_rad=0.3239421546459198 route_next=Some(1701) gate=Vec3(1045.6683, 2.51742, 764.7204) aim=Vec3(841.97437, 9.30331, -40.40637)
2026-10-04T06:41:03.962355Z  INFO mm2_app::scripted: scripted player re-anchored onto its route after a bounded stuck tick=48698 reanchors=1 position=Vec3(836.39166, 8.4431095, -50.029602) speed=0.04417476803064346 heading_rad=-2.7793006896972656 route_next=1695 gate=Vec3(1045.6683, 2.51742, 764.7204) landing=Vec3(830.20953, 6.6510916, -73.30721)
2026-10-04T06:41:05.413634Z  INFO mm2_app::scripted: scripted player started a bounded escape after sustained low-speed throttle tick=49364 escapes=8 position=Vec3(837.4181, 8.215776, -52.894238) speed=-0.021853147074580193 heading_rad=-2.7214715480804443 bearing_rad=0.06958023458719254 route_next=Some(1700) gate=Vec3(1045.6683, 2.51742, 764.7204) aim=Vec3(841.53906, 9.30331, -41.623714)
2026-10-04T06:41:06.334185Z  INFO mm2_app::scripted: scripted player started a bounded escape after sustained low-speed throttle tick=49778 escapes=9 position=Vec3(833.8095, 7.7128778, -58.75824) speed=1.0680724382400513 heading_rad=-1.9605871438980103 bearing_rad=0.7417020797729492 route_next=Some(1700) gate=Vec3(1045.6683, 2.51742, 764.7204) aim=Vec3(840.5127, 8.88862, -44.494015)
2026-10-04T06:41:07.775645Z  INFO mm2_app::scripted: scripted player started a bounded escape after sustained low-speed throttle tick=50412 escapes=10 position=Vec3(837.0204, 8.403592, -50.325577) speed=-0.012712971307337284 heading_rad=-2.64727520942688 bearing_rad=0.04094205051660538 route_next=Some(1701) gate=Vec3(1045.6683, 2.51742, 764.7204) aim=Vec3(842.30835, 9.30331, -39.472347)
2026-10-04T06:41:08.689796Z  INFO mm2_app::scripted: scripted player re-anchored onto its route after a bounded stuck tick=50840 reanchors=2 position=Vec3(838.59045, 8.367753, -53.8178) speed=-0.044009700417518616 heading_rad=-1.9036728143692017 route_next=1693 gate=Vec3(1045.6683, 2.51742, 764.7204) landing=Vec3(827.864, 5.7930875, -82.04118)
2026-10-04T06:41:10.678503Z  INFO mm2_app::scripted: scripted player started a bounded escape after sustained low-speed throttle tick=51786 escapes=11 position=Vec3(835.0471, 8.238836, -53.346214) speed=0.0006913095712661743 heading_rad=-2.4131228923797607 bearing_rad=0.206485316157341 route_next=Some(1700) gate=Vec3(1045.6683, 2.51742, 764.7204) aim=Vec3(841.127, 9.30331, -42.776157)
2026-10-04T06:41:11.700215Z  INFO mm2_app::scripted: scripted player started a bounded escape after sustained low-speed throttle tick=52248 escapes=12 position=Vec3(835.4184, 8.203157, -53.80085) speed=0.050354115664958954 heading_rad=-2.28080153465271 bearing_rad=0.37965136766433716 route_next=Some(1700) gate=Vec3(1045.6683, 2.51742, 764.7204) aim=Vec3(841.02496, 9.30331, -43.061543)
2026-10-04T06:41:12.998275Z  INFO mm2_app::scripted: scripted player started a bounded escape after sustained low-speed throttle tick=52840 escapes=13 position=Vec3(834.851, 8.246194, -53.19416) speed=-0.0013603158295154572 heading_rad=-2.4126429557800293 bearing_rad=0.1880011260509491 route_next=Some(1700) gate=Vec3(1045.6683, 2.51742, 764.7204) aim=Vec3(841.15295, 9.30331, -42.70351)
2026-10-04T06:41:13.735014Z  INFO mm2_app::scripted: scripted player re-anchored onto its route after a bounded stuck tick=53118 reanchors=3 position=Vec3(834.9653, 7.9601626, -56.386295) speed=3.555129051208496 heading_rad=-1.9701340198516846 route_next=1695 gate=Vec3(1045.6683, 2.51742, 764.7204) landing=Vec3(829.7381, 6.518488, -74.62552)
2026-10-04T06:41:17.001938Z  INFO mm2_app::scripted: scripted player started a bounded escape after sustained low-speed throttle tick=54632 escapes=14 position=Vec3(836.8203, 7.7362046, -59.6976) speed=0.12303377687931061 heading_rad=-2.205406427383423 bearing_rad=0.6979362964630127 route_next=Some(1700) gate=Vec3(1045.6683, 2.51742, 764.7204) aim=Vec3(840.5127, 8.88862, -44.494015)
2026-10-04T06:41:18.814235Z  INFO mm2_app::scripted: scripted player started a bounded escape after sustained low-speed throttle tick=55508 escapes=15 position=Vec3(838.2846, 8.202906, -53.193897) speed=-0.000533678918145597 heading_rad=-2.7713332176208496 bearing_rad=0.09600917994976044 route_next=Some(1700) gate=Vec3(1045.6683, 2.51742, 764.7204) aim=Vec3(841.5423, 9.30331, -41.614677)
2026-10-04T06:41:19.690935Z  INFO mm2_app::scripted: scripted player started a bounded escape after sustained low-speed throttle tick=55922 escapes=16 position=Vec3(838.2993, 8.186262, -53.18629) speed=-0.0015305991983041167 heading_rad=-2.7770156860351563 bearing_rad=0.09126225858926773 route_next=Some(1700) gate=Vec3(1045.6683, 2.51742, 764.7204) aim=Vec3(841.5464, 9.30331, -41.603264)
2026-10-04T06:41:20.564307Z  INFO mm2_app::scripted: scripted player started a bounded escape after sustained low-speed throttle tick=56336 escapes=17 position=Vec3(838.3089, 8.149152, -53.157013) speed=0.0011831065639853477 heading_rad=-2.7760567665100098 bearing_rad=0.09215141087770462 route_next=Some(1700) gate=Vec3(1045.6683, 2.51742, 764.7204) aim=Vec3(841.55676, 9.30331, -41.574265)
2026-10-04T06:41:21.637598Z  INFO mm2_app::scripted: scripted player started a bounded escape after sustained low-speed throttle tick=56844 escapes=18 position=Vec3(838.5704, 8.226502, -53.30512) speed=-0.0011165747418999672 heading_rad=-2.893857002258301 bearing_rad=-0.0011422868119552732 route_next=Some(1700) gate=Vec3(1045.6683, 2.51742, 764.7204) aim=Vec3(841.5394, 9.30331, -41.62269)
2026-10-04T06:41:21.847207Z  INFO mm2_app::scripted: scripted player re-anchored onto its route after a bounded stuck tick=56946 reanchors=4 position=Vec3(838.53827, 8.281515, -54.301647) speed=-1.6597700119018555 heading_rad=-2.6440999507904053 route_next=1693 gate=Vec3(1045.6683, 2.51742, 764.7204) landing=Vec3(828.2481, 5.9596963, -80.32452)
2026-10-04T06:41:23.150380Z  INFO mm2_app::scripted: scripted player started a bounded escape after sustained low-speed throttle tick=57554 escapes=19 position=Vec3(835.7244, 7.998128, -56.297646) speed=0.0778895765542984 heading_rad=-2.5117263793945313 bearing_rad=0.24448952078819275 route_next=Some(1700) gate=Vec3(1045.6683, 2.51742, 764.7204) aim=Vec3(840.5127, 8.88862, -44.494015)
2026-10-04T06:41:24.792301Z  INFO mm2_app::scripted: scripted player started a bounded escape after sustained low-speed throttle tick=58332 escapes=20 position=Vec3(838.12054, 8.2147, -53.132473) speed=0.0010880355257540941 heading_rad=-2.7355332374572754 bearing_rad=0.11726482957601547 route_next=Some(1700) gate=Vec3(1045.6683, 2.51742, 764.7204) aim=Vec3(841.5432, 9.30331, -41.612236)
2026-10-04T06:41:25.851076Z  INFO mm2_app::scripted: scripted player started a bounded escape after sustained low-speed throttle tick=58836 escapes=21 position=Vec3(837.8105, 8.208488, -53.046665) speed=0.03495896980166435 heading_rad=-2.811932325363159 bearing_rad=0.01417972519993782 route_next=Some(1700) gate=Vec3(1045.6683, 2.51742, 764.7204) aim=Vec3(841.5352, 9.30331, -41.634453)
2026-10-04T06:41:26.564426Z  INFO mm2_app::scripted: scripted player re-anchored onto its route after a bounded stuck tick=59164 reanchors=5 position=Vec3(832.0697, 7.3630366, -62.065434) speed=-0.0763566642999649 heading_rad=3.1250219345092773 route_next=1695 gate=Vec3(1045.6683, 2.51742, 764.7204) landing=Vec3(829.7381, 6.518488, -74.62552)
2026-10-04T06:41:27.495413Z  INFO mm2_app::scripted: scripted player started a bounded escape after sustained low-speed throttle tick=59610 escapes=22 position=Vec3(832.25366, 6.858711, -67.769135) speed=0.7982779741287231 heading_rad=-2.807853937149048 bearing_rad=-0.00466998340561986 route_next=Some(1697) gate=Vec3(1045.6683, 2.51742, 764.7204) aim=Vec3(836.23755, 7.6516, -56.449585)
2026-10-04T06:41:29.653544Z  INFO mm2_app::scripted: scripted player started a bounded escape after sustained low-speed throttle tick=60594 escapes=23 position=Vec3(837.4588, 8.398752, -50.487057) speed=-0.0065096174366772175 heading_rad=-2.6744000911712646 bearing_rad=0.05242351442575455 route_next=Some(1701) gate=Vec3(1045.6683, 2.51742, 764.7204) aim=Vec3(842.3069, 9.30331, -39.476517)
2026-10-04T06:41:31.388431Z  INFO mm2_app::scripted: scripted player started a bounded escape after sustained low-speed throttle tick=61408 escapes=24 position=Vec3(838.2194, 8.207136, -53.19422) speed=0.00046179440687410533 heading_rad=-2.8712804317474365 bearing_rad=-0.015293700620532036 route_next=Some(1701) gate=Vec3(1045.6683, 2.51742, 764.7204) aim=Vec3(841.97437, 9.30331, -40.40637)
2026-10-04T06:41:32.328603Z  INFO mm2_app::scripted: scripted player started a bounded escape after sustained low-speed throttle tick=61822 escapes=25 position=Vec3(838.2092, 8.208923, -53.19335) speed=-0.00017302832566201687 heading_rad=-2.866281270980835 bearing_rad=-0.01104662287980318 route_next=Some(1701) gate=Vec3(1045.6683, 2.51742, 764.7204) aim=Vec3(841.97437, 9.30331, -40.40637)
2026-10-04T06:41:33.206630Z  INFO mm2_app::scripted: scripted player started a bounded escape after sustained low-speed throttle tick=62236 escapes=26 position=Vec3(838.20166, 8.212865, -53.195156) speed=0.013415506109595299 heading_rad=-2.86197829246521 bearing_rad=-0.0072498987428843975 route_next=Some(1701) gate=Vec3(1045.6683, 2.51742, 764.7204) aim=Vec3(841.97437, 9.30331, -40.40637)
2026-10-04T06:41:34.116004Z  INFO mm2_app::scripted: scripted player started a bounded escape after sustained low-speed throttle tick=62656 escapes=27 position=Vec3(836.8256, 7.950693, -57.873745) speed=0.01589655876159668 heading_rad=-1.9766255617141724 bearing_rad=0.8783214092254639 route_next=Some(1701) gate=Vec3(1045.6683, 2.51742, 764.7204) aim=Vec3(841.97437, 9.30331, -40.40637)
2026-10-04T06:41:34.174124Z  INFO mm2_app::scripted: scripted player re-anchored onto its route after a bounded stuck tick=62684 reanchors=6 position=Vec3(836.74097, 7.9220495, -57.880653) speed=-0.8606798648834229 heading_rad=-1.9927797317504883 route_next=1694 gate=Vec3(1045.6683, 2.51742, 764.7204) landing=Vec3(828.7373, 6.1719413, -78.13767)
2026-10-04T06:41:35.413631Z  INFO mm2_app::scripted: scripted player started a bounded escape after sustained low-speed throttle tick=63274 escapes=28 position=Vec3(835.8285, 7.9997115, -56.329666) speed=0.0581507571041584 heading_rad=-2.656092882156372 bearing_rad=0.10864463448524475 route_next=Some(1700) gate=Vec3(1045.6683, 2.51742, 764.7204) aim=Vec3(840.5127, 8.88862, -44.494015)
2026-10-04T06:41:36.787082Z  INFO mm2_app::scripted: scripted player started a bounded escape after sustained low-speed throttle tick=63888 escapes=29 position=Vec3(830.273, 7.278115, -62.388863) speed=-0.0010285619646310806 heading_rad=-2.8090128898620605 bearing_rad=-0.18715833127498627 route_next=Some(1700) gate=Vec3(1045.6683, 2.51742, 764.7204) aim=Vec3(840.5127, 8.88862, -44.494015)
2026-10-04T06:41:38.617019Z  INFO mm2_app::scripted: scripted player started a bounded escape after sustained low-speed throttle tick=64728 escapes=30 position=Vec3(836.33307, 8.443907, -50.064365) speed=0.04217667877674103 heading_rad=-2.641942024230957 bearing_rad=-0.013778040185570717 route_next=Some(1701) gate=Vec3(1045.6683, 2.51742, 764.7204) aim=Vec3(842.3133, 9.30331, -39.458664)
2026-10-04T06:41:39.648796Z  INFO mm2_app::scripted: scripted player started a bounded escape after sustained low-speed throttle tick=65206 escapes=31 position=Vec3(837.26184, 8.462091, -50.55852) speed=-0.016946591436862946 heading_rad=-2.287712335586548 bearing_rad=0.42574307322502136 route_next=Some(1701) gate=Vec3(1045.6683, 2.51742, 764.7204) aim=Vec3(842.2619, 9.30331, -39.602325)
2026-10-04T06:41:41.342850Z  INFO mm2_app::scripted: scripted player started a bounded escape after sustained low-speed throttle tick=65968 escapes=32 position=Vec3(836.9024, 8.413464, -50.20005) speed=-0.0008122992003336549 heading_rad=-2.7529473304748535 bearing_rad=-0.07733818143606186 route_next=Some(1701) gate=Vec3(1045.6683, 2.51742, 764.7204) aim=Vec3(842.3348, 9.74774, -39.398457)
2026-10-04T06:41:41.975030Z  INFO mm2_app::scripted: scripted player re-anchored onto its route after a bounded stuck tick=66222 reanchors=7 position=Vec3(836.9202, 8.45184, -50.237263) speed=-0.008702384307980537 heading_rad=-2.757814884185791 route_next=1698 gate=Vec3(1045.6683, 2.51742, 764.7204) landing=Vec3(834.244, 7.7859945, -62.024426)
2026-10-04T06:41:42.878478Z  INFO mm2_app::scripted: scripted player started a bounded escape after sustained low-speed throttle tick=66648 escapes=33 position=Vec3(836.16504, 8.0127945, -56.367226) speed=-0.11346541345119476 heading_rad=-2.650794506072998 bearing_rad=0.13978806138038635 route_next=Some(1700) gate=Vec3(1045.6683, 2.51742, 764.7204) aim=Vec3(840.5127, 8.88862, -44.494015)
2026-10-04T06:41:44.081582Z  INFO mm2_app::scripted: scripted player started a bounded escape after sustained low-speed throttle tick=67216 escapes=34 position=Vec3(836.8781, 7.661544, -60.531105) speed=0.04468543082475662 heading_rad=-1.958785057067871 bearing_rad=0.9599364995956421 route_next=Some(1700) gate=Vec3(1045.6683, 2.51742, 764.7204) aim=Vec3(840.5127, 8.88862, -44.494015)
2026-10-04T06:41:45.492783Z  INFO mm2_app::scripted: scripted player started a bounded escape after sustained low-speed throttle tick=67828 escapes=35 position=Vec3(830.25354, 6.950385, -66.064064) speed=-0.010923195630311966 heading_rad=2.360114336013794 bearing_rad=-1.2254327535629272 route_next=Some(1700) gate=Vec3(1045.6683, 2.51742, 764.7204) aim=Vec3(840.5127, 8.88862, -44.494015)
2026-10-04T06:41:45.941502Z  INFO mm2_app::scripted: scripted player re-anchored onto its route after a bounded stuck tick=68022 reanchors=8 position=Vec3(832.28015, 6.8895617, -67.425446) speed=1.1409268379211426 heading_rad=2.8758864402770996 route_next=1699 gate=Vec3(1045.6683, 2.51742, 764.7204) landing=Vec3(835.12537, 8.033912, -59.559757)
2026-10-04T06:41:47.150811Z  INFO mm2_app::scripted: scripted player started a bounded escape after sustained low-speed throttle tick=68512 escapes=36 position=Vec3(837.3937, 8.218157, -52.96095) speed=0.03531082347035408 heading_rad=-2.7490506172180176 bearing_rad=0.041957829147577286 route_next=Some(1700) gate=Vec3(1045.6683, 2.51742, 764.7204) aim=Vec3(841.51514, 9.30331, -41.690605)
2026-10-04T06:41:50.012916Z  INFO mm2_app::scripted: scripted player started a bounded escape after sustained low-speed throttle tick=69834 escapes=37 position=Vec3(835.6043, 8.413937, -49.717125) speed=-0.004529403522610664 heading_rad=-2.6832497119903564 bearing_rad=-0.11929060518741608 route_next=Some(1701) gate=Vec3(1045.6683, 2.51742, 764.7204) aim=Vec3(842.34076, 9.74774, -39.38184)
2026-10-04T06:41:51.517500Z  INFO mm2_app::scripted: scripted player started a bounded escape after sustained low-speed throttle tick=70542 escapes=38 position=Vec3(836.6521, 7.8064337, -58.86422) speed=0.006199255585670471 heading_rad=-1.8086165189743042 bearing_rad=1.0522441864013672 route_next=Some(1701) gate=Vec3(1045.6683, 2.51742, 764.7204) aim=Vec3(841.97437, 9.30331, -40.40637)
2026-10-04T06:41:53.127905Z  INFO mm2_app::scripted: scripted player started a bounded escape after sustained low-speed throttle tick=71318 escapes=39 position=Vec3(835.94244, 8.418054, -49.88138) speed=0.028058433905243874 heading_rad=-2.6546666622161865 bearing_rad=-0.06104417145252228 route_next=Some(1701) gate=Vec3(1045.6683, 2.51742, 764.7204) aim=Vec3(842.327, 9.74774, -39.420265)
2026-10-04T06:41:54.527724Z  INFO mm2_app::scripted: scripted player started a bounded escape after sustained low-speed throttle tick=71980 escapes=40 position=Vec3(837.75146, 8.1942425, -56.564384) speed=1.3976881504058838 heading_rad=-2.2223775386810303 bearing_rad=0.6635828018188477 route_next=Some(1701) gate=Vec3(1045.6683, 2.51742, 764.7204) aim=Vec3(841.97437, 9.30331, -40.40637)
2026-10-04T06:41:56.514463Z  INFO mm2_app::scripted: scripted player started a bounded escape after sustained low-speed throttle tick=72812 escapes=41 position=Vec3(836.54315, 8.437232, -50.122562) speed=0.046963199973106384 heading_rad=-2.6796998977661133 bearing_rad=-0.033885855227708817 route_next=Some(1701) gate=Vec3(1045.6683, 2.51742, 764.7204) aim=Vec3(842.31866, 9.30331, -39.443657)
2026-10-04T06:41:58.611114Z  INFO mm2_app::scripted: scripted player started a bounded escape after sustained low-speed throttle tick=73714 escapes=42 position=Vec3(840.3342, 8.98592, -52.051693) speed=-0.023156289011240005 heading_rad=-2.605530261993408 bearing_rad=0.38817328214645386 route_next=Some(1701) gate=Vec3(1045.6683, 2.51742, 764.7204) aim=Vec3(842.1368, 9.30331, -39.95215)
2026-10-04T06:42:00.225192Z  INFO mm2_app::scripted: scripted player started a bounded escape after sustained low-speed throttle tick=74454 escapes=43 position=Vec3(838.3576, 8.202912, -53.23089) speed=-0.016864286735653877 heading_rad=-2.8973124027252197 bearing_rad=-0.030599821358919144 route_next=Some(1701) gate=Vec3(1045.6683, 2.51742, 764.7204) aim=Vec3(841.97437, 9.30331, -40.40637)
2026-10-04T06:42:01.090261Z  INFO mm2_app::scripted: scripted player started a bounded escape after sustained low-speed throttle tick=74868 escapes=44 position=Vec3(838.37836, 8.139485, -53.181824) speed=0.015139531344175339 heading_rad=-2.9007840156555176 bearing_rad=-0.03356998786330223 route_next=Some(1701) gate=Vec3(1045.6683, 2.51742, 764.7204) aim=Vec3(841.97437, 9.30331, -40.40637)
2026-10-04T06:42:01.914881Z  INFO mm2_app::scripted: scripted player re-anchored onto its route after a bounded stuck tick=75254 reanchors=9 position=Vec3(838.6991, 8.209047, -53.298077) speed=-0.047259487211704254 heading_rad=3.017610788345337 route_next=1696 gate=Vec3(1045.6683, 2.51742, 764.7204) landing=Vec3(831.19977, 6.929651, -70.53788)
2026-10-04T06:42:03.265246Z  INFO mm2_app::scripted: scripted player started a bounded escape after sustained low-speed throttle tick=75900 escapes=45 position=Vec3(837.4372, 8.21568, -52.912514) speed=8.00135312601924e-5 heading_rad=-2.735605239868164 bearing_rad=0.057456355541944504 route_next=Some(1700) gate=Vec3(1045.6683, 2.51742, 764.7204) aim=Vec3(841.53546, 9.30331, -41.633854)
2026-10-04T06:42:04.843411Z  INFO mm2_app::scripted: scripted player started a bounded escape after sustained low-speed throttle tick=76636 escapes=46 position=Vec3(837.0852, 8.020243, -57.740257) speed=-0.035540010780096054 heading_rad=-2.0752816200256348 bearing_rad=0.8131124377250671 route_next=Some(1700) gate=Vec3(1045.6683, 2.51742, 764.7204) aim=Vec3(840.5127, 8.88862, -44.494015)
2026-10-04T06:42:06.415141Z  INFO mm2_app::scripted: scripted player started a bounded escape after sustained low-speed throttle tick=77360 escapes=47 position=Vec3(836.7774, 7.7711954, -59.38232) speed=0.02714279666543007 heading_rad=-2.060030698776245 bearing_rad=0.8357481360435486 route_next=Some(1700) gate=Vec3(1045.6683, 2.51742, 764.7204) aim=Vec3(840.5127, 8.88862, -44.494015)
2026-10-04T06:42:06.491823Z  INFO mm2_app::scripted: scripted player re-anchored onto its route after a bounded stuck tick=77394 reanchors=10 position=Vec3(836.466, 7.733161, -59.472427) speed=-2.0022575855255127 heading_rad=-2.1180012226104736 route_next=1697 gate=Vec3(1045.6683, 2.51742, 764.7204) landing=Vec3(832.43176, 7.2761984, -67.09264)
2026-10-04T06:42:07.737848Z  INFO mm2_app::scripted: scripted player started a bounded escape after sustained low-speed throttle tick=77994 escapes=48 position=Vec3(837.4068, 8.216927, -52.92449) speed=0.026682604104280472 heading_rad=-2.7353460788726807 bearing_rad=0.055668123066425323 route_next=Some(1700) gate=Vec3(1045.6683, 2.51742, 764.7204) aim=Vec3(841.5282, 9.30331, -41.654114)
2026-10-04T06:42:09.340256Z  INFO mm2_app::scripted: scripted player started a bounded escape after sustained low-speed throttle tick=78716 escapes=49 position=Vec3(831.9763, 7.622636, -59.071377) speed=0.6416712403297424 heading_rad=-3.075533151626587 bearing_rad=-0.46369802951812744 route_next=Some(1700) gate=Vec3(1045.6683, 2.51742, 764.7204) aim=Vec3(840.5127, 8.88862, -44.494015)
2026-10-04T06:42:11.147501Z  INFO mm2_app::scripted: scripted player started a bounded escape after sustained low-speed throttle tick=79576 escapes=50 position=Vec3(837.60596, 8.161468, -54.56505) speed=0.014823872596025467 heading_rad=-2.8192498683929443 bearing_rad=0.033370159566402435 route_next=Some(1700) gate=Vec3(1045.6683, 2.51742, 764.7204) aim=Vec3(841.03064, 9.30331, -43.045544)
2026-10-04T06:42:12.747250Z  INFO mm2_app::scripted: scripted player started a bounded escape after sustained low-speed throttle tick=80340 escapes=51 position=Vec3(832.0981, 7.626219, -59.159668) speed=0.011632460169494152 heading_rad=3.110198497772217 bearing_rad=-0.5522984266281128 route_next=Some(1700) gate=Vec3(1045.6683, 2.51742, 764.7204) aim=Vec3(840.5127, 8.88862, -44.494015)
2026-10-04T06:42:14.522142Z  INFO mm2_app::scripted: scripted player started a bounded escape after sustained low-speed throttle tick=81160 escapes=52 position=Vec3(836.87756, 7.552476, -61.93133) speed=-0.028176607564091682 heading_rad=-2.186107635498047 bearing_rad=0.7499600648880005 route_next=Some(1700) gate=Vec3(1045.6683, 2.51742, 764.7204) aim=Vec3(840.5127, 8.88862, -44.494015)
2026-10-04T06:42:16.176502Z  INFO mm2_app::scripted: scripted player started a bounded escape after sustained low-speed throttle tick=81952 escapes=53 position=Vec3(830.1665, 7.069572, -64.71728) speed=0.0009238680358976126 heading_rad=3.0625696182250977 bearing_rad=-0.5519063472747803 route_next=Some(1700) gate=Vec3(1045.6683, 2.51742, 764.7204) aim=Vec3(840.5127, 8.88862, -44.494015)
2026-10-04T06:42:17.987311Z  INFO mm2_app::scripted: scripted player started a bounded escape after sustained low-speed throttle tick=82774 escapes=54 position=Vec3(835.18427, 6.9736357, -67.60051) speed=0.03171443194150925 heading_rad=-2.251315116882324 bearing_rad=0.6636363863945007 route_next=Some(1700) gate=Vec3(1045.6683, 2.51742, 764.7204) aim=Vec3(840.5127, 8.88862, -44.494015)
2026-10-04T06:42:20.470425Z  INFO mm2_app::scripted: scripted player started a bounded escape after sustained low-speed throttle tick=83856 escapes=55 position=Vec3(839.1209, 8.348456, -53.8032) speed=0.009555723518133163 heading_rad=-2.536144256591797 bearing_rad=0.41287004947662354 route_next=Some(1700) gate=Vec3(1045.6683, 2.51742, 764.7204) aim=Vec3(841.444, 9.30331, -41.889767)
2026-10-04T06:42:21.685270Z  INFO mm2_app::scripted: scripted player started a bounded escape after sustained low-speed throttle tick=84416 escapes=56 position=Vec3(838.74695, 8.420094, -54.78006) speed=0.04603896662592888 heading_rad=-2.3412411212921143 bearing_rad=0.6058827042579651 route_next=Some(1700) gate=Vec3(1045.6683, 2.51742, 764.7204) aim=Vec3(841.09186, 9.30331, -42.874424)
2026-10-04T06:42:23.432951Z  INFO mm2_app::scripted: scripted player started a bounded escape after sustained low-speed throttle tick=85210 escapes=57 position=Vec3(839.7181, 8.807791, -52.912117) speed=0.35899868607521057 heading_rad=-2.7102158069610596 bearing_rad=0.2600878179073334 route_next=Some(1700) gate=Vec3(1045.6683, 2.51742, 764.7204) aim=Vec3(841.7942, 9.30331, -40.910374)
2026-10-04T06:42:23.725491Z  INFO mm2_app::scripted: scripted player re-anchored onto its route after a bounded stuck tick=85338 reanchors=11 position=Vec3(838.3799, 9.159736, -54.536377) speed=-0.6132582426071167 heading_rad=-2.828169822692871 route_next=1698 gate=Vec3(1045.6683, 2.51742, 764.7204) landing=Vec3(834.3933, 7.827989, -61.606934)
2026-10-04T06:42:24.836673Z  INFO mm2_app::scripted: scripted player started a bounded escape after sustained low-speed throttle tick=85874 escapes=58 position=Vec3(836.9312, 8.173125, -54.28718) speed=0.009132902137935162 heading_rad=-2.8384292125701904 bearing_rad=-0.046497173607349396 route_next=Some(1700) gate=Vec3(1045.6683, 2.51742, 764.7204) aim=Vec3(841.04224, 9.30331, -43.013107)
2026-10-04T06:42:26.238520Z  INFO mm2_app::scripted: scripted player started a bounded escape after sustained low-speed throttle tick=86554 escapes=59 position=Vec3(835.63416, 8.22232, -53.777786) speed=0.04846648871898651 heading_rad=-2.8359806537628174 bearing_rad=-0.15951475501060486 route_next=Some(1700) gate=Vec3(1045.6683, 2.51742, 764.7204) aim=Vec3(841.0567, 9.30331, -42.97268)
2026-10-04T06:42:27.889050Z  INFO mm2_app::scripted: scripted player started a bounded escape after sustained low-speed throttle tick=87336 escapes=60 position=Vec3(836.9028, 7.6258388, -61.09177) speed=0.012913364917039871 heading_rad=-2.1126210689544678 bearing_rad=0.8148121237754822 route_next=Some(1700) gate=Vec3(1045.6683, 2.51742, 764.7204) aim=Vec3(840.5127, 8.88862, -44.494015)
2026-10-04T06:42:29.397747Z  INFO mm2_app::scripted: scripted player started a bounded escape after sustained low-speed throttle tick=88018 escapes=61 position=Vec3(830.98376, 7.336686, -62.008106) speed=0.01849624328315258 heading_rad=-3.11379075050354 bearing_rad=-0.4704788327217102 route_next=Some(1700) gate=Vec3(1045.6683, 2.51742, 764.7204) aim=Vec3(840.5127, 8.88862, -44.494015)
2026-10-04T06:42:31.014307Z  INFO mm2_app::scripted: scripted player started a bounded escape after sustained low-speed throttle tick=88756 escapes=62 position=Vec3(834.1785, 6.7497263, -69.71971) speed=-0.00888240709900856 heading_rad=-2.018979787826538 bearing_rad=0.8765994310379028 route_next=Some(1700) gate=Vec3(1045.6683, 2.51742, 764.7204) aim=Vec3(840.5127, 8.88862, -44.494015)
2026-10-04T06:42:32.632921Z  INFO mm2_app::scripted: scripted player started a bounded escape after sustained low-speed throttle tick=89480 escapes=63 position=Vec3(826.8403, 6.0194225, -75.35237) speed=0.010913359001278877 heading_rad=2.6271286010742188 bearing_rad=-0.9315404295921326 route_next=Some(1700) gate=Vec3(1045.6683, 2.51742, 764.7204) aim=Vec3(840.5127, 8.88862, -44.494015)
2026-10-04T06:42:34.263747Z  INFO mm2_app::scripted: scripted player started a bounded escape after sustained low-speed throttle tick=90204 escapes=64 position=Vec3(830.1079, 5.3451858, -83.56698) speed=0.02857397310435772 heading_rad=-2.1090292930603027 bearing_rad=0.7723115682601929 route_next=Some(1700) gate=Vec3(1045.6683, 2.51742, 764.7204) aim=Vec3(840.5127, 8.88862, -44.494015)
2026-10-04T06:42:35.485643Z  INFO mm2_app::scripted: scripted player started a bounded escape after sustained low-speed throttle tick=90784 escapes=65 position=Vec3(823.38257, 4.789306, -87.37125) speed=0.02350124903023243 heading_rad=2.8892953395843506 bearing_rad=-0.6323860883712769 route_next=Some(1700) gate=Vec3(1045.6683, 2.51742, 764.7204) aim=Vec3(840.5127, 8.88862, -44.494015)
2026-10-04T06:42:36.485268Z  INFO mm2_app::scripted: scripted player started a bounded escape after sustained low-speed throttle tick=91264 escapes=66 position=Vec3(823.56824, 4.8703856, -87.304184) speed=0.019809473305940628 heading_rad=2.899078369140625 bearing_rad=-0.6193986535072327 route_next=Some(1700) gate=Vec3(1045.6683, 2.51742, 764.7204) aim=Vec3(840.5127, 8.88862, -44.494015)
2026-10-04T06:42:41.244087Z  INFO mm2_app::scripted: scripted player re-anchored onto its route after a bounded stuck tick=93434 reanchors=12 position=Vec3(902.751, 1.317352, -2.1993263) speed=10.493114471435547 heading_rad=-1.7066844701766968 route_next=1727 gate=Vec3(1045.6683, 2.51742, 764.7204) landing=Vec3(909.84344, 11.908494, 37.092785)
2026-10-04T06:42:50.037821Z  INFO mm2_app::scripted: scripted player started a bounded escape after sustained low-speed throttle tick=97488 escapes=67 position=Vec3(1299.7853, 11.061266, 746.5365) speed=0.017500752583146095 heading_rad=2.1401240825653076 bearing_rad=-1.101544976234436 route_next=Some(1904) gate=Vec3(1045.6683, 2.51742, 764.7204) aim=Vec3(1300.9905, 10.9804, 758.53906)
2026-10-04T06:42:51.259075Z  INFO mm2_app::scripted: scripted player started a bounded escape after sustained low-speed throttle tick=98022 escapes=68 position=Vec3(1300.5254, 11.024971, 751.1249) speed=0.02868121676146984 heading_rad=-3.131519079208374 bearing_rad=-0.10831057280302048 route_next=Some(1906) gate=Vec3(1045.6683, 2.51742, 764.7204) aim=Vec3(1301.9829, 10.94173, 763.3791)
2026-10-04T06:42:52.450068Z  INFO mm2_app::scripted: scripted player started a bounded escape after sustained low-speed throttle tick=98534 escapes=69 position=Vec3(1300.6184, 11.025621, 751.1652) speed=-0.0015074348775669932 heading_rad=3.1030423641204834 bearing_rad=-0.14980639517307281 route_next=Some(1906) gate=Vec3(1045.6683, 2.51742, 764.7204) aim=Vec3(1301.9829, 10.94173, 763.3791)
2026-10-04T06:42:54.017097Z  INFO mm2_app::scripted: scripted player started a bounded escape after sustained low-speed throttle tick=99156 escapes=70 position=Vec3(1298.3878, 11.080462, 745.3976) speed=0.0324687585234642 heading_rad=-2.9575788974761963 bearing_rad=-0.013317173346877098 route_next=Some(1906) gate=Vec3(1045.6683, 2.51742, 764.7204) aim=Vec3(1301.9829, 10.94173, 763.3791)
2026-10-04T06:42:54.869541Z  INFO mm2_app::scripted: scripted player started a bounded escape after sustained low-speed throttle tick=99570 escapes=71 position=Vec3(1298.3546, 11.076734, 745.3895) speed=0.02356390282511711 heading_rad=-2.9426212310791016 bearing_rad=-4.7588076995452866e-5 route_next=Some(1906) gate=Vec3(1045.6683, 2.51742, 764.7204) aim=Vec3(1301.9829, 10.94173, 763.3791)
2026-10-04T06:42:54.907554Z  INFO mm2_app::scripted: scripted player re-anchored onto its route after a bounded stuck tick=99588 reanchors=13 position=Vec3(1298.3572, 11.076524, 745.308) speed=-0.8605685234069824 heading_rad=-2.9288828372955322 route_next=1902 gate=Vec3(1045.6683, 2.51742, 764.7204) landing=Vec3(1296.3588, 11.514291, 735.94977)
2026-10-04T06:42:55.761347Z  INFO mm2_app::scripted: scripted player started a bounded escape after sustained low-speed throttle tick=100010 escapes=72 position=Vec3(1298.7257, 11.074208, 745.5055) speed=0.023534925654530525 heading_rad=-3.130185604095459 bearing_rad=-0.15756671130657196 route_next=Some(1904) gate=Vec3(1045.6683, 2.51742, 764.7204) aim=Vec3(1300.7449, 10.9804, 757.3411)
2026-10-04T06:42:57.029876Z  INFO mm2_app::scripted: scripted player started a bounded escape after sustained low-speed throttle tick=100524 escapes=73 position=Vec3(1296.4551, 11.134233, 739.7523) speed=0.04174742102622986 heading_rad=-2.884822368621826 bearing_rad=0.012020939029753208 route_next=Some(1904) gate=Vec3(1045.6683, 2.51742, 764.7204) aim=Vec3(1300.2717, 11.01906, 755.0338)
2026-10-04T06:42:57.923415Z  INFO mm2_app::scripted: scripted player started a bounded escape after sustained low-speed throttle tick=100938 escapes=74 position=Vec3(1296.4237, 11.131648, 739.74835) speed=-0.021702339872717857 heading_rad=-2.876891613006592 bearing_rad=0.018081683665513992 route_next=Some(1904) gate=Vec3(1045.6683, 2.51742, 764.7204) aim=Vec3(1300.2717, 11.01906, 755.0338)
2026-10-04T06:42:59.858503Z  INFO mm2_app::scripted: scripted player started a bounded escape after sustained low-speed throttle tick=101876 escapes=75 position=Vec3(1303.4197, 10.935417, 759.6457) speed=-0.03160886466503143 heading_rad=3.0366714000701904 bearing_rad=-0.1587393432855606 route_next=Some(1908) gate=Vec3(1045.6683, 2.51742, 764.7204) aim=Vec3(1304.0719, 10.48494, 771.753)
2026-10-04T06:43:00.738541Z  INFO mm2_app::scripted: scripted player started a bounded escape after sustained low-speed throttle tick=102290 escapes=76 position=Vec3(1302.8055, 10.97128, 755.93524) speed=0.004745720885694027 heading_rad=2.3660972118377686 bearing_rad=-0.8541834950447083 route_next=Some(1908) gate=Vec3(1045.6683, 2.51742, 764.7204) aim=Vec3(1304.0442, 10.48494, 771.644)
2026-10-04T06:43:01.626025Z  INFO mm2_app::scripted: scripted player started a bounded escape after sustained low-speed throttle tick=102704 escapes=77 position=Vec3(1302.8593, 10.965124, 756.0853) speed=-0.008975937031209469 heading_rad=2.404107093811035 bearing_rad=-0.8134981393814087 route_next=Some(1908) gate=Vec3(1045.6683, 2.51742, 764.7204) aim=Vec3(1304.0442, 10.48494, 771.644)
2026-10-04T06:43:02.476288Z  INFO mm2_app::scripted: scripted player started a bounded escape after sustained low-speed throttle tick=103118 escapes=78 position=Vec3(1302.8762, 10.967968, 756.14484) speed=-0.0039315493777394295 heading_rad=2.3699443340301514 bearing_rad=-0.8468632102012634 route_next=Some(1908) gate=Vec3(1045.6683, 2.51742, 764.7204) aim=Vec3(1304.0442, 10.48494, 771.644)
2026-10-04T06:43:03.251177Z  INFO mm2_app::scripted: scripted player re-anchored onto its route after a bounded stuck tick=103486 reanchors=14 position=Vec3(1302.9153, 10.963131, 756.2507) speed=0.011248566210269928 heading_rad=2.406923770904541 route_next=1905 gate=Vec3(1045.6683, 2.51742, 764.7204) landing=Vec3(1298.8734, 11.400657, 748.21344)
2026-10-04T06:43:03.638694Z  INFO mm2_app::scripted: scripted player started a bounded escape after sustained low-speed throttle tick=103672 escapes=79 position=Vec3(1299.1401, 11.049714, 748.1803) speed=-0.044279322028160095 heading_rad=-2.8929173946380615 bearing_rad=0.06876535713672638 route_next=Some(1905) gate=Vec3(1045.6683, 2.51742, 764.7204) aim=Vec3(1301.288, 10.94173, 759.98956)
2026-10-04T06:43:05.606348Z  INFO mm2_app::scripted: scripted player started a bounded escape after sustained low-speed throttle tick=104564 escapes=80 position=Vec3(1305.7291, 10.962841, 767.8064) speed=0.016160260885953903 heading_rad=-2.994783401489258 bearing_rad=0.10973319411277771 route_next=Some(1909) gate=Vec3(1045.6683, 2.51742, 764.7204) aim=Vec3(1306.1841, 9.64867, 780.07166)
2026-10-04T06:43:06.548713Z  INFO mm2_app::scripted: scripted player started a bounded escape after sustained low-speed throttle tick=104978 escapes=81 position=Vec3(1305.7048, 10.919874, 767.73236) speed=-0.020587900653481483 heading_rad=-2.914674758911133 bearing_rad=0.18942031264305115 route_next=Some(1909) gate=Vec3(1045.6683, 2.51742, 764.7204) aim=Vec3(1306.1649, 9.64867, 779.9963)
2026-10-04T06:43:09.205110Z  INFO mm2_app::scripted: scripted player started a bounded escape after sustained low-speed throttle tick=106174 escapes=82 position=Vec3(1310.3135, 9.212028, 781.86426) speed=0.0074333627708256245 heading_rad=-2.857543706893921 bearing_rad=0.3238871097564697 route_next=Some(1913) gate=Vec3(1045.6683, 2.51742, 764.7204) aim=Vec3(1309.815, 8.39427, 794.37164)
2026-10-04T06:43:10.138689Z  INFO mm2_app::scripted: scripted player started a bounded escape after sustained low-speed throttle tick=106588 escapes=83 position=Vec3(1310.3127, 9.210441, 781.86304) speed=0.0017506538424640894 heading_rad=-2.8576912879943848 bearing_rad=0.32371070981025696 route_next=Some(1913) gate=Vec3(1045.6683, 2.51742, 764.7204) aim=Vec3(1309.8146, 8.39427, 794.3703)
2026-10-04T06:43:11.053724Z  INFO mm2_app::scripted: scripted player started a bounded escape after sustained low-speed throttle tick=107002 escapes=84 position=Vec3(1310.3145, 9.197422, 781.85504) speed=0.06439421325922012 heading_rad=-2.857715368270874 bearing_rad=0.32396644353866577 route_next=Some(1913) gate=Vec3(1045.6683, 2.51742, 764.7204) aim=Vec3(1309.8127, 8.39427, 794.36316)
2026-10-04T06:43:12.035900Z  INFO mm2_app::scripted: scripted player started a bounded escape after sustained low-speed throttle tick=107416 escapes=85 position=Vec3(1310.3079, 9.198049, 781.85425) speed=0.0013212687335908413 heading_rad=-2.8577535152435303 bearing_rad=0.32345569133758545 route_next=Some(1913) gate=Vec3(1045.6683, 2.51742, 764.7204) aim=Vec3(1309.8121, 8.39427, 794.36084)
2026-10-04T06:43:12.373354Z  INFO mm2_app::scripted: scripted player re-anchored onto its route after a bounded stuck tick=107572 reanchors=15 position=Vec3(1310.3282, 9.228479, 781.789) speed=0.4340725541114807 heading_rad=-2.870314836502075 route_next=1911 gate=Vec3(1045.6683, 2.51742, 764.7204) landing=Vec3(1304.8759, 10.274606, 774.91956)
2026-10-04T06:43:14.000785Z  INFO mm2_app::scripted: scripted player started a bounded escape after sustained low-speed throttle tick=108370 escapes=86 position=Vec3(1321.5865, 4.3763084, 839.91815) speed=0.05397315323352814 heading_rad=-1.9715481996536255 bearing_rad=0.9566574692726135 route_next=Some(1925) gate=Vec3(1045.6683, 2.51742, 764.7204) aim=Vec3(1324.1283, 4.25096, 851.64825)
2026-10-04T06:43:15.414362Z  INFO mm2_app::scripted: scripted player started a bounded escape after sustained low-speed throttle tick=109060 escapes=87 position=Vec3(1317.5802, 4.274943, 840.098) speed=-0.014540550298988819 heading_rad=-2.7005326747894287 bearing_rad=-0.09135055541992188 route_next=Some(1925) gate=Vec3(1045.6683, 2.51742, 764.7204) aim=Vec3(1323.9552, 4.25096, 850.9185)
2026-10-04T06:43:16.896828Z  INFO mm2_app::scripted: scripted player started a bounded escape after sustained low-speed throttle tick=109754 escapes=88 position=Vec3(1317.8325, 4.393639, 836.5928) speed=0.11284603178501129 heading_rad=-2.294556140899658 bearing_rad=0.42576342821121216 route_next=Some(1925) gate=Vec3(1045.6683, 2.51742, 764.7204) aim=Vec3(1323.6211, 4.25096, 849.5108)
2026-10-04T06:43:18.359537Z  INFO mm2_app::scripted: scripted player started a bounded escape after sustained low-speed throttle tick=110482 escapes=89 position=Vec3(1310.6531, 3.6372309, 832.056) speed=-0.07553347945213318 heading_rad=-3.0370395183563232 bearing_rad=-0.5344204306602478 route_next=Some(1925) gate=Vec3(1045.6683, 2.51742, 764.7204) aim=Vec3(1323.6211, 4.25096, 849.5108)
2026-10-04T06:43:19.802555Z  INFO mm2_app::scripted: scripted player started a bounded escape after sustained low-speed throttle tick=111184 escapes=90 position=Vec3(1310.694, 3.3362746, 823.4898) speed=0.015076041221618652 heading_rad=-2.0400888919830322 bearing_rad=0.6404226422309875 route_next=Some(1925) gate=Vec3(1045.6683, 2.51742, 764.7204) aim=Vec3(1323.6211, 4.25096, 849.5108)
2026-10-04T06:43:21.991217Z  INFO mm2_app::scripted: scripted player started a bounded escape after sustained low-speed throttle tick=112236 escapes=91 position=Vec3(1317.7495, 4.488269, 840.5008) speed=0.008035004138946533 heading_rad=3.0759201049804688 bearing_rad=-0.5926151871681213 route_next=Some(1925) gate=Vec3(1045.6683, 2.51742, 764.7204) aim=Vec3(1324.0547, 4.25096, 851.3378)
2026-10-04T06:43:22.942939Z  INFO mm2_app::scripted: scripted player started a bounded escape after sustained low-speed throttle tick=112696 escapes=92 position=Vec3(1317.2767, 4.4073324, 840.6946) speed=0.010524054989218712 heading_rad=3.083299398422241 bearing_rad=-0.6233020424842834 route_next=Some(1925) gate=Vec3(1045.6683, 2.51742, 764.7204) aim=Vec3(1324.073, 4.25096, 851.4151)
2026-10-04T06:43:24.220442Z  INFO mm2_app::scripted: scripted player started a bounded escape after sustained low-speed throttle tick=113314 escapes=93 position=Vec3(1318.8163, 4.5840874, 840.4807) speed=-0.0021652672439813614 heading_rad=-2.7680745124816895 bearing_rad=-0.07205186784267426 route_next=Some(1925) gate=Vec3(1045.6683, 2.51742, 764.7204) aim=Vec3(1324.107, 4.25096, 851.5585)
2026-10-04T06:43:25.294623Z  INFO mm2_app::scripted: scripted player started a bounded escape after sustained low-speed throttle tick=113728 escapes=94 position=Vec3(1318.8977, 4.5816116, 840.4439) speed=-0.00032851286232471466 heading_rad=-2.8208975791931152 bearing_rad=-0.11787227541208267 route_next=Some(1925) gate=Vec3(1045.6683, 2.51742, 764.7204) aim=Vec3(1324.103, 4.25096, 851.54193)
2026-10-04T06:43:25.437818Z  INFO mm2_app::scripted: scripted player re-anchored onto its route after a bounded stuck tick=113788 reanchors=16 position=Vec3(1318.9082, 4.581415, 840.43933) speed=-0.002231242135167122 heading_rad=-2.827662467956543 route_next=1920 gate=Vec3(1045.6683, 2.51742, 764.7204) landing=Vec3(1315.4574, 6.491214, 816.5945)
2026-10-04T06:43:28.863223Z  INFO mm2_app::scripted: scripted player started a bounded escape after sustained low-speed throttle tick=115116 escapes=95 position=Vec3(1320.406, 4.3872404, 836.0204) speed=0.26037633419036865 heading_rad=-2.6993467807769775 bearing_rad=0.20813041925430298 route_next=Some(1924) gate=Vec3(1045.6683, 2.51742, 764.7204) aim=Vec3(1323.1898, 4.25096, 847.6931)
2026-10-04T06:43:30.360800Z  INFO mm2_app::scripted: scripted player started a bounded escape after sustained low-speed throttle tick=115854 escapes=96 position=Vec3(1318.7327, 4.585745, 840.5346) speed=-0.03455950319766998 heading_rad=-2.8443171977996826 bearing_rad=-0.155745729804039 route_next=Some(1925) gate=Vec3(1045.6683, 2.51742, 764.7204) aim=Vec3(1324.1146, 4.25096, 851.5907)
2026-10-04T06:43:31.340733Z  INFO mm2_app::scripted: scripted player started a bounded escape after sustained low-speed throttle tick=116268 escapes=97 position=Vec3(1318.6791, 4.5919213, 840.57526) speed=-0.008384892717003822 heading_rad=-2.835453510284424 bearing_rad=-0.15176326036453247 route_next=Some(1925) gate=Vec3(1045.6683, 2.51742, 764.7204) aim=Vec3(1324.121, 4.25096, 851.6172)
2026-10-04T06:43:32.241940Z  INFO mm2_app::scripted: scripted player started a bounded escape after sustained low-speed throttle tick=116682 escapes=98 position=Vec3(1318.7443, 4.6040206, 840.5962) speed=-0.005417304113507271 heading_rad=-2.8913021087646484 bearing_rad=-0.2029687613248825 route_next=Some(1925) gate=Vec3(1045.6683, 2.51742, 764.7204) aim=Vec3(1324.1292, 4.25096, 851.6516)
2026-10-04T06:43:33.110681Z  INFO mm2_app::scripted: scripted player started a bounded escape after sustained low-speed throttle tick=117096 escapes=99 position=Vec3(1318.6764, 4.5913982, 840.5735) speed=-0.008537888526916504 heading_rad=-2.8700995445251465 bearing_rad=-0.18658024072647095 route_next=Some(1925) gate=Vec3(1045.6683, 2.51742, 764.7204) aim=Vec3(1324.1204, 4.25096, 851.61487)
2026-10-04T06:43:33.898355Z  INFO mm2_app::scripted: scripted player re-anchored onto its route after a bounded stuck tick=117468 reanchors=17 position=Vec3(1317.9557, 4.3530593, 837.8901) speed=-0.668599009513855 heading_rad=-2.4875988960266113 route_next=1920 gate=Vec3(1045.6683, 2.51742, 764.7204) landing=Vec3(1315.9286, 6.3227515, 818.4501)
2026-10-04T06:43:35.212730Z  INFO mm2_app::scripted: scripted player started a bounded escape after sustained low-speed throttle tick=118106 escapes=100 position=Vec3(1321.7032, 4.4057436, 839.62366) speed=0.032094936817884445 heading_rad=2.8242955207824707 bearing_rad=-0.5155669450759888 route_next=Some(1925) gate=Vec3(1045.6683, 2.51742, 764.7204) aim=Vec3(1324.0684, 4.25096, 851.3957)
2026-10-04T06:43:36.321707Z  INFO mm2_app::scripted: scripted player started a bounded escape after sustained low-speed throttle tick=118592 escapes=101 position=Vec3(1322.4019, 4.4597564, 839.5655) speed=-0.032976169139146805 heading_rad=-2.8677403926849365 bearing_rad=0.13309761881828308 route_next=Some(1925) gate=Vec3(1045.6683, 2.51742, 764.7204) aim=Vec3(1324.0925, 4.25096, 851.49756)
2026-10-04T06:43:37.563985Z  INFO mm2_app::scripted: scripted player started a bounded escape after sustained low-speed throttle tick=119134 escapes=102 position=Vec3(1321.9043, 4.428924, 839.7053) speed=-0.18695412576198578 heading_rad=-2.8893628120422363 bearing_rad=0.06866410374641418 route_next=Some(1925) gate=Vec3(1045.6683, 2.51742, 764.7204) aim=Vec3(1324.0974, 4.25096, 851.5181)
2026-10-04T06:43:38.731973Z  INFO mm2_app::scripted: scripted player started a bounded escape after sustained low-speed throttle tick=119632 escapes=103 position=Vec3(1322.661, 4.5790205, 839.47894) speed=-0.01914680376648903 heading_rad=-2.832963228225708 bearing_rad=0.1903086155653 route_next=Some(1925) gate=Vec3(1045.6683, 2.51742, 764.7204) aim=Vec3(1324.0869, 4.25096, 851.4738)
2026-10-04T06:43:38.791373Z  INFO mm2_app::scripted: scripted player re-anchored onto its route after a bounded stuck tick=119658 reanchors=18 position=Vec3(1322.6035, 4.5640407, 839.4162) speed=-0.5450910329818726 heading_rad=-2.8297195434570313 route_next=1922 gate=Vec3(1045.6683, 2.51742, 764.7204) landing=Vec3(1318.3755, 5.4478436, 828.0875)
2026-10-04T06:43:40.012853Z  INFO mm2_app::scripted: scripted player started a bounded escape after sustained low-speed throttle tick=120242 escapes=104 position=Vec3(1321.8862, 4.4183645, 839.5593) speed=0.0026841931976377964 heading_rad=3.024050235748291 bearing_rad=-0.29977303743362427 route_next=Some(1925) gate=Vec3(1045.6683, 2.51742, 764.7204) aim=Vec3(1324.0637, 4.25096, 851.37585)
2026-10-04T06:43:41.385288Z  INFO mm2_app::scripted: scripted player started a bounded escape after sustained low-speed throttle tick=120904 escapes=105 position=Vec3(1319.7968, 4.3348303, 840.1877) speed=0.04550977796316147 heading_rad=-2.8502347469329834 bearing_rad=-0.07160080969333649 route_next=Some(1925) gate=Vec3(1045.6683, 2.51742, 764.7204) aim=Vec3(1324.0935, 4.25096, 851.50134)
2026-10-04T06:43:42.261690Z  INFO mm2_app::scripted: scripted player started a bounded escape after sustained low-speed throttle tick=121318 escapes=106 position=Vec3(1319.7795, 4.3228683, 840.2373) speed=-0.010815100744366646 heading_rad=-2.9079575538635254 bearing_rad=-0.13162675499916077 route_next=Some(1925) gate=Vec3(1045.6683, 2.51742, 764.7204) aim=Vec3(1324.1036, 4.25096, 851.54443)
2026-10-04T06:43:43.293301Z  INFO mm2_app::scripted: scripted player re-anchored onto its route after a bounded stuck tick=121810 reanchors=19 position=Vec3(1316.7537, 4.5116186, 835.43396) speed=5.206953048706055 heading_rad=-2.9235172271728516 route_next=1922 gate=Vec3(1045.6683, 2.51742, 764.7204) landing=Vec3(1317.8973, 5.618826, 826.20404)
2026-10-04T06:43:44.385616Z  INFO mm2_app::scripted: scripted player started a bounded escape after sustained low-speed throttle tick=122284 escapes=107 position=Vec3(1320.1514, 4.3387833, 840.00055) speed=0.023433640599250793 heading_rad=-2.670137643814087 bearing_rad=0.1404314488172531 route_next=Some(1925) gate=Vec3(1045.6683, 2.51742, 764.7204) aim=Vec3(1324.0703, 4.25096, 851.4038)
2026-10-04T06:43:45.852876Z  INFO mm2_app::scripted: scripted player started a bounded escape after sustained low-speed throttle tick=122914 escapes=108 position=Vec3(1320.8436, 4.40137, 839.9787) speed=-0.007194955367594957 heading_rad=-2.905975818634033 bearing_rad=-0.03914511948823929 route_next=Some(1925) gate=Vec3(1045.6683, 2.51742, 764.7204) aim=Vec3(1324.1023, 4.25096, 851.5387)
2026-10-04T06:43:46.735546Z  INFO mm2_app::scripted: scripted player started a bounded escape after sustained low-speed throttle tick=123328 escapes=109 position=Vec3(1320.309, 4.324164, 839.9619) speed=0.02738763950765133 heading_rad=3.1129813194274902 bearing_rad=-0.34622856974601746 route_next=Some(1925) gate=Vec3(1045.6683, 2.51742, 764.7204) aim=Vec3(1324.0701, 4.25096, 851.40265)
2026-10-04T06:43:47.652987Z  INFO mm2_app::scripted: scripted player started a bounded escape after sustained low-speed throttle tick=123742 escapes=110 position=Vec3(1322.0981, 4.4709563, 839.5051) speed=-0.020703686401247978 heading_rad=-2.358978748321533 bearing_rad=0.6185413002967834 route_next=Some(1925) gate=Vec3(1045.6683, 2.51742, 764.7204) aim=Vec3(1324.0629, 4.25096, 851.3722)
2026-10-04T06:43:47.841958Z  INFO mm2_app::scripted: scripted player re-anchored onto its route after a bounded stuck tick=123822 reanchors=20 position=Vec3(1320.98, 4.340607, 838.52264) speed=-4.735476970672607 heading_rad=-2.5484368801116943 route_next=1920 gate=Vec3(1045.6683, 2.51742, 764.7204) landing=Vec3(1315.1162, 6.6132207, 815.25055)
2026-10-04T06:43:48.766178Z  INFO mm2_app::scripted: scripted player started a bounded escape after sustained low-speed throttle tick=124250 escapes=111 position=Vec3(1316.1627, 5.6130123, 822.57764) speed=0.05659366771578789 heading_rad=-3.0941977500915527 bearing_rad=-0.2668924927711487 route_next=Some(1921) gate=Vec3(1045.6683, 2.51742, 764.7204) aim=Vec3(1319.8804, 4.63106, 834.0144)
2026-10-04T06:43:50.848387Z  INFO mm2_app::scripted: scripted player started a bounded escape after sustained low-speed throttle tick=125238 escapes=112 position=Vec3(1317.422, 4.5034056, 840.61633) speed=-0.36266201734542847 heading_rad=-2.5394084453582764 bearing_rad=0.04909958317875862 route_next=Some(1925) gate=Vec3(1045.6683, 2.51742, 764.7204) aim=Vec3(1324.0631, 4.25096, 851.37366)
2026-10-04T06:43:51.861984Z  INFO mm2_app::scripted: scripted player started a bounded escape after sustained low-speed throttle tick=125738 escapes=113 position=Vec3(1315.5393, 4.2230835, 836.8887) speed=0.5418969392776489 heading_rad=-2.594022274017334 bearing_rad=-0.021946394816040993 route_next=Some(1925) gate=Vec3(1045.6683, 2.51742, 764.7204) aim=Vec3(1323.6211, 4.25096, 849.5108)
2026-10-04T06:43:53.387938Z  INFO mm2_app::scripted: scripted player started a bounded escape after sustained low-speed throttle tick=126484 escapes=114 position=Vec3(1316.5286, 4.5215874, 841.0976) speed=0.013199249282479286 heading_rad=-2.929283618927002 bearing_rad=-0.412514865398407 route_next=Some(1925) gate=Vec3(1045.6683, 2.51742, 764.7204) aim=Vec3(1324.1237, 4.25096, 851.62854)
2026-10-04T06:43:54.901522Z  INFO mm2_app::scripted: scripted player started a bounded escape after sustained low-speed throttle tick=127174 escapes=115 position=Vec3(1315.1628, 4.3502874, 833.84375) speed=0.0006946995854377747 heading_rad=-2.3399887084960938 bearing_rad=0.30656740069389343 route_next=Some(1925) gate=Vec3(1045.6683, 2.51742, 764.7204) aim=Vec3(1323.6211, 4.25096, 849.5108)
2026-10-04T06:43:55.796743Z  INFO mm2_app::scripted: scripted player started a bounded escape after sustained low-speed throttle tick=127588 escapes=116 position=Vec3(1315.1581, 4.3463, 833.85126) speed=0.0005301311612129211 heading_rad=-2.341123104095459 bearing_rad=0.3049972355365753 route_next=Some(1925) gate=Vec3(1045.6683, 2.51742, 764.7204) aim=Vec3(1323.6211, 4.25096, 849.5108)
2026-10-04T06:43:56.875575Z  INFO mm2_app::scripted: scripted player started a bounded escape after sustained low-speed throttle tick=128002 escapes=117 position=Vec3(1315.1543, 4.344452, 833.8534) speed=-0.007605195045471191 heading_rad=-2.339447259902954 bearing_rad=0.3064289689064026 route_next=Some(1925) gate=Vec3(1045.6683, 2.51742, 764.7204) aim=Vec3(1323.6211, 4.25096, 849.5108)
2026-10-04T06:43:57.795901Z  INFO mm2_app::scripted: scripted player started a bounded escape after sustained low-speed throttle tick=128416 escapes=118 position=Vec3(1315.1494, 4.342711, 833.85614) speed=0.002230965532362461 heading_rad=-2.3351216316223145 bearing_rad=0.3104400038719177 route_next=Some(1925) gate=Vec3(1045.6683, 2.51742, 764.7204) aim=Vec3(1323.6211, 4.25096, 849.5108)
2026-10-04T06:43:58.063457Z  INFO mm2_app::scripted: scripted player re-anchored onto its route after a bounded stuck tick=128528 reanchors=21 position=Vec3(1315.1488, 4.3424354, 833.8556) speed=9.873835369944572e-5 heading_rad=-2.3344051837921143 route_next=1922 gate=Vec3(1045.6683, 2.51742, 764.7204) landing=Vec3(1317.8973, 5.618826, 826.20404)
2026-10-04T06:43:59.169012Z  INFO mm2_app::scripted: scripted player started a bounded escape after sustained low-speed throttle tick=129000 escapes=119 position=Vec3(1320.1174, 4.337909, 840.0073) speed=0.019256591796875 heading_rad=-2.66805100440979 bearing_rad=0.13966262340545654 route_next=Some(1925) gate=Vec3(1045.6683, 2.51742, 764.7204) aim=Vec3(1324.0701, 4.25096, 851.40265)
2026-10-04T06:44:00.488960Z  INFO mm2_app::scripted: scripted player started a bounded escape after sustained low-speed throttle tick=129518 escapes=120 position=Vec3(1316.8641, 4.3301377, 836.8066) speed=-0.07698152959346771 heading_rad=-2.834400177001953 bearing_rad=-0.18162257969379425 route_next=Some(1925) gate=Vec3(1045.6683, 2.51742, 764.7204) aim=Vec3(1323.6211, 4.25096, 849.5108)
2026-10-04T06:44:01.708505Z  INFO mm2_app::scripted: scripted player started a bounded escape after sustained low-speed throttle tick=130090 escapes=121 position=Vec3(1316.6545, 4.3175488, 836.8454) speed=-0.024138348177075386 heading_rad=-2.7337112426757813 bearing_rad=-0.09499697387218475 route_next=Some(1925) gate=Vec3(1045.6683, 2.51742, 764.7204) aim=Vec3(1323.6211, 4.25096, 849.5108)
2026-10-04T06:44:02.622994Z  INFO mm2_app::scripted: scripted player re-anchored onto its route after a bounded stuck tick=130540 reanchors=22 position=Vec3(1314.2218, 3.9615512, 834.67847) speed=4.879911422729492 heading_rad=-2.918203353881836 route_next=1919 gate=Vec3(1045.6683, 2.51742, 764.7204) landing=Vec3(1314.9442, 6.674722, 814.5731)
2026-10-04T06:44:03.964171Z  INFO mm2_app::scripted: scripted player started a bounded escape after sustained low-speed throttle tick=131148 escapes=122 position=Vec3(1320.2316, 4.3889933, 836.10077) speed=-0.016124004498124123 heading_rad=-2.929936170578003 bearing_rad=-0.03815099224448204 route_next=Some(1924) gate=Vec3(1045.6683, 2.51742, 764.7204) aim=Vec3(1323.1979, 4.25096, 847.7271)
2026-10-04T06:44:05.420246Z  INFO mm2_app::scripted: scripted player started a bounded escape after sustained low-speed throttle tick=131828 escapes=123 position=Vec3(1317.3527, 4.363053, 836.8606) speed=-0.0029974859207868576 heading_rad=-2.8104918003082275 bearing_rad=-0.16183128952980042 route_next=Some(1924) gate=Vec3(1045.6683, 2.51742, 764.7204) aim=Vec3(1323.2043, 4.25096, 847.75433)
2026-10-04T06:44:06.825925Z  INFO mm2_app::scripted: scripted player started a bounded escape after sustained low-speed throttle tick=132492 escapes=124 position=Vec3(1319.2522, 4.3857965, 836.36346) speed=0.028150033205747604 heading_rad=-2.914661407470703 bearing_rad=-0.10714291036128998 route_next=Some(1924) gate=Vec3(1045.6683, 2.51742, 764.7204) aim=Vec3(1323.2009, 4.25096, 847.74036)
2026-10-04T06:44:07.122490Z  INFO mm2_app::scripted: scripted player re-anchored onto its route after a bounded stuck tick=132634 reanchors=23 position=Vec3(1317.3566, 4.751238, 832.38617) speed=-6.878437519073486 heading_rad=-2.410386085510254 route_next=1917 gate=Vec3(1045.6683, 2.51742, 764.7204) landing=Vec3(1311.8059, 7.796786, 802.2133)
2026-10-04T06:44:08.637350Z  INFO mm2_app::scripted: scripted player started a bounded escape after sustained low-speed throttle tick=133308 escapes=125 position=Vec3(1319.7039, 4.3893037, 836.18134) speed=-0.04108071327209473 heading_rad=-2.9076743125915527 bearing_rad=-0.06020421162247658 route_next=Some(1924) gate=Vec3(1045.6683, 2.51742, 764.7204) aim=Vec3(1323.1859, 4.25096, 847.67676)
2026-10-04T06:44:10.153095Z  INFO mm2_app::scripted: scripted player started a bounded escape after sustained low-speed throttle tick=133990 escapes=126 position=Vec3(1316.1707, 4.3026524, 836.8481) speed=-0.005053951870650053 heading_rad=-3.1357243061065674 bearing_rad=-0.5748867392539978 route_next=Some(1924) gate=Vec3(1045.6683, 2.51742, 764.7204) aim=Vec3(1323.1344, 4.25678, 847.45953)
2026-10-04T06:44:12.031928Z  INFO mm2_app::scripted: scripted player re-anchored onto its route after a bounded stuck tick=134908 reanchors=24 position=Vec3(1317.2849, 4.4277935, 840.8625) speed=0.006569519639015198 heading_rad=-2.8639755249023438 route_next=1923 gate=Vec3(1045.6683, 2.51742, 764.7204) landing=Vec3(1319.404, 5.0801044, 832.1382)
2026-10-04T06:44:12.838732Z  INFO mm2_app::scripted: scripted player started a bounded escape after sustained low-speed throttle tick=135300 escapes=127 position=Vec3(1321.6613, 4.38271, 839.63495) speed=0.038075875490903854 heading_rad=3.104475498199463 bearing_rad=-0.2390112578868866 route_next=Some(1925) gate=Vec3(1045.6683, 2.51742, 764.7204) aim=Vec3(1324.0687, 4.25096, 851.3969)
2026-10-04T06:44:14.349608Z  INFO mm2_app::scripted: scripted player started a bounded escape after sustained low-speed throttle tick=136000 escapes=128 position=Vec3(1317.9877, 4.435345, 840.7341) speed=-0.028193306177854538 heading_rad=-2.8846871852874756 bearing_rad=-0.2564012408256531 route_next=Some(1925) gate=Vec3(1045.6683, 2.51742, 764.7204) aim=Vec3(1324.1198, 4.25096, 851.6122)
2026-10-04T06:44:15.945223Z  INFO mm2_app::scripted: scripted player started a bounded escape after sustained low-speed throttle tick=136778 escapes=129 position=Vec3(1317.376, 4.3803477, 840.6714) speed=0.0029748775996267796 heading_rad=3.0840060710906982 bearing_rad=-0.6149891018867493 route_next=Some(1925) gate=Vec3(1045.6683, 2.51742, 764.7204) aim=Vec3(1324.0731, 4.25096, 851.4154)
2026-10-04T06:44:17.259826Z  INFO mm2_app::scripted: scripted player started a bounded escape after sustained low-speed throttle tick=137388 escapes=130 position=Vec3(1317.9462, 4.2911806, 840.02936) speed=-3.245812331442721e-5 heading_rad=-2.9098727703094482 bearing_rad=-0.2721475064754486 route_next=Some(1925) gate=Vec3(1045.6683, 2.51742, 764.7204) aim=Vec3(1323.9592, 4.25096, 850.9357)
2026-10-04T06:44:18.276281Z  INFO mm2_app::scripted: scripted player started a bounded escape after sustained low-speed throttle tick=137882 escapes=131 position=Vec3(1318.0938, 4.400233, 840.67163) speed=0.011806203052401543 heading_rad=-2.9047775268554688 bearing_rad=-0.2674124240875244 route_next=Some(1925) gate=Vec3(1045.6683, 2.51742, 764.7204) aim=Vec3(1324.1113, 4.25096, 851.5769)
2026-10-04T06:44:19.236304Z  INFO mm2_app::scripted: scripted player started a bounded escape after sustained low-speed throttle tick=138296 escapes=132 position=Vec3(1318.0878, 4.3823433, 840.6599) speed=0.027717776596546173 heading_rad=-2.9057624340057373 bearing_rad=-0.2686401903629303 route_next=Some(1925) gate=Vec3(1045.6683, 2.51742, 764.7204) aim=Vec3(1324.1084, 4.25096, 851.56445)
2026-10-04T06:44:19.489850Z  INFO mm2_app::scripted: scripted player re-anchored onto its route after a bounded stuck tick=138392 reanchors=25 position=Vec3(1317.7267, 4.2902985, 839.0942) speed=-3.0686838626861572 heading_rad=-2.953714609146118 route_next=1920 gate=Vec3(1045.6683, 2.51742, 764.7204) landing=Vec3(1316.0526, 6.2784123, 818.9385)
2026-10-04T06:44:20.540227Z  INFO mm2_app::scripted: scripted player started a bounded escape after sustained low-speed throttle tick=138884 escapes=133 position=Vec3(1320.1309, 4.3991923, 836.0344) speed=0.004272442311048508 heading_rad=2.843470573425293 bearing_rad=-0.5548161864280701 route_next=Some(1924) gate=Vec3(1045.6683, 2.51742, 764.7204) aim=Vec3(1323.1772, 4.25096, 847.6404)
2026-10-04T06:44:22.002781Z  INFO mm2_app::scripted: scripted player started a bounded escape after sustained low-speed throttle tick=139590 escapes=134 position=Vec3(1321.8525, 4.4082675, 839.57416) speed=-0.01371581107378006 heading_rad=3.0544557571411133 bearing_rad=-0.2723715901374817 route_next=Some(1925) gate=Vec3(1045.6683, 2.51742, 764.7204) aim=Vec3(1324.0652, 4.25096, 851.3823)
2026-10-04T06:44:23.268026Z  INFO mm2_app::scripted: scripted player started a bounded escape after sustained low-speed throttle tick=140184 escapes=135 position=Vec3(1321.5046, 4.3778005, 839.7756) speed=0.007975677028298378 heading_rad=-2.832575559616089 bearing_rad=0.09173158556222916 route_next=Some(1925) gate=Vec3(1045.6683, 2.51742, 764.7204) aim=Vec3(1324.0919, 4.25096, 851.4949)
2026-10-04T06:44:23.884398Z  INFO mm2_app::scripted: scripted player re-anchored onto its route after a bounded stuck tick=140486 reanchors=26 position=Vec3(1316.8184, 4.8537474, 831.3697) speed=1.3111504316329956 heading_rad=2.7319588661193848 route_next=1920 gate=Vec3(1045.6683, 2.51742, 764.7204) landing=Vec3(1315.9286, 6.3227515, 818.4501)
2026-10-04T06:44:26.636990Z  INFO mm2_app::scripted: scripted player started a bounded escape after sustained low-speed throttle tick=141728 escapes=136 position=Vec3(1322.4965, 4.4936476, 839.5172) speed=0.03159164637327194 heading_rad=-2.8139724731445313 bearing_rad=0.19537962973117828 route_next=Some(1925) gate=Vec3(1045.6683, 2.51742, 764.7204) aim=Vec3(1324.0868, 4.25096, 851.4731)
2026-10-04T06:44:27.785699Z  INFO mm2_app::scripted: scripted player started a bounded escape after sustained low-speed throttle tick=142234 escapes=137 position=Vec3(1322.3495, 4.4472914, 839.6087) speed=-0.01824694499373436 heading_rad=-2.901115894317627 bearing_rad=0.09468154609203339 route_next=Some(1925) gate=Vec3(1045.6683, 2.51742, 764.7204) aim=Vec3(1324.0995, 4.25096, 851.5267)
2026-10-04T06:44:28.549361Z  INFO mm2_app::scripted: scripted player re-anchored onto its route after a bounded stuck tick=142580 reanchors=27 position=Vec3(1320.767, 4.3362317, 839.8804) speed=0.019442463293671608 heading_rad=2.7586567401885986 route_next=1920 gate=Vec3(1045.6683, 2.51742, 764.7204) landing=Vec3(1315.4292, 6.501306, 816.48334)
2026-10-04T06:44:29.726506Z  INFO mm2_app::scripted: scripted player started a bounded escape after sustained low-speed throttle tick=143064 escapes=138 position=Vec3(1319.5452, 4.7413683, 832.2032) speed=-0.19165252149105072 heading_rad=-2.509636402130127 bearing_rad=0.401292622089386 route_next=Some(1924) gate=Vec3(1045.6683, 2.51742, 764.7204) aim=Vec3(1322.5239, 4.25678, 844.8872)
2026-10-04T06:44:31.337275Z  INFO mm2_app::scripted: scripted player started a bounded escape after sustained low-speed throttle tick=143766 escapes=139 position=Vec3(1318.355, 4.55857, 840.57526) speed=-0.03240429610013962 heading_rad=-2.9936470985412598 bearing_rad=-0.334777295589447 route_next=Some(1925) gate=Vec3(1045.6683, 2.51742, 764.7204) aim=Vec3(1324.1036, 4.25096, 851.5444)
2026-10-04T06:44:32.266315Z  INFO mm2_app::scripted: scripted player started a bounded escape after sustained low-speed throttle tick=144180 escapes=140 position=Vec3(1318.4387, 4.5529795, 840.4702) speed=-0.026317769661545753 heading_rad=-3.0495898723602295 bearing_rad=-0.38242778182029724 route_next=Some(1925) gate=Vec3(1045.6683, 2.51742, 764.7204) aim=Vec3(1324.0845, 4.25096, 851.46375)
2026-10-04T06:44:33.344790Z  INFO mm2_app::scripted: scripted player started a bounded escape after sustained low-speed throttle tick=144594 escapes=141 position=Vec3(1318.4497, 4.552169, 840.4461) speed=-0.0036001079715788364 heading_rad=-3.052802801132202 bearing_rad=-0.3843691945075989 route_next=Some(1925) gate=Vec3(1045.6683, 2.51742, 764.7204) aim=Vec3(1324.0797, 4.25096, 851.44336)
2026-10-04T06:44:34.174397Z  INFO mm2_app::scripted: scripted player started a bounded escape after sustained low-speed throttle tick=145008 escapes=142 position=Vec3(1318.4109, 4.59482, 840.6195) speed=0.00711218174546957 heading_rad=-3.0218214988708496 bearing_rad=-0.3594934344291687 route_next=Some(1925) gate=Vec3(1045.6683, 2.51742, 764.7204) aim=Vec3(1324.1166, 4.25096, 851.5988)
2026-10-04T06:44:34.907671Z  INFO mm2_app::scripted: scripted player re-anchored onto its route after a bounded stuck tick=145380 reanchors=28 position=Vec3(1318.4908, 4.563615, 840.55084) speed=-0.028206391260027885 heading_rad=-3.060248613357544 route_next=1919 gate=Vec3(1045.6683, 2.51742, 764.7204) landing=Vec3(1314.4761, 6.842113, 812.72925)
2026-10-04T06:44:36.033962Z  INFO mm2_app::scripted: scripted player started a bounded escape after sustained low-speed throttle tick=145948 escapes=143 position=Vec3(1320.9171, 4.364828, 839.8141) speed=0.04637562856078148 heading_rad=-2.6155734062194824 bearing_rad=0.2603713572025299 route_next=Some(1925) gate=Vec3(1045.6683, 2.51742, 764.7204) aim=Vec3(1324.0692, 4.25096, 851.39935)
2026-10-04T06:44:37.126600Z  INFO mm2_app::scripted: scripted player started a bounded escape after sustained low-speed throttle tick=146518 escapes=144 position=Vec3(1320.5747, 4.340727, 839.96936) speed=-0.00040361378341913223 heading_rad=-3.020658016204834 bearing_rad=-0.17539823055267334 route_next=Some(1925) gate=Vec3(1045.6683, 2.51742, 764.7204) aim=Vec3(1324.0859, 4.25096, 851.4694)
2026-10-04T06:44:38.493346Z  INFO mm2_app::scripted: scripted player started a bounded escape after sustained low-speed throttle tick=147182 escapes=145 position=Vec3(1322.7787, 4.6048493, 839.5022) speed=0.012960737571120262 heading_rad=-2.907043218612671 bearing_rad=0.1251959502696991 route_next=Some(1925) gate=Vec3(1045.6683, 2.51742, 764.7204) aim=Vec3(1324.0984, 4.25096, 851.5223)
2026-10-04T06:44:39.227068Z  INFO mm2_app::scripted: scripted player re-anchored onto its route after a bounded stuck tick=147540 reanchors=29 position=Vec3(1319.5846, 4.5801, 834.0063) speed=3.565805196762085 heading_rad=2.99718976020813 route_next=1921 gate=Vec3(1045.6683, 2.51742, 764.7204) landing=Vec3(1316.913, 5.9707866, 822.3271)
2026-10-04T06:44:40.258189Z  INFO mm2_app::scripted: scripted player started a bounded escape after sustained low-speed throttle tick=148064 escapes=146 position=Vec3(1321.9873, 4.4689875, 839.5322) speed=-0.003364709671586752 heading_rad=2.8626959323883057 bearing_rad=-0.4524342119693756 route_next=Some(1925) gate=Vec3(1045.6683, 2.51742, 764.7204) aim=Vec3(1324.063, 4.25096, 851.3729)
2026-10-04T06:44:42.115454Z  INFO mm2_app::scripted: scripted player started a bounded escape after sustained low-speed throttle tick=148952 escapes=147 position=Vec3(1319.1254, 4.3390937, 837.71356) speed=-0.0151167968288064 heading_rad=2.99228572845459 bearing_rad=-0.5133998990058899 route_next=Some(1925) gate=Vec3(1045.6683, 2.51742, 764.7204) aim=Vec3(1323.6211, 4.25096, 849.5108)
2026-10-04T06:44:43.715183Z  INFO mm2_app::scripted: scripted player started a bounded escape after sustained low-speed throttle tick=149738 escapes=148 position=Vec3(1322.612, 4.5979476, 839.4617) speed=0.9986749887466431 heading_rad=-2.738858699798584 bearing_rad=0.2808210551738739 route_next=Some(1925) gate=Vec3(1045.6683, 2.51742, 764.7204) aim=Vec3(1324.0804, 4.25096, 851.4465)
2026-10-04T06:44:45.001963Z  INFO mm2_app::scripted: scripted player started a bounded escape after sustained low-speed throttle tick=150366 escapes=149 position=Vec3(1319.8116, 4.321454, 840.1978) speed=0.006367119029164314 heading_rad=-2.8720896244049072 bearing_rad=-0.09245851635932922 route_next=Some(1925) gate=Vec3(1045.6683, 2.51742, 764.7204) aim=Vec3(1324.0966, 4.25096, 851.5143)
2026-10-04T06:44:45.884447Z  INFO mm2_app::scripted: scripted player started a bounded escape after sustained low-speed throttle tick=150780 escapes=150 position=Vec3(1319.7788, 4.3227153, 840.238) speed=0.008383914828300476 heading_rad=-2.9078569412231445 bearing_rad=-0.13159747421741486 route_next=Some(1925) gate=Vec3(1045.6683, 2.51742, 764.7204) aim=Vec3(1324.1038, 4.25096, 851.5449)
2026-10-04T06:44:46.957664Z  INFO mm2_app::scripted: scripted player re-anchored onto its route after a bounded stuck tick=151328 reanchors=30 position=Vec3(1317.8772, 4.2870827, 840.00854) speed=0.016290530562400818 heading_rad=-2.8741986751556396 route_next=1921 gate=Vec3(1045.6683, 2.51742, 764.7204) landing=Vec3(1316.2802, 6.1970716, 819.8345)
2026-10-04T06:44:47.950765Z  INFO mm2_app::scripted: scripted player started a bounded escape after sustained low-speed throttle tick=151842 escapes=151 position=Vec3(1321.0278, 4.360897, 839.81915) speed=0.019671302288770676 heading_rad=-2.71034836769104 bearing_rad=0.17446564137935638 route_next=Some(1925) gate=Vec3(1045.6683, 2.51742, 764.7204) aim=Vec3(1324.0763, 4.25096, 851.429)
2026-10-04T06:44:49.937510Z  INFO mm2_app::scripted: scripted player started a bounded escape after sustained low-speed throttle tick=152846 escapes=152 position=Vec3(1316.95, 4.4216366, 840.84607) speed=0.028815262019634247 heading_rad=-3.038902521133423 bearing_rad=-0.48836183547973633 route_next=Some(1925) gate=Vec3(1045.6683, 2.51742, 764.7204) aim=Vec3(1324.0896, 4.25096, 851.4851)
2026-10-04T06:44:51.087904Z  INFO mm2_app::scripted: scripted player re-anchored onto its route after a bounded stuck tick=153422 reanchors=31 position=Vec3(1319.176, 4.588072, 840.4534) speed=-0.004857019521296024 heading_rad=-2.920891523361206 route_next=1922 gate=Vec3(1045.6683, 2.51742, 764.7204) landing=Vec3(1317.4448, 5.780634, 824.4217)
2026-10-04T06:44:52.010124Z  INFO mm2_app::scripted: scripted player started a bounded escape after sustained low-speed throttle tick=153896 escapes=153 position=Vec3(1322.0251, 4.466122, 839.5515) speed=0.0054216571152210236 heading_rad=2.7931902408599854 bearing_rad=-0.5192528963088989 route_next=Some(1925) gate=Vec3(1045.6683, 2.51742, 764.7204) aim=Vec3(1324.0693, 4.25096, 851.39966)
2026-10-04T06:44:53.094099Z  INFO mm2_app::scripted: scripted player started a bounded escape after sustained low-speed throttle tick=154422 escapes=154 position=Vec3(1322.0269, 4.9066744, 835.7037) speed=0.03299836814403534 heading_rad=3.064649820327759 bearing_rad=-0.1918986290693283 route_next=Some(1925) gate=Vec3(1045.6683, 2.51742, 764.7204) aim=Vec3(1323.6211, 4.25096, 849.5108)
2026-10-04T06:44:54.391557Z  INFO mm2_app::scripted: scripted player started a bounded escape after sustained low-speed throttle tick=155064 escapes=155 position=Vec3(1319.7831, 4.448686, 835.5246) speed=-1.1105762720108032 heading_rad=3.0618886947631836 bearing_rad=-0.347525417804718 route_next=Some(1925) gate=Vec3(1045.6683, 2.51742, 764.7204) aim=Vec3(1323.6211, 4.25096, 849.5108)
2026-10-04T06:44:55.090321Z  INFO mm2_app::scripted: scripted player re-anchored onto its route after a bounded stuck tick=155434 reanchors=32 position=Vec3(1316.527, 5.1296573, 828.18567) speed=3.6073265075683594 heading_rad=2.9043097496032715 route_next=1920 gate=Vec3(1045.6683, 2.51742, 764.7204) landing=Vec3(1315.9286, 6.3227515, 818.4501)
2026-10-04T06:44:56.079154Z  INFO mm2_app::scripted: scripted player started a bounded escape after sustained low-speed throttle tick=155958 escapes=156 position=Vec3(1321.1892, 4.367566, 839.8548) speed=-0.001416047103703022 heading_rad=-2.840484142303467 bearing_rad=0.0567256361246109 route_next=Some(1925) gate=Vec3(1045.6683, 2.51742, 764.7204) aim=Vec3(1324.0929, 4.25096, 851.499)
2026-10-04T06:44:57.768656Z  INFO mm2_app::scripted: scripted player started a bounded escape after sustained low-speed throttle tick=156812 escapes=157 position=Vec3(1317.7128, 4.2618628, 840.0433) speed=0.002331324853003025 heading_rad=-2.7821125984191895 bearing_rad=-0.1621178388595581 route_next=Some(1925) gate=Vec3(1045.6683, 2.51742, 764.7204) aim=Vec3(1323.95, 4.25096, 850.8965)
2026-10-04T06:44:59.097747Z  INFO mm2_app::scripted: scripted player started a bounded escape after sustained low-speed throttle tick=157458 escapes=158 position=Vec3(1320.9219, 4.375386, 839.8984) speed=0.06145922467112541 heading_rad=-2.992985248565674 bearing_rad=-0.11828263103961945 route_next=Some(1925) gate=Vec3(1045.6683, 2.51742, 764.7204) aim=Vec3(1324.0885, 4.25096, 851.4802)
2026-10-04T06:44:59.241983Z  INFO mm2_app::scripted: scripted player re-anchored onto its route after a bounded stuck tick=157528 reanchors=33 position=Vec3(1320.9104, 4.4044333, 839.9086) speed=0.00930041167885065 heading_rad=-2.981069564819336 route_next=1921 gate=Vec3(1045.6683, 2.51742, 764.7204) landing=Vec3(1316.4285, 6.1440034, 820.41907)
2026-10-04T06:45:00.209587Z  INFO mm2_app::scripted: scripted player started a bounded escape after sustained low-speed throttle tick=158004 escapes=159 position=Vec3(1319.7438, 4.396219, 836.05096) speed=0.05812179297208786 heading_rad=3.0324456691741943 bearing_rad=-0.39752984046936035 route_next=Some(1924) gate=Vec3(1045.6683, 2.51742, 764.7204) aim=Vec3(1323.1589, 4.25096, 847.5633)
2026-10-04T06:45:01.459913Z  INFO mm2_app::scripted: scripted player started a bounded escape after sustained low-speed throttle tick=158624 escapes=160 position=Vec3(1322.412, 4.488829, 839.55115) speed=0.03877893090248108 heading_rad=-2.954131841659546 bearing_rad=0.047794636338949203 route_next=Some(1925) gate=Vec3(1045.6683, 2.51742, 764.7204) aim=Vec3(1324.0898, 4.25096, 851.48627)
2026-10-04T06:45:02.610138Z  INFO mm2_app::scripted: scripted player started a bounded escape after sustained low-speed throttle tick=159184 escapes=161 position=Vec3(1321.8447, 4.390565, 839.71387) speed=0.023852134123444557 heading_rad=-2.8614704608917236 bearing_rad=0.09157075732946396 route_next=Some(1925) gate=Vec3(1045.6683, 2.51742, 764.7204) aim=Vec3(1324.0962, 4.25096, 851.5129)
2026-10-04T06:45:03.516008Z  INFO mm2_app::scripted: scripted player re-anchored onto its route after a bounded stuck tick=159624 reanchors=34 position=Vec3(1317.0261, 4.607727, 834.23413) speed=6.200773239135742 heading_rad=2.9255597591400146 route_next=1922 gate=Vec3(1045.6683, 2.51742, 764.7204) landing=Vec3(1317.8973, 5.618826, 826.20404)
2026-10-04T06:45:04.480128Z  INFO mm2_app::scripted: scripted player started a bounded escape after sustained low-speed throttle tick=160080 escapes=162 position=Vec3(1321.9818, 4.443733, 839.5486) speed=0.04249456897377968 heading_rad=2.83772873878479 bearing_rad=-0.4781622886657715 route_next=Some(1925) gate=Vec3(1045.6683, 2.51742, 764.7204) aim=Vec3(1324.0664, 4.25096, 851.38715)
2026-10-04T06:45:06.047475Z  INFO mm2_app::scripted: scripted player started a bounded escape after sustained low-speed throttle tick=160760 escapes=163 position=Vec3(1321.5276, 4.3767076, 839.7311) speed=0.024697287008166313 heading_rad=-2.772162437438965 bearing_rad=0.15486179292201996 route_next=Some(1925) gate=Vec3(1045.6683, 2.51742, 764.7204) aim=Vec3(1324.0831, 4.25096, 851.4579)
smoke=headless-physics world=city/stockholm.psdl status=pass updates=80832 ticks=161304 driver=scripted diff=professional phase=playing impacts=2437 dropped=0 peak=30.1m/s travel=11166.5m sim=1344.20s resets=38 controls=120388t/25348b/106200s finite=true moved=1838m wheels=4/4 final=(1320,4.3,840) race=Running cp=4/5 results=0 pos=5/7 opp=0/6 opp_rec=113 cu=3 opp_drv=58854m/9.3mps/37.9ipk/12.9xpk/2.1apk/0.58hpk opps=0:sthlm_racer/4c/164e/28r/900w,1:sthlm_racer/3c/5e/1r/900w,2:sthlm_racer/4c/157e/22r/900w,3:sthlm_racer/4c/157e/25r/900w,4:sthlm_racer/3c/5e/2r/900w,5:sthlm_racer/4c/158e/35r/900w p_rec=34r/163e env=lt08(evening) fog=none sky=none wtr=0.2/1698r map=inset/north/z1200/hudmap_stockholm.pkg/1t/13m dash=absent:missing-spec+pkg trk=sized ind=on/6m/6b tmr=22g/22:24:20 arr=hudarrow01/behind sta=10g/p5of7/-/c4of5 bng=3234d/0a/8s/0b bng_ev=8a/8s/0b rcv=342w/0f/342r wfx=0r/0e/0x+8f+ut aud=0h/0v/0s/0l/0a/0r+9x
