mm2-smoke commit=1a822c1cc472f6c04a25a6832e346b162bbb0ff5
2026-10-04T06:28:59.225858Z  WARN mm2: wheel part whl0 geometry authored in place; recentring onto origin car=Some("sthlm_racer")
2026-10-04T06:28:59.225885Z  WARN mm2: wheel part whl1 geometry authored in place; recentring onto origin car=Some("sthlm_racer")
2026-10-04T06:28:59.225888Z  WARN mm2: wheel part whl2 geometry authored in place; recentring onto origin car=Some("sthlm_racer")
2026-10-04T06:28:59.225891Z  WARN mm2: wheel part whl3 geometry authored in place; recentring onto origin car=Some("sthlm_racer")
2026-10-04T06:29:00.018025Z  WARN mm2_app::city: water refs resolved no rooms; deadly water off path=city/stockholm.parts/part_-3_0.water skipped=0
2026-10-04T06:29:00.370480Z  WARN mm2_app::city: water refs resolved no rooms; deadly water off path=city/stockholm.parts/part_-2_2.water skipped=0
2026-10-04T06:29:00.373954Z  WARN mm2_app::city: water refs resolved no rooms; deadly water off path=city/stockholm.parts/part_-2_3.water skipped=0
2026-10-04T06:29:00.527857Z  WARN mm2_app::city: water refs resolved no rooms; deadly water off path=city/stockholm.parts/part_-1_0.water skipped=0
2026-10-04T06:29:00.663298Z  WARN mm2_app::city: water refs resolved no rooms; deadly water off path=city/stockholm.parts/part_-1_2.water skipped=0
2026-10-04T06:29:00.711023Z  WARN mm2_app::city: water refs resolved no rooms; deadly water off path=city/stockholm.parts/part_-1_3.water skipped=0
2026-10-04T06:29:00.828373Z  WARN mm2_app::city: water refs resolved no rooms; deadly water off path=city/stockholm.parts/part_0_-2.water skipped=0
2026-10-04T06:29:01.082459Z  WARN mm2_app::city: water refs resolved no rooms; deadly water off path=city/stockholm.parts/part_0_2.water skipped=0
2026-10-04T06:29:01.137317Z  WARN mm2_app::city: water refs resolved no rooms; deadly water off path=city/stockholm.parts/part_0_3.water skipped=0
2026-10-04T06:29:01.226365Z  WARN mm2_app::city: water refs resolved no rooms; deadly water off path=city/stockholm.parts/part_1_-3.water skipped=0
2026-10-04T06:29:01.315859Z  WARN mm2_app::city: water refs resolved no rooms; deadly water off path=city/stockholm.parts/part_1_-2.water skipped=0
2026-10-04T06:29:01.384329Z  WARN mm2_app::city: water refs resolved no rooms; deadly water off path=city/stockholm.parts/part_1_-1.water skipped=0
2026-10-04T06:29:01.596574Z  WARN mm2_app::city: water refs resolved no rooms; deadly water off path=city/stockholm.parts/part_1_1.water skipped=0
2026-10-04T06:29:01.674414Z  WARN mm2_app::city: water refs resolved no rooms; deadly water off path=city/stockholm.parts/part_1_2.water skipped=0
2026-10-04T06:29:01.731537Z  WARN mm2_app::city: water refs resolved no rooms; deadly water off path=city/stockholm.parts/part_1_3.water skipped=0
2026-10-04T06:29:01.854925Z  WARN mm2_app::city: water refs resolved no rooms; deadly water off path=city/stockholm.parts/part_2_-3.water skipped=0
2026-10-04T06:29:01.990698Z  WARN mm2_app::city: water refs resolved no rooms; deadly water off path=city/stockholm.parts/part_2_-1.water skipped=0
2026-10-04T06:29:02.113126Z  WARN mm2_app::city: water refs resolved no rooms; deadly water off path=city/stockholm.parts/part_2_1.water skipped=0
2026-10-04T06:29:02.169702Z  WARN mm2_app::city: water refs resolved no rooms; deadly water off path=city/stockholm.parts/part_2_2.water skipped=0
2026-10-04T06:29:02.193368Z  WARN mm2_app::city: water refs resolved no rooms; deadly water off path=city/stockholm.parts/part_2_3.water skipped=0
2026-10-04T06:29:02.474982Z  WARN mm2_app::city: water refs resolved no rooms; deadly water off path=city/stockholm.parts/part_3_1.water skipped=0
2026-10-04T06:29:02.522517Z  WARN mm2_app::city: water refs resolved no rooms; deadly water off path=city/stockholm.parts/part_3_2.water skipped=0
2026-10-04T06:29:02.563341Z  WARN mm2_app::city: water refs resolved no rooms; deadly water off path=city/stockholm.parts/part_3_3.water skipped=0
2026-10-04T06:29:02.736041Z  WARN mm2_app::city: water refs resolved no rooms; deadly water off path=city/stockholm.parts/part_4_1.water skipped=0
2026-10-04T06:29:02.771912Z  WARN mm2_app::city: water refs resolved no rooms; deadly water off path=city/stockholm.parts/part_4_2.water skipped=0
2026-10-04T06:29:03.063019Z  WARN mm2_app::city: water refs resolved no rooms; deadly water off path=city/stockholm.parts/part_6_1.water skipped=0
2026-10-04T06:29:03.308362Z  WARN mm2_app::object_sound: object sound table unreadable path=aud/ambient/ferry.csv error=asset not found: aud/ambient/ferry.csv
2026-10-04T06:29:03.308392Z  WARN mm2_app::object_sound: object sound table unreadable path=aud/ambient/subwaycar.csv error=asset not found: aud/ambient/subwaycar.csv
2026-10-04T06:29:03.308440Z  WARN mm2_app::environment: lighting preset validation issue path=city/stockholm.lt04 issue=OffGridName("noon")
2026-10-04T06:29:03.308448Z  WARN mm2_app::environment: fog table unavailable path=city/stockholm_fog.csv error=asset not found: city/stockholm_fog.csv
2026-10-04T06:29:03.308453Z  WARN mm2_app::environment: sky definition unavailable path=city/stockholm.sky error=asset not found: city/stockholm.sky
2026-10-04T06:29:03.327430Z  WARN mm2_app::damage_fx: smoke atlas unresolved — untextured puffs texture="fxpt2"
2026-10-04T06:29:03.327451Z  WARN mm2_app::spark_fx: spark texture unresolved — untextured streaks texture="spark"
2026-10-04T06:29:03.327457Z  WARN mm2_app::wheel_fx: wheel effect unavailable rule="dirt" path=tune/effects/dirt.asbirthrule
2026-10-04T06:29:03.327461Z  WARN mm2_app::wheel_fx: wheel effect unavailable rule="dust" path=tune/effects/dust.asbirthrule
2026-10-04T06:29:03.327463Z  WARN mm2_app::wheel_fx: wheel effect unavailable rule="grass" path=tune/effects/grass.asbirthrule
2026-10-04T06:29:03.327465Z  WARN mm2_app::wheel_fx: wheel effect unavailable rule="leaf" path=tune/effects/leaf.asbirthrule
2026-10-04T06:29:03.327467Z  WARN mm2_app::wheel_fx: wheel effect unavailable rule="smoke" path=tune/effects/smoke.asbirthrule
2026-10-04T06:29:03.327469Z  WARN mm2_app::wheel_fx: wheel effect unavailable rule="snow" path=tune/effects/snow.asbirthrule
2026-10-04T06:29:03.327471Z  WARN mm2_app::wheel_fx: wheel effect unavailable rule="splash" path=tune/effects/splash.asbirthrule
2026-10-04T06:29:03.327473Z  WARN mm2_app::wheel_fx: wheel effect unavailable rule="rock" path=tune/effects/rock.asbirthrule
2026-10-04T06:29:03.327476Z  WARN mm2_app::wheel_fx: wheel atlas unresolved — untextured puffs texture="ptx_wheel"
2026-10-04T06:29:03.327703Z  WARN mm2_app::audio: audio: aud/cardata/player/default_impacts.csv: asset not found: aud/cardata/player/default_impacts.csv
2026-10-04T06:29:03.327711Z  WARN mm2_app::audio: audio: aud/cardata/player/default_surfacedry.csv: asset not found: aud/cardata/player/default_surfacedry.csv
2026-10-04T06:29:03.327717Z  WARN mm2_app::audio: audio: aud/cardata/player/stockholmpolicesiren.csv: asset not found: aud/cardata/player/stockholmpolicesiren.csv
2026-10-04T06:29:03.327719Z  WARN mm2_app::audio: audio: aud/cardata/opponent/policesiren.csv: asset not found: aud/cardata/opponent/policesiren.csv
2026-10-04T06:29:03.328718Z  WARN mm2_app::session: nav graph failed to load — opponent routes stay verbatim error=city/stockholm.bai: not found in the VFS
2026-10-04T06:29:03.783096Z  WARN mm2_app::race_audio: audio: race cue startracelow: no wave matches stem "startracelow"
2026-10-04T06:29:03.783140Z  WARN mm2_app::audio: audio: aud/spchdata/stockholm.csv: asset not found: aud/spchdata/stockholm.csv
2026-10-04T06:29:04.150239Z  WARN mm2_app::race_audio: audio: race cue startracelow: no wave matches stem "startracelow"
2026-10-04T06:29:04.413706Z  WARN mm2_app::race_audio: audio: race cue startracelow: no wave matches stem "startracelow"
2026-10-04T06:29:04.674475Z  WARN mm2_app::race_audio: audio: race cue startracehigh: no wave matches stem "startracehigh"
2026-10-04T06:29:28.925590Z  INFO mm2_app::scripted: scripted player started a bounded escape after sustained low-speed throttle tick=8212 escapes=1 position=Vec3(631.2633, 25.857939, 1810.7666) speed=0.019114702939987183 heading_rad=-0.9312602281570435 bearing_rad=1.706525444984436 route_next=Some(337) gate=Vec3(225.863, 2.46011, 773.00256) aim=Vec3(637.4679, 26.00943, 1822.022)
2026-10-04T06:29:33.187621Z  WARN mm2_app::race_audio: audio: race cue waypoint: no wave matches stem "waypoint"
2026-10-04T06:29:39.698684Z  INFO mm2_app::scripted: scripted player started a bounded escape after sustained low-speed throttle tick=11548 escapes=2 position=Vec3(781.90497, 25.888546, 1826.502) speed=-0.045051347464323044 heading_rad=-1.288250207901001 bearing_rad=-0.05324885994195938 route_next=Some(407) gate=Vec3(225.863, 2.46011, 773.00256) aim=Vec3(794.0801, 25.83708, 1822.2527)
2026-10-04T06:29:41.001973Z  INFO mm2_app::scripted: scripted player started a bounded escape after sustained low-speed throttle tick=11962 escapes=3 position=Vec3(773.26935, 25.937777, 1827.0571) speed=0.3249322474002838 heading_rad=-1.7785297632217407 bearing_rad=-0.4346220791339874 route_next=Some(407) gate=Vec3(225.863, 2.46011, 773.00256) aim=Vec3(794.0801, 25.83708, 1822.2527)
2026-10-04T06:29:43.528371Z  INFO mm2_app::scripted: scripted player started a bounded escape after sustained low-speed throttle tick=12770 escapes=4 position=Vec3(785.5335, 25.869839, 1824.44) speed=-0.010653452947735786 heading_rad=-1.3344087600708008 bearing_rad=-0.00938546471297741 route_next=Some(407) gate=Vec3(225.863, 2.46011, 773.00256) aim=Vec3(797.1739, 25.81802, 1821.52)
2026-10-04T06:29:45.587955Z  INFO mm2_app::scripted: scripted player started a bounded escape after sustained low-speed throttle tick=13430 escapes=5 position=Vec3(784.8811, 25.899506, 1822.4181) speed=-0.010176500305533409 heading_rad=-1.0514686107635498 bearing_rad=0.44860997796058655 route_next=Some(407) gate=Vec3(225.863, 2.46011, 773.00256) aim=Vec3(797.0096, 25.81802, 1821.559)
2026-10-04T06:29:46.891039Z  INFO mm2_app::scripted: scripted player started a bounded escape after sustained low-speed throttle tick=13844 escapes=6 position=Vec3(784.84735, 25.865314, 1822.2909) speed=0.01924964413046837 heading_rad=-1.0362679958343506 bearing_rad=0.4744628667831421 route_next=Some(407) gate=Vec3(225.863, 2.46011, 773.00256) aim=Vec3(797.0061, 25.81802, 1821.5597)
2026-10-04T06:29:48.304742Z  INFO mm2_app::scripted: scripted player started a bounded escape after sustained low-speed throttle tick=14294 escapes=7 position=Vec3(785.44324, 25.869339, 1824.5978) speed=-0.027778152376413345 heading_rad=-1.9733049869537354 bearing_rad=-0.6593475937843323 route_next=Some(407) gate=Vec3(225.863, 2.46011, 773.00256) aim=Vec3(797.05304, 25.81802, 1821.5486)
2026-10-04T06:29:48.448678Z  INFO mm2_app::scripted: scripted player re-anchored onto its route after a bounded stuck tick=14340 reanchors=1 position=Vec3(784.96063, 25.867073, 1824.28) speed=-2.7812957763671875 heading_rad=-1.8788987398147583 route_next=402 gate=Vec3(225.863, 2.46011, 773.00256) landing=Vec3(761.646, 26.352785, 1829.9758)
2026-10-04T06:29:50.300327Z  INFO mm2_app::scripted: scripted player started a bounded escape after sustained low-speed throttle tick=14926 escapes=8 position=Vec3(784.9938, 25.871843, 1822.4318) speed=0.0318928025662899 heading_rad=-1.2616732120513916 bearing_rad=0.23521634936332703 route_next=Some(407) gate=Vec3(225.863, 2.46011, 773.00256) aim=Vec3(797.11316, 25.81802, 1821.5344)
2026-10-04T06:29:52.134392Z  INFO mm2_app::scripted: scripted player started a bounded escape after sustained low-speed throttle tick=15514 escapes=9 position=Vec3(785.39087, 25.86999, 1824.0223) speed=-0.008857433684170246 heading_rad=-1.2824642658233643 bearing_rad=0.07915399223566055 route_next=Some(407) gate=Vec3(225.863, 2.46011, 773.00256) aim=Vec3(797.1325, 25.81802, 1821.5298)
2026-10-04T06:29:54.374842Z  INFO mm2_app::scripted: scripted player started a bounded escape after sustained low-speed throttle tick=16228 escapes=10 position=Vec3(785.1895, 25.870184, 1823.2611) speed=-0.012858637608587742 heading_rad=-1.2574045658111572 bearing_rad=0.16958242654800415 route_next=Some(407) gate=Vec3(225.863, 2.46011, 773.00256) aim=Vec3(797.11255, 25.81802, 1821.5345)
2026-10-04T06:29:56.626033Z  INFO mm2_app::scripted: scripted player started a bounded escape after sustained low-speed throttle tick=16926 escapes=11 position=Vec3(785.39056, 25.870543, 1824.1461) speed=-0.4658955931663513 heading_rad=-1.246077537536621 bearing_rad=0.10550814867019653 route_next=Some(407) gate=Vec3(225.863, 2.46011, 773.00256) aim=Vec3(797.10443, 25.81802, 1821.5364)
2026-10-04T06:29:57.967056Z  INFO mm2_app::scripted: scripted player started a bounded escape after sustained low-speed throttle tick=17340 escapes=12 position=Vec3(785.52075, 25.865545, 1824.4478) speed=0.000455440953373909 heading_rad=-1.3494408130645752 bearing_rad=-0.024803590029478073 route_next=Some(407) gate=Vec3(225.863, 2.46011, 773.00256) aim=Vec3(797.1601, 25.81802, 1821.5233)
2026-10-04T06:30:00.080253Z  INFO mm2_app::scripted: scripted player started a bounded escape after sustained low-speed throttle tick=17992 escapes=13 position=Vec3(785.5096, 25.870613, 1824.6857) speed=0.03485461324453354 heading_rad=-1.4463415145874023 bearing_rad=-0.14077132940292358 route_next=Some(407) gate=Vec3(225.863, 2.46011, 773.00256) aim=Vec3(797.0962, 25.81802, 1821.5385)
2026-10-04T06:30:02.662295Z  INFO mm2_app::scripted: scripted player started a bounded escape after sustained low-speed throttle tick=18798 escapes=14 position=Vec3(784.936, 25.867926, 1821.9629) speed=0.01249096542596817 heading_rad=-1.3344110250473022 bearing_rad=0.2003815472126007 route_next=Some(407) gate=Vec3(225.863, 2.46011, 773.00256) aim=Vec3(797.1636, 25.81802, 1821.5225)
2026-10-04T06:30:05.485812Z  INFO mm2_app::scripted: scripted player started a bounded escape after sustained low-speed throttle tick=19690 escapes=15 position=Vec3(785.2078, 25.869469, 1823.6521) speed=0.002531252335757017 heading_rad=-1.5468782186508179 bearing_rad=-0.15178130567073822 route_next=Some(407) gate=Vec3(225.863, 2.46011, 773.00256) aim=Vec3(797.0422, 25.81802, 1821.5511)
2026-10-04T06:30:07.026465Z  INFO mm2_app::scripted: scripted player started a bounded escape after sustained low-speed throttle tick=20182 escapes=16 position=Vec3(785.2685, 25.872116, 1823.9467) speed=0.03012421540915966 heading_rad=-1.574683666229248 bearing_rad=-0.20458394289016724 route_next=Some(407) gate=Vec3(225.863, 2.46011, 773.00256) aim=Vec3(797.03357, 25.81802, 1821.5532)
2026-10-04T06:30:09.184758Z  INFO mm2_app::scripted: scripted player started a bounded escape after sustained low-speed throttle tick=20874 escapes=17 position=Vec3(782.2912, 25.880333, 1827.0349) speed=0.10275071859359741 heading_rad=-1.2304469347000122 bearing_rad=-0.045023079961538315 route_next=Some(407) gate=Vec3(225.863, 2.46011, 773.00256) aim=Vec3(794.0801, 25.83708, 1822.2527)
2026-10-04T06:30:11.810014Z  INFO mm2_app::scripted: scripted player started a bounded escape after sustained low-speed throttle tick=21660 escapes=18 position=Vec3(781.0076, 25.884386, 1822.2946) speed=0.0449644960463047 heading_rad=-0.8613517880439758 bearing_rad=0.7062415480613708 route_next=Some(407) gate=Vec3(225.863, 2.46011, 773.00256) aim=Vec3(794.0801, 25.83708, 1822.2527)
2026-10-04T06:30:13.666404Z  INFO mm2_app::scripted: scripted player re-anchored onto its route after a bounded stuck tick=22190 reanchors=2 position=Vec3(781.29803, 25.8861, 1825.6113) speed=9.595772743225098 heading_rad=-1.3400532007217407 route_next=404 gate=Vec3(225.863, 2.46011, 773.00256) landing=Vec3(770.72614, 26.29399, 1827.7838)
2026-10-04T06:30:15.304691Z  INFO mm2_app::scripted: scripted player started a bounded escape after sustained low-speed throttle tick=22688 escapes=19 position=Vec3(785.20703, 25.869926, 1823.4551) speed=-0.021208707243204117 heading_rad=-1.4558628797531128 bearing_rad=-0.044838644564151764 route_next=Some(407) gate=Vec3(225.863, 2.46011, 773.00256) aim=Vec3(797.08563, 25.81802, 1821.5409)
2026-10-04T06:30:17.555274Z  INFO mm2_app::scripted: scripted player started a bounded escape after sustained low-speed throttle tick=23404 escapes=20 position=Vec3(786.52826, 25.880484, 1829.2526) speed=0.04170413315296173 heading_rad=-1.6295137405395508 bearing_rad=-0.6910939812660217 route_next=Some(407) gate=Vec3(225.863, 2.46011, 773.00256) aim=Vec3(797.03656, 25.81802, 1821.5525)
2026-10-04T06:30:19.138962Z  INFO mm2_app::scripted: scripted player started a bounded escape after sustained low-speed throttle tick=23894 escapes=21 position=Vec3(786.6252, 25.865864, 1829.4714) speed=0.04422222822904587 heading_rad=-1.5070737600326538 bearing_rad=-0.5851774215698242 route_next=Some(407) gate=Vec3(225.863, 2.46011, 773.00256) aim=Vec3(797.0792, 25.81802, 1821.5424)
2026-10-04T06:30:20.470316Z  INFO mm2_app::scripted: scripted player started a bounded escape after sustained low-speed throttle tick=24310 escapes=22 position=Vec3(786.2926, 25.86636, 1828.3397) speed=0.025255074724555016 heading_rad=-0.9634045958518982 bearing_rad=0.0434877835214138 route_next=Some(407) gate=Vec3(225.863, 2.46011, 773.00256) aim=Vec3(797.0181, 25.81802, 1821.5569)
2026-10-04T06:30:23.572142Z  INFO mm2_app::scripted: scripted player started a bounded escape after sustained low-speed throttle tick=25286 escapes=23 position=Vec3(785.89276, 25.868332, 1825.9343) speed=-0.00994451716542244 heading_rad=-1.3344594240188599 bearing_rad=-0.13658863306045532 route_next=Some(407) gate=Vec3(225.863, 2.46011, 773.00256) aim=Vec3(797.17896, 25.81802, 1821.5188)
2026-10-04T06:30:25.809967Z  INFO mm2_app::scripted: scripted player started a bounded escape after sustained low-speed throttle tick=25986 escapes=24 position=Vec3(785.9864, 25.869978, 1826.7223) speed=0.03416535258293152 heading_rad=-1.4691206216812134 bearing_rad=-0.3349899351596832 route_next=Some(407) gate=Vec3(225.863, 2.46011, 773.00256) aim=Vec3(797.0909, 25.81802, 1821.5397)
2026-10-04T06:30:27.972785Z  INFO mm2_app::scripted: scripted player started a bounded escape after sustained low-speed throttle tick=26660 escapes=25 position=Vec3(782.4001, 25.878563, 1825.4985) speed=-0.16574043035507202 heading_rad=-1.684679627418518 bearing_rad=-0.38494202494621277 route_next=Some(407) gate=Vec3(225.863, 2.46011, 773.00256) aim=Vec3(794.0801, 25.83708, 1822.2527)
2026-10-04T06:30:30.541332Z  INFO mm2_app::scripted: scripted player started a bounded escape after sustained low-speed throttle tick=27444 escapes=26 position=Vec3(784.5659, 25.868238, 1820.4264) speed=-0.028550151735544205 heading_rad=-1.334654450416565 bearing_rad=0.32307472825050354 route_next=Some(407) gate=Vec3(225.863, 2.46011, 773.00256) aim=Vec3(797.1578, 25.81802, 1821.5238)
2026-10-04T06:30:32.048744Z  INFO mm2_app::scripted: scripted player started a bounded escape after sustained low-speed throttle tick=27936 escapes=27 position=Vec3(784.63, 25.871117, 1821.1487) speed=-0.023553581908345222 heading_rad=-1.4934684038162231 bearing_rad=0.10943947732448578 route_next=Some(407) gate=Vec3(225.863, 2.46011, 773.00256) aim=Vec3(797.05646, 25.81802, 1821.5479)
2026-10-04T06:30:33.907691Z  INFO mm2_app::scripted: scripted player started a bounded escape after sustained low-speed throttle tick=28556 escapes=28 position=Vec3(784.9585, 25.873789, 1822.1819) speed=0.3042234480381012 heading_rad=-1.323912501335144 bearing_rad=0.19332481920719147 route_next=Some(407) gate=Vec3(225.863, 2.46011, 773.00256) aim=Vec3(797.13586, 25.81802, 1821.529)
2026-10-04T06:30:35.352302Z  INFO mm2_app::scripted: scripted player re-anchored onto its route after a bounded stuck tick=29042 reanchors=3 position=Vec3(785.07434, 25.87063, 1822.9612) speed=0.011839155107736588 heading_rad=-1.4795894622802734 route_next=404 gate=Vec3(225.863, 2.46011, 773.00256) landing=Vec3(769.82446, 26.299204, 1827.9973)
2026-10-04T06:30:36.976601Z  INFO mm2_app::scripted: scripted player started a bounded escape after sustained low-speed throttle tick=29606 escapes=29 position=Vec3(785.16516, 25.874573, 1823.5762) speed=-0.3301639258861542 heading_rad=-1.6089390516281128 bearing_rad=-0.20688383281230927 route_next=Some(407) gate=Vec3(225.863, 2.46011, 773.00256) aim=Vec3(797.01886, 25.81802, 1821.5568)
2026-10-04T06:30:39.014149Z  INFO mm2_app::scripted: scripted player started a bounded escape after sustained low-speed throttle tick=30334 escapes=30 position=Vec3(785.6529, 25.872885, 1825.4773) speed=0.0032491534948349 heading_rad=-1.13817298412323 bearing_rad=0.10076548159122467 route_next=Some(407) gate=Vec3(225.863, 2.46011, 773.00256) aim=Vec3(797.0543, 25.81802, 1821.5483)
2026-10-04T06:30:40.337835Z  INFO mm2_app::scripted: scripted player started a bounded escape after sustained low-speed throttle tick=30806 escapes=31 position=Vec3(785.8658, 25.869818, 1825.8197) speed=-0.014234725385904312 heading_rad=-1.334529995918274 bearing_rad=-0.1270218938589096 route_next=Some(407) gate=Vec3(225.863, 2.46011, 773.00256) aim=Vec3(797.17914, 25.81802, 1821.5188)
2026-10-04T06:30:42.111461Z  INFO mm2_app::scripted: scripted player started a bounded escape after sustained low-speed throttle tick=31436 escapes=32 position=Vec3(785.9233, 25.870625, 1826.3364) speed=0.005987673066556454 heading_rad=-1.4221608638763428 bearing_rad=-0.2566714584827423 route_next=Some(407) gate=Vec3(225.863, 2.46011, 773.00256) aim=Vec3(797.1177, 25.81802, 1821.5333)
2026-10-04T06:30:44.166923Z  INFO mm2_app::scripted: scripted player started a bounded escape after sustained low-speed throttle tick=32174 escapes=33 position=Vec3(784.8125, 25.87669, 1821.9515) speed=0.011935338377952576 heading_rad=-1.514387845993042 bearing_rad=0.02357027865946293 route_next=Some(407) gate=Vec3(225.863, 2.46011, 773.00256) aim=Vec3(797.04926, 25.81802, 1821.5496)
2026-10-04T06:30:46.598363Z  INFO mm2_app::scripted: scripted player started a bounded escape after sustained low-speed throttle tick=32994 escapes=34 position=Vec3(782.3689, 25.88413, 1825.0824) speed=0.010331766679883003 heading_rad=-1.952043056488037 bearing_rad=-0.6183274388313293 route_next=Some(407) gate=Vec3(225.863, 2.46011, 773.00256) aim=Vec3(794.0801, 25.83708, 1822.2527)
2026-10-04T06:30:48.091138Z  INFO mm2_app::scripted: scripted player started a bounded escape after sustained low-speed throttle tick=33506 escapes=35 position=Vec3(786.0223, 25.871313, 1827.1208) speed=0.031596966087818146 heading_rad=-1.6043567657470703 bearing_rad=-0.5016671419143677 route_next=Some(407) gate=Vec3(225.863, 2.46011, 773.00256) aim=Vec3(797.03546, 25.81802, 1821.5527)
2026-10-04T06:30:49.678628Z  INFO mm2_app::scripted: scripted player started a bounded escape after sustained low-speed throttle tick=34076 escapes=36 position=Vec3(784.5124, 25.871357, 1820.7815) speed=-0.0068177999928593636 heading_rad=-1.1131831407546997 bearing_rad=0.5193157196044922 route_next=Some(407) gate=Vec3(225.863, 2.46011, 773.00256) aim=Vec3(797.02747, 25.81802, 1821.5547)
2026-10-04T06:30:51.662709Z  INFO mm2_app::scripted: scripted player started a bounded escape after sustained low-speed throttle tick=34798 escapes=37 position=Vec3(785.1442, 25.868753, 1823.2523) speed=0.0066125718876719475 heading_rad=-1.478643536567688 bearing_rad=-0.050090987235307693 route_next=Some(407) gate=Vec3(225.863, 2.46011, 773.00256) aim=Vec3(797.0716, 25.81802, 1821.5442)
2026-10-04T06:30:53.615877Z  INFO mm2_app::scripted: scripted player started a bounded escape after sustained low-speed throttle tick=35508 escapes=38 position=Vec3(785.7674, 25.87175, 1825.7557) speed=-0.025413604453206062 heading_rad=-1.222303867340088 bearing_rad=-0.00784316472709179 route_next=Some(407) gate=Vec3(225.863, 2.46011, 773.00256) aim=Vec3(797.1003, 25.81802, 1821.5374)
2026-10-04T06:30:55.622195Z  INFO mm2_app::scripted: scripted player started a bounded escape after sustained low-speed throttle tick=36240 escapes=39 position=Vec3(784.8341, 25.8724, 1822.1368) speed=-0.004880907014012337 heading_rad=-1.5703582763671875 bearing_rad=-0.04728655144572258 route_next=Some(407) gate=Vec3(225.863, 2.46011, 773.00256) aim=Vec3(797.02814, 25.81802, 1821.5544)
2026-10-04T06:30:57.853278Z  INFO mm2_app::scripted: scripted player started a bounded escape after sustained low-speed throttle tick=37014 escapes=40 position=Vec3(781.8086, 25.886324, 1825.3821) speed=-0.06542380899190903 heading_rad=-1.379902720451355 bearing_rad=-0.05879807099699974 route_next=Some(407) gate=Vec3(225.863, 2.46011, 773.00256) aim=Vec3(794.0801, 25.83708, 1822.2527)
2026-10-04T06:30:59.883655Z  INFO mm2_app::scripted: scripted player started a bounded escape after sustained low-speed throttle tick=37754 escapes=41 position=Vec3(780.7791, 25.895256, 1820.5614) speed=-0.5272571444511414 heading_rad=-1.669634461402893 bearing_rad=0.02763814851641655 route_next=Some(407) gate=Vec3(225.863, 2.46011, 773.00256) aim=Vec3(794.0801, 25.83708, 1822.2527)
2026-10-04T06:31:01.274768Z  INFO mm2_app::scripted: scripted player re-anchored onto its route after a bounded stuck tick=38262 reanchors=4 position=Vec3(781.8591, 25.897734, 1822.9164) speed=0.12275371700525284 heading_rad=-1.9319593906402588 route_next=403 gate=Vec3(225.863, 2.46011, 773.00256) landing=Vec3(766.8338, 26.317022, 1828.7057)
2026-10-04T06:31:03.012156Z  INFO mm2_app::scripted: scripted player started a bounded escape after sustained low-speed throttle tick=38896 escapes=42 position=Vec3(785.5115, 25.872902, 1825.0092) speed=0.0007983803516253829 heading_rad=-0.7911862134933472 bearing_rad=0.48816895484924316 route_next=Some(407) gate=Vec3(225.863, 2.46011, 773.00256) aim=Vec3(797.0254, 25.81802, 1821.5552)
2026-10-04T06:31:05.005144Z  INFO mm2_app::scripted: scripted player started a bounded escape after sustained low-speed throttle tick=39624 escapes=43 position=Vec3(786.4919, 25.871025, 1828.9188) speed=-0.01613226719200611 heading_rad=-1.51227605342865 bearing_rad=-0.5500655174255371 route_next=Some(407) gate=Vec3(225.863, 2.46011, 773.00256) aim=Vec3(797.07697, 25.81802, 1821.543)
2026-10-04T06:31:07.043538Z  INFO mm2_app::scripted: scripted player started a bounded escape after sustained low-speed throttle tick=40360 escapes=44 position=Vec3(781.82446, 25.892881, 1825.3973) speed=-1.1346869468688965 heading_rad=-0.7815300822257996 bearing_rad=0.538096010684967 route_next=Some(407) gate=Vec3(225.863, 2.46011, 773.00256) aim=Vec3(794.0801, 25.83708, 1822.2527)
2026-10-04T06:31:09.279850Z  INFO mm2_app::scripted: scripted player started a bounded escape after sustained low-speed throttle tick=41180 escapes=45 position=Vec3(786.68475, 25.873087, 1829.9315) speed=0.04260779917240143 heading_rad=-1.67673921585083 bearing_rad=-0.7865416407585144 route_next=Some(407) gate=Vec3(225.863, 2.46011, 773.00256) aim=Vec3(797.0325, 25.81802, 1821.5535)
2026-10-04T06:31:11.558545Z  INFO mm2_app::scripted: scripted player started a bounded escape after sustained low-speed throttle tick=42014 escapes=46 position=Vec3(785.0948, 25.867664, 1823.2183) speed=-0.0037096983287483454 heading_rad=-1.567497730255127 bearing_rad=-0.13526485860347748 route_next=Some(407) gate=Vec3(225.863, 2.46011, 773.00256) aim=Vec3(797.0325, 25.81802, 1821.5535)
2026-10-04T06:31:13.316310Z  INFO mm2_app::scripted: scripted player started a bounded escape after sustained low-speed throttle tick=42706 escapes=47 position=Vec3(785.4983, 25.870329, 1824.4884) speed=-0.02909327670931816 heading_rad=-1.3932660818099976 bearing_rad=-0.07150272279977798 route_next=Some(407) gate=Vec3(225.863, 2.46011, 773.00256) aim=Vec3(797.1297, 25.81802, 1821.5304)
2026-10-04T06:31:14.688415Z  INFO mm2_app::scripted: scripted player started a bounded escape after sustained low-speed throttle tick=43370 escapes=48 position=Vec3(784.8578, 25.870258, 1822.12) speed=0.0009958486771211028 heading_rad=-1.5053789615631104 bearing_rad=0.0185813307762146 route_next=Some(407) gate=Vec3(225.863, 2.46011, 773.00256) aim=Vec3(797.0543, 25.81802, 1821.5483)
2026-10-04T06:31:15.062156Z  INFO mm2_app::scripted: scripted player re-anchored onto its route after a bounded stuck tick=43548 reanchors=5 position=Vec3(778.48566, 25.895914, 1824.3137) speed=-5.586575984954834 heading_rad=-1.4424386024475098 route_next=404 gate=Vec3(225.863, 2.46011, 773.00256) landing=Vec3(770.72614, 26.29399, 1827.7838)
2026-10-04T06:31:16.325804Z  INFO mm2_app::scripted: scripted player started a bounded escape after sustained low-speed throttle tick=44154 escapes=49 position=Vec3(785.1906, 25.872896, 1823.6528) speed=0.026816699653863907 heading_rad=-1.8976932764053345 bearing_rad=-0.5023257732391357 route_next=Some(407) gate=Vec3(225.863, 2.46011, 773.00256) aim=Vec3(797.0257, 25.81802, 1821.555)
2026-10-04T06:31:18.100381Z  INFO mm2_app::scripted: scripted player started a bounded escape after sustained low-speed throttle tick=44978 escapes=50 position=Vec3(785.68756, 25.86796, 1825.0826) speed=-0.009921855293214321 heading_rad=-1.3344439268112183 bearing_rad=-0.0643962100148201 route_next=Some(407) gate=Vec3(225.863, 2.46011, 773.00256) aim=Vec3(797.17566, 25.81802, 1821.5195)
2026-10-04T06:31:19.468552Z  INFO mm2_app::scripted: scripted player re-anchored onto its route after a bounded stuck tick=45572 reanchors=6 position=Vec3(781.2887, 25.885279, 1822.0715) speed=0.06791146099567413 heading_rad=-1.1871893405914307 route_next=403 gate=Vec3(225.863, 2.46011, 773.00256) landing=Vec3(766.8338, 26.317022, 1828.7057)
2026-10-04T06:31:20.666095Z  INFO mm2_app::scripted: scripted player started a bounded escape after sustained low-speed throttle tick=46084 escapes=51 position=Vec3(781.62854, 25.886251, 1824.6244) speed=0.03168847784399986 heading_rad=-1.3846884965896606 bearing_rad=-0.002112332731485367 route_next=Some(407) gate=Vec3(225.863, 2.46011, 773.00256) aim=Vec3(794.0801, 25.83708, 1822.2527)
2026-10-04T06:31:22.382720Z  INFO mm2_app::scripted: scripted player started a bounded escape after sustained low-speed throttle tick=46856 escapes=52 position=Vec3(786.16486, 25.870506, 1827.0602) speed=0.0009710490703582764 heading_rad=-1.3344862461090088 bearing_rad=-0.22972969710826874 route_next=Some(407) gate=Vec3(225.863, 2.46011, 773.00256) aim=Vec3(797.1841, 25.81802, 1821.5176)
2026-10-04T06:31:24.512692Z  INFO mm2_app::scripted: scripted player started a bounded escape after sustained low-speed throttle tick=47844 escapes=53 position=Vec3(779.7397, 25.892965, 1825.4806) speed=0.11136523634195328 heading_rad=-0.929111897945404 bearing_rad=0.4202825725078583 route_next=Some(407) gate=Vec3(225.863, 2.46011, 773.00256) aim=Vec3(794.0801, 25.83708, 1822.2527)
2026-10-04T06:31:27.440098Z  INFO mm2_app::scripted: scripted player started a bounded escape after sustained low-speed throttle tick=49158 escapes=54 position=Vec3(783.386, 25.88208, 1829.7274) speed=-0.08980654180049896 heading_rad=-0.811005175113678 bearing_rad=0.14976422488689423 route_next=Some(407) gate=Vec3(225.863, 2.46011, 773.00256) aim=Vec3(794.0801, 25.83708, 1822.2527)
2026-10-04T06:31:29.652942Z  INFO mm2_app::scripted: scripted player started a bounded escape after sustained low-speed throttle tick=50162 escapes=55 position=Vec3(785.27277, 25.870129, 1823.6318) speed=0.0076858545653522015 heading_rad=-1.2486242055892944 bearing_rad=0.14686866104602814 route_next=Some(407) gate=Vec3(225.863, 2.46011, 773.00256) aim=Vec3(797.1082, 25.81802, 1821.5355)
2026-10-04T06:31:31.253795Z  INFO mm2_app::scripted: scripted player started a bounded escape after sustained low-speed throttle tick=50884 escapes=56 position=Vec3(786.0295, 25.875101, 1827.2141) speed=-0.005901489406824112 heading_rad=-1.6616753339767456 bearing_rad=-0.5662553310394287 route_next=Some(407) gate=Vec3(225.863, 2.46011, 773.00256) aim=Vec3(797.0214, 25.81802, 1821.556)
2026-10-04T06:31:32.840789Z  INFO mm2_app::scripted: scripted player re-anchored onto its route after a bounded stuck tick=51590 reanchors=7 position=Vec3(785.4704, 25.868563, 1824.1827) speed=0.013945698738098145 heading_rad=-1.3350955247879028 route_next=405 gate=Vec3(225.863, 2.46011, 773.00256) landing=Vec3(777.7102, 26.254848, 1826.1298)
2026-10-04T06:31:34.020447Z  INFO mm2_app::scripted: scripted player started a bounded escape after sustained low-speed throttle tick=52122 escapes=57 position=Vec3(785.36914, 25.870348, 1824.058) speed=-0.02685439959168434 heading_rad=-1.402259349822998 bearing_rad=-0.04310827702283859 route_next=Some(407) gate=Vec3(225.863, 2.46011, 773.00256) aim=Vec3(797.1039, 25.81802, 1821.5366)
2026-10-04T06:31:35.306162Z  INFO mm2_app::scripted: scripted player started a bounded escape after sustained low-speed throttle tick=52690 escapes=58 position=Vec3(785.43304, 25.870481, 1824.1371) speed=-0.017316661775112152 heading_rad=-1.36814284324646 bearing_rad=-0.016641009598970413 route_next=Some(407) gate=Vec3(225.863, 2.46011, 773.00256) aim=Vec3(797.14667, 25.81802, 1821.5264)
2026-10-04T06:31:36.601270Z  INFO mm2_app::scripted: scripted player started a bounded escape after sustained low-speed throttle tick=53268 escapes=59 position=Vec3(785.34467, 25.86871, 1823.7552) speed=-0.024621333926916122 heading_rad=-1.3060880899429321 bearing_rad=0.0780506357550621 route_next=Some(407) gate=Vec3(225.863, 2.46011, 773.00256) aim=Vec3(797.1486, 25.81802, 1821.526)
2026-10-04T06:31:38.197699Z  INFO mm2_app::scripted: scripted player started a bounded escape after sustained low-speed throttle tick=53984 escapes=60 position=Vec3(786.29706, 25.878616, 1827.7161) speed=0.039193980395793915 heading_rad=-1.3046464920043945 bearing_rad=-0.2519357204437256 route_next=Some(407) gate=Vec3(225.863, 2.46011, 773.00256) aim=Vec3(797.1622, 25.81802, 1821.5227)
2026-10-04T06:31:39.912860Z  INFO mm2_app::scripted: scripted player started a bounded escape after sustained low-speed throttle tick=54764 escapes=61 position=Vec3(785.6308, 25.871052, 1824.8423) speed=-0.008974770084023476 heading_rad=-1.3344441652297974 bearing_rad=-0.04388336092233658 route_next=Some(407) gate=Vec3(225.863, 2.46011, 773.00256) aim=Vec3(797.1758, 25.81802, 1821.5195)
2026-10-04T06:31:41.088302Z  INFO mm2_app::scripted: scripted player started a bounded escape after sustained low-speed throttle tick=55292 escapes=62 position=Vec3(785.76245, 25.864534, 1825.3965) speed=0.016663845628499985 heading_rad=-1.3344985246658325 bearing_rad=-0.0911594107747078 route_next=Some(407) gate=Vec3(225.863, 2.46011, 773.00256) aim=Vec3(797.17615, 25.81802, 1821.5194)
2026-10-04T06:31:42.290521Z  INFO mm2_app::scripted: scripted player started a bounded escape after sustained low-speed throttle tick=55846 escapes=63 position=Vec3(785.68634, 25.869251, 1825.1423) speed=0.0421936959028244 heading_rad=-1.3154122829437256 bearing_rad=-0.05014961585402489 route_next=Some(407) gate=Vec3(225.863, 2.46011, 773.00256) aim=Vec3(797.16113, 25.81802, 1821.5231)
2026-10-04T06:31:43.413871Z  INFO mm2_app::scripted: scripted player started a bounded escape after sustained low-speed throttle tick=56342 escapes=64 position=Vec3(785.7436, 25.872433, 1825.4932) speed=-0.009357182309031487 heading_rad=-1.3903003931045532 bearing_rad=-0.15436393022537231 route_next=Some(407) gate=Vec3(225.863, 2.46011, 773.00256) aim=Vec3(797.1366, 25.81802, 1821.5288)
2026-10-04T06:31:43.507281Z  INFO mm2_app::scripted: scripted player re-anchored onto its route after a bounded stuck tick=56382 reanchors=8 position=Vec3(785.3113, 25.868793, 1825.686) speed=-2.3600311279296875 heading_rad=-1.4918808937072754 route_next=404 gate=Vec3(225.863, 2.46011, 773.00256) landing=Vec3(769.43774, 26.301441, 1828.0889)
2026-10-04T06:31:44.765365Z  INFO mm2_app::scripted: scripted player started a bounded escape after sustained low-speed throttle tick=56944 escapes=65 position=Vec3(780.5474, 25.890429, 1825.591) speed=-0.22057346999645233 heading_rad=-1.1975044012069702 bearing_rad=0.13143886625766754 route_next=Some(407) gate=Vec3(225.863, 2.46011, 773.00256) aim=Vec3(794.0801, 25.83708, 1822.2527)
2026-10-04T06:31:46.753676Z  INFO mm2_app::scripted: scripted player started a bounded escape after sustained low-speed throttle tick=57836 escapes=66 position=Vec3(785.87415, 25.87253, 1826.5709) speed=0.03524906188249588 heading_rad=-1.6773682832717896 bearing_rad=-0.5293643474578857 route_next=Some(407) gate=Vec3(225.863, 2.46011, 773.00256) aim=Vec3(797.01855, 25.81802, 1821.5568)
2026-10-04T06:31:48.494929Z  INFO mm2_app::scripted: scripted player started a bounded escape after sustained low-speed throttle tick=58634 escapes=67 position=Vec3(786.59625, 25.87049, 1829.2543) speed=0.030742069706320763 heading_rad=-1.200291633605957 bearing_rad=-0.26309701800346375 route_next=Some(407) gate=Vec3(225.863, 2.46011, 773.00256) aim=Vec3(797.1005, 25.81802, 1821.5374)
2026-10-04T06:31:49.801675Z  INFO mm2_app::scripted: scripted player started a bounded escape after sustained low-speed throttle tick=59220 escapes=68 position=Vec3(785.67126, 25.873459, 1825.7264) speed=-0.03239990770816803 heading_rad=-0.9914732575416565 bearing_rad=0.22714795172214508 route_next=Some(407) gate=Vec3(225.863, 2.46011, 773.00256) aim=Vec3(797.0158, 25.81802, 1821.5574)
2026-10-04T06:31:50.949351Z  INFO mm2_app::scripted: scripted player started a bounded escape after sustained low-speed throttle tick=59690 escapes=69 position=Vec3(786.1489, 25.867165, 1827.2386) speed=0.03494487702846527 heading_rad=-1.4118900299072266 bearing_rad=-0.3204972743988037 route_next=Some(407) gate=Vec3(225.863, 2.46011, 773.00256) aim=Vec3(797.12897, 25.81802, 1821.5306)
2026-10-04T06:31:52.243680Z  INFO mm2_app::scripted: scripted player re-anchored onto its route after a bounded stuck tick=60228 reanchors=9 position=Vec3(786.36835, 25.869507, 1828.1079) speed=0.05891793593764305 heading_rad=-1.3984464406967163 route_next=400 gate=Vec3(225.863, 2.46011, 773.00256) landing=Vec3(754.3647, 26.418728, 1831.8243)
2026-10-04T06:31:54.001687Z  INFO mm2_app::scripted: scripted player started a bounded escape after sustained low-speed throttle tick=60922 escapes=70 position=Vec3(782.2744, 25.882862, 1826.5414) speed=0.9020543694496155 heading_rad=-2.156562566757202 bearing_rad=-0.9342175126075745 route_next=Some(407) gate=Vec3(225.863, 2.46011, 773.00256) aim=Vec3(794.0801, 25.83708, 1822.2527)
2026-10-04T06:31:55.611630Z  INFO mm2_app::scripted: scripted player started a bounded escape after sustained low-speed throttle tick=61650 escapes=71 position=Vec3(781.58325, 25.886805, 1825.0258) speed=0.007118323352187872 heading_rad=-1.7136211395263672 bearing_rad=-0.3611885905265808 route_next=Some(407) gate=Vec3(225.863, 2.46011, 773.00256) aim=Vec3(794.0801, 25.83708, 1822.2527)
2026-10-04T06:31:57.431203Z  INFO mm2_app::scripted: scripted player started a bounded escape after sustained low-speed throttle tick=62404 escapes=72 position=Vec3(784.5061, 25.87252, 1820.8354) speed=-0.010014120489358902 heading_rad=-1.054805040359497 bearing_rad=0.5737924575805664 route_next=Some(407) gate=Vec3(225.863, 2.46011, 773.00256) aim=Vec3(797.0094, 25.81802, 1821.559)
2026-10-04T06:31:59.081716Z  INFO mm2_app::scripted: scripted player started a bounded escape after sustained low-speed throttle tick=63148 escapes=73 position=Vec3(785.6958, 25.872602, 1825.6788) speed=-9.082240285351872e-5 heading_rad=-1.1200027465820313 bearing_rad=0.10197076946496964 route_next=Some(407) gate=Vec3(225.863, 2.46011, 773.00256) aim=Vec3(797.0498, 25.81802, 1821.5494)
2026-10-04T06:32:00.152622Z  INFO mm2_app::scripted: scripted player started a bounded escape after sustained low-speed throttle tick=63632 escapes=74 position=Vec3(786.2558, 25.873045, 1828.1499) speed=0.04436653479933739 heading_rad=-1.8186802864074707 bearing_rad=-0.7973232269287109 route_next=Some(407) gate=Vec3(225.863, 2.46011, 773.00256) aim=Vec3(797.0258, 25.81802, 1821.555)
2026-10-04T06:32:01.268378Z  INFO mm2_app::scripted: scripted player started a bounded escape after sustained low-speed throttle tick=64136 escapes=75 position=Vec3(785.4, 25.871767, 1824.5663) speed=-0.01971958391368389 heading_rad=-1.0372651815414429 bearing_rad=0.28007689118385315 route_next=Some(407) gate=Vec3(225.863, 2.46011, 773.00256) aim=Vec3(797.01917, 25.81802, 1821.5566)
2026-10-04T06:32:03.201538Z  INFO mm2_app::scripted: scripted player started a bounded escape after sustained low-speed throttle tick=65004 escapes=76 position=Vec3(780.69714, 25.894829, 1822.2457) speed=-0.6710034608840942 heading_rad=-0.9369557499885559 bearing_rad=0.6343604922294617 route_next=Some(407) gate=Vec3(225.863, 2.46011, 773.00256) aim=Vec3(794.0801, 25.83708, 1822.2527)
2026-10-04T06:32:05.159010Z  INFO mm2_app::scripted: scripted player started a bounded escape after sustained low-speed throttle tick=65876 escapes=77 position=Vec3(786.14325, 25.870222, 1827.627) speed=0.027307607233524323 heading_rad=-0.7790058851242065 bearing_rad=0.2831062972545624 route_next=Some(407) gate=Vec3(225.863, 2.46011, 773.00256) aim=Vec3(797.03656, 25.81802, 1821.5525)
2026-10-04T06:32:06.477928Z  INFO mm2_app::scripted: scripted player started a bounded escape after sustained low-speed throttle tick=66462 escapes=78 position=Vec3(785.87634, 25.866005, 1825.8695) speed=-0.004613917320966721 heading_rad=-1.3344022035598755 bearing_rad=-0.13106520473957062 route_next=Some(407) gate=Vec3(225.863, 2.46011, 773.00256) aim=Vec3(797.1779, 25.81802, 1821.519)
2026-10-04T06:32:08.081717Z  INFO mm2_app::scripted: scripted player started a bounded escape after sustained low-speed throttle tick=67180 escapes=79 position=Vec3(785.8432, 25.870508, 1826.1512) speed=-0.004645946901291609 heading_rad=-1.4789077043533325 bearing_rad=-0.2973146140575409 route_next=Some(407) gate=Vec3(225.863, 2.46011, 773.00256) aim=Vec3(797.0834, 25.81802, 1821.5414)
2026-10-04T06:32:09.675295Z  INFO mm2_app::scripted: scripted player started a bounded escape after sustained low-speed throttle tick=67902 escapes=80 position=Vec3(785.5735, 25.873896, 1825.2872) speed=-0.014489968307316303 heading_rad=-1.0321829319000244 bearing_rad=0.22355037927627563 route_next=Some(407) gate=Vec3(225.863, 2.46011, 773.00256) aim=Vec3(797.0217, 25.81802, 1821.556)
2026-10-04T06:32:11.674074Z  INFO mm2_app::scripted: scripted player started a bounded escape after sustained low-speed throttle tick=68800 escapes=81 position=Vec3(784.6383, 25.868769, 1821.0044) speed=-0.01297144964337349 heading_rad=-1.4215986728668213 bearing_rad=0.1920192390680313 route_next=Some(407) gate=Vec3(225.863, 2.46011, 773.00256) aim=Vec3(797.0967, 25.81802, 1821.5382)
2026-10-04T06:32:13.298821Z  INFO mm2_app::scripted: scripted player started a bounded escape after sustained low-speed throttle tick=69520 escapes=82 position=Vec3(784.0246, 25.868725, 1818.3365) speed=-0.004928985610604286 heading_rad=-1.2881972789764404 bearing_rad=0.5222009420394897 route_next=Some(407) gate=Vec3(225.863, 2.46011, 773.00256) aim=Vec3(797.11383, 25.81802, 1821.5342)
2026-10-04T06:32:14.395475Z  INFO mm2_app::scripted: scripted player started a bounded escape after sustained low-speed throttle tick=70048 escapes=83 position=Vec3(784.1898, 25.866615, 1818.8708) speed=-0.0013552792370319366 heading_rad=-1.3343758583068848 bearing_rad=0.43845123052597046 route_next=Some(407) gate=Vec3(225.863, 2.46011, 773.00256) aim=Vec3(797.15045, 25.81802, 1821.5255)
2026-10-04T06:32:15.122849Z  INFO mm2_app::scripted: scripted player re-anchored onto its route after a bounded stuck tick=70370 reanchors=10 position=Vec3(780.7417, 25.883247, 1820.5944) speed=4.904374122619629 heading_rad=-2.318108081817627 route_next=404 gate=Vec3(225.863, 2.46011, 773.00256) landing=Vec3(770.72614, 26.29399, 1827.7838)
2026-10-04T06:32:16.115117Z  INFO mm2_app::scripted: scripted player started a bounded escape after sustained low-speed throttle tick=70814 escapes=84 position=Vec3(781.8447, 25.888655, 1825.3556) speed=-0.04622982442378998 heading_rad=-1.3345494270324707 bearing_rad=-0.012118671089410782 route_next=Some(407) gate=Vec3(225.863, 2.46011, 773.00256) aim=Vec3(794.0801, 25.83708, 1822.2527)
2026-10-04T06:32:17.856305Z  INFO mm2_app::scripted: scripted player started a bounded escape after sustained low-speed throttle tick=71594 escapes=85 position=Vec3(786.1157, 25.872688, 1827.513) speed=0.04111152142286301 heading_rad=-1.6113741397857666 bearing_rad=-0.5401907563209534 route_next=Some(407) gate=Vec3(225.863, 2.46011, 773.00256) aim=Vec3(797.0361, 25.81802, 1821.5526)
2026-10-04T06:32:19.225145Z  INFO mm2_app::scripted: scripted player started a bounded escape after sustained low-speed throttle tick=72220 escapes=86 position=Vec3(785.4919, 25.870111, 1824.5414) speed=0.04757167398929596 heading_rad=-1.4206029176712036 bearing_rad=-0.10300923138856888 route_next=Some(407) gate=Vec3(225.863, 2.46011, 773.00256) aim=Vec3(797.11176, 25.81802, 1821.5347)
2026-10-04T06:32:19.612261Z  INFO mm2_app::scripted: scripted player re-anchored onto its route after a bounded stuck tick=72394 reanchors=11 position=Vec3(784.9563, 25.866001, 1824.4546) speed=0.2913062870502472 heading_rad=-1.2517657279968262 route_next=405 gate=Vec3(225.863, 2.46011, 773.00256) landing=Vec3(773.27014, 26.279285, 1827.1813)
2026-10-04T06:32:20.918895Z  INFO mm2_app::scripted: scripted player started a bounded escape after sustained low-speed throttle tick=72996 escapes=87 position=Vec3(785.54224, 25.874083, 1825.1985) speed=-0.0028800340369343758 heading_rad=-0.9740309119224548 bearing_rad=0.28945228457450867 route_next=Some(407) gate=Vec3(225.863, 2.46011, 773.00256) aim=Vec3(797.012, 25.81802, 1821.5583)
2026-10-04T06:32:22.341380Z  INFO mm2_app::scripted: scripted player started a bounded escape after sustained low-speed throttle tick=73634 escapes=88 position=Vec3(785.918, 25.867666, 1826.2128) speed=0.009786136448383331 heading_rad=-1.3858957290649414 bearing_rad=-0.2105572521686554 route_next=Some(407) gate=Vec3(225.863, 2.46011, 773.00256) aim=Vec3(797.1405, 25.81802, 1821.528)
2026-10-04T06:32:24.009378Z  INFO mm2_app::scripted: scripted player started a bounded escape after sustained low-speed throttle tick=74362 escapes=89 position=Vec3(784.9265, 25.871296, 1822.3834) speed=0.02813626080751419 heading_rad=-1.4958138465881348 bearing_rad=0.006147746462374926 route_next=Some(407) gate=Vec3(225.863, 2.46011, 773.00256) aim=Vec3(797.0603, 25.81802, 1821.5469)
2026-10-04T06:32:24.480932Z  INFO mm2_app::scripted: scripted player re-anchored onto its route after a bounded stuck tick=74556 reanchors=12 position=Vec3(781.2493, 25.88152, 1823.3175) speed=-1.076113224029541 heading_rad=-1.346245527267456 route_next=404 gate=Vec3(225.863, 2.46011, 773.00256) landing=Vec3(770.72614, 26.29399, 1827.7838)
2026-10-04T06:32:26.003866Z  INFO mm2_app::scripted: scripted player started a bounded escape after sustained low-speed throttle tick=75194 escapes=90 position=Vec3(782.4222, 25.888548, 1824.7274) speed=-0.08860697597265244 heading_rad=-1.201710820198059 bearing_rad=0.15975086390972137 route_next=Some(407) gate=Vec3(225.863, 2.46011, 773.00256) aim=Vec3(794.1634, 25.83708, 1822.233)
2026-10-04T06:32:27.797630Z  INFO mm2_app::scripted: scripted player started a bounded escape after sustained low-speed throttle tick=75946 escapes=91 position=Vec3(786.2259, 25.869705, 1827.3151) speed=-0.005337981041520834 heading_rad=-1.3345365524291992 bearing_rad=-0.25034183263778687 route_next=Some(407) gate=Vec3(225.863, 2.46011, 773.00256) aim=Vec3(797.1848, 25.81802, 1821.5175)
2026-10-04T06:32:29.204435Z  INFO mm2_app::scripted: scripted player re-anchored onto its route after a bounded stuck tick=76580 reanchors=13 position=Vec3(785.58746, 25.835022, 1824.6849) speed=0.04859619587659836 heading_rad=-1.3223363161087036 route_next=405 gate=Vec3(225.863, 2.46011, 773.00256) landing=Vec3(777.70844, 26.254858, 1826.1301)
2026-10-04T06:32:30.229070Z  INFO mm2_app::scripted: scripted player started a bounded escape after sustained low-speed throttle tick=77036 escapes=92 position=Vec3(785.6705, 25.870525, 1825.0076) speed=-0.009223529137670994 heading_rad=-1.3344758749008179 bearing_rad=-0.05803777649998665 route_next=Some(407) gate=Vec3(225.863, 2.46011, 773.00256) aim=Vec3(797.1763, 25.81802, 1821.5194)
2026-10-04T06:32:31.823200Z  INFO mm2_app::scripted: scripted player started a bounded escape after sustained low-speed throttle tick=77758 escapes=93 position=Vec3(785.91833, 25.872604, 1826.7139) speed=0.0002453738125041127 heading_rad=-1.0411115884780884 bearing_rad=0.09492447227239609 route_next=Some(407) gate=Vec3(225.863, 2.46011, 773.00256) aim=Vec3(797.0283, 25.81802, 1821.5544)
2026-10-04T06:32:33.950344Z  INFO mm2_app::scripted: scripted player started a bounded escape after sustained low-speed throttle tick=78658 escapes=94 position=Vec3(785.5982, 25.867184, 1824.7605) speed=-0.004537565633654594 heading_rad=-1.3489899635314941 bearing_rad=-0.05118786171078682 route_next=Some(407) gate=Vec3(225.863, 2.46011, 773.00256) aim=Vec3(797.16327, 25.81802, 1821.5225)
2026-10-04T06:32:35.607693Z  INFO mm2_app::scripted: scripted player started a bounded escape after sustained low-speed throttle tick=79334 escapes=95 position=Vec3(785.8033, 25.870691, 1825.9236) speed=0.02209395170211792 heading_rad=-1.4535919427871704 bearing_rad=-0.2531774640083313 route_next=Some(407) gate=Vec3(225.863, 2.46011, 773.00256) aim=Vec3(797.0967, 25.81802, 1821.5383)
2026-10-04T06:32:37.150999Z  INFO mm2_app::scripted: scripted player started a bounded escape after sustained low-speed throttle tick=79966 escapes=96 position=Vec3(785.20905, 25.868896, 1823.2931) speed=0.03192661330103874 heading_rad=-1.3941457271575928 bearing_rad=0.029894549399614334 route_next=Some(407) gate=Vec3(225.863, 2.46011, 773.00256) aim=Vec3(797.12384, 25.81802, 1821.5319)
2026-10-04T06:32:39.380700Z  INFO mm2_app::scripted: scripted player started a bounded escape after sustained low-speed throttle tick=80892 escapes=97 position=Vec3(785.946, 25.867884, 1826.1558) speed=-0.010354254394769669 heading_rad=-1.3344390392303467 bearing_rad=-0.15512965619564056 route_next=Some(407) gate=Vec3(225.863, 2.46011, 773.00256) aim=Vec3(797.1797, 25.81802, 1821.5186)
2026-10-04T06:32:41.137039Z  INFO mm2_app::scripted: scripted player started a bounded escape after sustained low-speed throttle tick=81620 escapes=98 position=Vec3(781.9891, 25.880735, 1824.9578) speed=0.0032005447428673506 heading_rad=-1.6075745820999146 bearing_rad=-0.2568802535533905 route_next=Some(407) gate=Vec3(225.863, 2.46011, 773.00256) aim=Vec3(794.0801, 25.83708, 1822.2527)
2026-10-04T06:32:42.953586Z  INFO mm2_app::scripted: scripted player started a bounded escape after sustained low-speed throttle tick=82370 escapes=99 position=Vec3(782.64264, 25.89304, 1829.2174) speed=-0.5241966843605042 heading_rad=-1.2948894500732422 bearing_rad=-0.2710607051849365 route_next=Some(407) gate=Vec3(225.863, 2.46011, 773.00256) aim=Vec3(794.0801, 25.83708, 1822.2527)
2026-10-04T06:32:45.003864Z  INFO mm2_app::scripted: scripted player started a bounded escape after sustained low-speed throttle tick=83204 escapes=100 position=Vec3(784.8879, 25.866444, 1821.7657) speed=-0.006306366994976997 heading_rad=-1.3343772888183594 bearing_rad=0.21662083268165588 route_next=Some(407) gate=Vec3(225.863, 2.46011, 773.00256) aim=Vec3(797.16223, 25.81802, 1821.5227)
2026-10-04T06:32:46.853551Z  INFO mm2_app::scripted: scripted player started a bounded escape after sustained low-speed throttle tick=83942 escapes=101 position=Vec3(785.7505, 25.872448, 1825.861) speed=0.0066364966332912445 heading_rad=-1.1447080373764038 bearing_rad=0.06167944148182869 route_next=Some(407) gate=Vec3(225.863, 2.46011, 773.00256) aim=Vec3(797.06067, 25.81802, 1821.5468)
2026-10-04T06:32:48.965287Z  INFO mm2_app::scripted: scripted player started a bounded escape after sustained low-speed throttle tick=84776 escapes=102 position=Vec3(785.07513, 25.869911, 1822.8846) speed=-0.0003366096643730998 heading_rad=-1.4467799663543701 bearing_rad=0.01256572362035513 route_next=Some(407) gate=Vec3(225.863, 2.46011, 773.00256) aim=Vec3(797.0886, 25.81802, 1821.5402)
2026-10-04T06:32:50.547264Z  INFO mm2_app::scripted: scripted player started a bounded escape after sustained low-speed throttle tick=85404 escapes=103 position=Vec3(785.5656, 25.87059, 1824.9069) speed=0.031658053398132324 heading_rad=-1.2268874645233154 bearing_rad=0.059700898826122284 route_next=Some(407) gate=Vec3(225.863, 2.46011, 773.00256) aim=Vec3(797.0996, 25.81802, 1821.5376)
2026-10-04T06:32:51.592862Z  INFO mm2_app::scripted: scripted player started a bounded escape after sustained low-speed throttle tick=85818 escapes=104 position=Vec3(785.6937, 25.864546, 1825.2797) speed=0.022987766191363335 heading_rad=-1.3834586143493652 bearing_rad=-0.12940751016139984 route_next=Some(407) gate=Vec3(225.863, 2.46011, 773.00256) aim=Vec3(797.13727, 25.81802, 1821.5287)
2026-10-04T06:32:52.985164Z  INFO mm2_app::scripted: scripted player re-anchored onto its route after a bounded stuck tick=86384 reanchors=14 position=Vec3(785.86505, 25.87233, 1826.0087) speed=-0.004538905341178179 heading_rad=-1.275390386581421 route_next=405 gate=Vec3(225.863, 2.46011, 773.00256) landing=Vec3(773.7821, 26.276466, 1827.06)
2026-10-04T06:32:54.017743Z  INFO mm2_app::scripted: scripted player started a bounded escape after sustained low-speed throttle tick=86790 escapes=105 position=Vec3(780.66003, 25.89016, 1825.3907) speed=-0.012214917689561844 heading_rad=-1.248390555381775 bearing_rad=0.09269914776086807 route_next=Some(407) gate=Vec3(225.863, 2.46011, 773.00256) aim=Vec3(794.0801, 25.83708, 1822.2527)
2026-10-04T06:32:55.070224Z  INFO mm2_app::scripted: scripted player started a bounded escape after sustained low-speed throttle tick=87204 escapes=106 position=Vec3(780.68646, 25.893528, 1825.2899) speed=-0.9812297821044922 heading_rad=-1.3506542444229126 bearing_rad=-0.0028536824975162745 route_next=Some(407) gate=Vec3(225.863, 2.46011, 773.00256) aim=Vec3(794.0801, 25.83708, 1822.2527)
2026-10-04T06:32:58.199192Z  INFO mm2_app::scripted: scripted player started a bounded escape after sustained low-speed throttle tick=88378 escapes=107 position=Vec3(783.2103, 25.87305, 1821.7041) speed=0.9319511651992798 heading_rad=-2.056736946105957 bearing_rad=-0.4704677164554596 route_next=Some(407) gate=Vec3(225.863, 2.46011, 773.00256) aim=Vec3(795.58765, 25.83708, 1821.8956)
2026-10-04T06:33:00.086320Z  INFO mm2_app::scripted: scripted player started a bounded escape after sustained low-speed throttle tick=89042 escapes=108 position=Vec3(785.07086, 25.872917, 1823.2495) speed=0.004561824724078178 heading_rad=-1.794278621673584 bearing_rad=-0.3640979826450348 route_next=Some(407) gate=Vec3(225.863, 2.46011, 773.00256) aim=Vec3(797.0028, 25.81802, 1821.5605)
2026-10-04T06:33:02.040292Z  INFO mm2_app::scripted: scripted player started a bounded escape after sustained low-speed throttle tick=89790 escapes=109 position=Vec3(784.0509, 25.871323, 1818.7778) speed=0.03437754511833191 heading_rad=-1.1591874361038208 bearing_rad=0.6220096349716187 route_next=Some(407) gate=Vec3(225.863, 2.46011, 773.00256) aim=Vec3(797.0398, 25.81802, 1821.5518)
2026-10-04T06:33:02.361789Z  INFO mm2_app::scripted: scripted player re-anchored onto its route after a bounded stuck tick=89920 reanchors=15 position=Vec3(779.6778, 25.885698, 1820.0656) speed=-7.7088541984558105 heading_rad=-1.4332075119018555 route_next=403 gate=Vec3(225.863, 2.46011, 773.00256) landing=Vec3(766.8338, 26.317022, 1828.7057)
2026-10-04T06:33:03.949281Z  INFO mm2_app::scripted: scripted player started a bounded escape after sustained low-speed throttle tick=90548 escapes=110 position=Vec3(780.7342, 25.884033, 1821.5007) speed=-0.010719344019889832 heading_rad=-0.9200308322906494 bearing_rad=0.7254570126533508 route_next=Some(406) gate=Vec3(225.863, 2.46011, 773.00256) aim=Vec3(793.2886, 25.83708, 1822.4402)
2026-10-04T06:33:06.297738Z  INFO mm2_app::scripted: scripted player started a bounded escape after sustained low-speed throttle tick=91472 escapes=111 position=Vec3(785.8351, 25.8723, 1826.3785) speed=0.0490603968501091 heading_rad=-0.8158024549484253 bearing_rad=0.34801381826400757 route_next=Some(407) gate=Vec3(225.863, 2.46011, 773.00256) aim=Vec3(797.0247, 25.81802, 1821.5553)
2026-10-04T06:33:08.234602Z  INFO mm2_app::scripted: scripted player started a bounded escape after sustained low-speed throttle tick=92340 escapes=112 position=Vec3(782.3595, 25.88563, 1825.0376) speed=0.028114594519138336 heading_rad=-0.8041546940803528 bearing_rad=0.5333589315414429 route_next=Some(407) gate=Vec3(225.863, 2.46011, 773.00256) aim=Vec3(794.0801, 25.83708, 1822.2527)
2026-10-04T06:33:10.123979Z  INFO mm2_app::scripted: scripted player started a bounded escape after sustained low-speed throttle tick=93182 escapes=113 position=Vec3(786.41644, 25.865229, 1828.112) speed=-0.0056229401379823685 heading_rad=-1.3344122171401978 bearing_rad=-0.3130716383457184 route_next=Some(407) gate=Vec3(225.863, 2.46011, 773.00256) aim=Vec3(797.18646, 25.81802, 1821.517)
2026-10-04T06:33:11.509419Z  INFO mm2_app::scripted: scripted player started a bounded escape after sustained low-speed throttle tick=93770 escapes=114 position=Vec3(785.9634, 25.87128, 1826.2227) speed=2.2260472178459167e-5 heading_rad=-1.3344714641571045 bearing_rad=-0.16076159477233887 route_next=Some(407) gate=Vec3(225.863, 2.46011, 773.00256) aim=Vec3(797.1812, 25.81802, 1821.5183)
2026-10-04T06:33:13.061234Z  INFO mm2_app::scripted: scripted player started a bounded escape after sustained low-speed throttle tick=94418 escapes=115 position=Vec3(785.93384, 25.867382, 1826.2223) speed=0.007087203208357096 heading_rad=-1.3681279420852661 bearing_rad=-0.19384005665779114 route_next=Some(407) gate=Vec3(225.863, 2.46011, 773.00256) aim=Vec3(797.15326, 25.81802, 1821.5249)
2026-10-04T06:33:13.686732Z  INFO mm2_app::scripted: scripted player re-anchored onto its route after a bounded stuck tick=94680 reanchors=16 position=Vec3(777.7175, 25.90472, 1826.452) speed=-0.45950761437416077 heading_rad=-1.663348913192749 route_next=402 gate=Vec3(225.863, 2.46011, 773.00256) landing=Vec3(762.946, 26.342611, 1829.6458)
2026-10-04T06:33:15.066484Z  INFO mm2_app::scripted: scripted player started a bounded escape after sustained low-speed throttle tick=95252 escapes=116 position=Vec3(785.01935, 25.872337, 1822.4172) speed=0.04426488280296326 heading_rad=-1.3002549409866333 bearing_rad=0.19729718565940857 route_next=Some(407) gate=Vec3(225.863, 2.46011, 773.00256) aim=Vec3(797.1406, 25.81802, 1821.5278)
2026-10-04T06:33:16.143594Z  INFO mm2_app::scripted: scripted player started a bounded escape after sustained low-speed throttle tick=95706 escapes=117 position=Vec3(784.7224, 25.870426, 1821.7157) speed=0.003047951264306903 heading_rad=-1.0727019309997559 bearing_rad=0.48519742488861084 route_next=Some(407) gate=Vec3(225.863, 2.46011, 773.00256) aim=Vec3(797.0168, 25.81802, 1821.5571)
2026-10-04T06:33:17.386326Z  INFO mm2_app::scripted: scripted player started a bounded escape after sustained low-speed throttle tick=96214 escapes=118 position=Vec3(785.55304, 25.87181, 1825.2307) speed=-0.015227020718157291 heading_rad=-1.6610455513000488 bearing_rad=-0.4003671407699585 route_next=Some(407) gate=Vec3(225.863, 2.46011, 773.00256) aim=Vec3(797.0151, 25.81802, 1821.5576)
2026-10-04T06:33:18.859964Z  INFO mm2_app::scripted: scripted player re-anchored onto its route after a bounded stuck tick=96792 reanchors=17 position=Vec3(783.2548, 25.88096, 1829.1552) speed=1.3485814332962036 heading_rad=-1.820075511932373 route_next=405 gate=Vec3(225.863, 2.46011, 773.00256) landing=Vec3(774.61847, 26.271864, 1826.8619)
2026-10-04T06:33:20.252658Z  INFO mm2_app::scripted: scripted player started a bounded escape after sustained low-speed throttle tick=97242 escapes=119 position=Vec3(785.2069, 25.874073, 1823.8124) speed=-0.011086279526352882 heading_rad=-1.70978581905365 bearing_rad=-0.32762837409973145 route_next=Some(407) gate=Vec3(225.863, 2.46011, 773.00256) aim=Vec3(797.00543, 25.81802, 1821.5599)
2026-10-04T06:33:22.046657Z  INFO mm2_app::scripted: scripted player started a bounded escape after sustained low-speed throttle tick=97836 escapes=120 position=Vec3(785.4348, 25.869944, 1824.4366) speed=-0.006969759706407785 heading_rad=-1.1986887454986572 bearing_rad=0.128499373793602 route_next=Some(407) gate=Vec3(225.863, 2.46011, 773.00256) aim=Vec3(797.08124, 25.81802, 1821.542)
2026-10-04T06:33:23.950049Z  INFO mm2_app::scripted: scripted player started a bounded escape after sustained low-speed throttle tick=98484 escapes=121 position=Vec3(784.8999, 25.876534, 1821.8772) speed=0.007473250385373831 heading_rad=-1.3527426719665527 bearing_rad=0.1893894374370575 route_next=Some(407) gate=Vec3(225.863, 2.46011, 773.00256) aim=Vec3(797.1486, 25.81802, 1821.526)
2026-10-04T06:33:24.918564Z  INFO mm2_app::scripted: scripted player re-anchored onto its route after a bounded stuck tick=98820 reanchors=18 position=Vec3(775.91846, 25.913647, 1825.5) speed=1.3732043504714966 heading_rad=-1.6729986667633057 route_next=403 gate=Vec3(225.863, 2.46011, 773.00256) landing=Vec3(766.8338, 26.317022, 1828.7057)
2026-10-04T06:33:26.676967Z  INFO mm2_app::scripted: scripted player started a bounded escape after sustained low-speed throttle tick=99442 escapes=122 position=Vec3(785.44275, 25.869215, 1824.0641) speed=-0.004994601011276245 heading_rad=-1.3344277143478394 bearing_rad=0.022811785340309143 route_next=Some(407) gate=Vec3(225.863, 2.46011, 773.00256) aim=Vec3(797.17224, 25.81802, 1821.5204)
2026-10-04T06:33:28.729331Z  INFO mm2_app::scripted: scripted player started a bounded escape after sustained low-speed throttle tick=100162 escapes=123 position=Vec3(785.92566, 25.872618, 1826.774) speed=0.003811435541138053 heading_rad=-1.6611034870147705 bearing_rad=-0.5298773646354675 route_next=Some(407) gate=Vec3(225.863, 2.46011, 773.00256) aim=Vec3(797.0218, 25.81802, 1821.556)
2026-10-04T06:33:30.878310Z  INFO mm2_app::scripted: scripted player started a bounded escape after sustained low-speed throttle tick=100906 escapes=124 position=Vec3(785.08844, 25.87029, 1822.592) speed=0.004190446808934212 heading_rad=-1.3343595266342163 bearing_rad=0.14804409444332123 route_next=Some(407) gate=Vec3(225.863, 2.46011, 773.00256) aim=Vec3(797.1669, 25.81802, 1821.5216)
2026-10-04T06:33:30.955912Z  INFO mm2_app::scripted: scripted player re-anchored onto its route after a bounded stuck tick=100932 reanchors=19 position=Vec3(784.9187, 25.865444, 1822.588) speed=-1.3072878122329712 heading_rad=-1.300429344177246 route_next=403 gate=Vec3(225.863, 2.46011, 773.00256) landing=Vec3(765.86847, 26.32288, 1828.9342)
2026-10-04T06:33:32.828535Z  INFO mm2_app::scripted: scripted player started a bounded escape after sustained low-speed throttle tick=101548 escapes=125 position=Vec3(785.22754, 25.873861, 1823.8911) speed=0.045171454548835754 heading_rad=-1.6906952857971191 bearing_rad=-0.31531184911727905 route_next=Some(407) gate=Vec3(225.863, 2.46011, 773.00256) aim=Vec3(797.00726, 25.81802, 1821.5594)
2026-10-04T06:33:34.841473Z  INFO mm2_app::scripted: scripted player started a bounded escape after sustained low-speed throttle tick=102234 escapes=126 position=Vec3(785.6792, 25.865906, 1825.7986) speed=0.026336854323744774 heading_rad=-0.9488769173622131 bearing_rad=0.26383325457572937 route_next=Some(407) gate=Vec3(225.863, 2.46011, 773.00256) aim=Vec3(797.00714, 25.81802, 1821.5594)
2026-10-04T06:33:36.117923Z  INFO mm2_app::scripted: scripted player started a bounded escape after sustained low-speed throttle tick=102712 escapes=127 position=Vec3(785.98083, 25.868858, 1826.3596) speed=0.018573684617877007 heading_rad=-1.3171491622924805 bearing_rad=-0.15456081926822662 route_next=Some(407) gate=Vec3(225.863, 2.46011, 773.00256) aim=Vec3(797.16693, 25.81802, 1821.5216)
2026-10-04T06:33:37.051101Z  INFO mm2_app::scripted: scripted player re-anchored onto its route after a bounded stuck tick=103112 reanchors=20 position=Vec3(780.14014, 25.899263, 1831.478) speed=4.16080379486084 heading_rad=-1.1805170774459839 route_next=404 gate=Vec3(225.863, 2.46011, 773.00256) landing=Vec3(770.72614, 26.29399, 1827.7838)
2026-10-04T06:33:38.417993Z  INFO mm2_app::scripted: scripted player started a bounded escape after sustained low-speed throttle tick=103716 escapes=128 position=Vec3(785.19574, 25.870338, 1823.3828) speed=0.009653118439018726 heading_rad=-1.4462474584579468 bearing_rad=-0.029184503480792046 route_next=Some(407) gate=Vec3(225.863, 2.46011, 773.00256) aim=Vec3(797.0911, 25.81802, 1821.5396)
2026-10-04T06:33:40.041592Z  INFO mm2_app::scripted: scripted player started a bounded escape after sustained low-speed throttle tick=104444 escapes=129 position=Vec3(785.9529, 25.869068, 1826.1826) speed=0.017944460734725 heading_rad=-1.3345693349838257 bearing_rad=-0.15751215815544128 route_next=Some(407) gate=Vec3(225.863, 2.46011, 773.00256) aim=Vec3(797.1802, 25.81802, 1821.5184)
2026-10-04T06:33:41.653126Z  INFO mm2_app::scripted: scripted player started a bounded escape after sustained low-speed throttle tick=105154 escapes=130 position=Vec3(783.92896, 25.860971, 1825.0265) speed=-0.22449812293052673 heading_rad=-1.3318395614624023 bearing_rad=-0.02355424128472805 route_next=Some(407) gate=Vec3(225.863, 2.46011, 773.00256) aim=Vec3(795.5231, 25.83708, 1821.911)
2026-10-04T06:33:41.699202Z  INFO mm2_app::scripted: scripted player re-anchored onto its route after a bounded stuck tick=105174 reanchors=21 position=Vec3(783.78845, 25.864765, 1825.0306) speed=-1.2329908609390259 heading_rad=-1.3129653930664063 route_next=405 gate=Vec3(225.863, 2.46011, 773.00256) landing=Vec3(775.9274, 26.26466, 1826.552)
2026-10-04T06:33:43.027386Z  INFO mm2_app::scripted: scripted player started a bounded escape after sustained low-speed throttle tick=105758 escapes=131 position=Vec3(785.53735, 25.871214, 1824.4948) speed=-0.026231346651911736 heading_rad=-1.3458830118179321 bearing_rad=-0.02537522464990616 route_next=Some(407) gate=Vec3(225.863, 2.46011, 773.00256) aim=Vec3(797.1652, 25.81802, 1821.5221)
2026-10-04T06:33:44.628810Z  INFO mm2_app::scripted: scripted player started a bounded escape after sustained low-speed throttle tick=106478 escapes=132 position=Vec3(786.09216, 25.871645, 1827.0369) speed=0.008465474471449852 heading_rad=-1.423192024230957 bearing_rad=-0.3153257668018341 route_next=Some(407) gate=Vec3(225.863, 2.46011, 773.00256) aim=Vec3(797.1205, 25.81802, 1821.5326)
2026-10-04T06:33:45.913317Z  INFO mm2_app::scripted: scripted player started a bounded escape after sustained low-speed throttle tick=107056 escapes=133 position=Vec3(780.4271, 25.889555, 1827.0403) speed=0.6609838008880615 heading_rad=-0.8115313649177551 bearing_rad=0.4219988286495209 route_next=Some(407) gate=Vec3(225.863, 2.46011, 773.00256) aim=Vec3(794.0801, 25.83708, 1822.2527)
2026-10-04T06:33:48.108345Z  INFO mm2_app::scripted: scripted player started a bounded escape after sustained low-speed throttle tick=108054 escapes=134 position=Vec3(785.7864, 25.871555, 1826.1198) speed=-0.007937189191579819 heading_rad=-1.5881423950195313 bearing_rad=-0.4029882848262787 route_next=Some(407) gate=Vec3(225.863, 2.46011, 773.00256) aim=Vec3(797.0366, 25.81802, 1821.5525)
2026-10-04T06:33:49.194806Z  INFO mm2_app::scripted: scripted player started a bounded escape after sustained low-speed throttle tick=108540 escapes=135 position=Vec3(785.928, 25.871212, 1826.7518) speed=-0.00821800995618105 heading_rad=-1.6219229698181152 bearing_rad=-0.48901546001434326 route_next=Some(407) gate=Vec3(225.863, 2.46011, 773.00256) aim=Vec3(797.02893, 25.81802, 1821.5543)
2026-10-04T06:33:50.489847Z  INFO mm2_app::scripted: scripted player started a bounded escape after sustained low-speed throttle tick=109132 escapes=136 position=Vec3(786.0587, 25.86981, 1826.8602) speed=0.0037428131327033043 heading_rad=-1.2604950666427612 bearing_rad=-0.13839353621006012 route_next=Some(407) gate=Vec3(225.863, 2.46011, 773.00256) aim=Vec3(797.1284, 25.81802, 1821.5308)
2026-10-04T06:33:51.952058Z  INFO mm2_app::scripted: scripted player started a bounded escape after sustained low-speed throttle tick=109786 escapes=137 position=Vec3(782.21515, 25.870592, 1826.9436) speed=0.006816077046096325 heading_rad=-1.2911473512649536 bearing_rad=-0.09685097634792328 route_next=Some(407) gate=Vec3(225.863, 2.46011, 773.00256) aim=Vec3(794.0801, 25.83708, 1822.2527)
2026-10-04T06:33:53.708217Z  INFO mm2_app::scripted: scripted player started a bounded escape after sustained low-speed throttle tick=110584 escapes=138 position=Vec3(786.29083, 25.873606, 1828.2208) speed=-0.024356303736567497 heading_rad=-1.587087631225586 bearing_rad=-0.5715235471725464 route_next=Some(407) gate=Vec3(225.863, 2.46011, 773.00256) aim=Vec3(797.0431, 25.81802, 1821.5509)
2026-10-04T06:33:55.116098Z  INFO mm2_app::scripted: scripted player started a bounded escape after sustained low-speed throttle tick=111208 escapes=139 position=Vec3(785.6359, 25.86653, 1824.9766) speed=0.038334108889102936 heading_rad=-1.36502206325531 bearing_rad=-0.08541747182607651 route_next=Some(407) gate=Vec3(225.863, 2.46011, 773.00256) aim=Vec3(797.1505, 25.81802, 1821.5255)
2026-10-04T06:33:56.590039Z  INFO mm2_app::scripted: scripted player started a bounded escape after sustained low-speed throttle tick=111816 escapes=140 position=Vec3(785.79706, 25.869564, 1825.5345) speed=-0.008297977037727833 heading_rad=-1.334484338760376 bearing_rad=-0.10287964344024658 route_next=Some(407) gate=Vec3(225.863, 2.46011, 773.00256) aim=Vec3(797.178, 25.81802, 1821.519)
2026-10-04T06:33:58.281631Z  INFO mm2_app::scripted: scripted player started a bounded escape after sustained low-speed throttle tick=112564 escapes=141 position=Vec3(784.8706, 25.868088, 1821.9109) speed=-0.01755598559975624 heading_rad=-1.4010733366012573 bearing_rad=0.13897265493869781 route_next=Some(407) gate=Vec3(225.863, 2.46011, 773.00256) aim=Vec3(797.11334, 25.81802, 1821.5343)
2026-10-04T06:33:59.446741Z  INFO mm2_app::scripted: scripted player started a bounded escape after sustained low-speed throttle tick=113092 escapes=142 position=Vec3(785.0218, 25.865961, 1822.3278) speed=0.01508580707013607 heading_rad=-1.335945725440979 bearing_rad=0.16863012313842773 route_next=Some(407) gate=Vec3(225.863, 2.46011, 773.00256) aim=Vec3(797.163, 25.81802, 1821.5226)
2026-10-04T06:34:00.722928Z  INFO mm2_app::scripted: scripted player started a bounded escape after sustained low-speed throttle tick=113652 escapes=143 position=Vec3(785.2051, 25.869787, 1823.0765) speed=0.011166184209287167 heading_rad=-1.3342890739440918 bearing_rad=0.10722937434911728 route_next=Some(407) gate=Vec3(225.863, 2.46011, 773.00256) aim=Vec3(797.16864, 25.81802, 1821.5212)
2026-10-04T06:34:01.079403Z  INFO mm2_app::scripted: scripted player re-anchored onto its route after a bounded stuck tick=113812 reanchors=22 position=Vec3(779.68555, 25.892199, 1825.5098) speed=-7.300474643707275 heading_rad=-1.066527009010315 route_next=402 gate=Vec3(225.863, 2.46011, 773.00256) landing=Vec3(762.946, 26.342611, 1829.6458)
2026-10-04T06:34:02.411185Z  INFO mm2_app::scripted: scripted player started a bounded escape after sustained low-speed throttle tick=114410 escapes=144 position=Vec3(785.7459, 25.870121, 1825.3217) speed=-0.008397383615374565 heading_rad=-1.334426760673523 bearing_rad=-0.08475296944379807 route_next=Some(407) gate=Vec3(225.863, 2.46011, 773.00256) aim=Vec3(797.1773, 25.81802, 1821.5192)
2026-10-04T06:34:04.059409Z  INFO mm2_app::scripted: scripted player started a bounded escape after sustained low-speed throttle tick=115094 escapes=145 position=Vec3(786.0355, 25.887629, 1827.0205) speed=0.0086769238114357 heading_rad=-1.5038272142410278 bearing_rad=-0.3936695158481598 route_next=Some(407) gate=Vec3(225.863, 2.46011, 773.00256) aim=Vec3(797.07056, 25.81802, 1821.5444)
2026-10-04T06:34:05.114710Z  INFO mm2_app::scripted: scripted player started a bounded escape after sustained low-speed throttle tick=115520 escapes=146 position=Vec3(786.0845, 25.865953, 1827.4133) speed=-0.0009085941128432751 heading_rad=-1.6219502687454224 bearing_rad=-0.5426770448684692 route_next=Some(407) gate=Vec3(225.863, 2.46011, 773.00256) aim=Vec3(797.0288, 25.81802, 1821.5543)
2026-10-04T06:34:06.170734Z  INFO mm2_app::scripted: scripted player re-anchored onto its route after a bounded stuck tick=115926 reanchors=23 position=Vec3(776.0072, 25.822998, 1819.1973) speed=0.18620261549949646 heading_rad=-0.24751891195774078 route_next=404 gate=Vec3(225.863, 2.46011, 773.00256) landing=Vec3(770.72614, 26.29399, 1827.7838)
2026-10-04T06:34:07.542480Z  INFO mm2_app::scripted: scripted player started a bounded escape after sustained low-speed throttle tick=116532 escapes=147 position=Vec3(785.1906, 25.872896, 1823.6528) speed=0.026816699653863907 heading_rad=-1.8976932764053345 bearing_rad=-0.5023257732391357 route_next=Some(407) gate=Vec3(225.863, 2.46011, 773.00256) aim=Vec3(797.0257, 25.81802, 1821.555)
2026-10-04T06:34:08.849844Z  INFO mm2_app::scripted: scripted player started a bounded escape after sustained low-speed throttle tick=117118 escapes=148 position=Vec3(785.01843, 25.870487, 1822.3124) speed=0.03689965978264809 heading_rad=-1.3377989530563354 bearing_rad=0.1680474728345871 route_next=Some(407) gate=Vec3(225.863, 2.46011, 773.00256) aim=Vec3(797.16327, 25.81802, 1821.5225)
2026-10-04T06:34:10.471843Z  INFO mm2_app::scripted: scripted player started a bounded escape after sustained low-speed throttle tick=117844 escapes=149 position=Vec3(784.3484, 25.871313, 1819.9437) speed=0.04750930890440941 heading_rad=-1.1911331415176392 bearing_rad=0.5051267147064209 route_next=Some(407) gate=Vec3(225.863, 2.46011, 773.00256) aim=Vec3(797.06006, 25.81802, 1821.547)
2026-10-04T06:34:12.219383Z  INFO mm2_app::scripted: scripted player started a bounded escape after sustained low-speed throttle tick=118634 escapes=150 position=Vec3(783.58, 25.824764, 1816.4832) speed=0.0072216494008898735 heading_rad=-1.376833200454712 bearing_rad=0.5513837933540344 route_next=Some(407) gate=Vec3(225.863, 2.46011, 773.00256) aim=Vec3(797.1085, 25.81802, 1821.5355)
2026-10-04T06:34:13.448344Z  INFO mm2_app::scripted: scripted player started a bounded escape after sustained low-speed throttle tick=119176 escapes=151 position=Vec3(784.4312, 25.875181, 1820.4952) speed=-0.005222412291914225 heading_rad=-1.5933066606521606 bearing_rad=0.06171581521630287 route_next=Some(407) gate=Vec3(225.863, 2.46011, 773.00256) aim=Vec3(797.0148, 25.81802, 1821.5576)
2026-10-04T06:34:15.143362Z  INFO mm2_app::scripted: scripted player started a bounded escape after sustained low-speed throttle tick=119924 escapes=152 position=Vec3(785.46027, 25.87192, 1824.6812) speed=0.047600891441106796 heading_rad=-1.1310540437698364 bearing_rad=0.1758212447166443 route_next=Some(407) gate=Vec3(225.863, 2.46011, 773.00256) aim=Vec3(797.0505, 25.81802, 1821.5492)
2026-10-04T06:34:16.760075Z  INFO mm2_app::scripted: scripted player started a bounded escape after sustained low-speed throttle tick=120646 escapes=153 position=Vec3(784.8379, 25.870066, 1821.9163) speed=0.05550419166684151 heading_rad=-1.4536573886871338 bearing_rad=0.08657938987016678 route_next=Some(407) gate=Vec3(225.863, 2.46011, 773.00256) aim=Vec3(797.08124, 25.81802, 1821.542)
2026-10-04T06:34:17.797317Z  INFO mm2_app::scripted: scripted player started a bounded escape after sustained low-speed throttle tick=121118 escapes=154 position=Vec3(784.4623, 25.870293, 1820.4915) speed=0.002783045172691345 heading_rad=-1.1583346128463745 bearing_rad=0.4964330792427063 route_next=Some(407) gate=Vec3(225.863, 2.46011, 773.00256) aim=Vec3(797.04504, 25.81802, 1821.5505)
2026-10-04T06:34:19.481520Z  INFO mm2_app::scripted: scripted player started a bounded escape after sustained low-speed throttle tick=121872 escapes=155 position=Vec3(782.32745, 25.883345, 1823.9592) speed=-0.0483759306371212 heading_rad=-2.0145516395568848 bearing_rad=-0.5892037153244019 route_next=Some(407) gate=Vec3(225.863, 2.46011, 773.00256) aim=Vec3(794.2459, 25.83708, 1822.2134)
2026-10-04T06:34:20.994580Z  INFO mm2_app::scripted: scripted player started a bounded escape after sustained low-speed throttle tick=122558 escapes=156 position=Vec3(780.23737, 25.891891, 1821.6097) speed=-0.9574101567268372 heading_rad=-1.0581761598587036 bearing_rad=0.559033215045929 route_next=Some(407) gate=Vec3(225.863, 2.46011, 773.00256) aim=Vec3(794.0801, 25.83708, 1822.2527)
2026-10-04T06:34:22.133083Z  INFO mm2_app::scripted: scripted player re-anchored onto its route after a bounded stuck tick=123138 reanchors=24 position=Vec3(784.0761, 25.869055, 1822.8241) speed=6.430380344390869 heading_rad=-1.6309853792190552 route_next=404 gate=Vec3(225.863, 2.46011, 773.00256) landing=Vec3(772.8023, 26.281982, 1827.2921)
2026-10-04T06:34:23.057921Z  INFO mm2_app::scripted: scripted player started a bounded escape after sustained low-speed throttle tick=123610 escapes=157 position=Vec3(785.4664, 25.873198, 1824.8942) speed=0.04132584482431412 heading_rad=-0.8912221193313599 bearing_rad=0.39829763770103455 route_next=Some(407) gate=Vec3(225.863, 2.46011, 773.00256) aim=Vec3(797.00854, 25.81802, 1821.5592)
2026-10-04T06:34:24.144080Z  INFO mm2_app::scripted: scripted player started a bounded escape after sustained low-speed throttle tick=124164 escapes=158 position=Vec3(785.34735, 25.872112, 1823.8573) speed=0.03294885531067848 heading_rad=-1.275792121887207 bearing_rad=0.100029855966568 route_next=Some(407) gate=Vec3(225.863, 2.46011, 773.00256) aim=Vec3(797.1283, 25.81802, 1821.5308)
2026-10-04T06:34:25.508439Z  INFO mm2_app::scripted: scripted player started a bounded escape after sustained low-speed throttle tick=124868 escapes=159 position=Vec3(785.03656, 25.871319, 1822.8019) speed=0.0008276961743831635 heading_rad=-1.1895071268081665 bearing_rad=0.2771768867969513 route_next=Some(407) gate=Vec3(225.863, 2.46011, 773.00256) aim=Vec3(797.0707, 25.81802, 1821.5444)
2026-10-04T06:34:26.075839Z  INFO mm2_app::scripted: scripted player re-anchored onto its route after a bounded stuck tick=125162 reanchors=25 position=Vec3(776.2428, 25.912981, 1826.9066) speed=0.14044760167598724 heading_rad=-1.8942979574203491 route_next=402 gate=Vec3(225.863, 2.46011, 773.00256) landing=Vec3(762.946, 26.342611, 1829.6458)
2026-10-04T06:34:27.023331Z  INFO mm2_app::scripted: scripted player started a bounded escape after sustained low-speed throttle tick=125652 escapes=160 position=Vec3(777.89844, 25.909071, 1825.2395) speed=-0.348918080329895 heading_rad=-2.0270798206329346 bearing_rad=-0.6203727126121521 route_next=Some(406) gate=Vec3(225.863, 2.46011, 773.00256) aim=Vec3(789.765, 25.85791, 1823.2747)
2026-10-04T06:34:28.524429Z  INFO mm2_app::scripted: scripted player started a bounded escape after sustained low-speed throttle tick=126426 escapes=161 position=Vec3(784.5198, 25.867533, 1820.4808) speed=-0.014716889709234238 heading_rad=-1.2609747648239136 bearing_rad=0.39356619119644165 route_next=Some(407) gate=Vec3(225.863, 2.46011, 773.00256) aim=Vec3(797.10187, 25.81802, 1821.537)
2026-10-04T06:34:29.672732Z  INFO mm2_app::scripted: scripted player started a bounded escape after sustained low-speed throttle tick=127018 escapes=162 position=Vec3(784.8962, 25.872044, 1822.0345) speed=0.006010626442730427 heading_rad=-1.4097579717636108 bearing_rad=0.12017340213060379 route_next=Some(407) gate=Vec3(225.863, 2.46011, 773.00256) aim=Vec3(797.10986, 25.81802, 1821.5352)
2026-10-04T06:34:31.252028Z  INFO mm2_app::scripted: scripted player started a bounded escape after sustained low-speed throttle tick=127834 escapes=163 position=Vec3(785.87915, 25.885155, 1826.0237) speed=0.03364434838294983 heading_rad=-1.292253017425537 bearing_rad=-0.10122311860322952 route_next=Some(407) gate=Vec3(225.863, 2.46011, 773.00256) aim=Vec3(797.146, 25.81802, 1821.5266)
2026-10-04T06:34:32.239912Z  INFO mm2_app::scripted: scripted player started a bounded escape after sustained low-speed throttle tick=128342 escapes=164 position=Vec3(785.9581, 25.869665, 1826.2045) speed=-0.017102083191275597 heading_rad=-1.3342087268829346 bearing_rad=-0.1589745134115219 route_next=Some(407) gate=Vec3(225.863, 2.46011, 773.00256) aim=Vec3(797.18024, 25.81802, 1821.5184)
2026-10-04T06:34:33.514203Z  INFO mm2_app::scripted: scripted player started a bounded escape after sustained low-speed throttle tick=128978 escapes=165 position=Vec3(785.91364, 25.866558, 1826.0303) speed=0.02950298599898815 heading_rad=-1.3361802101135254 bearing_rad=-0.14632558822631836 route_next=Some(407) gate=Vec3(225.863, 2.46011, 773.00256) aim=Vec3(797.1772, 25.81802, 1821.5192)
smoke=headless-physics world=city/stockholm.psdl status=pass updates=64976 ticks=129592 driver=scripted diff=amateur phase=playing impacts=1828 dropped=0 peak=30.1m/s travel=4766.6m sim=1079.93s resets=25 controls=102232t/23796b/105492s finite=true moved=1326m wheels=4/4 final=(786,25.9,1825) race=Running cp=1/4 results=0 pos=4/6 opp=0/5 opp_rec=155 cu=4 opp_drv=25697m/4.8mps/68.6ipk/37.8xpk/6.1apk/1.21hpk opps=0:sthlm_racer/1c/149e/29r/900w,1:sthlm_racer/2c/173e/33r/900w,2:sthlm_racer/2c/171e/28r/900w,3:sthlm_racer/1c/152e/29r/900w,4:sthlm_racer/2c/172e/36r/900w p_rec=25r/165e env=lt04(noon) fog=none sky=none wtr=0.2/1698r map=inset/north/z1200/hudmap_stockholm.pkg/1t/11m dash=absent:missing-spec+pkg trk=sized ind=on/5m/5b tmr=22g/17:59:93 arr=hudarrow01/ahead sta=10g/p4of6/-/c1of4 bng=3233d/0a/9s/0b bng_ev=9a/9s/0b rcv=8w/0f/8r wfx=0r/0e/0x+8f+ut aud=0h/0v/0s/0l/0a/0r+6x
