mm2-smoke commit=1a822c1cc472f6c04a25a6832e346b162bbb0ff5
2026-10-04T06:39:07.760207Z  WARN mm2: wheel part whl0 geometry authored in place; recentring onto origin car=Some("sthlm_racer")
2026-10-04T06:39:07.760238Z  WARN mm2: wheel part whl1 geometry authored in place; recentring onto origin car=Some("sthlm_racer")
2026-10-04T06:39:07.760242Z  WARN mm2: wheel part whl2 geometry authored in place; recentring onto origin car=Some("sthlm_racer")
2026-10-04T06:39:07.760245Z  WARN mm2: wheel part whl3 geometry authored in place; recentring onto origin car=Some("sthlm_racer")
2026-10-04T06:39:08.405923Z  WARN mm2_app::city: water refs resolved no rooms; deadly water off path=city/stockholm.parts/part_-3_0.water skipped=0
2026-10-04T06:39:08.750493Z  WARN mm2_app::city: water refs resolved no rooms; deadly water off path=city/stockholm.parts/part_-2_2.water skipped=0
2026-10-04T06:39:08.753507Z  WARN mm2_app::city: water refs resolved no rooms; deadly water off path=city/stockholm.parts/part_-2_3.water skipped=0
2026-10-04T06:39:08.904398Z  WARN mm2_app::city: water refs resolved no rooms; deadly water off path=city/stockholm.parts/part_-1_0.water skipped=0
2026-10-04T06:39:09.034535Z  WARN mm2_app::city: water refs resolved no rooms; deadly water off path=city/stockholm.parts/part_-1_2.water skipped=0
2026-10-04T06:39:09.079947Z  WARN mm2_app::city: water refs resolved no rooms; deadly water off path=city/stockholm.parts/part_-1_3.water skipped=0
2026-10-04T06:39:09.192214Z  WARN mm2_app::city: water refs resolved no rooms; deadly water off path=city/stockholm.parts/part_0_-2.water skipped=0
2026-10-04T06:39:09.435437Z  WARN mm2_app::city: water refs resolved no rooms; deadly water off path=city/stockholm.parts/part_0_2.water skipped=0
2026-10-04T06:39:09.489127Z  WARN mm2_app::city: water refs resolved no rooms; deadly water off path=city/stockholm.parts/part_0_3.water skipped=0
2026-10-04T06:39:09.575759Z  WARN mm2_app::city: water refs resolved no rooms; deadly water off path=city/stockholm.parts/part_1_-3.water skipped=0
2026-10-04T06:39:09.663218Z  WARN mm2_app::city: water refs resolved no rooms; deadly water off path=city/stockholm.parts/part_1_-2.water skipped=0
2026-10-04T06:39:09.727524Z  WARN mm2_app::city: water refs resolved no rooms; deadly water off path=city/stockholm.parts/part_1_-1.water skipped=0
2026-10-04T06:39:09.934894Z  WARN mm2_app::city: water refs resolved no rooms; deadly water off path=city/stockholm.parts/part_1_1.water skipped=0
2026-10-04T06:39:10.009754Z  WARN mm2_app::city: water refs resolved no rooms; deadly water off path=city/stockholm.parts/part_1_2.water skipped=0
2026-10-04T06:39:10.065577Z  WARN mm2_app::city: water refs resolved no rooms; deadly water off path=city/stockholm.parts/part_1_3.water skipped=0
2026-10-04T06:39:10.184211Z  WARN mm2_app::city: water refs resolved no rooms; deadly water off path=city/stockholm.parts/part_2_-3.water skipped=0
2026-10-04T06:39:10.313423Z  WARN mm2_app::city: water refs resolved no rooms; deadly water off path=city/stockholm.parts/part_2_-1.water skipped=0
2026-10-04T06:39:10.431642Z  WARN mm2_app::city: water refs resolved no rooms; deadly water off path=city/stockholm.parts/part_2_1.water skipped=0
2026-10-04T06:39:10.484980Z  WARN mm2_app::city: water refs resolved no rooms; deadly water off path=city/stockholm.parts/part_2_2.water skipped=0
2026-10-04T06:39:10.506812Z  WARN mm2_app::city: water refs resolved no rooms; deadly water off path=city/stockholm.parts/part_2_3.water skipped=0
2026-10-04T06:39:10.777511Z  WARN mm2_app::city: water refs resolved no rooms; deadly water off path=city/stockholm.parts/part_3_1.water skipped=0
2026-10-04T06:39:10.823683Z  WARN mm2_app::city: water refs resolved no rooms; deadly water off path=city/stockholm.parts/part_3_2.water skipped=0
2026-10-04T06:39:10.862996Z  WARN mm2_app::city: water refs resolved no rooms; deadly water off path=city/stockholm.parts/part_3_3.water skipped=0
2026-10-04T06:39:11.030698Z  WARN mm2_app::city: water refs resolved no rooms; deadly water off path=city/stockholm.parts/part_4_1.water skipped=0
2026-10-04T06:39:11.065120Z  WARN mm2_app::city: water refs resolved no rooms; deadly water off path=city/stockholm.parts/part_4_2.water skipped=0
2026-10-04T06:39:11.337990Z  WARN mm2_app::city: water refs resolved no rooms; deadly water off path=city/stockholm.parts/part_6_1.water skipped=0
2026-10-04T06:39:11.563545Z  WARN mm2_app::object_sound: object sound table unreadable path=aud/ambient/ferry.csv error=asset not found: aud/ambient/ferry.csv
2026-10-04T06:39:11.563573Z  WARN mm2_app::object_sound: object sound table unreadable path=aud/ambient/subwaycar.csv error=asset not found: aud/ambient/subwaycar.csv
2026-10-04T06:39:11.566176Z  WARN mm2_app::environment: lighting preset validation issue path=city/stockholm.lt08 issue=OffGridName("evening")
2026-10-04T06:39:11.566193Z  WARN mm2_app::environment: fog table unavailable path=city/stockholm_fog.csv error=asset not found: city/stockholm_fog.csv
2026-10-04T06:39:11.566198Z  WARN mm2_app::environment: sky definition unavailable path=city/stockholm.sky error=asset not found: city/stockholm.sky
2026-10-04T06:39:11.584423Z  WARN mm2_app::damage_fx: smoke atlas unresolved — untextured puffs texture="fxpt2"
2026-10-04T06:39:11.584456Z  WARN mm2_app::spark_fx: spark texture unresolved — untextured streaks texture="spark"
2026-10-04T06:39:11.584466Z  WARN mm2_app::wheel_fx: wheel effect unavailable rule="dirt" path=tune/effects/dirt.asbirthrule
2026-10-04T06:39:11.584470Z  WARN mm2_app::wheel_fx: wheel effect unavailable rule="dust" path=tune/effects/dust.asbirthrule
2026-10-04T06:39:11.584473Z  WARN mm2_app::wheel_fx: wheel effect unavailable rule="grass" path=tune/effects/grass.asbirthrule
2026-10-04T06:39:11.584475Z  WARN mm2_app::wheel_fx: wheel effect unavailable rule="leaf" path=tune/effects/leaf.asbirthrule
2026-10-04T06:39:11.584477Z  WARN mm2_app::wheel_fx: wheel effect unavailable rule="smoke" path=tune/effects/smoke.asbirthrule
2026-10-04T06:39:11.584479Z  WARN mm2_app::wheel_fx: wheel effect unavailable rule="snow" path=tune/effects/snow.asbirthrule
2026-10-04T06:39:11.584481Z  WARN mm2_app::wheel_fx: wheel effect unavailable rule="splash" path=tune/effects/splash.asbirthrule
2026-10-04T06:39:11.584483Z  WARN mm2_app::wheel_fx: wheel effect unavailable rule="rock" path=tune/effects/rock.asbirthrule
2026-10-04T06:39:11.584486Z  WARN mm2_app::wheel_fx: wheel atlas unresolved — untextured puffs texture="ptx_wheel"
2026-10-04T06:39:11.584710Z  WARN mm2_app::audio: audio: aud/cardata/player/default_impacts.csv: asset not found: aud/cardata/player/default_impacts.csv
2026-10-04T06:39:11.584720Z  WARN mm2_app::audio: audio: aud/cardata/player/default_surfacedry.csv: asset not found: aud/cardata/player/default_surfacedry.csv
2026-10-04T06:39:11.584724Z  WARN mm2_app::audio: audio: aud/cardata/player/stockholmpolicesiren.csv: asset not found: aud/cardata/player/stockholmpolicesiren.csv
2026-10-04T06:39:11.584726Z  WARN mm2_app::audio: audio: aud/cardata/opponent/policesiren.csv: asset not found: aud/cardata/opponent/policesiren.csv
2026-10-04T06:39:11.585732Z  WARN mm2_app::session: nav graph failed to load — opponent routes stay verbatim error=city/stockholm.bai: not found in the VFS
2026-10-04T06:39:12.009915Z  WARN mm2_app::race_audio: audio: race cue startracelow: no wave matches stem "startracelow"
2026-10-04T06:39:12.009958Z  WARN mm2_app::audio: audio: aud/spchdata/stockholm.csv: asset not found: aud/spchdata/stockholm.csv
2026-10-04T06:39:12.297394Z  WARN mm2_app::race_audio: audio: race cue startracelow: no wave matches stem "startracelow"
2026-10-04T06:39:12.489978Z  WARN mm2_app::race_audio: audio: race cue startracelow: no wave matches stem "startracelow"
2026-10-04T06:39:12.681144Z  WARN mm2_app::race_audio: audio: race cue startracehigh: no wave matches stem "startracehigh"
2026-10-04T06:39:22.023941Z  WARN mm2_app::race_audio: audio: race cue waypoint: no wave matches stem "waypoint"
2026-10-04T06:39:46.515344Z  INFO mm2_app::scripted: scripted player started a bounded escape after sustained low-speed throttle tick=17298 escapes=1 position=Vec3(-1190.1967, 16.961983, -418.60037) speed=0.027420714497566223 heading_rad=0.0916474238038063 bearing_rad=1.6060198545455933 route_next=Some(678) gate=Vec3(1045.6683, 2.51742, 764.7204) aim=Vec3(-1187.2013, 16.956278, -418.76956)
2026-10-04T06:39:56.882497Z  WARN mm2_app::race_audio: audio: race cue waypoint: no wave matches stem "waypoint"
2026-10-04T06:40:12.207517Z  WARN mm2_app::race_audio: audio: race cue waypoint: no wave matches stem "waypoint"
2026-10-04T06:40:28.358869Z  WARN mm2_app::race_audio: audio: race cue waypoint: no wave matches stem "waypoint"
2026-10-04T06:40:39.891982Z  INFO mm2_app::scripted: scripted player started a bounded escape after sustained low-speed throttle tick=44016 escapes=2 position=Vec3(837.2323, 8.224857, -52.70485) speed=-0.02181869186460972 heading_rad=-2.579331398010254 bearing_rad=0.19183292984962463 route_next=Some(1700) gate=Vec3(1045.6683, 2.51742, 764.7204) aim=Vec3(841.57806, 9.30331, -41.514694)
2026-10-04T06:40:42.008178Z  INFO mm2_app::scripted: scripted player started a bounded escape after sustained low-speed throttle tick=44932 escapes=3 position=Vec3(839.6589, 8.353849, -52.28697) speed=-0.003100993111729622 heading_rad=-2.705153226852417 bearing_rad=0.24353912472724915 route_next=Some(1701) gate=Vec3(1045.6683, 2.51742, 764.7204) aim=Vec3(841.98566, 9.30331, -40.374855)
2026-10-04T06:40:43.296135Z  INFO mm2_app::scripted: scripted player re-anchored onto its route after a bounded stuck tick=45562 reanchors=1 position=Vec3(835.39636, 8.35344, -50.037205) speed=0.8667047619819641 heading_rad=-2.815110683441162 route_next=1696 gate=Vec3(1045.6683, 2.51742, 764.7204) landing=Vec3(831.4411, 6.997529, -69.86307)
2026-10-04T06:40:44.469593Z  INFO mm2_app::scripted: scripted player started a bounded escape after sustained low-speed throttle tick=46140 escapes=4 position=Vec3(837.392, 8.216105, -52.915462) speed=0.015345994383096695 heading_rad=-2.733795166015625 bearing_rad=0.05580389127135277 route_next=Some(1700) gate=Vec3(1045.6683, 2.51742, 764.7204) aim=Vec3(841.5294, 9.30331, -41.650803)
2026-10-04T06:40:45.878278Z  INFO mm2_app::scripted: scripted player started a bounded escape after sustained low-speed throttle tick=46812 escapes=5 position=Vec3(831.7955, 7.6098146, -59.267384) speed=0.025501929223537445 heading_rad=-3.024575710296631 bearing_rad=-0.41606420278549194 route_next=Some(1700) gate=Vec3(1045.6683, 2.51742, 764.7204) aim=Vec3(840.5127, 8.88862, -44.494015)
2026-10-04T06:40:47.654445Z  INFO mm2_app::scripted: scripted player started a bounded escape after sustained low-speed throttle tick=47632 escapes=6 position=Vec3(836.8, 8.412822, -50.22295) speed=0.05029042810201645 heading_rad=-2.672140598297119 bearing_rad=-0.0038089132867753506 route_next=Some(1701) gate=Vec3(1045.6683, 2.51742, 764.7204) aim=Vec3(842.3159, 9.30331, -39.45123)
2026-10-04T06:40:48.535632Z  INFO mm2_app::scripted: scripted player started a bounded escape after sustained low-speed throttle tick=48046 escapes=7 position=Vec3(835.3312, 8.177496, -54.036526) speed=0.1275600790977478 heading_rad=-1.7940089702606201 bearing_rad=0.8940756916999817 route_next=Some(1701) gate=Vec3(1045.6683, 2.51742, 764.7204) aim=Vec3(841.97437, 9.30331, -40.40637)
2026-10-04T06:40:49.696019Z  INFO mm2_app::scripted: scripted player started a bounded escape after sustained low-speed throttle tick=48596 escapes=8 position=Vec3(837.2397, 8.439114, -50.48823) speed=-0.013774487189948559 heading_rad=-2.5557870864868164 bearing_rad=0.153985396027565 route_next=Some(1701) gate=Vec3(1045.6683, 2.51742, 764.7204) aim=Vec3(842.2817, 9.30331, -39.547024)
2026-10-04T06:40:50.920553Z  INFO mm2_app::scripted: scripted player re-anchored onto its route after a bounded stuck tick=49180 reanchors=2 position=Vec3(837.9809, 8.4401455, -50.6715) speed=0.008732627145946026 heading_rad=-2.730217933654785 route_next=1690 gate=Vec3(1045.6683, 2.51742, 764.7204) landing=Vec3(825.46014, 4.750249, -92.78594)
2026-10-04T06:40:52.670604Z  INFO mm2_app::scripted: scripted player started a bounded escape after sustained low-speed throttle tick=49968 escapes=9 position=Vec3(836.94476, 8.136727, -55.1741) speed=-0.02040458843111992 heading_rad=-2.6669154167175293 bearing_rad=0.15095874667167664 route_next=Some(1700) gate=Vec3(1045.6683, 2.51742, 764.7204) aim=Vec3(840.76263, 8.88862, -43.795177)
2026-10-04T06:40:54.264195Z  INFO mm2_app::scripted: scripted player started a bounded escape after sustained low-speed throttle tick=50690 escapes=10 position=Vec3(836.8219, 8.397754, -50.177654) speed=0.060080237686634064 heading_rad=-2.72733211517334 bearing_rad=-0.05855957791209221 route_next=Some(1701) gate=Vec3(1045.6683, 2.51742, 764.7204) aim=Vec3(842.33276, 9.74774, -39.40412)
2026-10-04T06:40:55.629510Z  INFO mm2_app::scripted: scripted player started a bounded escape after sustained low-speed throttle tick=51332 escapes=11 position=Vec3(837.6227, 8.428095, -50.508453) speed=0.023341704159975052 heading_rad=-2.754676580429077 bearing_rad=-0.014448732137680054 route_next=Some(1701) gate=Vec3(1045.6683, 2.51742, 764.7204) aim=Vec3(842.31866, 9.30331, -39.443535)
2026-10-04T06:40:56.693626Z  INFO mm2_app::scripted: scripted player started a bounded escape after sustained low-speed throttle tick=51746 escapes=12 position=Vec3(837.60974, 8.450117, -50.51481) speed=-0.0005089202895760536 heading_rad=-2.7508063316345215 bearing_rad=-0.011412909254431725 route_next=Some(1701) gate=Vec3(1045.6683, 2.51742, 764.7204) aim=Vec3(842.3152, 9.30331, -39.453274)
2026-10-04T06:40:57.761741Z  INFO mm2_app::scripted: scripted player re-anchored onto its route after a bounded stuck tick=52224 reanchors=3 position=Vec3(837.02386, 8.449923, -50.363865) speed=-0.003686155192553997 heading_rad=-2.877138137817383 route_next=1691 gate=Vec3(1045.6683, 2.51742, 764.7204) landing=Vec3(826.3264, 5.1260233, -88.91422)
2026-10-04T06:40:59.448248Z  INFO mm2_app::scripted: scripted player started a bounded escape after sustained low-speed throttle tick=53014 escapes=13 position=Vec3(837.5536, 8.2132015, -52.84402) speed=-0.0033457260578870773 heading_rad=-2.6735148429870605 bearing_rad=0.12675794959068298 route_next=Some(1700) gate=Vec3(1045.6683, 2.51742, 764.7204) aim=Vec3(841.5704, 9.30331, -41.536224)
2026-10-04T06:41:00.368345Z  INFO mm2_app::scripted: scripted player started a bounded escape after sustained low-speed throttle tick=53428 escapes=14 position=Vec3(837.5589, 8.176575, -52.821827) speed=-0.006976855918765068 heading_rad=-2.6700336933135986 bearing_rad=0.13003379106521606 route_next=Some(1700) gate=Vec3(1045.6683, 2.51742, 764.7204) aim=Vec3(841.578, 9.30331, -41.514862)
2026-10-04T06:41:01.242583Z  INFO mm2_app::scripted: scripted player started a bounded escape after sustained low-speed throttle tick=53842 escapes=15 position=Vec3(837.59467, 8.066214, -52.74679) speed=0.061761368066072464 heading_rad=-2.658550500869751 bearing_rad=0.14221899211406708 route_next=Some(1700) gate=Vec3(1045.6683, 2.51742, 764.7204) aim=Vec3(841.60583, 9.30331, -41.436996)
2026-10-04T06:41:02.119725Z  INFO mm2_app::scripted: scripted player started a bounded escape after sustained low-speed throttle tick=54256 escapes=16 position=Vec3(837.61444, 8.0668335, -52.75775) speed=0.012054111808538437 heading_rad=-2.657546281814575 bearing_rad=0.14508146047592163 route_next=Some(1700) gate=Vec3(1045.6683, 2.51742, 764.7204) aim=Vec3(841.6046, 9.30331, -41.440445)
2026-10-04T06:41:02.698107Z  INFO mm2_app::scripted: scripted player re-anchored onto its route after a bounded stuck tick=54532 reanchors=4 position=Vec3(837.59973, 8.078018, -52.76393) speed=-0.003679398912936449 heading_rad=-2.6525886058807373 route_next=1692 gate=Vec3(1045.6683, 2.51742, 764.7204) landing=Vec3(827.62195, 5.6880536, -83.123405)
2026-10-04T06:41:04.036441Z  INFO mm2_app::scripted: scripted player started a bounded escape after sustained low-speed throttle tick=55180 escapes=17 position=Vec3(833.0623, 6.9695206, -66.82844) speed=0.8007574081420898 heading_rad=-2.607945442199707 bearing_rad=0.2322692722082138 route_next=Some(1697) gate=Vec3(1045.6683, 2.51742, 764.7204) aim=Vec3(836.6275, 8.06277, -55.359165)
2026-10-04T06:41:05.364089Z  INFO mm2_app::scripted: scripted player started a bounded escape after sustained low-speed throttle tick=55820 escapes=18 position=Vec3(832.22614, 6.8698783, -67.69122) speed=-0.9535540342330933 heading_rad=-2.5487985610961914 bearing_rad=0.25003719329833984 route_next=Some(1697) gate=Vec3(1045.6683, 2.51742, 764.7204) aim=Vec3(836.25916, 7.6516, -56.38924)
2026-10-04T06:41:07.111006Z  INFO mm2_app::scripted: scripted player started a bounded escape after sustained low-speed throttle tick=56594 escapes=19 position=Vec3(833.50226, 6.4224668, -73.19292) speed=0.06910544633865356 heading_rad=-2.479146957397461 bearing_rad=0.504050612449646 route_next=Some(1697) gate=Vec3(1045.6683, 2.51742, 764.7204) aim=Vec3(836.1276, 7.6516, -56.756966)
2026-10-04T06:41:08.513869Z  INFO mm2_app::scripted: scripted player started a bounded escape after sustained low-speed throttle tick=57242 escapes=20 position=Vec3(834.50867, 6.659873, -70.79003) speed=0.04560524597764015 heading_rad=-2.5510687828063965 bearing_rad=0.475664347410202 route_next=Some(1697) gate=Vec3(1045.6683, 2.51742, 764.7204) aim=Vec3(836.1276, 7.6516, -56.756966)
2026-10-04T06:41:09.718002Z  INFO mm2_app::scripted: scripted player re-anchored onto its route after a bounded stuck tick=57814 reanchors=5 position=Vec3(834.5081, 6.67021, -70.77597) speed=0.005235604476183653 heading_rad=-2.551680088043213 route_next=1692 gate=Vec3(1045.6683, 2.51742, 764.7204) landing=Vec3(827.56616, 5.66385, -83.37279)
2026-10-04T06:41:11.531226Z  INFO mm2_app::scripted: scripted player started a bounded escape after sustained low-speed throttle tick=58584 escapes=21 position=Vec3(837.08234, 8.11054, -55.331745) speed=0.0667034238576889 heading_rad=-2.6089026927948 bearing_rad=0.22418159246444702 route_next=Some(1700) gate=Vec3(1045.6683, 2.51742, 764.7204) aim=Vec3(840.7282, 8.88862, -43.891327)
2026-10-04T06:41:12.904143Z  INFO mm2_app::scripted: scripted player started a bounded escape after sustained low-speed throttle tick=59140 escapes=22 position=Vec3(834.486, 7.7052093, -59.040997) speed=0.1965048909187317 heading_rad=-2.420490026473999 bearing_rad=0.3283381164073944 route_next=Some(1700) gate=Vec3(1045.6683, 2.51742, 764.7204) aim=Vec3(840.5127, 8.88862, -44.494015)
2026-10-04T06:41:14.734962Z  INFO mm2_app::scripted: scripted player started a bounded escape after sustained low-speed throttle tick=59840 escapes=23 position=Vec3(837.442, 7.9776654, -57.020157) speed=0.016067903488874435 heading_rad=-2.7543461322784424 bearing_rad=0.14684565365314484 route_next=Some(1700) gate=Vec3(1045.6683, 2.51742, 764.7204) aim=Vec3(840.5127, 8.88862, -44.494015)
2026-10-04T06:41:15.179450Z  INFO mm2_app::scripted: scripted player re-anchored onto its route after a bounded stuck tick=60030 reanchors=6 position=Vec3(832.6153, 7.2188005, -63.853855) speed=-6.4229044914245605 heading_rad=-3.0287587642669678 route_next=1690 gate=Vec3(1045.6683, 2.51742, 764.7204) landing=Vec3(826.04297, 5.003068, -90.18109)
2026-10-04T06:41:16.826488Z  INFO mm2_app::scripted: scripted player started a bounded escape after sustained low-speed throttle tick=60774 escapes=24 position=Vec3(837.30853, 8.092324, -55.796535) speed=0.45368993282318115 heading_rad=-2.733412504196167 bearing_rad=0.13038119673728943 route_next=Some(1700) gate=Vec3(1045.6683, 2.51742, 764.7204) aim=Vec3(840.6065, 8.88862, -44.23171)
2026-10-04T06:41:18.130046Z  INFO mm2_app::scripted: scripted player started a bounded escape after sustained low-speed throttle tick=61348 escapes=25 position=Vec3(837.685, 8.069089, -56.244453) speed=0.9123093485832214 heading_rad=-2.6061971187591553 bearing_rad=0.2992396950721741 route_next=Some(1700) gate=Vec3(1045.6683, 2.51742, 764.7204) aim=Vec3(840.5127, 8.88862, -44.494015)
2026-10-04T06:41:19.524477Z  INFO mm2_app::scripted: scripted player started a bounded escape after sustained low-speed throttle tick=61978 escapes=26 position=Vec3(837.2293, 7.4449325, -63.401363) speed=0.04715913534164429 heading_rad=-2.610352039337158 bearing_rad=0.3592987358570099 route_next=Some(1700) gate=Vec3(1045.6683, 2.51742, 764.7204) aim=Vec3(840.5127, 8.88862, -44.494015)
2026-10-04T06:41:21.321018Z  INFO mm2_app::scripted: scripted player started a bounded escape after sustained low-speed throttle tick=62806 escapes=27 position=Vec3(836.6503, 8.141232, -54.894737) speed=-0.0039689019322395325 heading_rad=-2.413970470428467 bearing_rad=0.37296634912490845 route_next=Some(1700) gate=Vec3(1045.6683, 2.51742, 764.7204) aim=Vec3(840.8178, 8.88862, -43.64082)
2026-10-04T06:41:23.006985Z  INFO mm2_app::scripted: scripted player started a bounded escape after sustained low-speed throttle tick=63554 escapes=28 position=Vec3(836.9892, 7.626503, -61.084377) speed=-0.0027575884014368057 heading_rad=-2.248103380203247 bearing_rad=0.6842165589332581 route_next=Some(1700) gate=Vec3(1045.6683, 2.51742, 764.7204) aim=Vec3(840.5127, 8.88862, -44.494015)
2026-10-04T06:41:24.265935Z  INFO mm2_app::scripted: scripted player started a bounded escape after sustained low-speed throttle tick=64130 escapes=29 position=Vec3(837.1055, 7.647709, -60.87386) speed=-0.007603813894093037 heading_rad=-2.3958847522735596 bearing_rad=0.5406228303909302 route_next=Some(1700) gate=Vec3(1045.6683, 2.51742, 764.7204) aim=Vec3(840.5127, 8.88862, -44.494015)
2026-10-04T06:41:25.690667Z  INFO mm2_app::scripted: scripted player started a bounded escape after sustained low-speed throttle tick=64796 escapes=30 position=Vec3(832.16077, 7.6158495, -59.16197) speed=-0.5759268999099731 heading_rad=3.126384973526001 bearing_rad=-0.5328229665756226 route_next=Some(1700) gate=Vec3(1045.6683, 2.51742, 764.7204) aim=Vec3(840.5127, 8.88862, -44.494015)
2026-10-04T06:41:27.014565Z  INFO mm2_app::scripted: scripted player started a bounded escape after sustained low-speed throttle tick=65414 escapes=31 position=Vec3(837.37646, 8.003513, -56.897854) speed=0.03381465747952461 heading_rad=-2.976802349090576 bearing_rad=-0.08286280184984207 route_next=Some(1700) gate=Vec3(1045.6683, 2.51742, 764.7204) aim=Vec3(840.5127, 8.88862, -44.494015)
2026-10-04T06:41:28.180143Z  INFO mm2_app::scripted: scripted player started a bounded escape after sustained low-speed throttle tick=65972 escapes=32 position=Vec3(836.5554, 7.9945087, -56.66974) speed=-0.012426940724253654 heading_rad=-2.8207666873931885 bearing_rad=0.0065818047150969505 route_next=Some(1700) gate=Vec3(1045.6683, 2.51742, 764.7204) aim=Vec3(840.5127, 8.88862, -44.494015)
2026-10-04T06:41:29.077360Z  INFO mm2_app::scripted: scripted player re-anchored onto its route after a bounded stuck tick=66408 reanchors=7 position=Vec3(836.1941, 8.019119, -56.399757) speed=0.460483193397522 heading_rad=-2.654550075531006 route_next=1693 gate=Vec3(1045.6683, 2.51742, 764.7204) landing=Vec3(827.78955, 5.760779, -82.37408)
2026-10-04T06:41:29.810418Z  INFO mm2_app::scripted: scripted player started a bounded escape after sustained low-speed throttle tick=66756 escapes=33 position=Vec3(828.61786, 5.7312794, -78.963455) speed=0.10895030945539474 heading_rad=-2.8437933921813965 bearing_rad=-0.011732663959264755 route_next=Some(1694) gate=Vec3(1045.6683, 2.51742, 764.7204) aim=Vec3(832.2665, 6.82927, -67.554794)
2026-10-04T06:41:32.088439Z  INFO mm2_app::scripted: scripted player started a bounded escape after sustained low-speed throttle tick=67802 escapes=34 position=Vec3(836.6804, 8.253637, -53.769196) speed=-0.0018024314194917679 heading_rad=2.8813092708587646 bearing_rad=-0.6441358923912048 route_next=Some(1700) gate=Vec3(1045.6683, 2.51742, 764.7204) aim=Vec3(841.17804, 9.30331, -42.63335)
2026-10-04T06:41:33.525872Z  INFO mm2_app::scripted: scripted player started a bounded escape after sustained low-speed throttle tick=68446 escapes=35 position=Vec3(837.3238, 7.5260153, -62.535435) speed=0.16938701272010803 heading_rad=-2.658519744873047 bearing_rad=0.3081252872943878 route_next=Some(1700) gate=Vec3(1045.6683, 2.51742, 764.7204) aim=Vec3(840.5127, 8.88862, -44.494015)
2026-10-04T06:41:35.472627Z  INFO mm2_app::scripted: scripted player started a bounded escape after sustained low-speed throttle tick=69390 escapes=36 position=Vec3(836.0737, 8.422323, -49.88074) speed=0.05365508794784546 heading_rad=-2.730083465576172 bearing_rad=-0.126581072807312 route_next=Some(1701) gate=Vec3(1045.6683, 2.51742, 764.7204) aim=Vec3(842.3421, 9.74774, -39.378082)
2026-10-04T06:41:37.137280Z  INFO mm2_app::scripted: scripted player started a bounded escape after sustained low-speed throttle tick=70172 escapes=37 position=Vec3(838.43884, 8.203264, -53.345882) speed=-0.007546200416982174 heading_rad=-2.641740322113037 bearing_rad=0.233128160238266 route_next=Some(1701) gate=Vec3(1045.6683, 2.51742, 764.7204) aim=Vec3(841.97437, 9.30331, -40.40637)
2026-10-04T06:41:38.572436Z  INFO mm2_app::scripted: scripted player started a bounded escape after sustained low-speed throttle tick=70844 escapes=38 position=Vec3(838.24146, 8.203943, -53.180004) speed=0.006376656703650951 heading_rad=-2.7009596824645996 bearing_rad=0.1563146561384201 route_next=Some(1701) gate=Vec3(1045.6683, 2.51742, 764.7204) aim=Vec3(841.97437, 9.30331, -40.40637)
2026-10-04T06:41:39.449704Z  INFO mm2_app::scripted: scripted player started a bounded escape after sustained low-speed throttle tick=71258 escapes=39 position=Vec3(838.47656, 8.303875, -53.27693) speed=0.03539662808179855 heading_rad=-2.8160409927368164 bearing_rad=0.0601930133998394 route_next=Some(1701) gate=Vec3(1045.6683, 2.51742, 764.7204) aim=Vec3(841.97437, 9.30331, -40.40637)
2026-10-04T06:41:40.336655Z  INFO mm2_app::scripted: scripted player started a bounded escape after sustained low-speed throttle tick=71672 escapes=40 position=Vec3(838.49506, 8.305297, -53.28589) speed=-0.0023239562287926674 heading_rad=-2.826538562774658 bearing_rad=0.051209207624197006 route_next=Some(1701) gate=Vec3(1045.6683, 2.51742, 764.7204) aim=Vec3(841.97437, 9.30331, -40.40637)
2026-10-04T06:41:40.584973Z  INFO mm2_app::scripted: scripted player re-anchored onto its route after a bounded stuck tick=71790 reanchors=8 position=Vec3(838.5104, 8.3004055, -53.286594) speed=0.002660408616065979 heading_rad=-2.830605983734131 route_next=1695 gate=Vec3(1045.6683, 2.51742, 764.7204) landing=Vec3(829.85297, 6.550797, -74.30431)
2026-10-04T06:41:42.096184Z  INFO mm2_app::scripted: scripted player started a bounded escape after sustained low-speed throttle tick=72514 escapes=41 position=Vec3(837.525, 8.210342, -52.962833) speed=0.037073515355587006 heading_rad=-2.775198459625244 bearing_rad=0.026165161281824112 route_next=Some(1700) gate=Vec3(1045.6683, 2.51742, 764.7204) aim=Vec3(841.5295, 9.30331, -41.65064)
2026-10-04T06:41:43.518630Z  INFO mm2_app::scripted: scripted player started a bounded escape after sustained low-speed throttle tick=73198 escapes=42 position=Vec3(837.043, 8.413442, -50.297314) speed=0.1549033522605896 heading_rad=-2.70637583732605 bearing_rad=-0.01718711107969284 route_next=Some(1701) gate=Vec3(1045.6683, 2.51742, 764.7204) aim=Vec3(842.3199, 9.74774, -39.44011)
2026-10-04T06:41:44.710995Z  INFO mm2_app::scripted: scripted player started a bounded escape after sustained low-speed throttle tick=73742 escapes=43 position=Vec3(836.46954, 8.423077, -50.120846) speed=-0.00975009985268116 heading_rad=-2.8878095149993896 bearing_rad=-0.24767962098121643 route_next=Some(1701) gate=Vec3(1045.6683, 2.51742, 764.7204) aim=Vec3(842.31085, 9.30331, -39.465477)
2026-10-04T06:41:45.935120Z  INFO mm2_app::scripted: scripted player started a bounded escape after sustained low-speed throttle tick=74292 escapes=44 position=Vec3(837.3659, 8.251554, -52.727234) speed=0.008228539489209652 heading_rad=-2.146176338195801 bearing_rad=0.6374902129173279 route_next=Some(1701) gate=Vec3(1045.6683, 2.51742, 764.7204) aim=Vec3(841.97437, 9.30331, -40.40637)
2026-10-04T06:41:47.138687Z  INFO mm2_app::scripted: scripted player re-anchored onto its route after a bounded stuck tick=74780 reanchors=9 position=Vec3(835.62683, 8.308068, -49.58889) speed=-0.002006602007895708 heading_rad=-2.743741512298584 route_next=1692 gate=Vec3(1045.6683, 2.51742, 764.7204) landing=Vec3(827.2563, 5.5294404, -84.75764)
2026-10-04T06:41:49.127623Z  INFO mm2_app::scripted: scripted player started a bounded escape after sustained low-speed throttle tick=75712 escapes=45 position=Vec3(837.7398, 8.423017, -50.554356) speed=-0.0008645174093544483 heading_rad=-2.7530860900878906 bearing_rad=-0.002408410655334592 route_next=Some(1701) gate=Vec3(1045.6683, 2.51742, 764.7204) aim=Vec3(842.3174, 9.30331, -39.4471)
2026-10-04T06:41:50.014485Z  INFO mm2_app::scripted: scripted player started a bounded escape after sustained low-speed throttle tick=76126 escapes=46 position=Vec3(837.7358, 8.420497, -50.55205) speed=-0.011870619840919971 heading_rad=-2.7526986598968506 bearing_rad=-0.0024035638198256493 route_next=Some(1701) gate=Vec3(1045.6683, 2.51742, 764.7204) aim=Vec3(842.3177, 9.30331, -39.446346)
2026-10-04T06:41:50.888446Z  INFO mm2_app::scripted: scripted player started a bounded escape after sustained low-speed throttle tick=76540 escapes=47 position=Vec3(836.63556, 8.424907, -50.80047) speed=0.36485862731933594 heading_rad=-3.0324411392211914 bearing_rad=-0.3608632981777191 route_next=Some(1701) gate=Vec3(1045.6683, 2.51742, 764.7204) aim=Vec3(842.1142, 9.30331, -40.01542)
2026-10-04T06:41:52.241656Z  INFO mm2_app::scripted: scripted player re-anchored onto its route after a bounded stuck tick=77188 reanchors=10 position=Vec3(837.3062, 8.224264, -52.669315) speed=0.029804058372974396 heading_rad=-2.548022747039795 route_next=1692 gate=Vec3(1045.6683, 2.51742, 764.7204) landing=Vec3(826.9907, 5.414229, -85.94469)
2026-10-04T06:41:53.892567Z  INFO mm2_app::scripted: scripted player started a bounded escape after sustained low-speed throttle tick=77962 escapes=48 position=Vec3(835.2126, 7.7979956, -58.302586) speed=0.033631835132837296 heading_rad=-2.7290382385253906 bearing_rad=0.04071205481886864 route_next=Some(1699) gate=Vec3(1045.6683, 2.51742, 764.7204) aim=Vec3(839.57434, 8.88862, -47.118145)
2026-10-04T06:41:55.625258Z  INFO mm2_app::scripted: scripted player started a bounded escape after sustained low-speed throttle tick=78756 escapes=49 position=Vec3(835.3378, 8.127079, -54.840336) speed=-0.7897677421569824 heading_rad=-2.91922926902771 bearing_rad=-0.2362922728061676 route_next=Some(1700) gate=Vec3(1045.6683, 2.51742, 764.7204) aim=Vec3(840.6862, 8.88862, -44.008717)
2026-10-04T06:41:57.350832Z  INFO mm2_app::scripted: scripted player started a bounded escape after sustained low-speed throttle tick=79486 escapes=50 position=Vec3(836.86847, 7.5791955, -62.485924) speed=-0.06088538467884064 heading_rad=-2.088130235671997 bearing_rad=0.8536180853843689 route_next=Some(1700) gate=Vec3(1045.6683, 2.51742, 764.7204) aim=Vec3(840.5127, 8.88862, -44.494015)
2026-10-04T06:41:58.448290Z  INFO mm2_app::scripted: scripted player started a bounded escape after sustained low-speed throttle tick=79986 escapes=51 position=Vec3(837.05286, 7.602863, -61.334286) speed=0.064134880900383 heading_rad=-2.368096113204956 bearing_rad=0.57086580991745 route_next=Some(1700) gate=Vec3(1045.6683, 2.51742, 764.7204) aim=Vec3(840.5127, 8.88862, -44.494015)
2026-10-04T06:41:59.619548Z  INFO mm2_app::scripted: scripted player started a bounded escape after sustained low-speed throttle tick=80532 escapes=52 position=Vec3(830.3899, 6.9942327, -65.620415) speed=0.030776329338550568 heading_rad=2.1814498901367188 bearing_rad=-1.4069751501083374 route_next=Some(1700) gate=Vec3(1045.6683, 2.51742, 764.7204) aim=Vec3(840.5127, 8.88862, -44.494015)
2026-10-04T06:42:00.040903Z  INFO mm2_app::scripted: scripted player re-anchored onto its route after a bounded stuck tick=80726 reanchors=11 position=Vec3(833.2488, 6.8592253, -68.12748) speed=0.8714864253997803 heading_rad=3.0466272830963135 route_next=1694 gate=Vec3(1045.6683, 2.51742, 764.7204) landing=Vec3(828.66284, 6.1396313, -78.47057)
2026-10-04T06:42:02.062493Z  INFO mm2_app::scripted: scripted player started a bounded escape after sustained low-speed throttle tick=81670 escapes=53 position=Vec3(837.39545, 8.222349, -52.94852) speed=-0.0003558659227564931 heading_rad=-2.7869174480438232 bearing_rad=0.003880565520375967 route_next=Some(1700) gate=Vec3(1045.6683, 2.51742, 764.7204) aim=Vec3(841.5193, 9.30331, -41.67902)
2026-10-04T06:42:03.536475Z  INFO mm2_app::scripted: scripted player started a bounded escape after sustained low-speed throttle tick=82362 escapes=54 position=Vec3(837.5075, 8.427142, -50.477123) speed=-0.01533605344593525 heading_rad=-2.731863021850586 bearing_rad=-0.0015130926622077823 route_next=Some(1701) gate=Vec3(1045.6683, 2.51742, 764.7204) aim=Vec3(842.31555, 9.30331, -39.452267)
2026-10-04T06:42:04.762963Z  INFO mm2_app::scripted: scripted player started a bounded escape after sustained low-speed throttle tick=82912 escapes=55 position=Vec3(836.98535, 8.452171, -50.365257) speed=0.037846848368644714 heading_rad=-2.9020066261291504 bearing_rad=-0.2154058814048767 route_next=Some(1701) gate=Vec3(1045.6683, 2.51742, 764.7204) aim=Vec3(842.2918, 9.30331, -39.518635)
2026-10-04T06:42:05.310555Z  INFO mm2_app::scripted: scripted player re-anchored onto its route after a bounded stuck tick=83168 reanchors=12 position=Vec3(832.46704, 7.7738447, -57.5895) speed=-2.023923397064209 heading_rad=-3.047747850418091 route_next=1694 gate=Vec3(1045.6683, 2.51742, 764.7204) landing=Vec3(828.7373, 6.1719413, -78.13767)
2026-10-04T06:42:06.542432Z  INFO mm2_app::scripted: scripted player started a bounded escape after sustained low-speed throttle tick=83750 escapes=56 position=Vec3(833.67395, 7.3491635, -62.77737) speed=0.002912824973464012 heading_rad=-2.856153726577759 bearing_rad=-0.08158328384160995 route_next=Some(1698) gate=Vec3(1045.6683, 2.51742, 764.7204) aim=Vec3(837.9812, 8.47393, -51.57345)
2026-10-04T06:42:08.467343Z  INFO mm2_app::scripted: scripted player started a bounded escape after sustained low-speed throttle tick=84622 escapes=57 position=Vec3(837.2358, 8.224765, -52.824127) speed=-0.03677081689238548 heading_rad=-2.671607494354248 bearing_rad=0.10317381471395493 route_next=Some(1700) gate=Vec3(1045.6683, 2.51742, 764.7204) aim=Vec3(841.54065, 9.30331, -41.619343)
2026-10-04T06:42:09.657016Z  INFO mm2_app::scripted: scripted player started a bounded escape after sustained low-speed throttle tick=85166 escapes=58 position=Vec3(837.3284, 7.648121, -60.94425) speed=0.007631434127688408 heading_rad=-2.623379707336426 bearing_rad=0.32700803875923157 route_next=Some(1700) gate=Vec3(1045.6683, 2.51742, 764.7204) aim=Vec3(840.5127, 8.88862, -44.494015)
2026-10-04T06:42:11.605106Z  INFO mm2_app::scripted: scripted player started a bounded escape after sustained low-speed throttle tick=86098 escapes=59 position=Vec3(838.27484, 8.208602, -53.20266) speed=0.004889429546892643 heading_rad=-2.8368144035339355 bearing_rad=0.0300066489726305 route_next=Some(1700) gate=Vec3(1045.6683, 2.51742, 764.7204) aim=Vec3(841.53845, 9.30331, -41.62555)
2026-10-04T06:42:12.465349Z  INFO mm2_app::scripted: scripted player started a bounded escape after sustained low-speed throttle tick=86512 escapes=60 position=Vec3(838.2737, 8.208324, -53.202633) speed=0.00031606428092345595 heading_rad=-2.835900068283081 bearing_rad=0.03082970343530178 route_next=Some(1700) gate=Vec3(1045.6683, 2.51742, 764.7204) aim=Vec3(841.5383, 9.30331, -41.62589)
2026-10-04T06:42:13.309949Z  INFO mm2_app::scripted: scripted player started a bounded escape after sustained low-speed throttle tick=86926 escapes=61 position=Vec3(838.2749, 8.208289, -53.204742) speed=-0.0019470280967652798 heading_rad=-2.837080955505371 bearing_rad=0.02980482019484043 route_next=Some(1700) gate=Vec3(1045.6683, 2.51742, 764.7204) aim=Vec3(841.5378, 9.30331, -41.62736)
2026-10-04T06:42:14.178428Z  INFO mm2_app::scripted: scripted player started a bounded escape after sustained low-speed throttle tick=87340 escapes=62 position=Vec3(838.2722, 8.209891, -53.205677) speed=-0.006306411232799292 heading_rad=-2.8360490798950195 bearing_rad=0.030653713271021843 route_next=Some(1700) gate=Vec3(1045.6683, 2.51742, 764.7204) aim=Vec3(841.5372, 9.30331, -41.629047)
2026-10-04T06:42:14.809972Z  INFO mm2_app::scripted: scripted player re-anchored onto its route after a bounded stuck tick=87634 reanchors=13 position=Vec3(838.27576, 8.211143, -53.208748) speed=0.0012143977219238877 heading_rad=-2.838083028793335 route_next=1692 gate=Vec3(1045.6683, 2.51742, 764.7204) landing=Vec3(827.5802, 5.669942, -83.31002)
2026-10-04T06:42:15.941183Z  INFO mm2_app::scripted: scripted player started a bounded escape after sustained low-speed throttle tick=88186 escapes=63 position=Vec3(830.2655, 6.314429, -73.16023) speed=0.2177400141954422 heading_rad=-2.860017776489258 bearing_rad=-0.061589840799570084 route_next=Some(1696) gate=Vec3(1045.6683, 2.51742, 764.7204) aim=Vec3(834.6659, 7.24043, -60.844612)
2026-10-04T06:42:17.775263Z  INFO mm2_app::scripted: scripted player started a bounded escape after sustained low-speed throttle tick=89014 escapes=64 position=Vec3(836.2944, 8.067811, -55.750114) speed=0.025061341002583504 heading_rad=-2.4386439323425293 bearing_rad=0.3443894684314728 route_next=Some(1700) gate=Vec3(1045.6683, 2.51742, 764.7204) aim=Vec3(840.5127, 8.88862, -44.494015)
2026-10-04T06:42:19.775167Z  INFO mm2_app::scripted: scripted player started a bounded escape after sustained low-speed throttle tick=89846 escapes=65 position=Vec3(837.31116, 7.6042743, -61.484226) speed=-0.00578994769603014 heading_rad=-2.606839656829834 bearing_rad=0.34850263595581055 route_next=Some(1700) gate=Vec3(1045.6683, 2.51742, 764.7204) aim=Vec3(840.5127, 8.88862, -44.494015)
2026-10-04T06:42:21.620466Z  INFO mm2_app::scripted: scripted player started a bounded escape after sustained low-speed throttle tick=90750 escapes=66 position=Vec3(837.1598, 8.441658, -50.339428) speed=0.05109906196594238 heading_rad=-2.731140375137329 bearing_rad=-0.03171895444393158 route_next=Some(1701) gate=Vec3(1045.6683, 2.51742, 764.7204) aim=Vec3(842.31976, 9.74774, -39.440434)
2026-10-04T06:42:22.507671Z  INFO mm2_app::scripted: scripted player started a bounded escape after sustained low-speed throttle tick=91164 escapes=67 position=Vec3(837.1675, 8.451241, -50.33853) speed=-0.013325749896466732 heading_rad=-2.7402498722076416 bearing_rad=-0.04025592654943466 route_next=Some(1701) gate=Vec3(1045.6683, 2.51742, 764.7204) aim=Vec3(842.3209, 9.74774, -39.4372)
2026-10-04T06:42:23.430747Z  INFO mm2_app::scripted: scripted player started a bounded escape after sustained low-speed throttle tick=91578 escapes=68 position=Vec3(836.982, 8.268211, -53.086742) speed=0.7277103066444397 heading_rad=-2.6371943950653076 bearing_rad=0.12932737171649933 route_next=Some(1701) gate=Vec3(1045.6683, 2.51742, 764.7204) aim=Vec3(841.97437, 9.30331, -40.40637)
2026-10-04T06:42:25.009240Z  INFO mm2_app::scripted: scripted player started a bounded escape after sustained low-speed throttle tick=92276 escapes=69 position=Vec3(837.0448, 7.71701, -60.10256) speed=-0.006167473271489143 heading_rad=-2.552483081817627 bearing_rad=0.3438672423362732 route_next=Some(1701) gate=Vec3(1045.6683, 2.51742, 764.7204) aim=Vec3(841.97437, 9.30331, -40.40637)
2026-10-04T06:42:26.920654Z  INFO mm2_app::scripted: scripted player started a bounded escape after sustained low-speed throttle tick=93192 escapes=70 position=Vec3(830.409, 7.0912876, -64.56641) speed=0.01128977257758379 heading_rad=2.9206292629241943 bearing_rad=-0.6674249172210693 route_next=Some(1701) gate=Vec3(1045.6683, 2.51742, 764.7204) aim=Vec3(841.97437, 9.30331, -40.40637)
2026-10-04T06:42:28.523542Z  INFO mm2_app::scripted: scripted player started a bounded escape after sustained low-speed throttle tick=93976 escapes=71 position=Vec3(835.138, 6.9905334, -67.36662) speed=-0.011185254901647568 heading_rad=-2.1487810611724854 bearing_rad=0.7444738745689392 route_next=Some(1701) gate=Vec3(1045.6683, 2.51742, 764.7204) aim=Vec3(841.97437, 9.30331, -40.40637)
2026-10-04T06:42:30.095262Z  INFO mm2_app::scripted: scripted player started a bounded escape after sustained low-speed throttle tick=94696 escapes=72 position=Vec3(827.6422, 6.2695823, -72.77022) speed=0.019485780969262123 heading_rad=2.76835298538208 bearing_rad=-0.7901272177696228 route_next=Some(1701) gate=Vec3(1045.6683, 2.51742, 764.7204) aim=Vec3(841.97437, 9.30331, -40.40637)
2026-10-04T06:42:31.709004Z  INFO mm2_app::scripted: scripted player started a bounded escape after sustained low-speed throttle tick=95456 escapes=73 position=Vec3(831.5034, 5.9010587, -78.135925) speed=-0.005995044484734535 heading_rad=-2.3107032775878906 bearing_rad=0.560175895690918 route_next=Some(1701) gate=Vec3(1045.6683, 2.51742, 764.7204) aim=Vec3(841.97437, 9.30331, -40.40637)
2026-10-04T06:42:33.189405Z  INFO mm2_app::scripted: scripted player started a bounded escape after sustained low-speed throttle tick=96176 escapes=74 position=Vec3(824.7646, 5.3947563, -81.932175) speed=0.4105926752090454 heading_rad=3.018073558807373 bearing_rad=-0.5164077877998352 route_next=Some(1701) gate=Vec3(1045.6683, 2.51742, 764.7204) aim=Vec3(841.97437, 9.30331, -40.40637)
2026-10-04T06:42:35.235789Z  INFO mm2_app::scripted: scripted player started a bounded escape after sustained low-speed throttle tick=97156 escapes=75 position=Vec3(837.3763, 8.127821, -55.33403) speed=-0.041071340441703796 heading_rad=-2.600027322769165 bearing_rad=0.24276308715343475 route_next=Some(1701) gate=Vec3(1045.6683, 2.51742, 764.7204) aim=Vec3(841.97437, 9.30331, -40.40637)
2026-10-04T06:42:36.753648Z  INFO mm2_app::scripted: scripted player started a bounded escape after sustained low-speed throttle tick=97870 escapes=76 position=Vec3(830.9309, 7.3564644, -61.722824) speed=1.1161893606185913 heading_rad=-3.03285551071167 bearing_rad=-0.36926329135894775 route_next=Some(1701) gate=Vec3(1045.6683, 2.51742, 764.7204) aim=Vec3(841.97437, 9.30331, -40.40637)
2026-10-04T06:42:38.288985Z  INFO mm2_app::scripted: scripted player started a bounded escape after sustained low-speed throttle tick=98624 escapes=77 position=Vec3(835.2781, 6.955046, -67.85442) speed=0.05346126854419708 heading_rad=-2.387799024581909 bearing_rad=0.5145056247711182 route_next=Some(1701) gate=Vec3(1045.6683, 2.51742, 764.7204) aim=Vec3(841.97437, 9.30331, -40.40637)
2026-10-04T06:42:40.096204Z  INFO mm2_app::scripted: scripted player started a bounded escape after sustained low-speed throttle tick=99456 escapes=78 position=Vec3(827.524, 6.2176223, -73.34312) speed=0.012871604412794113 heading_rad=2.6658430099487305 bearing_rad=-0.8891929984092712 route_next=Some(1701) gate=Vec3(1045.6683, 2.51742, 764.7204) aim=Vec3(841.97437, 9.30331, -40.40637)
2026-10-04T06:42:41.661697Z  INFO mm2_app::scripted: scripted player started a bounded escape after sustained low-speed throttle tick=100194 escapes=79 position=Vec3(830.979, 5.6012554, -80.989494) speed=-0.006907547824084759 heading_rad=-2.4041523933410645 bearing_rad=0.47285783290863037 route_next=Some(1701) gate=Vec3(1045.6683, 2.51742, 764.7204) aim=Vec3(841.97437, 9.30331, -40.40637)
2026-10-04T06:42:43.432887Z  INFO mm2_app::scripted: scripted player started a bounded escape after sustained low-speed throttle tick=101052 escapes=80 position=Vec3(823.0994, 4.7182655, -87.495285) speed=-0.02235081046819687 heading_rad=2.6400551795959473 bearing_rad=-0.882764458656311 route_next=Some(1701) gate=Vec3(1045.6683, 2.51742, 764.7204) aim=Vec3(841.97437, 9.30331, -40.40637)
2026-10-04T06:42:45.180751Z  INFO mm2_app::scripted: scripted player started a bounded escape after sustained low-speed throttle tick=101898 escapes=81 position=Vec3(831.3387, 4.301682, -89.53607) speed=0.01391829177737236 heading_rad=3.0999186038970947 bearing_rad=-0.25486600399017334 route_next=Some(1701) gate=Vec3(1045.6683, 2.51742, 764.7204) aim=Vec3(841.97437, 9.30331, -40.40637)
2026-10-04T06:42:49.407960Z  INFO mm2_app::scripted: scripted player re-anchored onto its route after a bounded stuck tick=103986 reanchors=14 position=Vec3(902.8287, 1.3310149, -2.261827) speed=10.455758094787598 heading_rad=-1.699181079864502 route_next=1727 gate=Vec3(1045.6683, 2.51742, 764.7204) landing=Vec3(909.84344, 11.908494, 37.092785)
2026-10-04T06:42:58.537660Z  INFO mm2_app::scripted: scripted player started a bounded escape after sustained low-speed throttle tick=108040 escapes=82 position=Vec3(1299.7853, 11.061266, 746.5365) speed=0.017500752583146095 heading_rad=2.1401240825653076 bearing_rad=-1.101544976234436 route_next=Some(1904) gate=Vec3(1045.6683, 2.51742, 764.7204) aim=Vec3(1300.9905, 10.9804, 758.53906)
2026-10-04T06:42:59.633607Z  INFO mm2_app::scripted: scripted player started a bounded escape after sustained low-speed throttle tick=108574 escapes=83 position=Vec3(1300.5254, 11.024971, 751.1249) speed=0.02868121676146984 heading_rad=-3.131519079208374 bearing_rad=-0.10831057280302048 route_next=Some(1906) gate=Vec3(1045.6683, 2.51742, 764.7204) aim=Vec3(1301.9829, 10.94173, 763.3791)
2026-10-04T06:43:00.701739Z  INFO mm2_app::scripted: scripted player started a bounded escape after sustained low-speed throttle tick=109086 escapes=84 position=Vec3(1300.6184, 11.025621, 751.1652) speed=-0.0015074348775669932 heading_rad=3.1030423641204834 bearing_rad=-0.14980639517307281 route_next=Some(1906) gate=Vec3(1045.6683, 2.51742, 764.7204) aim=Vec3(1301.9829, 10.94173, 763.3791)
2026-10-04T06:43:02.027210Z  INFO mm2_app::scripted: scripted player started a bounded escape after sustained low-speed throttle tick=109738 escapes=85 position=Vec3(1301.0515, 10.993143, 753.8143) speed=-0.010833654552698135 heading_rad=-2.9428060054779053 bearing_rad=0.07403283566236496 route_next=Some(1906) gate=Vec3(1045.6683, 2.51742, 764.7204) aim=Vec3(1302.549, 10.90307, 765.75507)
2026-10-04T06:43:02.858877Z  INFO mm2_app::scripted: scripted player re-anchored onto its route after a bounded stuck tick=110140 reanchors=15 position=Vec3(1301.0159, 10.998912, 753.5726) speed=3.677960157394409 heading_rad=-2.854735851287842 route_next=1904 gate=Vec3(1045.6683, 2.51742, 764.7204) landing=Vec3(1298.4075, 11.421715, 745.941)
2026-10-04T06:43:04.104002Z  INFO mm2_app::scripted: scripted player started a bounded escape after sustained low-speed throttle tick=110734 escapes=86 position=Vec3(1300.0776, 11.025901, 750.993) speed=-0.009588351473212242 heading_rad=-2.904548168182373 bearing_rad=0.08441735804080963 route_next=Some(1906) gate=Vec3(1045.6683, 2.51742, 764.7204) aim=Vec3(1301.9829, 10.94173, 763.3791)
2026-10-04T06:43:06.231777Z  INFO mm2_app::scripted: scripted player started a bounded escape after sustained low-speed throttle tick=111704 escapes=87 position=Vec3(1305.6362, 10.910443, 767.776) speed=-0.03871588408946991 heading_rad=-2.8996198177337646 bearing_rad=0.19830626249313354 route_next=Some(1909) gate=Vec3(1045.6683, 2.51742, 764.7204) aim=Vec3(1306.1713, 9.64867, 780.02094)
2026-10-04T06:43:07.168146Z  INFO mm2_app::scripted: scripted player started a bounded escape after sustained low-speed throttle tick=112118 escapes=88 position=Vec3(1305.604, 10.8558655, 767.7291) speed=-0.028589919209480286 heading_rad=-2.8761346340179443 bearing_rad=0.2202213704586029 route_next=Some(1909) gate=Vec3(1045.6683, 2.51742, 764.7204) aim=Vec3(1306.1581, 9.64867, 779.9692)
2026-10-04T06:43:08.495955Z  INFO mm2_app::scripted: scripted player started a bounded escape after sustained low-speed throttle tick=112694 escapes=89 position=Vec3(1306.6218, 10.684018, 770.6989) speed=0.0038284268230199814 heading_rad=-2.8879661560058594 bearing_rad=0.22873733937740326 route_next=Some(1910) gate=Vec3(1045.6683, 2.51742, 764.7204) aim=Vec3(1306.9281, 9.23054, 783.0019)
2026-10-04T06:43:09.383812Z  INFO mm2_app::scripted: scripted player started a bounded escape after sustained low-speed throttle tick=113108 escapes=90 position=Vec3(1306.6456, 10.6884775, 770.6989) speed=0.005955953150987625 heading_rad=-2.889371633529663 bearing_rad=0.22915714979171753 route_next=Some(1910) gate=Vec3(1045.6683, 2.51742, 764.7204) aim=Vec3(1306.9296, 9.23054, 783.00757)
2026-10-04T06:43:10.280055Z  INFO mm2_app::scripted: scripted player started a bounded escape after sustained low-speed throttle tick=113522 escapes=91 position=Vec3(1306.6697, 10.692831, 770.6991) speed=0.001991802826523781 heading_rad=-2.8911855220794678 bearing_rad=0.22918696701526642 route_next=Some(1910) gate=Vec3(1045.6683, 2.51742, 764.7204) aim=Vec3(1306.931, 9.23054, 783.0135)
2026-10-04T06:43:11.161022Z  INFO mm2_app::scripted: scripted player started a bounded escape after sustained low-speed throttle tick=113936 escapes=92 position=Vec3(1306.6975, 10.681081, 770.72644) speed=0.02045273780822754 heading_rad=-2.902283191680908 bearing_rad=0.21969257295131683 route_next=Some(1910) gate=Vec3(1045.6683, 2.51742, 764.7204) aim=Vec3(1306.9392, 9.23054, 783.04584)
2026-10-04T06:43:11.884403Z  INFO mm2_app::scripted: scripted player re-anchored onto its route after a bounded stuck tick=114270 reanchors=16 position=Vec3(1306.7178, 10.673643, 770.8147) speed=0.019882116466760635 heading_rad=-2.919987440109253 route_next=1908 gate=Vec3(1045.6683, 2.51742, 764.7204) landing=Vec3(1302.0579, 11.256749, 763.74445)
2026-10-04T06:43:13.889044Z  INFO mm2_app::scripted: scripted player started a bounded escape after sustained low-speed throttle tick=115196 escapes=93 position=Vec3(1319.4707, 4.3946123, 836.166) speed=1.372438669204712 heading_rad=0.11753445863723755 bearing_rad=2.9464497566223145 route_next=Some(1924) gate=Vec3(1045.6683, 2.51742, 764.7204) aim=Vec3(1323.1692, 4.25096, 847.60645)
2026-10-04T06:43:14.934021Z  INFO mm2_app::scripted: scripted player started a bounded escape after sustained low-speed throttle tick=115666 escapes=94 position=Vec3(1319.7595, 4.3031588, 838.31287) speed=-0.1974172592163086 heading_rad=0.12436005473136902 bearing_rad=2.9356234073638916 route_next=Some(1925) gate=Vec3(1045.6683, 2.51742, 764.7204) aim=Vec3(1323.6703, 4.25096, 849.7181)
2026-10-04T06:43:15.937101Z  INFO mm2_app::scripted: scripted player started a bounded escape after sustained low-speed throttle tick=116094 escapes=95 position=Vec3(1320.9089, 4.3415513, 839.3826) speed=-0.0010081566870212555 heading_rad=-0.6552543640136719 bearing_rad=2.2283167839050293 route_next=Some(1925) gate=Vec3(1045.6683, 2.51742, 764.7204) aim=Vec3(1323.9719, 4.25096, 850.9891)
2026-10-04T06:43:17.113072Z  INFO mm2_app::scripted: scripted player started a bounded escape after sustained low-speed throttle tick=116586 escapes=96 position=Vec3(1321.8293, 4.7548375, 836.7213) speed=-0.7069551348686218 heading_rad=-0.47014522552490234 bearing_rad=2.5322580337524414 route_next=Some(1925) gate=Vec3(1045.6683, 2.51742, 764.7204) aim=Vec3(1323.6211, 4.25096, 849.5108)
2026-10-04T06:43:17.411317Z  INFO mm2_app::scripted: scripted player re-anchored onto its route after a bounded stuck tick=116714 reanchors=17 position=Vec3(1320.7499, 4.370861, 839.67944) speed=-1.129453420639038 heading_rad=-1.2340468168258667 route_next=1922 gate=Vec3(1045.6683, 2.51742, 764.7204) landing=Vec3(1317.3489, 5.814923, 824.04395)
2026-10-04T06:43:18.810602Z  INFO mm2_app::scripted: scripted player started a bounded escape after sustained low-speed throttle tick=117348 escapes=97 position=Vec3(1322.1344, 4.4573045, 839.5134) speed=0.024090023711323738 heading_rad=3.114565849304199 bearing_rad=-0.18833228945732117 route_next=Some(1925) gate=Vec3(1045.6683, 2.51742, 764.7204) aim=Vec3(1324.0667, 4.25096, 851.3882)
2026-10-04T06:43:20.069433Z  INFO mm2_app::scripted: scripted player started a bounded escape after sustained low-speed throttle tick=117944 escapes=98 position=Vec3(1319.3619, 4.3834176, 836.3011) speed=0.019910840317606926 heading_rad=3.0913748741149902 bearing_rad=-0.36211979389190674 route_next=Some(1925) gate=Vec3(1045.6683, 2.51742, 764.7204) aim=Vec3(1323.6211, 4.25096, 849.5108)
2026-10-04T06:43:21.314726Z  INFO mm2_app::scripted: scripted player started a bounded escape after sustained low-speed throttle tick=118536 escapes=99 position=Vec3(1320.8123, 4.972515, 828.8073) speed=0.02286802977323532 heading_rad=-2.6039540767669678 bearing_rad=0.40279215574264526 route_next=Some(1925) gate=Vec3(1045.6683, 2.51742, 764.7204) aim=Vec3(1323.6211, 4.25096, 849.5108)
2026-10-04T06:43:23.002706Z  INFO mm2_app::scripted: scripted player started a bounded escape after sustained low-speed throttle tick=119330 escapes=100 position=Vec3(1319.0039, 4.468763, 839.3511) speed=-0.48908308148384094 heading_rad=2.9820594787597656 bearing_rad=-0.5695443153381348 route_next=Some(1925) gate=Vec3(1045.6683, 2.51742, 764.7204) aim=Vec3(1323.8633, 4.25096, 850.5312)
2026-10-04T06:43:23.926041Z  INFO mm2_app::scripted: scripted player started a bounded escape after sustained low-speed throttle tick=119744 escapes=101 position=Vec3(1319.0325, 4.353304, 837.92255) speed=0.0005146963521838188 heading_rad=2.8504559993743896 bearing_rad=-0.6681656837463379 route_next=Some(1925) gate=Vec3(1045.6683, 2.51742, 764.7204) aim=Vec3(1323.6211, 4.25096, 849.5108)
2026-10-04T06:43:24.955963Z  INFO mm2_app::scripted: scripted player started a bounded escape after sustained low-speed throttle tick=120158 escapes=102 position=Vec3(1319.0897, 4.3535476, 837.9251) speed=-0.00012696720659732819 heading_rad=2.958808183670044 bearing_rad=-0.5556104779243469 route_next=Some(1925) gate=Vec3(1045.6683, 2.51742, 764.7204) aim=Vec3(1323.6211, 4.25096, 849.5108)
2026-10-04T06:43:25.910727Z  INFO mm2_app::scripted: scripted player started a bounded escape after sustained low-speed throttle tick=120572 escapes=103 position=Vec3(1319.0035, 4.35611, 837.93384) speed=0.0012757121585309505 heading_rad=2.949686288833618 bearing_rad=-0.571427047252655 route_next=Some(1925) gate=Vec3(1045.6683, 2.51742, 764.7204) aim=Vec3(1323.6211, 4.25096, 849.5108)
2026-10-04T06:43:26.931234Z  INFO mm2_app::scripted: scripted player re-anchored onto its route after a bounded stuck tick=120940 reanchors=18 position=Vec3(1319.6572, 4.429618, 839.3875) speed=0.8503342866897583 heading_rad=-3.030707597732544 route_next=1922 gate=Vec3(1045.6683, 2.51742, 764.7204) landing=Vec3(1318.2013, 5.510155, 827.4011)
2026-10-04T06:43:28.172641Z  INFO mm2_app::scripted: scripted player started a bounded escape after sustained low-speed throttle tick=121460 escapes=104 position=Vec3(1320.649, 4.4097047, 835.9824) speed=-0.0015598172321915627 heading_rad=-2.770864248275757 bearing_rad=0.15704523026943207 route_next=Some(1924) gate=Vec3(1045.6683, 2.51742, 764.7204) aim=Vec3(1323.1951, 4.25096, 847.71545)
2026-10-04T06:43:29.733389Z  INFO mm2_app::scripted: scripted player started a bounded escape after sustained low-speed throttle tick=122212 escapes=105 position=Vec3(1316.8201, 4.4392624, 840.95544) speed=-0.04268600419163704 heading_rad=-2.8294432163238525 bearing_rad=-0.2899443805217743 route_next=Some(1925) gate=Vec3(1045.6683, 2.51742, 764.7204) aim=Vec3(1324.1073, 4.25096, 851.55945)
2026-10-04T06:43:30.810157Z  INFO mm2_app::scripted: scripted player started a bounded escape after sustained low-speed throttle tick=122744 escapes=106 position=Vec3(1316.525, 4.3476477, 837.0784) speed=0.03712894767522812 heading_rad=-2.6483964920043945 bearing_rad=-0.02545599639415741 route_next=Some(1925) gate=Vec3(1045.6683, 2.51742, 764.7204) aim=Vec3(1323.6211, 4.25096, 849.5108)
2026-10-04T06:43:31.253266Z  INFO mm2_app::scripted: scripted player re-anchored onto its route after a bounded stuck tick=122954 reanchors=19 position=Vec3(1313.3854, 3.9063487, 833.67834) speed=-3.2312498092651367 heading_rad=-2.7614781856536865 route_next=1922 gate=Vec3(1045.6683, 2.51742, 764.7204) landing=Vec3(1317.8973, 5.618826, 826.20404)
2026-10-04T06:43:32.209385Z  INFO mm2_app::scripted: scripted player started a bounded escape after sustained low-speed throttle tick=123410 escapes=107 position=Vec3(1321.982, 4.443708, 839.5486) speed=0.05169772356748581 heading_rad=2.837482213973999 bearing_rad=-0.4783879220485687 route_next=Some(1925) gate=Vec3(1045.6683, 2.51742, 764.7204) aim=Vec3(1324.0664, 4.25096, 851.3872)
2026-10-04T06:43:34.048724Z  INFO mm2_app::scripted: scripted player started a bounded escape after sustained low-speed throttle tick=124286 escapes=108 position=Vec3(1320.7086, 4.363923, 839.9527) speed=0.001082864124327898 heading_rad=-2.805851936340332 bearing_rad=0.05055607110261917 route_next=Some(1925) gate=Vec3(1045.6683, 2.51742, 764.7204) aim=Vec3(1324.0892, 4.25096, 851.4837)
2026-10-04T06:43:35.229713Z  INFO mm2_app::scripted: scripted player started a bounded escape after sustained low-speed throttle tick=124860 escapes=109 position=Vec3(1321.7051, 4.384836, 839.6806) speed=0.024470049887895584 heading_rad=-3.048633337020874 bearing_rad=-0.10626062005758286 route_next=Some(1925) gate=Vec3(1045.6683, 2.51742, 764.7204) aim=Vec3(1324.0813, 4.25096, 851.45)
2026-10-04T06:43:35.470104Z  INFO mm2_app::scripted: scripted player re-anchored onto its route after a bounded stuck tick=124966 reanchors=20 position=Vec3(1321.3186, 4.4381666, 836.91534) speed=-5.67327356338501 heading_rad=-2.4702115058898926 route_next=1922 gate=Vec3(1045.6683, 2.51742, 764.7204) landing=Vec3(1317.8973, 5.618826, 826.20404)
2026-10-04T06:43:36.479201Z  INFO mm2_app::scripted: scripted player started a bounded escape after sustained low-speed throttle tick=125462 escapes=110 position=Vec3(1321.8574, 4.400624, 839.6121) speed=-0.010677124373614788 heading_rad=-3.1112172603607178 bearing_rad=-0.15519291162490845 route_next=Some(1925) gate=Vec3(1045.6683, 2.51742, 764.7204) aim=Vec3(1324.074, 4.25096, 851.4194)
2026-10-04T06:43:37.917980Z  INFO mm2_app::scripted: scripted player started a bounded escape after sustained low-speed throttle tick=126156 escapes=111 position=Vec3(1319.7654, 4.326368, 840.21893) speed=-0.03862806409597397 heading_rad=-2.882913827896118 bearing_rad=-0.10736358165740967 route_next=Some(1925) gate=Vec3(1045.6683, 2.51742, 764.7204) aim=Vec3(1324.0988, 4.25096, 851.52386)
2026-10-04T06:43:38.758890Z  INFO mm2_app::scripted: scripted player started a bounded escape after sustained low-speed throttle tick=126570 escapes=112 position=Vec3(1319.7773, 4.3231196, 840.2381) speed=-0.025527475401759148 heading_rad=-2.908027172088623 bearing_rad=-0.13189151883125305 route_next=Some(1925) gate=Vec3(1045.6683, 2.51742, 764.7204) aim=Vec3(1324.1038, 4.25096, 851.5447)
2026-10-04T06:43:39.768381Z  INFO mm2_app::scripted: scripted player re-anchored onto its route after a bounded stuck tick=126978 reanchors=21 position=Vec3(1317.9952, 4.4111156, 839.3358) speed=4.967930793762207 heading_rad=-2.802504301071167 route_next=1921 gate=Vec3(1045.6683, 2.51742, 764.7204) landing=Vec3(1317.1101, 5.9003053, 823.10345)
2026-10-04T06:43:40.848542Z  INFO mm2_app::scripted: scripted player started a bounded escape after sustained low-speed throttle tick=127470 escapes=113 position=Vec3(1319.4515, 4.7091784, 832.481) speed=-0.009038867428898811 heading_rad=-2.797818899154663 bearing_rad=0.10100843012332916 route_next=Some(1924) gate=Vec3(1045.6683, 2.51742, 764.7204) aim=Vec3(1322.5239, 4.25678, 844.8872)
2026-10-04T06:43:42.122926Z  INFO mm2_app::scripted: scripted player started a bounded escape after sustained low-speed throttle tick=128068 escapes=114 position=Vec3(1314.951, 5.2343254, 827.26337) speed=0.01450943574309349 heading_rad=3.092972993850708 bearing_rad=-0.4544603228569031 route_next=Some(1924) gate=Vec3(1045.6683, 2.51742, 764.7204) aim=Vec3(1322.5239, 4.25678, 844.8872)
2026-10-04T06:43:43.752697Z  INFO mm2_app::scripted: scripted player started a bounded escape after sustained low-speed throttle tick=128878 escapes=115 position=Vec3(1321.4716, 4.3681455, 839.6668) speed=0.02319921925663948 heading_rad=-2.529721975326538 bearing_rad=0.3939993977546692 route_next=Some(1925) gate=Vec3(1045.6683, 2.51742, 764.7204) aim=Vec3(1324.0657, 4.25096, 851.38446)
2026-10-04T06:43:44.739078Z  INFO mm2_app::scripted: scripted player started a bounded escape after sustained low-speed throttle tick=129350 escapes=116 position=Vec3(1314.9221, 4.750766, 831.21533) speed=-0.00011679163435474038 heading_rad=-3.0767369270324707 bearing_rad=-0.3789772093296051 route_next=Some(1925) gate=Vec3(1045.6683, 2.51742, 764.7204) aim=Vec3(1323.6211, 4.25096, 849.5108)
2026-10-04T06:43:47.229499Z  INFO mm2_app::scripted: scripted player started a bounded escape after sustained low-speed throttle tick=130456 escapes=117 position=Vec3(1316.3623, 4.4554443, 841.0181) speed=-0.009927868843078613 heading_rad=-2.7255265712738037 bearing_rad=-0.21892058849334717 route_next=Some(1925) gate=Vec3(1045.6683, 2.51742, 764.7204) aim=Vec3(1324.0969, 4.25096, 851.516)
2026-10-04T06:43:48.846156Z  INFO mm2_app::scripted: scripted player started a bounded escape after sustained low-speed throttle tick=131228 escapes=118 position=Vec3(1312.5906, 4.5320926, 842.1184) speed=0.009663432836532593 heading_rad=-2.9016261100769043 bearing_rad=-0.6378933191299438 route_next=Some(1925) gate=Vec3(1045.6683, 2.51742, 764.7204) aim=Vec3(1324.1431, 4.25096, 851.71027)
2026-10-04T06:43:50.684854Z  INFO mm2_app::scripted: scripted player started a bounded escape after sustained low-speed throttle tick=132040 escapes=119 position=Vec3(1313.296, 3.8972764, 834.4231) speed=0.03839313983917236 heading_rad=-1.9836041927337646 bearing_rad=0.5578522086143494 route_next=Some(1925) gate=Vec3(1045.6683, 2.51742, 764.7204) aim=Vec3(1323.6211, 4.25096, 849.5108)
2026-10-04T06:43:52.339798Z  INFO mm2_app::scripted: scripted player started a bounded escape after sustained low-speed throttle tick=132854 escapes=120 position=Vec3(1312.0553, 4.5178437, 842.14886) speed=-0.013799721375107765 heading_rad=-3.0874555110931396 bearing_rad=-0.8512277007102966 route_next=Some(1925) gate=Vec3(1045.6683, 2.51742, 764.7204) aim=Vec3(1324.1213, 4.25096, 851.61884)
2026-10-04T06:43:54.337811Z  INFO mm2_app::scripted: scripted player started a bounded escape after sustained low-speed throttle tick=133804 escapes=121 position=Vec3(1317.4916, 4.445581, 840.7039) speed=-0.012931611388921738 heading_rad=-2.6544761657714844 bearing_rad=-0.06240420415997505 route_next=Some(1925) gate=Vec3(1045.6683, 2.51742, 764.7204) aim=Vec3(1324.0865, 4.25096, 851.47217)
2026-10-04T06:43:55.298513Z  INFO mm2_app::scripted: scripted player started a bounded escape after sustained low-speed throttle tick=134266 escapes=122 position=Vec3(1316.8944, 4.264285, 839.3222) speed=0.044745538383722305 heading_rad=-2.3652424812316895 bearing_rad=0.207243412733078 route_next=Some(1925) gate=Vec3(1045.6683, 2.51742, 764.7204) aim=Vec3(1323.7443, 4.25096, 850.02997)
2026-10-04T06:43:56.952271Z  INFO mm2_app::scripted: scripted player started a bounded escape after sustained low-speed throttle tick=134950 escapes=123 position=Vec3(1317.8247, 4.391235, 840.7172) speed=0.022350968793034554 heading_rad=-2.8340516090393066 bearing_rad=-0.2176283448934555 route_next=Some(1925) gate=Vec3(1045.6683, 2.51742, 764.7204) aim=Vec3(1324.1073, 4.25096, 851.55963)
2026-10-04T06:43:57.785044Z  INFO mm2_app::scripted: scripted player re-anchored onto its route after a bounded stuck tick=135332 reanchors=22 position=Vec3(1317.7906, 4.3684454, 840.6178) speed=0.14607198536396027 heading_rad=-2.834498167037964 route_next=1919 gate=Vec3(1045.6683, 2.51742, 764.7204) landing=Vec3(1314.4523, 6.8506055, 812.6357)
2026-10-04T06:43:59.198592Z  INFO mm2_app::scripted: scripted player started a bounded escape after sustained low-speed throttle tick=135920 escapes=124 position=Vec3(1320.3544, 4.4198, 835.7995) speed=0.022859159857034683 heading_rad=-2.722368001937866 bearing_rad=0.18517093360424042 route_next=Some(1924) gate=Vec3(1045.6683, 2.51742, 764.7204) aim=Vec3(1323.1375, 4.25678, 847.47235)
2026-10-04T06:44:00.960413Z  INFO mm2_app::scripted: scripted player started a bounded escape after sustained low-speed throttle tick=136582 escapes=125 position=Vec3(1317.702, 4.3686624, 836.7644) speed=0.02394399791955948 heading_rad=-2.7624921798706055 bearing_rad=-0.0852159783244133 route_next=Some(1924) gate=Vec3(1045.6683, 2.51742, 764.7204) aim=Vec3(1323.2026, 4.25096, 847.74725)
2026-10-04T06:44:02.941274Z  INFO mm2_app::scripted: scripted player started a bounded escape after sustained low-speed throttle tick=137482 escapes=126 position=Vec3(1319.9415, 4.320081, 840.12463) speed=0.02181132882833481 heading_rad=-3.0099785327911377 bearing_rad=-0.2185879796743393 route_next=Some(1925) gate=Vec3(1045.6683, 2.51742, 764.7204) aim=Vec3(1324.087, 4.25096, 851.4742)
2026-10-04T06:44:04.280692Z  INFO mm2_app::scripted: scripted player started a bounded escape after sustained low-speed throttle tick=138116 escapes=127 position=Vec3(1318.5651, 4.585117, 840.62054) speed=-0.01739860698580742 heading_rad=-2.934079170227051 bearing_rad=-0.2599770426750183 route_next=Some(1925) gate=Vec3(1045.6683, 2.51742, 764.7204) aim=Vec3(1324.125, 4.25096, 851.6344)
2026-10-04T06:44:04.440280Z  INFO mm2_app::scripted: scripted player re-anchored onto its route after a bounded stuck tick=138192 reanchors=23 position=Vec3(1318.5819, 4.5844874, 840.6057) speed=-0.018228858709335327 heading_rad=-2.944953203201294 route_next=1918 gate=Vec3(1045.6683, 2.51742, 764.7204) landing=Vec3(1313.51, 7.1875305, 808.9244)
2026-10-04T06:44:06.574428Z  INFO mm2_app::scripted: scripted player started a bounded escape after sustained low-speed throttle tick=139206 escapes=128 position=Vec3(1321.8154, 4.426876, 839.593) speed=0.0007383988704532385 heading_rad=2.8249216079711914 bearing_rad=-0.5052751898765564 route_next=Some(1925) gate=Vec3(1045.6683, 2.51742, 764.7204) aim=Vec3(1324.0675, 4.25096, 851.39185)
2026-10-04T06:44:07.519284Z  INFO mm2_app::scripted: scripted player started a bounded escape after sustained low-speed throttle tick=139642 escapes=129 position=Vec3(1319.5099, 5.5230174, 832.81134) speed=0.018519040197134018 heading_rad=2.958195447921753 bearing_rad=-0.424784779548645 route_next=Some(1925) gate=Vec3(1045.6683, 2.51742, 764.7204) aim=Vec3(1323.6211, 4.25096, 849.5108)
2026-10-04T06:44:08.617403Z  INFO mm2_app::scripted: scripted player started a bounded escape after sustained low-speed throttle tick=140174 escapes=130 position=Vec3(1320.7451, 4.988785, 828.84827) speed=0.02240203320980072 heading_rad=-2.5973806381225586 bearing_rad=0.4059126079082489 route_next=Some(1925) gate=Vec3(1045.6683, 2.51742, 764.7204) aim=Vec3(1323.6211, 4.25096, 849.5108)
2026-10-04T06:44:09.483857Z  INFO mm2_app::scripted: scripted player started a bounded escape after sustained low-speed throttle tick=140588 escapes=131 position=Vec3(1320.8977, 4.9872694, 828.84766) speed=-0.000513225793838501 heading_rad=-2.4269051551818848 bearing_rad=0.5836435556411743 route_next=Some(1925) gate=Vec3(1045.6683, 2.51742, 764.7204) aim=Vec3(1323.6211, 4.25096, 849.5108)
2026-10-04T06:44:09.768351Z  INFO mm2_app::scripted: scripted player re-anchored onto its route after a bounded stuck tick=140724 reanchors=24 position=Vec3(1318.2949, 5.3445544, 825.20605) speed=-6.865419864654541 heading_rad=3.0517616271972656 route_next=1919 gate=Vec3(1045.6683, 2.51742, 764.7204) landing=Vec3(1314.9442, 6.674722, 814.5731)
2026-10-04T06:44:10.895258Z  INFO mm2_app::scripted: scripted player started a bounded escape after sustained low-speed throttle tick=141278 escapes=132 position=Vec3(1321.272, 4.3707986, 839.87823) speed=0.010085966438055038 heading_rad=-2.897803783416748 bearing_rad=0.005667735356837511 route_next=Some(1925) gate=Vec3(1045.6683, 2.51742, 764.7204) aim=Vec3(1324.1025, 4.25096, 851.5398)
2026-10-04T06:44:12.360427Z  INFO mm2_app::scripted: scripted player started a bounded escape after sustained low-speed throttle tick=141938 escapes=133 position=Vec3(1316.7747, 4.30979, 836.7586) speed=0.14159053564071655 heading_rad=-2.8983652591705322 bearing_rad=-0.24948926270008087 route_next=Some(1925) gate=Vec3(1045.6683, 2.51742, 764.7204) aim=Vec3(1323.6211, 4.25096, 849.5108)
2026-10-04T06:44:14.181482Z  INFO mm2_app::scripted: scripted player started a bounded escape after sustained low-speed throttle tick=142768 escapes=134 position=Vec3(1319.4242, 4.3736744, 836.60095) speed=0.03613116219639778 heading_rad=-2.761780261993408 bearing_rad=0.06549658626317978 route_next=Some(1925) gate=Vec3(1045.6683, 2.51742, 764.7204) aim=Vec3(1323.6211, 4.25096, 849.5108)
2026-10-04T06:44:15.557182Z  INFO mm2_app::scripted: scripted player started a bounded escape after sustained low-speed throttle tick=143426 escapes=135 position=Vec3(1317.9253, 4.3878694, 838.9053) speed=-0.5136826038360596 heading_rad=-1.7717026472091675 bearing_rad=0.8846262097358704 route_next=Some(1925) gate=Vec3(1045.6683, 2.51742, 764.7204) aim=Vec3(1323.7056, 4.25096, 849.8669)
2026-10-04T06:44:16.446788Z  INFO mm2_app::scripted: scripted player started a bounded escape after sustained low-speed throttle tick=143840 escapes=136 position=Vec3(1317.3207, 4.345603, 838.8595) speed=0.03304353356361389 heading_rad=-1.8648371696472168 bearing_rad=0.7468937635421753 route_next=Some(1925) gate=Vec3(1045.6683, 2.51742, 764.7204) aim=Vec3(1323.6631, 4.25096, 849.6877)
2026-10-04T06:44:16.562449Z  INFO mm2_app::scripted: scripted player re-anchored onto its route after a bounded stuck tick=143896 reanchors=25 position=Vec3(1317.3014, 4.348043, 838.8637) speed=-0.032772261649370193 heading_rad=-1.8603161573410034 route_next=1922 gate=Vec3(1045.6683, 2.51742, 764.7204) landing=Vec3(1317.942, 5.6028595, 826.37994)
2026-10-04T06:44:18.117829Z  INFO mm2_app::scripted: scripted player started a bounded escape after sustained low-speed throttle tick=144640 escapes=137 position=Vec3(1319.8868, 4.397091, 835.99347) speed=0.03601749986410141 heading_rad=3.1017916202545166 bearing_rad=-0.31548699736595154 route_next=Some(1924) gate=Vec3(1045.6683, 2.51742, 764.7204) aim=Vec3(1323.1542, 4.25096, 847.54333)
2026-10-04T06:44:19.052940Z  INFO mm2_app::scripted: scripted player started a bounded escape after sustained low-speed throttle tick=145054 escapes=138 position=Vec3(1319.5696, 4.810154, 831.84424) speed=0.035905007272958755 heading_rad=-1.975388526916504 bearing_rad=0.9434541463851929 route_next=Some(1924) gate=Vec3(1045.6683, 2.51742, 764.7204) aim=Vec3(1322.5239, 4.25678, 844.8872)
2026-10-04T06:44:20.689216Z  INFO mm2_app::scripted: scripted player started a bounded escape after sustained low-speed throttle tick=145808 escapes=139 position=Vec3(1319.867, 4.342805, 840.1308) speed=-0.022449806332588196 heading_rad=-2.7940165996551514 bearing_rad=-0.008705651387572289 route_next=Some(1925) gate=Vec3(1045.6683, 2.51742, 764.7204) aim=Vec3(1324.0845, 4.25096, 851.46326)
2026-10-04T06:44:21.997656Z  INFO mm2_app::scripted: scripted player started a bounded escape after sustained low-speed throttle tick=146438 escapes=140 position=Vec3(1320.0726, 4.346669, 839.9974) speed=-0.014379847794771194 heading_rad=-2.6029458045959473 bearing_rad=0.20136277377605438 route_next=Some(1925) gate=Vec3(1045.6683, 2.51742, 764.7204) aim=Vec3(1324.0654, 4.25096, 851.3831)
2026-10-04T06:44:23.100435Z  INFO mm2_app::scripted: scripted player started a bounded escape after sustained low-speed throttle tick=146954 escapes=141 position=Vec3(1319.7992, 4.320632, 840.2317) speed=0.020756954327225685 heading_rad=-2.9081954956054688 bearing_rad=-0.1301998645067215 route_next=Some(1925) gate=Vec3(1045.6683, 2.51742, 764.7204) aim=Vec3(1324.1035, 4.25096, 851.5435)
2026-10-04T06:44:23.879546Z  INFO mm2_app::scripted: scripted player re-anchored onto its route after a bounded stuck tick=147338 reanchors=26 position=Vec3(1320.816, 4.3909607, 839.92535) speed=0.531575083732605 heading_rad=-2.8130557537078857 route_next=1923 gate=Vec3(1045.6683, 2.51742, 764.7204) landing=Vec3(1319.3802, 5.088598, 832.0447)
2026-10-04T06:44:24.702025Z  INFO mm2_app::scripted: scripted player started a bounded escape after sustained low-speed throttle tick=147732 escapes=142 position=Vec3(1320.6936, 4.36684, 839.85333) speed=-0.0005956953391432762 heading_rad=-2.4776856899261475 bearing_rad=0.379411518573761 route_next=Some(1925) gate=Vec3(1045.6683, 2.51742, 764.7204) aim=Vec3(1324.0662, 4.25096, 851.3863)
2026-10-04T06:44:26.901822Z  INFO mm2_app::scripted: scripted player started a bounded escape after sustained low-speed throttle tick=148820 escapes=143 position=Vec3(1317.103, 4.416962, 840.8152) speed=-0.009050166234374046 heading_rad=-3.0211102962493896 bearing_rad=-0.45911362767219543 route_next=Some(1925) gate=Vec3(1045.6683, 2.51742, 764.7204) aim=Vec3(1324.0908, 4.25096, 851.49023)
2026-10-04T06:44:28.197175Z  INFO mm2_app::scripted: scripted player started a bounded escape after sustained low-speed throttle tick=149470 escapes=144 position=Vec3(1317.7979, 4.2701583, 840.05273) speed=0.03275429457426071 heading_rad=-2.8312625885009766 bearing_rad=-0.20508140325546265 route_next=Some(1925) gate=Vec3(1045.6683, 2.51742, 764.7204) aim=Vec3(1323.9565, 4.25096, 850.9245)
2026-10-04T06:44:28.695954Z  INFO mm2_app::scripted: scripted player re-anchored onto its route after a bounded stuck tick=149706 reanchors=27 position=Vec3(1317.8685, 4.2630367, 839.8583) speed=0.002459834096953273 heading_rad=-2.8862216472625732 route_next=1922 gate=Vec3(1045.6683, 2.51742, 764.7204) landing=Vec3(1318.2124, 5.506191, 827.4448)
2026-10-04T06:44:29.664974Z  INFO mm2_app::scripted: scripted player started a bounded escape after sustained low-speed throttle tick=150162 escapes=145 position=Vec3(1322.0953, 4.4281077, 839.5772) speed=-0.005117571447044611 heading_rad=-3.056290864944458 bearing_rad=-0.08037415146827698 route_next=Some(1925) gate=Vec3(1045.6683, 2.51742, 764.7204) aim=Vec3(1324.0789, 4.25096, 851.43976)
2026-10-04T06:44:31.126641Z  INFO mm2_app::scripted: scripted player started a bounded escape after sustained low-speed throttle tick=150814 escapes=146 position=Vec3(1319.1324, 4.397858, 836.0419) speed=0.17150110006332397 heading_rad=-2.931595802307129 bearing_rad=-0.11168709397315979 route_next=Some(1925) gate=Vec3(1045.6683, 2.51742, 764.7204) aim=Vec3(1323.6211, 4.25096, 849.5108)
2026-10-04T06:44:32.395619Z  INFO mm2_app::scripted: scripted player started a bounded escape after sustained low-speed throttle tick=151392 escapes=147 position=Vec3(1319.8973, 4.382451, 836.11896) speed=0.0453406497836113 heading_rad=-3.043701648712158 bearing_rad=-0.17331911623477936 route_next=Some(1925) gate=Vec3(1045.6683, 2.51742, 764.7204) aim=Vec3(1323.6211, 4.25096, 849.5108)
2026-10-04T06:44:33.222218Z  INFO mm2_app::scripted: scripted player re-anchored onto its route after a bounded stuck tick=151718 reanchors=28 position=Vec3(1316.4915, 5.0404205, 829.2413) speed=1.9870758056640625 heading_rad=2.966637134552002 route_next=1919 gate=Vec3(1045.6683, 2.51742, 764.7204) landing=Vec3(1314.9442, 6.674722, 814.5731)
2026-10-04T06:44:34.385305Z  INFO mm2_app::scripted: scripted player started a bounded escape after sustained low-speed throttle tick=152248 escapes=148 position=Vec3(1320.2401, 4.360112, 836.43994) speed=0.01944693736732006 heading_rad=-2.59051251411438 bearing_rad=0.2954457700252533 route_next=Some(1924) gate=Vec3(1045.6683, 2.51742, 764.7204) aim=Vec3(1323.2742, 4.25096, 848.049)
2026-10-04T06:44:35.737856Z  INFO mm2_app::scripted: scripted player started a bounded escape after sustained low-speed throttle tick=152900 escapes=149 position=Vec3(1317.7612, 4.388757, 840.7375) speed=-0.03638533875346184 heading_rad=-2.842594861984253 bearing_rad=-0.23123548924922943 route_next=Some(1925) gate=Vec3(1045.6683, 2.51742, 764.7204) aim=Vec3(1324.1084, 4.25096, 851.5646)
2026-10-04T06:44:37.005142Z  INFO mm2_app::scripted: scripted player started a bounded escape after sustained low-speed throttle tick=153526 escapes=150 position=Vec3(1319.2568, 4.3803644, 836.3475) speed=0.024562915787100792 heading_rad=-2.871711015701294 bearing_rad=-0.05026004835963249 route_next=Some(1925) gate=Vec3(1045.6683, 2.51742, 764.7204) aim=Vec3(1323.6211, 4.25096, 849.5108)
2026-10-04T06:44:38.469891Z  INFO mm2_app::scripted: scripted player started a bounded escape after sustained low-speed throttle tick=154224 escapes=151 position=Vec3(1317.7502, 4.387657, 836.69214) speed=0.015797795727849007 heading_rad=-2.9612414836883545 bearing_rad=-0.24912922084331512 route_next=Some(1925) gate=Vec3(1045.6683, 2.51742, 764.7204) aim=Vec3(1323.6211, 4.25096, 849.5108)
2026-10-04T06:44:40.331807Z  INFO mm2_app::scripted: scripted player started a bounded escape after sustained low-speed throttle tick=155076 escapes=152 position=Vec3(1322.385, 4.909751, 836.3989) speed=-0.038158535957336426 heading_rad=-2.6033923625946045 bearing_rad=0.4442060589790344 route_next=Some(1925) gate=Vec3(1045.6683, 2.51742, 764.7204) aim=Vec3(1323.6211, 4.25096, 849.5108)
2026-10-04T06:44:41.621326Z  INFO mm2_app::scripted: scripted player started a bounded escape after sustained low-speed throttle tick=155682 escapes=153 position=Vec3(1321.921, 4.4205923, 839.7168) speed=-0.002213872969150543 heading_rad=-2.9062116146087646 bearing_rad=0.052942316979169846 route_next=Some(1925) gate=Vec3(1045.6683, 2.51742, 764.7204) aim=Vec3(1324.101, 4.25096, 851.5328)
2026-10-04T06:44:42.633311Z  INFO mm2_app::scripted: scripted player started a bounded escape after sustained low-speed throttle tick=156192 escapes=154 position=Vec3(1321.3876, 4.3791575, 839.8042) speed=0.017718223854899406 heading_rad=-2.977423906326294 bearing_rad=-0.0631626695394516 route_next=Some(1925) gate=Vec3(1045.6683, 2.51742, 764.7204) aim=Vec3(1324.0922, 4.25096, 851.49567)
2026-10-04T06:44:43.690597Z  INFO mm2_app::scripted: scripted player re-anchored onto its route after a bounded stuck tick=156710 reanchors=29 position=Vec3(1322.1748, 4.428429, 839.5936) speed=-0.006179633550345898 heading_rad=-2.991786479949951 route_next=1922 gate=Vec3(1045.6683, 2.51742, 764.7204) landing=Vec3(1317.4093, 5.7933216, 824.2819)
2026-10-04T06:44:44.803216Z  INFO mm2_app::scripted: scripted player started a bounded escape after sustained low-speed throttle tick=157278 escapes=155 position=Vec3(1320.0391, 4.355608, 839.99786) speed=0.008098786696791649 heading_rad=-2.5550761222839355 bearing_rad=0.2465338408946991 route_next=Some(1925) gate=Vec3(1045.6683, 2.51742, 764.7204) aim=Vec3(1324.0637, 4.25096, 851.37604)
2026-10-04T06:44:46.164120Z  INFO mm2_app::scripted: scripted player started a bounded escape after sustained low-speed throttle tick=157964 escapes=156 position=Vec3(1317.7095, 4.28961, 840.072) speed=0.0033855349756777287 heading_rad=-2.776643991470337 bearing_rad=-0.15740089118480682 route_next=Some(1925) gate=Vec3(1045.6683, 2.51742, 764.7204) aim=Vec3(1323.9562, 4.25096, 850.9229)
2026-10-04T06:44:47.506589Z  INFO mm2_app::scripted: scripted player started a bounded escape after sustained low-speed throttle tick=158614 escapes=157 position=Vec3(1320.9525, 4.36587, 839.8841) speed=0.0324394516646862 heading_rad=-3.012089967727661 bearing_rad=-0.13463056087493896 route_next=Some(1925) gate=Vec3(1045.6683, 2.51742, 764.7204) aim=Vec3(1324.0869, 4.25096, 851.4736)
2026-10-04T06:44:48.968961Z  INFO mm2_app::scripted: scripted player started a bounded escape after sustained low-speed throttle tick=159344 escapes=158 position=Vec3(1319.463, 4.5217957, 839.86456) speed=-0.020342806354165077 heading_rad=-3.1139535903930664 bearing_rad=-0.35574913024902344 route_next=Some(1925) gate=Vec3(1045.6683, 2.51742, 764.7204) aim=Vec3(1324.003, 4.25096, 851.1205)
2026-10-04T06:44:49.832461Z  INFO mm2_app::scripted: scripted player started a bounded escape after sustained low-speed throttle tick=159758 escapes=159 position=Vec3(1319.5624, 4.5186653, 839.85) speed=-0.002964698476716876 heading_rad=3.1103641986846924 bearing_rad=-0.406461626291275 route_next=Some(1925) gate=Vec3(1045.6683, 2.51742, 764.7204) aim=Vec3(1324.0051, 4.25096, 851.12897)
2026-10-04T06:44:50.753221Z  INFO mm2_app::scripted: scripted player started a bounded escape after sustained low-speed throttle tick=160172 escapes=160 position=Vec3(1319.6483, 4.5093765, 839.793) speed=-0.009488237090408802 heading_rad=3.074129104614258 bearing_rad=-0.4347796142101288 route_next=Some(1925) gate=Vec3(1045.6683, 2.51742, 764.7204) aim=Vec3(1323.9968, 4.25096, 851.09436)
2026-10-04T06:44:51.646560Z  INFO mm2_app::scripted: scripted player started a bounded escape after sustained low-speed throttle tick=160586 escapes=161 position=Vec3(1319.7657, 4.479277, 839.6099) speed=-0.022246776148676872 heading_rad=3.0837037563323975 bearing_rad=-0.41237956285476685 route_next=Some(1925) gate=Vec3(1045.6683, 2.51742, 764.7204) aim=Vec3(1323.962, 4.25096, 850.9474)
2026-10-04T06:44:51.721493Z  INFO mm2_app::scripted: scripted player re-anchored onto its route after a bounded stuck tick=160624 reanchors=30 position=Vec3(1319.7723, 4.479187, 839.60583) speed=-0.0038979153614491224 heading_rad=3.0802035331726074 route_next=1921 gate=Vec3(1045.6683, 2.51742, 764.7204) landing=Vec3(1317.2758, 5.8410845, 823.7558)
2026-10-04T06:44:52.600323Z  INFO mm2_app::scripted: scripted player started a bounded escape after sustained low-speed throttle tick=161070 escapes=162 position=Vec3(1320.5669, 4.4086914, 835.90894) speed=0.03656728193163872 heading_rad=-2.822613477706909 bearing_rad=0.10005322843790054 route_next=Some(1924) gate=Vec3(1045.6683, 2.51742, 764.7204) aim=Vec3(1323.174, 4.25096, 847.62646)
smoke=headless-physics world=city/stockholm.psdl status=pass updates=80832 ticks=161304 driver=scripted diff=amateur phase=playing impacts=2035 dropped=0 peak=30.1m/s travel=11213.5m sim=1344.20s resets=35 controls=120318t/25604b/106930s finite=true moved=1835m wheels=4/4 final=(1316,5.0,829) race=Running cp=4/5 results=0 pos=3/7 opp=0/6 opp_rec=119 cu=3 opp_drv=56232m/9.3mps/33.7ipk/13.4xpk/2.6apk/0.69hpk opps=0:sthlm_racer/4c/157e/30r/900w,1:sthlm_racer/3c/1e/1r/900w,2:sthlm_racer/4c/156e/31r/900w,3:sthlm_racer/4c/150e/31r/900w,4:sthlm_racer/3c/5e/1r/900w,5:sthlm_racer/4c/164e/25r/900w p_rec=30r/162e env=lt08(evening) fog=none sky=none wtr=0.2/1698r map=inset/north/z1200/hudmap_stockholm.pkg/1t/13m dash=absent:missing-spec+pkg trk=sized ind=on/6m/6b tmr=22g/22:24:20 arr=hudarrow01/behind sta=10g/p3of7/-/c4of5 bng=3237d/0a/5s/0b bng_ev=5a/5s/0b rcv=40w/0f/40r wfx=0r/0e/0x+8f+ut aud=0h/0v/0s/0l/0a/0r+9x
