mm2-smoke commit=1a822c1cc472f6c04a25a6832e346b162bbb0ff5
2026-10-04T06:45:07.377449Z  WARN mm2: wheel part whl0 geometry authored in place; recentring onto origin car=Some("sthlm_racer")
2026-10-04T06:45:07.377473Z  WARN mm2: wheel part whl1 geometry authored in place; recentring onto origin car=Some("sthlm_racer")
2026-10-04T06:45:07.377477Z  WARN mm2: wheel part whl2 geometry authored in place; recentring onto origin car=Some("sthlm_racer")
2026-10-04T06:45:07.377479Z  WARN mm2: wheel part whl3 geometry authored in place; recentring onto origin car=Some("sthlm_racer")
2026-10-04T06:45:08.020104Z  WARN mm2_app::city: water refs resolved no rooms; deadly water off path=city/stockholm.parts/part_-3_0.water skipped=0
2026-10-04T06:45:08.360113Z  WARN mm2_app::city: water refs resolved no rooms; deadly water off path=city/stockholm.parts/part_-2_2.water skipped=0
2026-10-04T06:45:08.363021Z  WARN mm2_app::city: water refs resolved no rooms; deadly water off path=city/stockholm.parts/part_-2_3.water skipped=0
2026-10-04T06:45:08.511650Z  WARN mm2_app::city: water refs resolved no rooms; deadly water off path=city/stockholm.parts/part_-1_0.water skipped=0
2026-10-04T06:45:08.639643Z  WARN mm2_app::city: water refs resolved no rooms; deadly water off path=city/stockholm.parts/part_-1_2.water skipped=0
2026-10-04T06:45:08.685585Z  WARN mm2_app::city: water refs resolved no rooms; deadly water off path=city/stockholm.parts/part_-1_3.water skipped=0
2026-10-04T06:45:08.797169Z  WARN mm2_app::city: water refs resolved no rooms; deadly water off path=city/stockholm.parts/part_0_-2.water skipped=0
2026-10-04T06:45:09.039267Z  WARN mm2_app::city: water refs resolved no rooms; deadly water off path=city/stockholm.parts/part_0_2.water skipped=0
2026-10-04T06:45:09.092439Z  WARN mm2_app::city: water refs resolved no rooms; deadly water off path=city/stockholm.parts/part_0_3.water skipped=0
2026-10-04T06:45:09.178838Z  WARN mm2_app::city: water refs resolved no rooms; deadly water off path=city/stockholm.parts/part_1_-3.water skipped=0
2026-10-04T06:45:09.266241Z  WARN mm2_app::city: water refs resolved no rooms; deadly water off path=city/stockholm.parts/part_1_-2.water skipped=0
2026-10-04T06:45:09.330863Z  WARN mm2_app::city: water refs resolved no rooms; deadly water off path=city/stockholm.parts/part_1_-1.water skipped=0
2026-10-04T06:45:09.537122Z  WARN mm2_app::city: water refs resolved no rooms; deadly water off path=city/stockholm.parts/part_1_1.water skipped=0
2026-10-04T06:45:09.611011Z  WARN mm2_app::city: water refs resolved no rooms; deadly water off path=city/stockholm.parts/part_1_2.water skipped=0
2026-10-04T06:45:09.666398Z  WARN mm2_app::city: water refs resolved no rooms; deadly water off path=city/stockholm.parts/part_1_3.water skipped=0
2026-10-04T06:45:09.784912Z  WARN mm2_app::city: water refs resolved no rooms; deadly water off path=city/stockholm.parts/part_2_-3.water skipped=0
2026-10-04T06:45:09.914218Z  WARN mm2_app::city: water refs resolved no rooms; deadly water off path=city/stockholm.parts/part_2_-1.water skipped=0
2026-10-04T06:45:10.033472Z  WARN mm2_app::city: water refs resolved no rooms; deadly water off path=city/stockholm.parts/part_2_1.water skipped=0
2026-10-04T06:45:10.085922Z  WARN mm2_app::city: water refs resolved no rooms; deadly water off path=city/stockholm.parts/part_2_2.water skipped=0
2026-10-04T06:45:10.107471Z  WARN mm2_app::city: water refs resolved no rooms; deadly water off path=city/stockholm.parts/part_2_3.water skipped=0
2026-10-04T06:45:10.377650Z  WARN mm2_app::city: water refs resolved no rooms; deadly water off path=city/stockholm.parts/part_3_1.water skipped=0
2026-10-04T06:45:10.423429Z  WARN mm2_app::city: water refs resolved no rooms; deadly water off path=city/stockholm.parts/part_3_2.water skipped=0
2026-10-04T06:45:10.462340Z  WARN mm2_app::city: water refs resolved no rooms; deadly water off path=city/stockholm.parts/part_3_3.water skipped=0
2026-10-04T06:45:10.624905Z  WARN mm2_app::city: water refs resolved no rooms; deadly water off path=city/stockholm.parts/part_4_1.water skipped=0
2026-10-04T06:45:10.659648Z  WARN mm2_app::city: water refs resolved no rooms; deadly water off path=city/stockholm.parts/part_4_2.water skipped=0
2026-10-04T06:45:10.931244Z  WARN mm2_app::city: water refs resolved no rooms; deadly water off path=city/stockholm.parts/part_6_1.water skipped=0
2026-10-04T06:45:11.156834Z  WARN mm2_app::object_sound: object sound table unreadable path=aud/ambient/ferry.csv error=asset not found: aud/ambient/ferry.csv
2026-10-04T06:45:11.156856Z  WARN mm2_app::object_sound: object sound table unreadable path=aud/ambient/subwaycar.csv error=asset not found: aud/ambient/subwaycar.csv
2026-10-04T06:45:11.156896Z  WARN mm2_app::environment: lighting preset validation issue path=city/stockholm.lt08 issue=OffGridName("evening")
2026-10-04T06:45:11.156902Z  WARN mm2_app::environment: fog table unavailable path=city/stockholm_fog.csv error=asset not found: city/stockholm_fog.csv
2026-10-04T06:45:11.156905Z  WARN mm2_app::environment: sky definition unavailable path=city/stockholm.sky error=asset not found: city/stockholm.sky
2026-10-04T06:45:11.174924Z  WARN mm2_app::damage_fx: smoke atlas unresolved — untextured puffs texture="fxpt2"
2026-10-04T06:45:11.174952Z  WARN mm2_app::spark_fx: spark texture unresolved — untextured streaks texture="spark"
2026-10-04T06:45:11.174959Z  WARN mm2_app::wheel_fx: wheel effect unavailable rule="dirt" path=tune/effects/dirt.asbirthrule
2026-10-04T06:45:11.174963Z  WARN mm2_app::wheel_fx: wheel effect unavailable rule="dust" path=tune/effects/dust.asbirthrule
2026-10-04T06:45:11.174965Z  WARN mm2_app::wheel_fx: wheel effect unavailable rule="grass" path=tune/effects/grass.asbirthrule
2026-10-04T06:45:11.174967Z  WARN mm2_app::wheel_fx: wheel effect unavailable rule="leaf" path=tune/effects/leaf.asbirthrule
2026-10-04T06:45:11.174970Z  WARN mm2_app::wheel_fx: wheel effect unavailable rule="smoke" path=tune/effects/smoke.asbirthrule
2026-10-04T06:45:11.174972Z  WARN mm2_app::wheel_fx: wheel effect unavailable rule="snow" path=tune/effects/snow.asbirthrule
2026-10-04T06:45:11.174975Z  WARN mm2_app::wheel_fx: wheel effect unavailable rule="splash" path=tune/effects/splash.asbirthrule
2026-10-04T06:45:11.174977Z  WARN mm2_app::wheel_fx: wheel effect unavailable rule="rock" path=tune/effects/rock.asbirthrule
2026-10-04T06:45:11.174980Z  WARN mm2_app::wheel_fx: wheel atlas unresolved — untextured puffs texture="ptx_wheel"
2026-10-04T06:45:11.175219Z  WARN mm2_app::audio: audio: aud/cardata/player/default_impacts.csv: asset not found: aud/cardata/player/default_impacts.csv
2026-10-04T06:45:11.175228Z  WARN mm2_app::audio: audio: aud/cardata/player/default_surfacedry.csv: asset not found: aud/cardata/player/default_surfacedry.csv
2026-10-04T06:45:11.175233Z  WARN mm2_app::audio: audio: aud/cardata/player/stockholmpolicesiren.csv: asset not found: aud/cardata/player/stockholmpolicesiren.csv
2026-10-04T06:45:11.175236Z  WARN mm2_app::audio: audio: aud/cardata/opponent/policesiren.csv: asset not found: aud/cardata/opponent/policesiren.csv
2026-10-04T06:45:11.176111Z  WARN mm2_app::session: nav graph failed to load — opponent routes stay verbatim error=city/stockholm.bai: not found in the VFS
2026-10-04T06:45:11.599711Z  WARN mm2_app::race_audio: audio: race cue startracelow: no wave matches stem "startracelow"
2026-10-04T06:45:11.599748Z  WARN mm2_app::audio: audio: aud/spchdata/stockholm.csv: asset not found: aud/spchdata/stockholm.csv
2026-10-04T06:45:11.879076Z  WARN mm2_app::race_audio: audio: race cue startracelow: no wave matches stem "startracelow"
2026-10-04T06:45:12.070861Z  WARN mm2_app::race_audio: audio: race cue startracelow: no wave matches stem "startracelow"
2026-10-04T06:45:12.252516Z  WARN mm2_app::race_audio: audio: race cue startracehigh: no wave matches stem "startracehigh"
2026-10-04T06:45:23.926299Z  WARN mm2_app::race_audio: audio: race cue waypoint: no wave matches stem "waypoint"
2026-10-04T06:46:01.147719Z  WARN mm2_app::race_audio: audio: race cue waypoint: no wave matches stem "waypoint"
2026-10-04T06:46:25.501017Z  WARN mm2_app::race_audio: audio: race cue waypoint: no wave matches stem "waypoint"
2026-10-04T06:46:57.926654Z  WARN mm2_app::race_audio: audio: race cue waypoint: no wave matches stem "waypoint"
2026-10-04T06:47:24.826146Z  WARN mm2_app::race_audio: audio: race cue waypoint: no wave matches stem "waypoint"
2026-10-04T06:47:32.296245Z  INFO mm2_app::scripted: scripted player started a bounded escape after sustained low-speed throttle tick=54522 escapes=1 position=Vec3(1593.2465, 4.3899975, -41.541035) speed=0.01298257801681757 heading_rad=0.9364300966262817 bearing_rad=0.9511681199073792 route_next=Some(2525) gate=Vec3(2769.0564, 3.4061, -376.41574) aim=Vec3(1593.4242, 4.97041, -53.599712)
2026-10-04T06:47:33.388143Z  INFO mm2_app::scripted: scripted player started a bounded escape after sustained low-speed throttle tick=54960 escapes=2 position=Vec3(1593.2416, 4.3919387, -41.48751) speed=0.036592841148376465 heading_rad=0.9863131642341614 bearing_rad=1.0009498596191406 route_next=Some(2525) gate=Vec3(2769.0564, 3.4061, -376.41574) aim=Vec3(1593.4181, 4.97041, -53.546337)
2026-10-04T06:47:34.945476Z  INFO mm2_app::scripted: scripted player started a bounded escape after sustained low-speed throttle tick=55628 escapes=3 position=Vec3(1594.3663, 4.5981693, -57.826622) speed=-0.03520507737994194 heading_rad=0.06636152416467667 bearing_rad=0.14370988309383392 route_next=Some(2529) gate=Vec3(2769.0564, 3.4061, -376.41574) aim=Vec3(1595.3083, 5.42181, -69.98121)
2026-10-04T06:47:35.928561Z  INFO mm2_app::scripted: scripted player started a bounded escape after sustained low-speed throttle tick=56042 escapes=4 position=Vec3(1594.2823, 4.572418, -57.780903) speed=0.002296202816069126 heading_rad=0.022424990311264992 bearing_rad=0.10632391273975372 route_next=Some(2529) gate=Vec3(2769.0564, 3.4061, -376.41574) aim=Vec3(1595.3083, 5.42181, -69.98121)
2026-10-04T06:47:38.443573Z  INFO mm2_app::scripted: scripted player started a bounded escape after sustained low-speed throttle tick=57118 escapes=5 position=Vec3(1599.0367, 5.624173, -94.757614) speed=0.018830478191375732 heading_rad=0.9224316477775574 bearing_rad=0.9651280045509338 route_next=Some(2537) gate=Vec3(2769.0564, 3.4061, -376.41574) aim=Vec3(1599.556, 6.62555, -106.91255)
2026-10-04T06:47:39.416839Z  INFO mm2_app::scripted: scripted player started a bounded escape after sustained low-speed throttle tick=57532 escapes=6 position=Vec3(1599.0077, 5.657899, -94.79112) speed=-0.003625621786341071 heading_rad=0.9419131278991699 bearing_rad=0.9871195554733276 route_next=Some(2537) gate=Vec3(2769.0564, 3.4061, -376.41574) aim=Vec3(1599.556, 6.62555, -106.91255)
2026-10-04T06:47:40.380441Z  INFO mm2_app::scripted: scripted player started a bounded escape after sustained low-speed throttle tick=57946 escapes=7 position=Vec3(1599.011, 5.6565084, -94.81703) speed=0.027339760214090347 heading_rad=0.9574596285820007 bearing_rad=1.002490758895874 route_next=Some(2537) gate=Vec3(2769.0564, 3.4061, -376.41574) aim=Vec3(1599.556, 6.62555, -106.91255)
2026-10-04T06:47:41.366845Z  INFO mm2_app::scripted: scripted player started a bounded escape after sustained low-speed throttle tick=58360 escapes=8 position=Vec3(1599.014, 5.6491833, -94.83791) speed=-0.005871121305972338 heading_rad=0.9748879671096802 bearing_rad=1.0197447538375854 route_next=Some(2537) gate=Vec3(2769.0564, 3.4061, -376.41574) aim=Vec3(1599.556, 6.62555, -106.91255)
2026-10-04T06:47:42.261167Z  INFO mm2_app::scripted: scripted player re-anchored onto its route after a bounded stuck tick=58706 reanchors=1 position=Vec3(1599.016, 5.647839, -94.84969) speed=0.001934344065375626 heading_rad=0.981840968132019 route_next=2534 gate=Vec3(2769.0564, 3.4061, -376.41574) landing=Vec3(1596.8137, 6.286047, -83.06973)
2026-10-04T06:47:43.117704Z  INFO mm2_app::scripted: scripted player started a bounded escape after sustained low-speed throttle tick=59034 escapes=9 position=Vec3(1597.0713, 4.8996778, -84.21762) speed=-0.03155488520860672 heading_rad=-0.04370328038930893 bearing_rad=0.06041182577610016 route_next=Some(2534) gate=Vec3(2769.0564, 3.4061, -376.41574) aim=Vec3(1598.3185, 6.32462, -96.15328)
2026-10-04T06:47:44.191373Z  INFO mm2_app::scripted: scripted player started a bounded escape after sustained low-speed throttle tick=59448 escapes=10 position=Vec3(1596.9915, 4.83375, -84.17137) speed=0.0008004344999790192 heading_rad=-0.0867936909198761 bearing_rad=0.023495560511946678 route_next=Some(2534) gate=Vec3(2769.0564, 3.4061, -376.41574) aim=Vec3(1598.3123, 6.32462, -96.098564)
2026-10-04T06:47:46.826661Z  INFO mm2_app::scripted: scripted player started a bounded escape after sustained low-speed throttle tick=60524 escapes=11 position=Vec3(1597.8112, 3.46929, -106.798584) speed=-0.030376849696040154 heading_rad=-0.056730110198259354 bearing_rad=0.2000410258769989 route_next=Some(2539) gate=Vec3(2769.0564, 3.4061, -376.41574) aim=Vec3(1600.8898, 6.79058, -118.523636)
2026-10-04T06:47:48.133645Z  INFO mm2_app::scripted: scripted player started a bounded escape after sustained low-speed throttle tick=61052 escapes=12 position=Vec3(1596.9233, 3.281107, -106.86116) speed=0.003934204578399658 heading_rad=-0.2768285572528839 bearing_rad=0.051675740629434586 route_next=Some(2539) gate=Vec3(2769.0564, 3.4061, -376.41574) aim=Vec3(1600.8853, 6.79058, -118.484634)
2026-10-04T06:47:49.911419Z  INFO mm2_app::scripted: scripted player started a bounded escape after sustained low-speed throttle tick=61756 escapes=13 position=Vec3(1596.251, 3.2754078, -107.04249) speed=0.0586022213101387 heading_rad=-0.5812759399414063 bearing_rad=-0.19866546988487244 route_next=Some(2539) gate=Vec3(2769.0564, 3.4061, -376.41574) aim=Vec3(1600.8971, 6.79058, -118.58728)
2026-10-04T06:47:51.812500Z  INFO mm2_app::scripted: scripted player started a bounded escape after sustained low-speed throttle tick=62470 escapes=14 position=Vec3(1596.6359, 3.2957747, -102.46986) speed=-0.01242598332464695 heading_rad=-0.45783329010009766 bearing_rad=-0.17461468279361725 route_next=Some(2539) gate=Vec3(2769.0564, 3.4061, -376.41574) aim=Vec3(1600.6161, 6.79058, -116.145615)
2026-10-04T06:47:53.025969Z  INFO mm2_app::scripted: scripted player started a bounded escape after sustained low-speed throttle tick=62884 escapes=15 position=Vec3(1596.4653, 3.2882605, -101.97362) speed=0.07203096896409988 heading_rad=-0.5353636741638184 bearing_rad=-0.25044766068458557 route_next=Some(2539) gate=Vec3(2769.0564, 3.4061, -376.41574) aim=Vec3(1600.6161, 6.79058, -116.145615)
2026-10-04T06:47:53.366475Z  INFO mm2_app::scripted: scripted player re-anchored onto its route after a bounded stuck tick=63022 reanchors=2 position=Vec3(1595.232, 3.322814, -97.85629) speed=-7.018690586090088 heading_rad=0.1012844666838646 route_next=2535 gate=Vec3(2769.0564, 3.4061, -376.41574) landing=Vec3(1597.4186, 6.4574633, -88.32879)
2026-10-04T06:47:54.351404Z  INFO mm2_app::scripted: scripted player started a bounded escape after sustained low-speed throttle tick=63384 escapes=16 position=Vec3(1597.6831, 4.9323153, -90.09572) speed=0.00641124090179801 heading_rad=-0.05784996971487999 bearing_rad=0.051699209958314896 route_next=Some(2536) gate=Vec3(2769.0564, 3.4061, -376.41574) aim=Vec3(1599.025, 6.47509, -102.29614)
2026-10-04T06:47:55.369840Z  INFO mm2_app::scripted: scripted player started a bounded escape after sustained low-speed throttle tick=63798 escapes=17 position=Vec3(1597.6228, 4.8777647, -90.05981) speed=0.0002402481622993946 heading_rad=-0.08961277455091476 bearing_rad=0.02448442205786705 route_next=Some(2536) gate=Vec3(2769.0564, 3.4061, -376.41574) aim=Vec3(1599.025, 6.47509, -102.29614)
2026-10-04T06:47:58.208318Z  INFO mm2_app::scripted: scripted player started a bounded escape after sustained low-speed throttle tick=64868 escapes=18 position=Vec3(1598.2438, 4.1016707, -106.49879) speed=-0.0001868903636932373 heading_rad=-0.08590066432952881 bearing_rad=0.1327848881483078 route_next=Some(2539) gate=Vec3(2769.0564, 3.4061, -376.41574) aim=Vec3(1600.8613, 6.79058, -118.276855)
2026-10-04T06:48:00.084253Z  INFO mm2_app::scripted: scripted player started a bounded escape after sustained low-speed throttle tick=65638 escapes=19 position=Vec3(1597.1619, 3.275934, -106.793915) speed=0.000582527369260788 heading_rad=-0.21280279755592346 bearing_rad=0.09615374356508255 route_next=Some(2539) gate=Vec3(2769.0564, 3.4061, -376.41574) aim=Vec3(1600.8807, 6.79058, -118.44534)
2026-10-04T06:48:01.106647Z  INFO mm2_app::scripted: scripted player started a bounded escape after sustained low-speed throttle tick=66052 escapes=20 position=Vec3(1597.6835, 3.2704906, -106.68318) speed=-0.0016123703680932522 heading_rad=-0.1344687044620514 bearing_rad=0.13157100975513458 route_next=Some(2539) gate=Vec3(2769.0564, 3.4061, -376.41574) aim=Vec3(1600.875, 6.79058, -118.39525)
2026-10-04T06:48:01.548838Z  INFO mm2_app::scripted: scripted player re-anchored onto its route after a bounded stuck tick=66224 reanchors=3 position=Vec3(1597.246, 3.2777028, -104.77484) speed=-0.21750222146511078 heading_rad=0.018448462709784508 route_next=2533 gate=Vec3(2769.0564, 3.4061, -376.41574) landing=Vec3(1596.5409, 6.208734, -80.69774)
2026-10-04T06:48:02.289507Z  INFO mm2_app::scripted: scripted player started a bounded escape after sustained low-speed throttle tick=66514 escapes=21 position=Vec3(1596.7728, 4.8770447, -81.276436) speed=-0.01374040637165308 heading_rad=-0.039395254105329514 bearing_rad=0.061423275619745255 route_next=Some(2534) gate=Vec3(2769.0564, 3.4061, -376.41574) aim=Vec3(1597.9807, 6.17415, -93.216606)
2026-10-04T06:48:03.289687Z  INFO mm2_app::scripted: scripted player started a bounded escape after sustained low-speed throttle tick=66928 escapes=22 position=Vec3(1596.7043, 4.827035, -81.23958) speed=0.021454093977808952 heading_rad=-0.07345858216285706 bearing_rad=0.03268368914723396 route_next=Some(2534) gate=Vec3(2769.0564, 3.4061, -376.41574) aim=Vec3(1597.9757, 6.17415, -93.17247)
2026-10-04T06:48:06.384235Z  INFO mm2_app::scripted: scripted player started a bounded escape after sustained low-speed throttle tick=68154 escapes=23 position=Vec3(1597.5778, 3.2716494, -106.70093) speed=0.005296436138451099 heading_rad=-0.1510002613067627 bearing_rad=0.12374294549226761 route_next=Some(2539) gate=Vec3(2769.0564, 3.4061, -376.41574) aim=Vec3(1600.8756, 6.79058, -118.40077)
2026-10-04T06:48:07.705026Z  INFO mm2_app::scripted: scripted player started a bounded escape after sustained low-speed throttle tick=68688 escapes=24 position=Vec3(1597.4342, 3.2865424, -106.75101) speed=-0.015450242906808853 heading_rad=-0.2455110102891922 bearing_rad=0.041252728551626205 route_next=Some(2539) gate=Vec3(2769.0564, 3.4061, -376.41574) aim=Vec3(1600.8794, 6.79058, -118.43391)
2026-10-04T06:48:08.751308Z  INFO mm2_app::scripted: scripted player started a bounded escape after sustained low-speed throttle tick=69102 escapes=25 position=Vec3(1597.4954, 3.2776008, -106.724266) speed=0.016177311539649963 heading_rad=-0.22589759528636932 bearing_rad=0.0557035431265831 route_next=Some(2539) gate=Vec3(2769.0564, 3.4061, -376.41574) aim=Vec3(1600.8772, 6.79058, -118.414444)
2026-10-04T06:48:11.197611Z  INFO mm2_app::scripted: scripted player started a bounded escape after sustained low-speed throttle tick=70076 escapes=26 position=Vec3(1597.2177, 3.2351103, -130.79697) speed=-0.02049047127366066 heading_rad=-0.00189427740406245 bearing_rad=0.5110905766487122 route_next=Some(2545) gate=Vec3(2769.0564, 3.4061, -376.41574) aim=Vec3(1603.6074, 4.46, -142.14075)
2026-10-04T06:48:12.203992Z  INFO mm2_app::scripted: scripted player started a bounded escape after sustained low-speed throttle tick=70490 escapes=27 position=Vec3(1596.9823, 3.2860374, -127.396164) speed=0.07177811115980148 heading_rad=-0.45433488488197327 bearing_rad=0.009542654268443584 route_next=Some(2545) gate=Vec3(2769.0564, 3.4061, -376.41574) aim=Vec3(1603.383, 4.84843, -140.19032)
2026-10-04T06:48:13.878570Z  INFO mm2_app::scripted: scripted player started a bounded escape after sustained low-speed throttle tick=71152 escapes=28 position=Vec3(1597.7905, 3.5768337, -142.74234) speed=-0.0122927725315094 heading_rad=-0.5852608680725098 bearing_rad=-0.017261071130633354 route_next=Some(2548) gate=Vec3(2769.0564, 3.4061, -376.41574) aim=Vec3(1604.9716, 3.68313, -153.99522)
2026-10-04T06:48:15.056578Z  INFO mm2_app::scripted: scripted player started a bounded escape after sustained low-speed throttle tick=71632 escapes=29 position=Vec3(1597.2062, 3.655347, -140.58897) speed=0.013312038034200668 heading_rad=-1.0545395612716675 bearing_rad=-0.5150619149208069 route_next=Some(2548) gate=Vec3(2769.0564, 3.4061, -376.41574) aim=Vec3(1604.9094, 3.68313, -153.45517)
2026-10-04T06:48:36.027621Z  WARN mm2_app::race_audio: audio: race cue waypoint: no wave matches stem "waypoint"
2026-10-04T06:48:53.101144Z  WARN mm2_app::race_audio: audio: race cue lastwaypoint: no wave matches stem "lastwaypoint"
2026-10-04T06:49:12.055965Z  WARN mm2_app::race_audio: audio: race cue endofracetag: no wave matches stem "endofracetag"
smoke=headless-physics world=city/stockholm.psdl status=pass updates=120444 ticks=93844 driver=scripted diff=professional phase=results impacts=456 dropped=0 peak=30.1m/s travel=15714.0m sim=782.03s resets=4 controls=56614t/7506b/30542s finite=true moved=1407m wheels=4/4 final=(1524,2.8,-483) race=Running cp=7/7 results=4 pos=3/7 outcome=finished place=3 opp=3/6 opp_rec=23 cu=1 opp_drv=72761m/13.5mps/4.9ipk/2.2xpk/0.2apk/0.08hpk opps=0:sthlm_racer/1c/3e/526w,1:sthlm_racer/4c/4e/1r/900w,2:sthlm_racer/7c/F/12e/2r/900w,3:sthlm_racer/7c/F/93e/15r/900w,4:sthlm_racer/4c/5e/1r/900w,5:sthlm_racer/7c/F/22e/4r/900w p_rec=3r/29e env=lt08(evening) fog=none sky=none wtr=0.2/1698r map=inset/north/z1200/hudmap_stockholm.pkg/1t/15m dash=absent:missing-spec+pkg trk=sized ind=on/6m/6b tmr=22g/33:24:40 arr=hudarrow01/off sta=10g/p3of7/-/c7of7 bng=3236d/0a/6s/0b bng_ev=6a/6s/0b rcv=29w/401f/430r wfx=0r/0e/0x+8f+ut aud=0h/0v/0s/0l/0a/0r+13x
