mm2-smoke commit=1a822c1cc472f6c04a25a6832e346b162bbb0ff5
2026-10-04T06:14:07.957983Z  WARN mm2: wheel part whl0 geometry authored in place; recentring onto origin car=Some("sthlm_racer")
2026-10-04T06:14:07.958039Z  WARN mm2: wheel part whl1 geometry authored in place; recentring onto origin car=Some("sthlm_racer")
2026-10-04T06:14:07.958049Z  WARN mm2: wheel part whl2 geometry authored in place; recentring onto origin car=Some("sthlm_racer")
2026-10-04T06:14:07.958052Z  WARN mm2: wheel part whl3 geometry authored in place; recentring onto origin car=Some("sthlm_racer")
2026-10-04T06:14:08.729559Z  WARN mm2_app::city: water refs resolved no rooms; deadly water off path=city/stockholm.parts/part_-3_0.water skipped=0
2026-10-04T06:14:09.143656Z  WARN mm2_app::city: water refs resolved no rooms; deadly water off path=city/stockholm.parts/part_-2_2.water skipped=0
2026-10-04T06:14:09.147038Z  WARN mm2_app::city: water refs resolved no rooms; deadly water off path=city/stockholm.parts/part_-2_3.water skipped=0
2026-10-04T06:14:09.321685Z  WARN mm2_app::city: water refs resolved no rooms; deadly water off path=city/stockholm.parts/part_-1_0.water skipped=0
2026-10-04T06:14:09.476572Z  WARN mm2_app::city: water refs resolved no rooms; deadly water off path=city/stockholm.parts/part_-1_2.water skipped=0
2026-10-04T06:14:09.530346Z  WARN mm2_app::city: water refs resolved no rooms; deadly water off path=city/stockholm.parts/part_-1_3.water skipped=0
2026-10-04T06:14:09.661337Z  WARN mm2_app::city: water refs resolved no rooms; deadly water off path=city/stockholm.parts/part_0_-2.water skipped=0
2026-10-04T06:14:09.950521Z  WARN mm2_app::city: water refs resolved no rooms; deadly water off path=city/stockholm.parts/part_0_2.water skipped=0
2026-10-04T06:14:10.015647Z  WARN mm2_app::city: water refs resolved no rooms; deadly water off path=city/stockholm.parts/part_0_3.water skipped=0
2026-10-04T06:14:10.112777Z  WARN mm2_app::city: water refs resolved no rooms; deadly water off path=city/stockholm.parts/part_1_-3.water skipped=0
2026-10-04T06:14:10.213679Z  WARN mm2_app::city: water refs resolved no rooms; deadly water off path=city/stockholm.parts/part_1_-2.water skipped=0
2026-10-04T06:14:10.290325Z  WARN mm2_app::city: water refs resolved no rooms; deadly water off path=city/stockholm.parts/part_1_-1.water skipped=0
2026-10-04T06:14:10.531873Z  WARN mm2_app::city: water refs resolved no rooms; deadly water off path=city/stockholm.parts/part_1_1.water skipped=0
2026-10-04T06:14:10.614991Z  WARN mm2_app::city: water refs resolved no rooms; deadly water off path=city/stockholm.parts/part_1_2.water skipped=0
2026-10-04T06:14:10.681846Z  WARN mm2_app::city: water refs resolved no rooms; deadly water off path=city/stockholm.parts/part_1_3.water skipped=0
2026-10-04T06:14:10.815134Z  WARN mm2_app::city: water refs resolved no rooms; deadly water off path=city/stockholm.parts/part_2_-3.water skipped=0
2026-10-04T06:14:10.960330Z  WARN mm2_app::city: water refs resolved no rooms; deadly water off path=city/stockholm.parts/part_2_-1.water skipped=0
2026-10-04T06:14:11.093023Z  WARN mm2_app::city: water refs resolved no rooms; deadly water off path=city/stockholm.parts/part_2_1.water skipped=0
2026-10-04T06:14:11.155394Z  WARN mm2_app::city: water refs resolved no rooms; deadly water off path=city/stockholm.parts/part_2_2.water skipped=0
2026-10-04T06:14:11.179404Z  WARN mm2_app::city: water refs resolved no rooms; deadly water off path=city/stockholm.parts/part_2_3.water skipped=0
2026-10-04T06:14:11.479791Z  WARN mm2_app::city: water refs resolved no rooms; deadly water off path=city/stockholm.parts/part_3_1.water skipped=0
2026-10-04T06:14:11.531601Z  WARN mm2_app::city: water refs resolved no rooms; deadly water off path=city/stockholm.parts/part_3_2.water skipped=0
2026-10-04T06:14:11.573588Z  WARN mm2_app::city: water refs resolved no rooms; deadly water off path=city/stockholm.parts/part_3_3.water skipped=0
2026-10-04T06:14:11.751415Z  WARN mm2_app::city: water refs resolved no rooms; deadly water off path=city/stockholm.parts/part_4_1.water skipped=0
2026-10-04T06:14:11.789398Z  WARN mm2_app::city: water refs resolved no rooms; deadly water off path=city/stockholm.parts/part_4_2.water skipped=0
2026-10-04T06:14:12.087426Z  WARN mm2_app::city: water refs resolved no rooms; deadly water off path=city/stockholm.parts/part_6_1.water skipped=0
2026-10-04T06:14:12.374446Z  WARN mm2_app::object_sound: object sound table unreadable path=aud/ambient/ferry.csv error=asset not found: aud/ambient/ferry.csv
2026-10-04T06:14:12.374471Z  WARN mm2_app::object_sound: object sound table unreadable path=aud/ambient/subwaycar.csv error=asset not found: aud/ambient/subwaycar.csv
2026-10-04T06:14:12.374694Z  WARN mm2_app::environment: lighting preset validation issue path=city/stockholm.lt04 issue=OffGridName("noon")
2026-10-04T06:14:12.374706Z  WARN mm2_app::environment: fog table unavailable path=city/stockholm_fog.csv error=asset not found: city/stockholm_fog.csv
2026-10-04T06:14:12.374712Z  WARN mm2_app::environment: sky definition unavailable path=city/stockholm.sky error=asset not found: city/stockholm.sky
2026-10-04T06:14:12.396105Z  WARN mm2_app::damage_fx: smoke atlas unresolved — untextured puffs texture="fxpt2"
2026-10-04T06:14:12.396119Z  WARN mm2_app::spark_fx: spark texture unresolved — untextured streaks texture="spark"
2026-10-04T06:14:12.396126Z  WARN mm2_app::wheel_fx: wheel effect unavailable rule="dirt" path=tune/effects/dirt.asbirthrule
2026-10-04T06:14:12.396130Z  WARN mm2_app::wheel_fx: wheel effect unavailable rule="dust" path=tune/effects/dust.asbirthrule
2026-10-04T06:14:12.396133Z  WARN mm2_app::wheel_fx: wheel effect unavailable rule="grass" path=tune/effects/grass.asbirthrule
2026-10-04T06:14:12.396136Z  WARN mm2_app::wheel_fx: wheel effect unavailable rule="leaf" path=tune/effects/leaf.asbirthrule
2026-10-04T06:14:12.396138Z  WARN mm2_app::wheel_fx: wheel effect unavailable rule="smoke" path=tune/effects/smoke.asbirthrule
2026-10-04T06:14:12.396141Z  WARN mm2_app::wheel_fx: wheel effect unavailable rule="snow" path=tune/effects/snow.asbirthrule
2026-10-04T06:14:12.396144Z  WARN mm2_app::wheel_fx: wheel effect unavailable rule="splash" path=tune/effects/splash.asbirthrule
2026-10-04T06:14:12.396145Z  WARN mm2_app::wheel_fx: wheel effect unavailable rule="rock" path=tune/effects/rock.asbirthrule
2026-10-04T06:14:12.396148Z  WARN mm2_app::wheel_fx: wheel atlas unresolved — untextured puffs texture="ptx_wheel"
2026-10-04T06:14:12.396427Z  WARN mm2_app::audio: audio: aud/cardata/player/default_impacts.csv: asset not found: aud/cardata/player/default_impacts.csv
2026-10-04T06:14:12.396450Z  WARN mm2_app::audio: audio: aud/cardata/player/default_surfacedry.csv: asset not found: aud/cardata/player/default_surfacedry.csv
2026-10-04T06:14:12.396473Z  WARN mm2_app::audio: audio: aud/cardata/player/stockholmpolicesiren.csv: asset not found: aud/cardata/player/stockholmpolicesiren.csv
2026-10-04T06:14:12.396479Z  WARN mm2_app::audio: audio: aud/cardata/opponent/policesiren.csv: asset not found: aud/cardata/opponent/policesiren.csv
2026-10-04T06:14:12.398108Z  WARN mm2_app::session: nav graph failed to load — opponent routes stay verbatim error=city/stockholm.bai: not found in the VFS
2026-10-04T06:14:12.857884Z  WARN mm2_app::race_audio: audio: race cue startracelow: no wave matches stem "startracelow"
2026-10-04T06:14:12.857933Z  WARN mm2_app::audio: audio: aud/spchdata/stockholm.csv: asset not found: aud/spchdata/stockholm.csv
2026-10-04T06:14:13.250642Z  WARN mm2_app::race_audio: audio: race cue startracelow: no wave matches stem "startracelow"
2026-10-04T06:14:13.562201Z  WARN mm2_app::race_audio: audio: race cue startracelow: no wave matches stem "startracelow"
2026-10-04T06:14:13.858007Z  WARN mm2_app::race_audio: audio: race cue startracehigh: no wave matches stem "startracehigh"
2026-10-04T06:14:31.526195Z  WARN mm2_app::race_audio: audio: race cue waypoint: no wave matches stem "waypoint"
2026-10-04T06:14:50.028042Z  INFO mm2_app::scripted: scripted player started a bounded escape after sustained low-speed throttle tick=12496 escapes=1 position=Vec3(408.52255, 9.174206, -525.8558) speed=-0.0009368553874082863 heading_rad=2.00400972366333 bearing_rad=0.041856881231069565 route_next=Some(440) gate=Vec3(1732.7577, 2.79616, 397.85587) aim=Vec3(397.4255, 10.50133, -521.2767)
2026-10-04T06:14:51.248239Z  INFO mm2_app::scripted: scripted player started a bounded escape after sustained low-speed throttle tick=12910 escapes=2 position=Vec3(408.52115, 9.164198, -525.85236) speed=0.0012375707738101482 heading_rad=2.0052154064178467 bearing_rad=0.04327515512704849 route_next=Some(440) gate=Vec3(1732.7577, 2.79616, 397.85587) aim=Vec3(397.42303, 10.50133, -521.2756)
2026-10-04T06:14:52.497111Z  INFO mm2_app::scripted: scripted player started a bounded escape after sustained low-speed throttle tick=13324 escapes=3 position=Vec3(408.51868, 9.156539, -525.85376) speed=0.002574568148702383 heading_rad=2.0081427097320557 bearing_rad=0.04600786790251732 route_next=Some(440) gate=Vec3(1732.7577, 2.79616, 397.85587) aim=Vec3(397.4215, 10.50133, -521.27484)
2026-10-04T06:14:53.763352Z  INFO mm2_app::scripted: scripted player started a bounded escape after sustained low-speed throttle tick=13738 escapes=4 position=Vec3(408.52087, 9.15514, -525.8531) speed=0.00018459215061739087 heading_rad=2.009025812149048 bearing_rad=0.04701942950487137 route_next=Some(440) gate=Vec3(1732.7577, 2.79616, 397.85587) aim=Vec3(397.42307, 10.50133, -521.2756)
2026-10-04T06:14:54.477162Z  INFO mm2_app::scripted: scripted player re-anchored onto its route after a bounded stuck tick=13968 reanchors=1 position=Vec3(408.5213, 9.155511, -525.8547) speed=0.0019058103207498789 heading_rad=2.0103113651275635 route_next=436 gate=Vec3(1732.7577, 2.79616, 397.85587) landing=Vec3(422.9354, 13.485587, -532.81177)
2026-10-04T06:15:17.132203Z  WARN mm2_app::race_audio: audio: race cue waypoint: no wave matches stem "waypoint"
2026-10-04T06:15:37.286190Z  WARN mm2_app::race_audio: audio: race cue waypoint: no wave matches stem "waypoint"
2026-10-04T06:15:41.119905Z  INFO mm2_app::scripted: scripted player started a bounded escape after sustained low-speed throttle tick=31076 escapes=5 position=Vec3(1243.6952, 3.240563, 448.67752) speed=0.03308026120066643 heading_rad=3.0064001083374023 bearing_rad=-0.5815582275390625 route_next=Some(1061) gate=Vec3(1732.7577, 2.79616, 397.85587) aim=Vec3(1248.8975, 3.13511, 459.54773)
2026-10-04T06:15:53.387741Z  WARN mm2_app::race_audio: audio: race cue lastwaypoint: no wave matches stem "lastwaypoint"
2026-10-04T06:15:56.517652Z  WARN mm2_app::race_audio: audio: race cue endofracetag: no wave matches stem "endofracetag"
smoke=headless-physics world=city/stockholm.psdl status=pass updates=46962 ticks=36655 driver=scripted diff=professional phase=results impacts=182 dropped=0 peak=30.1m/s travel=5753.4m sim=305.46s resets=1 controls=25258t/2918b/14039s finite=true moved=443m wheels=4/4 final=(1484,-0.0,-87) race=Complete cp=4/4 results=6 pos=1/6 outcome=finished place=1 opp=5/5 opp_rec=10 opp_drv=31347m/16.2mps/5.2ipk/1.9xpk/0.3apk/0.16hpk opps=0:sthlm_racer/4c/F/12e/5r/900w,1:sthlm_racer/4c/F/11e/1r/900w,2:sthlm_racer/4c/F/10e/2r/900w,3:sthlm_racer/4c/F/4e/430w,4:sthlm_racer/4c/F/11e/2r/900w p_rec=1r/5e env=lt04(noon) fog=none sky=none wtr=0.2/1698r map=inset/north/z1200/hudmap_stockholm.pkg/1t/11m dash=absent:missing-spec+pkg trk=sized ind=on/5m/5b tmr=22g/off arr=hudarrow01/off sta=10g/-/-/- bng=3234d/0a/8s/0b bng_ev=8a/8s/0b rcv=63w/0f/63r wfx=0r/0e/0x+8f+ut aud=0h/0v/0s/0l/0a/0r+10x
