mm2-smoke commit=1a822c1cc472f6c04a25a6832e346b162bbb0ff5
2026-10-04T06:44:53.173878Z  WARN mm2: wheel part whl0 geometry authored in place; recentring onto origin car=Some("sthlm_racer")
2026-10-04T06:44:53.173900Z  WARN mm2: wheel part whl1 geometry authored in place; recentring onto origin car=Some("sthlm_racer")
2026-10-04T06:44:53.173904Z  WARN mm2: wheel part whl2 geometry authored in place; recentring onto origin car=Some("sthlm_racer")
2026-10-04T06:44:53.173906Z  WARN mm2: wheel part whl3 geometry authored in place; recentring onto origin car=Some("sthlm_racer")
2026-10-04T06:44:53.814143Z  WARN mm2_app::city: water refs resolved no rooms; deadly water off path=city/stockholm.parts/part_-3_0.water skipped=0
2026-10-04T06:44:54.156414Z  WARN mm2_app::city: water refs resolved no rooms; deadly water off path=city/stockholm.parts/part_-2_2.water skipped=0
2026-10-04T06:44:54.159303Z  WARN mm2_app::city: water refs resolved no rooms; deadly water off path=city/stockholm.parts/part_-2_3.water skipped=0
2026-10-04T06:44:54.307804Z  WARN mm2_app::city: water refs resolved no rooms; deadly water off path=city/stockholm.parts/part_-1_0.water skipped=0
2026-10-04T06:44:54.437670Z  WARN mm2_app::city: water refs resolved no rooms; deadly water off path=city/stockholm.parts/part_-1_2.water skipped=0
2026-10-04T06:44:54.483479Z  WARN mm2_app::city: water refs resolved no rooms; deadly water off path=city/stockholm.parts/part_-1_3.water skipped=0
2026-10-04T06:44:54.595651Z  WARN mm2_app::city: water refs resolved no rooms; deadly water off path=city/stockholm.parts/part_0_-2.water skipped=0
2026-10-04T06:44:54.835803Z  WARN mm2_app::city: water refs resolved no rooms; deadly water off path=city/stockholm.parts/part_0_2.water skipped=0
2026-10-04T06:44:54.889516Z  WARN mm2_app::city: water refs resolved no rooms; deadly water off path=city/stockholm.parts/part_0_3.water skipped=0
2026-10-04T06:44:54.975832Z  WARN mm2_app::city: water refs resolved no rooms; deadly water off path=city/stockholm.parts/part_1_-3.water skipped=0
2026-10-04T06:44:55.063262Z  WARN mm2_app::city: water refs resolved no rooms; deadly water off path=city/stockholm.parts/part_1_-2.water skipped=0
2026-10-04T06:44:55.127965Z  WARN mm2_app::city: water refs resolved no rooms; deadly water off path=city/stockholm.parts/part_1_-1.water skipped=0
2026-10-04T06:44:55.333990Z  WARN mm2_app::city: water refs resolved no rooms; deadly water off path=city/stockholm.parts/part_1_1.water skipped=0
2026-10-04T06:44:55.409482Z  WARN mm2_app::city: water refs resolved no rooms; deadly water off path=city/stockholm.parts/part_1_2.water skipped=0
2026-10-04T06:44:55.466386Z  WARN mm2_app::city: water refs resolved no rooms; deadly water off path=city/stockholm.parts/part_1_3.water skipped=0
2026-10-04T06:44:55.585692Z  WARN mm2_app::city: water refs resolved no rooms; deadly water off path=city/stockholm.parts/part_2_-3.water skipped=0
2026-10-04T06:44:55.714829Z  WARN mm2_app::city: water refs resolved no rooms; deadly water off path=city/stockholm.parts/part_2_-1.water skipped=0
2026-10-04T06:44:55.832610Z  WARN mm2_app::city: water refs resolved no rooms; deadly water off path=city/stockholm.parts/part_2_1.water skipped=0
2026-10-04T06:44:55.887066Z  WARN mm2_app::city: water refs resolved no rooms; deadly water off path=city/stockholm.parts/part_2_2.water skipped=0
2026-10-04T06:44:55.909531Z  WARN mm2_app::city: water refs resolved no rooms; deadly water off path=city/stockholm.parts/part_2_3.water skipped=0
2026-10-04T06:44:56.199103Z  WARN mm2_app::city: water refs resolved no rooms; deadly water off path=city/stockholm.parts/part_3_1.water skipped=0
2026-10-04T06:44:56.246982Z  WARN mm2_app::city: water refs resolved no rooms; deadly water off path=city/stockholm.parts/part_3_2.water skipped=0
2026-10-04T06:44:56.287470Z  WARN mm2_app::city: water refs resolved no rooms; deadly water off path=city/stockholm.parts/part_3_3.water skipped=0
2026-10-04T06:44:56.471189Z  WARN mm2_app::city: water refs resolved no rooms; deadly water off path=city/stockholm.parts/part_4_1.water skipped=0
2026-10-04T06:44:56.510532Z  WARN mm2_app::city: water refs resolved no rooms; deadly water off path=city/stockholm.parts/part_4_2.water skipped=0
2026-10-04T06:44:56.802556Z  WARN mm2_app::city: water refs resolved no rooms; deadly water off path=city/stockholm.parts/part_6_1.water skipped=0
2026-10-04T06:44:57.029250Z  WARN mm2_app::object_sound: object sound table unreadable path=aud/ambient/ferry.csv error=asset not found: aud/ambient/ferry.csv
2026-10-04T06:44:57.029282Z  WARN mm2_app::object_sound: object sound table unreadable path=aud/ambient/subwaycar.csv error=asset not found: aud/ambient/subwaycar.csv
2026-10-04T06:44:57.029325Z  WARN mm2_app::environment: lighting preset validation issue path=city/stockholm.lt08 issue=OffGridName("evening")
2026-10-04T06:44:57.029330Z  WARN mm2_app::environment: fog table unavailable path=city/stockholm_fog.csv error=asset not found: city/stockholm_fog.csv
2026-10-04T06:44:57.029333Z  WARN mm2_app::environment: sky definition unavailable path=city/stockholm.sky error=asset not found: city/stockholm.sky
2026-10-04T06:44:57.047484Z  WARN mm2_app::damage_fx: smoke atlas unresolved — untextured puffs texture="fxpt2"
2026-10-04T06:44:57.047514Z  WARN mm2_app::spark_fx: spark texture unresolved — untextured streaks texture="spark"
2026-10-04T06:44:57.047521Z  WARN mm2_app::wheel_fx: wheel effect unavailable rule="dirt" path=tune/effects/dirt.asbirthrule
2026-10-04T06:44:57.047524Z  WARN mm2_app::wheel_fx: wheel effect unavailable rule="dust" path=tune/effects/dust.asbirthrule
2026-10-04T06:44:57.047527Z  WARN mm2_app::wheel_fx: wheel effect unavailable rule="grass" path=tune/effects/grass.asbirthrule
2026-10-04T06:44:57.047530Z  WARN mm2_app::wheel_fx: wheel effect unavailable rule="leaf" path=tune/effects/leaf.asbirthrule
2026-10-04T06:44:57.047533Z  WARN mm2_app::wheel_fx: wheel effect unavailable rule="smoke" path=tune/effects/smoke.asbirthrule
2026-10-04T06:44:57.047535Z  WARN mm2_app::wheel_fx: wheel effect unavailable rule="snow" path=tune/effects/snow.asbirthrule
2026-10-04T06:44:57.047537Z  WARN mm2_app::wheel_fx: wheel effect unavailable rule="splash" path=tune/effects/splash.asbirthrule
2026-10-04T06:44:57.047540Z  WARN mm2_app::wheel_fx: wheel effect unavailable rule="rock" path=tune/effects/rock.asbirthrule
2026-10-04T06:44:57.047543Z  WARN mm2_app::wheel_fx: wheel atlas unresolved — untextured puffs texture="ptx_wheel"
2026-10-04T06:44:57.047767Z  WARN mm2_app::audio: audio: aud/cardata/player/default_impacts.csv: asset not found: aud/cardata/player/default_impacts.csv
2026-10-04T06:44:57.047775Z  WARN mm2_app::audio: audio: aud/cardata/player/default_surfacedry.csv: asset not found: aud/cardata/player/default_surfacedry.csv
2026-10-04T06:44:57.047780Z  WARN mm2_app::audio: audio: aud/cardata/player/stockholmpolicesiren.csv: asset not found: aud/cardata/player/stockholmpolicesiren.csv
2026-10-04T06:44:57.047783Z  WARN mm2_app::audio: audio: aud/cardata/opponent/policesiren.csv: asset not found: aud/cardata/opponent/policesiren.csv
2026-10-04T06:44:57.048668Z  WARN mm2_app::session: nav graph failed to load — opponent routes stay verbatim error=city/stockholm.bai: not found in the VFS
2026-10-04T06:44:57.475814Z  WARN mm2_app::race_audio: audio: race cue startracelow: no wave matches stem "startracelow"
2026-10-04T06:44:57.475853Z  WARN mm2_app::audio: audio: aud/spchdata/stockholm.csv: asset not found: aud/spchdata/stockholm.csv
2026-10-04T06:44:57.754323Z  WARN mm2_app::race_audio: audio: race cue startracelow: no wave matches stem "startracelow"
2026-10-04T06:44:57.943230Z  WARN mm2_app::race_audio: audio: race cue startracelow: no wave matches stem "startracelow"
2026-10-04T06:44:58.129731Z  WARN mm2_app::race_audio: audio: race cue startracehigh: no wave matches stem "startracehigh"
2026-10-04T06:45:09.772846Z  WARN mm2_app::race_audio: audio: race cue waypoint: no wave matches stem "waypoint"
2026-10-04T06:45:45.365494Z  WARN mm2_app::race_audio: audio: race cue waypoint: no wave matches stem "waypoint"
2026-10-04T06:46:10.443546Z  WARN mm2_app::race_audio: audio: race cue waypoint: no wave matches stem "waypoint"
2026-10-04T06:46:42.277171Z  WARN mm2_app::race_audio: audio: race cue waypoint: no wave matches stem "waypoint"
2026-10-04T06:46:55.503848Z  INFO mm2_app::scripted: scripted player started a bounded escape after sustained low-speed throttle tick=46256 escapes=1 position=Vec3(2166.695, 27.229313, 1169.3864) speed=0.5634340047836304 heading_rad=0.949027955532074 bearing_rad=0.48117902874946594 route_next=Some(2127) gate=Vec3(1711.0028, 2.5083, 546.25586) aim=Vec3(2161.1458, 26.70606, 1158.4033)
2026-10-04T06:47:12.363354Z  WARN mm2_app::race_audio: audio: race cue waypoint: no wave matches stem "waypoint"
2026-10-04T06:47:19.887498Z  INFO mm2_app::scripted: scripted player started a bounded escape after sustained low-speed throttle tick=54896 escapes=2 position=Vec3(1592.7268, 4.1664925, -29.48977) speed=-0.49152517318725586 heading_rad=-0.30313053727149963 bearing_rad=-0.35879144072532654 route_next=Some(2522) gate=Vec3(2769.0564, 3.4061, -376.41574) aim=Vec3(1592.0494, 4.519, -41.646755)
2026-10-04T06:47:22.310072Z  INFO mm2_app::scripted: scripted player started a bounded escape after sustained low-speed throttle tick=55796 escapes=3 position=Vec3(1589.1233, 3.7464993, -38.790028) speed=0.07248960435390472 heading_rad=-0.5398838520050049 bearing_rad=-0.21354158222675323 route_next=Some(2524) gate=Vec3(2769.0564, 3.4061, -376.41574) aim=Vec3(1593.0582, 4.81994, -50.41661)
2026-10-04T06:47:24.272336Z  INFO mm2_app::scripted: scripted player started a bounded escape after sustained low-speed throttle tick=56514 escapes=4 position=Vec3(1590.0792, 3.7867203, -46.53827) speed=-0.03349054604768753 heading_rad=-0.4356878697872162 bearing_rad=-0.11447755247354507 route_next=Some(2526) gate=Vec3(2769.0564, 3.4061, -376.41574) aim=Vec3(1593.9502, 5.12088, -58.17213)
2026-10-04T06:47:25.392447Z  INFO mm2_app::scripted: scripted player started a bounded escape after sustained low-speed throttle tick=56928 escapes=5 position=Vec3(1589.8568, 3.7679188, -44.896267) speed=0.09242434799671173 heading_rad=-0.4939579963684082 bearing_rad=-0.1700913906097412 route_next=Some(2526) gate=Vec3(2769.0564, 3.4061, -376.41574) aim=Vec3(1593.7609, 4.97041, -56.526333)
2026-10-04T06:47:27.047897Z  INFO mm2_app::scripted: scripted player started a bounded escape after sustained low-speed throttle tick=57534 escapes=6 position=Vec3(1589.8994, 3.7180204, -43.506245) speed=0.018550872802734375 heading_rad=-0.38837331533432007 bearing_rad=-0.0948592871427536 route_next=Some(2526) gate=Vec3(2769.0564, 3.4061, -376.41574) aim=Vec3(1593.7155, 4.97041, -56.131947)
2026-10-04T06:47:28.166308Z  INFO mm2_app::scripted: scripted player started a bounded escape after sustained low-speed throttle tick=57948 escapes=7 position=Vec3(1589.9032, 3.716431, -43.501377) speed=0.00594339519739151 heading_rad=-0.3855912685394287 bearing_rad=-0.09245853126049042 route_next=Some(2526) gate=Vec3(2769.0564, 3.4061, -376.41574) aim=Vec3(1593.7155, 4.97041, -56.131947)
2026-10-04T06:47:29.886982Z  INFO mm2_app::scripted: scripted player started a bounded escape after sustained low-speed throttle tick=58586 escapes=8 position=Vec3(1589.8353, 3.7422917, -40.325535) speed=0.035389527678489685 heading_rad=-0.21174277365207672 bearing_rad=0.028975408524274826 route_next=Some(2526) gate=Vec3(2769.0564, 3.4061, -376.41574) aim=Vec3(1593.7155, 4.97041, -56.131947)
2026-10-04T06:47:31.130303Z  INFO mm2_app::scripted: scripted player started a bounded escape after sustained low-speed throttle tick=59000 escapes=9 position=Vec3(1589.8175, 3.7355175, -40.335224) speed=0.032737910747528076 heading_rad=-0.22139030694961548 bearing_rad=0.020533643662929535 route_next=Some(2526) gate=Vec3(2769.0564, 3.4061, -376.41574) aim=Vec3(1593.7155, 4.97041, -56.131947)
2026-10-04T06:47:32.285783Z  INFO mm2_app::scripted: scripted player started a bounded escape after sustained low-speed throttle tick=59414 escapes=10 position=Vec3(1588.8672, 3.7413874, -38.844402) speed=0.04302778095006943 heading_rad=0.4101969003677368 bearing_rad=0.6836215257644653 route_next=Some(2526) gate=Vec3(2769.0564, 3.4061, -376.41574) aim=Vec3(1593.7155, 4.97041, -56.131947)
2026-10-04T06:47:33.459053Z  INFO mm2_app::scripted: scripted player started a bounded escape after sustained low-speed throttle tick=59864 escapes=11 position=Vec3(1589.7732, 3.7397833, -40.371017) speed=-0.002679533325135708 heading_rad=-0.24907776713371277 bearing_rad=-0.003977971617132425 route_next=Some(2526) gate=Vec3(2769.0564, 3.4061, -376.41574) aim=Vec3(1593.7155, 4.97041, -56.131947)
2026-10-04T06:47:33.592212Z  INFO mm2_app::scripted: scripted player re-anchored onto its route after a bounded stuck tick=59922 reanchors=1 position=Vec3(1589.4047, 3.7447264, -39.620686) speed=-3.1968798637390137 heading_rad=-0.06926492601633072 route_next=2519 gate=Vec3(2769.0564, 3.4061, -376.41574) landing=Vec3(1589.2329, 4.2711215, -12.380324)
2026-10-04T06:47:34.797759Z  INFO mm2_app::scripted: scripted player started a bounded escape after sustained low-speed throttle tick=60418 escapes=12 position=Vec3(1590.7451, 4.022062, -28.445967) speed=0.003335772082209587 heading_rad=0.07404161989688873 bearing_rad=0.17084701359272003 route_next=Some(2522) gate=Vec3(2769.0564, 3.4061, -376.41574) aim=Vec3(1591.9052, 4.519, -40.391666)
2026-10-04T06:47:36.939938Z  INFO mm2_app::scripted: scripted player started a bounded escape after sustained low-speed throttle tick=61290 escapes=13 position=Vec3(1592.669, 4.3051467, -43.133415) speed=-0.04704030603170395 heading_rad=0.08052617311477661 bearing_rad=0.16086266934871674 route_next=Some(2526) gate=Vec3(2769.0564, 3.4061, -376.41574) aim=Vec3(1593.7155, 4.97041, -56.131947)
2026-10-04T06:47:39.320735Z  INFO mm2_app::scripted: scripted player started a bounded escape after sustained low-speed throttle tick=62266 escapes=14 position=Vec3(1595.882, 4.7464685, -73.33233) speed=0.020024245604872704 heading_rad=-0.04383179172873497 bearing_rad=0.055102910846471786 route_next=Some(2532) gate=Vec3(2769.0564, 3.4061, -376.41574) aim=Vec3(1597.0674, 5.87321, -85.2751)
2026-10-04T06:47:40.354747Z  INFO mm2_app::scripted: scripted player started a bounded escape after sustained low-speed throttle tick=62680 escapes=15 position=Vec3(1595.8296, 4.7109113, -73.30716) speed=-0.00027382010011933744 heading_rad=-0.08282063156366348 bearing_rad=0.020209211856126785 route_next=Some(2532) gate=Vec3(2769.0564, 3.4061, -376.41574) aim=Vec3(1597.0638, 5.87321, -85.24431)
2026-10-04T06:47:41.415417Z  INFO mm2_app::scripted: scripted player started a bounded escape after sustained low-speed throttle tick=63094 escapes=16 position=Vec3(1595.8444, 4.70156, -73.384186) speed=0.004609906114637852 heading_rad=-0.08847979456186295 bearing_rad=0.014058638364076614 route_next=Some(2532) gate=Vec3(2769.0564, 3.4061, -376.41574) aim=Vec3(1597.0728, 5.87321, -85.32201)
2026-10-04T06:47:42.552764Z  INFO mm2_app::scripted: scripted player started a bounded escape after sustained low-speed throttle tick=63508 escapes=17 position=Vec3(1595.8365, 4.7050705, -73.3728) speed=0.002658145036548376 heading_rad=-0.08905444294214249 bearing_rad=0.014026517048478127 route_next=Some(2532) gate=Vec3(2769.0564, 3.4061, -376.41574) aim=Vec3(1597.0714, 5.87321, -85.30989)
2026-10-04T06:47:43.237061Z  INFO mm2_app::scripted: scripted player re-anchored onto its route after a bounded stuck tick=63750 reanchors=2 position=Vec3(1595.8695, 4.7263722, -73.42069) speed=0.012226302176713943 heading_rad=-0.10042104870080948 route_next=2530 gate=Vec3(2769.0564, 3.4061, -376.41574) landing=Vec3(1594.792, 5.713115, -65.49188)
2026-10-04T06:47:44.116217Z  INFO mm2_app::scripted: scripted player started a bounded escape after sustained low-speed throttle tick=64066 escapes=18 position=Vec3(1595.0769, 4.6224666, -66.507545) speed=-0.00020804861560463905 heading_rad=-0.08617816120386124 bearing_rad=0.01525783073157072 route_next=Some(2531) gate=Vec3(2769.0564, 3.4061, -376.41574) aim=Vec3(1596.3702, 5.72275, -79.21404)
2026-10-04T06:47:45.251470Z  INFO mm2_app::scripted: scripted player started a bounded escape after sustained low-speed throttle tick=64480 escapes=19 position=Vec3(1595.067, 4.6255674, -66.49868) speed=-0.00029931857716292143 heading_rad=-0.09485223144292831 bearing_rad=0.007283112499862909 route_next=Some(2531) gate=Vec3(2769.0564, 3.4061, -376.41574) aim=Vec3(1596.3702, 5.72275, -79.21404)
2026-10-04T06:47:47.793157Z  INFO mm2_app::scripted: scripted player started a bounded escape after sustained low-speed throttle tick=65456 escapes=20 position=Vec3(1599.5247, 5.6938763, -101.29821) speed=-0.027652353048324585 heading_rad=1.383478045463562 bearing_rad=1.4471696615219116 route_next=Some(2538) gate=Vec3(2769.0564, 3.4061, -376.41574) aim=Vec3(1600.2894, 6.77602, -113.28937)
2026-10-04T06:47:48.861088Z  INFO mm2_app::scripted: scripted player started a bounded escape after sustained low-speed throttle tick=65870 escapes=21 position=Vec3(1599.5634, 5.5833745, -101.27385) speed=-0.01451288815587759 heading_rad=1.4920146465301514 bearing_rad=1.5522854328155518 route_next=Some(2538) gate=Vec3(2769.0564, 3.4061, -376.41574) aim=Vec3(1600.2872, 6.77602, -113.26971)
2026-10-04T06:47:50.016429Z  INFO mm2_app::scripted: scripted player started a bounded escape after sustained low-speed throttle tick=66284 escapes=22 position=Vec3(1599.5664, 5.5820155, -101.45245) speed=0.00872593279927969 heading_rad=1.5093938112258911 bearing_rad=1.5711042881011963 route_next=Some(2538) gate=Vec3(2769.0564, 3.4061, -376.41574) aim=Vec3(1600.3075, 6.77602, -113.446335)
2026-10-04T06:47:51.503780Z  INFO mm2_app::scripted: scripted player started a bounded escape after sustained low-speed throttle tick=66816 escapes=23 position=Vec3(1597.4005, 3.9033096, -101.95177) speed=0.9029834866523743 heading_rad=1.424967646598816 bearing_rad=1.6699209213256836 route_next=Some(2538) gate=Vec3(2769.0564, 3.4061, -376.41574) aim=Vec3(1600.3356, 6.92649, -113.69327)
2026-10-04T06:47:52.260668Z  INFO mm2_app::scripted: scripted player re-anchored onto its route after a bounded stuck tick=67060 reanchors=3 position=Vec3(1596.0676, 3.5594685, -103.101425) speed=3.1956000328063965 heading_rad=0.9181525707244873 route_next=2532 gate=Vec3(2769.0564, 3.4061, -376.41574) landing=Vec3(1595.8785, 6.021025, -74.93856)
2026-10-04T06:47:52.936339Z  INFO mm2_app::scripted: scripted player started a bounded escape after sustained low-speed throttle tick=67280 escapes=24 position=Vec3(1596.1025, 4.7813535, -75.36673) speed=-0.03937627747654915 heading_rad=-0.05681351199746132 bearing_rad=0.044488005340099335 route_next=Some(2533) gate=Vec3(2769.0564, 3.4061, -376.41574) aim=Vec3(1597.4321, 6.02368, -88.44688)
2026-10-04T06:47:54.022394Z  INFO mm2_app::scripted: scripted player started a bounded escape after sustained low-speed throttle tick=67694 escapes=25 position=Vec3(1596.0524, 4.7373037, -75.337776) speed=-0.0005902890698052943 heading_rad=-0.08557045459747314 bearing_rad=0.019295576959848404 route_next=Some(2533) gate=Vec3(2769.0564, 3.4061, -376.41574) aim=Vec3(1597.4321, 6.02368, -88.44688)
2026-10-04T06:47:57.140520Z  INFO mm2_app::scripted: scripted player started a bounded escape after sustained low-speed throttle tick=68854 escapes=26 position=Vec3(1597.0498, 3.2766464, -106.81807) speed=0.008422385901212692 heading_rad=-0.2478380799293518 bearing_rad=0.07024955004453659 route_next=Some(2539) gate=Vec3(2769.0564, 3.4061, -376.41574) aim=Vec3(1600.882, 6.79058, -118.45646)
2026-10-04T06:47:58.368340Z  INFO mm2_app::scripted: scripted player started a bounded escape after sustained low-speed throttle tick=69332 escapes=27 position=Vec3(1596.7375, 3.3214664, -99.13559) speed=0.0009014289826154709 heading_rad=-0.17130687832832336 bearing_rad=0.05287539213895798 route_next=Some(2539) gate=Vec3(2769.0564, 3.4061, -376.41574) aim=Vec3(1600.6161, 6.79058, -116.145615)
2026-10-04T06:47:59.622730Z  INFO mm2_app::scripted: scripted player started a bounded escape after sustained low-speed throttle tick=69838 escapes=28 position=Vec3(1596.7607, 3.321634, -99.12064) speed=-0.015232337638735771 heading_rad=-0.15788127481937408 bearing_rad=0.0648152083158493 route_next=Some(2539) gate=Vec3(2769.0564, 3.4061, -376.41574) aim=Vec3(1600.6161, 6.79058, -116.145615)
2026-10-04T06:48:01.356764Z  INFO mm2_app::scripted: scripted player started a bounded escape after sustained low-speed throttle tick=70510 escapes=29 position=Vec3(1594.2668, 3.2416866, -106.931114) speed=-0.011907144449651241 heading_rad=-0.19095386564731598 bearing_rad=0.33631107211112976 route_next=Some(2539) gate=Vec3(2769.0564, 3.4061, -376.41574) aim=Vec3(1600.8585, 6.79058, -118.252174)
2026-10-04T06:48:02.982332Z  INFO mm2_app::scripted: scripted player started a bounded escape after sustained low-speed throttle tick=71128 escapes=30 position=Vec3(1595.7013, 3.7163315, -109.13389) speed=0.00017761184426490217 heading_rad=-0.742477297782898 bearing_rad=-0.3001078963279724 route_next=Some(2539) gate=Vec3(2769.0564, 3.4061, -376.41574) aim=Vec3(1601.1273, 6.40215, -120.588974)
2026-10-04T06:48:04.708771Z  INFO mm2_app::scripted: scripted player started a bounded escape after sustained low-speed throttle tick=71782 escapes=31 position=Vec3(1595.1338, 3.3710032, -110.410446) speed=-0.03758839890360832 heading_rad=-0.09910653531551361 bearing_rad=0.39529189467430115 route_next=Some(2540) gate=Vec3(2769.0564, 3.4061, -376.41574) aim=Vec3(1601.2649, 6.40215, -121.784325)
2026-10-04T06:48:05.599249Z  INFO mm2_app::scripted: scripted player re-anchored onto its route after a bounded stuck tick=72126 reanchors=4 position=Vec3(1595.0892, 3.3487034, -108.3333) speed=0.21187204122543335 heading_rad=-0.5182724595069885 route_next=2538 gate=Vec3(2769.0564, 3.4061, -376.41574) landing=Vec3(1598.8636, 6.8669786, -100.8928)
2026-10-04T06:48:06.456989Z  INFO mm2_app::scripted: scripted player started a bounded escape after sustained low-speed throttle tick=72454 escapes=32 position=Vec3(1598.9377, 4.9811196, -101.87147) speed=-0.022181997075676918 heading_rad=-0.07018951326608658 bearing_rad=0.04747220501303673 route_next=Some(2538) gate=Vec3(2769.0564, 3.4061, -376.41574) aim=Vec3(1600.3464, 6.92649, -113.78855)
2026-10-04T06:48:08.620103Z  INFO mm2_app::scripted: scripted player started a bounded escape after sustained low-speed throttle tick=73318 escapes=33 position=Vec3(1596.8596, 3.2737498, -106.71902) speed=0.03125620260834694 heading_rad=0.19221489131450653 bearing_rad=0.5244610905647278 route_next=Some(2539) gate=Vec3(2769.0564, 3.4061, -376.41574) aim=Vec3(1600.8683, 6.79058, -118.33711)
2026-10-04T06:48:09.952021Z  INFO mm2_app::scripted: scripted player started a bounded escape after sustained low-speed throttle tick=73852 escapes=34 position=Vec3(1597.2263, 3.279343, -105.16683) speed=-0.001530798152089119 heading_rad=-0.28882262110710144 bearing_rad=-2.2893489131092792e-6 route_next=Some(2539) gate=Vec3(2769.0564, 3.4061, -376.41574) aim=Vec3(1600.6968, 6.79058, -116.846825)
2026-10-04T06:48:10.128898Z  INFO mm2_app::scripted: scripted player re-anchored onto its route after a bounded stuck tick=73926 reanchors=5 position=Vec3(1596.6383, 3.2868824, -103.9294) speed=-4.155457496643066 heading_rad=0.005491012707352638 route_next=2533 gate=Vec3(2769.0564, 3.4061, -376.41574) landing=Vec3(1596.5045, 6.198416, -80.38118)
2026-10-04T06:48:10.897872Z  INFO mm2_app::scripted: scripted player started a bounded escape after sustained low-speed throttle tick=74234 escapes=35 position=Vec3(1596.7595, 4.8717203, -81.27353) speed=-0.02982798032462597 heading_rad=-0.041257426142692566 bearing_rad=0.060636065900325775 route_next=Some(2534) gate=Vec3(2769.0564, 3.4061, -376.41574) aim=Vec3(1597.9802, 6.17415, -93.21223)
2026-10-04T06:48:11.917803Z  INFO mm2_app::scripted: scripted player started a bounded escape after sustained low-speed throttle tick=74648 escapes=36 position=Vec3(1596.6921, 4.8179183, -81.23395) speed=0.017586415633559227 heading_rad=-0.0788567066192627 bearing_rad=0.02823791652917862 route_next=Some(2534) gate=Vec3(2769.0564, 3.4061, -376.41574) aim=Vec3(1597.9749, 6.17415, -93.16552)
2026-10-04T06:48:15.114650Z  INFO mm2_app::scripted: scripted player started a bounded escape after sustained low-speed throttle tick=75896 escapes=37 position=Vec3(1597.795, 3.4430091, -106.78433) speed=-0.01905316673219204 heading_rad=-0.05822408199310303 bearing_rad=0.19972091913223267 route_next=Some(2539) gate=Vec3(2769.0564, 3.4061, -376.41574) aim=Vec3(1600.888, 6.79058, -118.50774)
2026-10-04T06:48:16.579128Z  INFO mm2_app::scripted: scripted player started a bounded escape after sustained low-speed throttle tick=76484 escapes=38 position=Vec3(1595.5011, 3.542099, -110.47428) speed=-0.036971673369407654 heading_rad=0.1366252452135086 bearing_rad=0.6050624251365662 route_next=Some(2540) gate=Vec3(2769.0564, 3.4061, -376.41574) aim=Vec3(1601.277, 6.40215, -121.88903)
2026-10-04T06:48:18.243225Z  INFO mm2_app::scripted: scripted player started a bounded escape after sustained low-speed throttle tick=77146 escapes=39 position=Vec3(1595.4606, 3.2681282, -107.50328) speed=0.02197645977139473 heading_rad=-0.46590331196784973 bearing_rad=-0.060727231204509735 route_next=Some(2540) gate=Vec3(2769.0564, 3.4061, -376.41574) aim=Vec3(1601.1473, 6.40215, -120.76199)
2026-10-04T06:48:18.485407Z  INFO mm2_app::scripted: scripted player re-anchored onto its route after a bounded stuck tick=77240 reanchors=6 position=Vec3(1594.39, 3.2749476, -105.725716) speed=-5.161732196807861 heading_rad=-0.022108346223831177 route_next=2535 gate=Vec3(2769.0564, 3.4061, -376.41574) landing=Vec3(1597.4926, 6.478409, -88.97139)
2026-10-04T06:48:19.330592Z  INFO mm2_app::scripted: scripted player started a bounded escape after sustained low-speed throttle tick=77570 escapes=40 position=Vec3(1597.7246, 4.9700475, -90.12103) speed=0.014356900006532669 heading_rad=-0.03774560987949371 bearing_rad=0.06866028159856796 route_next=Some(2536) gate=Vec3(2769.0564, 3.4061, -376.41574) aim=Vec3(1599.025, 6.47509, -102.29614)
2026-10-04T06:48:20.362645Z  INFO mm2_app::scripted: scripted player started a bounded escape after sustained low-speed throttle tick=77984 escapes=41 position=Vec3(1597.6505, 4.8981543, -90.07411) speed=0.012593153864145279 heading_rad=-0.07616866379976273 bearing_rad=0.035822585225105286 route_next=Some(2536) gate=Vec3(2769.0564, 3.4061, -376.41574) aim=Vec3(1599.025, 6.47509, -102.29614)
2026-10-04T06:48:22.750843Z  INFO mm2_app::scripted: scripted player started a bounded escape after sustained low-speed throttle tick=78898 escapes=42 position=Vec3(1599.9283, 5.928091, -108.081566) speed=0.005981890484690666 heading_rad=0.4259832799434662 bearing_rad=0.5218207240104675 route_next=Some(2540) gate=Vec3(2769.0564, 3.4061, -376.41574) aim=Vec3(1601.1473, 6.40215, -120.76199)
2026-10-04T06:48:23.980101Z  INFO mm2_app::scripted: scripted player started a bounded escape after sustained low-speed throttle tick=79312 escapes=43 position=Vec3(1599.777, 5.782913, -107.98885) speed=-0.009062651544809341 heading_rad=0.45640233159065247 bearing_rad=0.5632781386375427 route_next=Some(2540) gate=Vec3(2769.0564, 3.4061, -376.41574) aim=Vec3(1601.1473, 6.40215, -120.76199)
2026-10-04T06:48:25.192800Z  INFO mm2_app::scripted: scripted player started a bounded escape after sustained low-speed throttle tick=79726 escapes=44 position=Vec3(1599.6456, 5.6368713, -107.80461) speed=0.01149292103946209 heading_rad=0.46418651938438416 bearing_rad=0.5795677900314331 route_next=Some(2540) gate=Vec3(2769.0564, 3.4061, -376.41574) aim=Vec3(1601.1473, 6.40215, -120.76199)
2026-10-04T06:48:26.436456Z  INFO mm2_app::scripted: scripted player started a bounded escape after sustained low-speed throttle tick=80140 escapes=45 position=Vec3(1599.5579, 5.5134764, -107.71284) speed=0.002977399155497551 heading_rad=0.42986756563186646 bearing_rad=0.5510773658752441 route_next=Some(2540) gate=Vec3(2769.0564, 3.4061, -376.41574) aim=Vec3(1601.1473, 6.40215, -120.76199)
2026-10-04T06:48:27.389342Z  INFO mm2_app::scripted: scripted player re-anchored onto its route after a bounded stuck tick=80464 reanchors=7 position=Vec3(1599.5056, 5.4254446, -107.65084) speed=-0.014714336022734642 heading_rad=0.4021998345851898 route_next=2537 gate=Vec3(2769.0564, 3.4061, -376.41574) landing=Vec3(1598.4066, 6.7374573, -96.919)
2026-10-04T06:48:28.323299Z  INFO mm2_app::scripted: scripted player started a bounded escape after sustained low-speed throttle tick=80838 escapes=46 position=Vec3(1598.6199, 4.971434, -98.9261) speed=-0.021303582936525345 heading_rad=-0.06850232928991318 bearing_rad=0.04738140106201172 route_next=Some(2538) gate=Vec3(2769.0564, 3.4061, -376.41574) aim=Vec3(1600.0869, 6.77602, -111.52898)
2026-10-04T06:48:29.346921Z  INFO mm2_app::scripted: scripted player started a bounded escape after sustained low-speed throttle tick=81252 escapes=47 position=Vec3(1598.5659, 4.9157166, -98.89484) speed=0.0011483817361295223 heading_rad=-0.091977559030056 bearing_rad=0.02783362567424774 route_next=Some(2538) gate=Vec3(2769.0564, 3.4061, -376.41574) aim=Vec3(1600.0869, 6.77602, -111.52898)
2026-10-04T06:48:32.128511Z  INFO mm2_app::scripted: scripted player started a bounded escape after sustained low-speed throttle tick=82360 escapes=48 position=Vec3(1595.5879, 3.2816243, -107.422874) speed=0.035626545548439026 heading_rad=-0.11194194108247757 bearing_rad=0.3242282569408417 route_next=Some(2539) gate=Vec3(2769.0564, 3.4061, -376.41574) aim=Vec3(1600.9316, 6.79058, -118.887436)
2026-10-04T06:48:33.772388Z  INFO mm2_app::scripted: scripted player started a bounded escape after sustained low-speed throttle tick=83002 escapes=49 position=Vec3(1595.9706, 3.3132234, -100.05151) speed=0.02384958043694496 heading_rad=-0.757163941860199 bearing_rad=-0.4761553704738617 route_next=Some(2539) gate=Vec3(2769.0564, 3.4061, -376.41574) aim=Vec3(1600.6161, 6.79058, -116.145615)
2026-10-04T06:48:35.366074Z  INFO mm2_app::scripted: scripted player started a bounded escape after sustained low-speed throttle tick=83642 escapes=50 position=Vec3(1589.6786, 3.359539, -94.453186) speed=0.017700426280498505 heading_rad=0.29995018243789673 bearing_rad=0.7669586539268494 route_next=Some(2539) gate=Vec3(2769.0564, 3.4061, -376.41574) aim=Vec3(1600.6161, 6.79058, -116.145615)
2026-10-04T06:48:37.200898Z  INFO mm2_app::scripted: scripted player started a bounded escape after sustained low-speed throttle tick=84358 escapes=51 position=Vec3(1595.0409, 3.378385, -91.02909) speed=-0.0012648329138755798 heading_rad=-0.6531224846839905 bearing_rad=-0.4346908628940582 route_next=Some(2539) gate=Vec3(2769.0564, 3.4061, -376.41574) aim=Vec3(1600.6161, 6.79058, -116.145615)
2026-10-04T06:48:39.431039Z  INFO mm2_app::scripted: scripted player started a bounded escape after sustained low-speed throttle tick=85252 escapes=52 position=Vec3(1595.7703, 3.4384227, -108.023865) speed=-1.3851580619812012 heading_rad=-0.6526671648025513 bearing_rad=-0.22496218979358673 route_next=Some(2539) gate=Vec3(2769.0564, 3.4061, -376.41574) aim=Vec3(1601.0022, 6.40215, -119.501274)
2026-10-04T06:48:41.147345Z  INFO mm2_app::scripted: scripted player started a bounded escape after sustained low-speed throttle tick=85938 escapes=53 position=Vec3(1596.2437, 3.2924364, -103.423454) speed=0.07885096967220306 heading_rad=-0.8886411786079407 bearing_rad=-0.557601809501648 route_next=Some(2539) gate=Vec3(2769.0564, 3.4061, -376.41574) aim=Vec3(1600.6161, 6.79058, -116.145615)
2026-10-04T06:48:42.834641Z  INFO mm2_app::scripted: scripted player started a bounded escape after sustained low-speed throttle tick=86620 escapes=54 position=Vec3(1595.9849, 3.3009043, -107.29503) speed=-0.00638524629175663 heading_rad=-0.46729913353919983 bearing_rad=-0.06211645528674126 route_next=Some(2539) gate=Vec3(2769.0564, 3.4061, -376.41574) aim=Vec3(1600.9222, 6.79058, -118.80633)
2026-10-04T06:48:44.530812Z  INFO mm2_app::scripted: scripted player started a bounded escape after sustained low-speed throttle tick=87310 escapes=55 position=Vec3(1596.9531, 3.2742774, -105.44223) speed=0.03767894208431244 heading_rad=-0.47656726837158203 bearing_rad=-0.1633753627538681 route_next=Some(2539) gate=Vec3(2769.0564, 3.4061, -376.41574) aim=Vec3(1600.7245, 6.79058, -117.08761)
2026-10-04T06:48:45.566205Z  INFO mm2_app::scripted: scripted player started a bounded escape after sustained low-speed throttle tick=87724 escapes=56 position=Vec3(1596.5916, 3.2826943, -104.38227) speed=0.034095801413059235 heading_rad=-0.6522523760795593 bearing_rad=-0.32261011004447937 route_next=Some(2539) gate=Vec3(2769.0564, 3.4061, -376.41574) aim=Vec3(1600.6161, 6.79058, -116.145615)
2026-10-04T06:48:47.043523Z  INFO mm2_app::scripted: scripted player started a bounded escape after sustained low-speed throttle tick=88330 escapes=57 position=Vec3(1595.5851, 3.3312562, -97.22135) speed=0.0030213966965675354 heading_rad=-0.8161948919296265 bearing_rad=-0.5563555359840393 route_next=Some(2539) gate=Vec3(2769.0564, 3.4061, -376.41574) aim=Vec3(1600.6161, 6.79058, -116.145615)
2026-10-04T06:48:48.635964Z  INFO mm2_app::scripted: scripted player started a bounded escape after sustained low-speed throttle tick=89002 escapes=58 position=Vec3(1589.6141, 3.3605819, -94.40225) speed=0.01867169328033924 heading_rad=0.26162973046302795 bearing_rad=0.7300589680671692 route_next=Some(2539) gate=Vec3(2769.0564, 3.4061, -376.41574) aim=Vec3(1600.6161, 6.79058, -116.145615)
2026-10-04T06:48:50.285550Z  INFO mm2_app::scripted: scripted player started a bounded escape after sustained low-speed throttle tick=89706 escapes=59 position=Vec3(1594.9637, 3.3753915, -91.180504) speed=-0.01060178130865097 heading_rad=-0.7353541254997253 bearing_rad=-0.512698233127594 route_next=Some(2539) gate=Vec3(2769.0564, 3.4061, -376.41574) aim=Vec3(1600.6161, 6.79058, -116.145615)
2026-10-04T06:48:52.086282Z  INFO mm2_app::scripted: scripted player started a bounded escape after sustained low-speed throttle tick=90430 escapes=60 position=Vec3(1589.4263, 3.3771877, -91.590645) speed=0.022125916555523872 heading_rad=0.3588145673274994 bearing_rad=0.7864025831222534 route_next=Some(2539) gate=Vec3(2769.0564, 3.4061, -376.41574) aim=Vec3(1600.6161, 6.79058, -116.145615)
2026-10-04T06:48:53.651986Z  INFO mm2_app::scripted: scripted player started a bounded escape after sustained low-speed throttle tick=91064 escapes=61 position=Vec3(1591.0579, 3.434183, -83.07909) speed=0.015824168920516968 heading_rad=-0.9604098796844482 bearing_rad=-0.6790192723274231 route_next=Some(2539) gate=Vec3(2769.0564, 3.4061, -376.41574) aim=Vec3(1600.6161, 6.79058, -116.145615)
2026-10-04T06:48:55.016605Z  INFO mm2_app::scripted: scripted player started a bounded escape after sustained low-speed throttle tick=91572 escapes=62 position=Vec3(1591.0892, 3.4621985, -81.84206) speed=-0.022624559700489044 heading_rad=-0.7920630574226379 bearing_rad=-0.5211679339408875 route_next=Some(2539) gate=Vec3(2769.0564, 3.4061, -376.41574) aim=Vec3(1600.6161, 6.79058, -116.145615)
2026-10-04T06:48:56.743021Z  INFO mm2_app::scripted: scripted player started a bounded escape after sustained low-speed throttle tick=92162 escapes=63 position=Vec3(1587.8595, 3.4887786, -76.18244) speed=0.004370701964944601 heading_rad=0.5532835721969604 bearing_rad=0.8622685670852661 route_next=Some(2539) gate=Vec3(2769.0564, 3.4061, -376.41574) aim=Vec3(1600.6161, 6.79058, -116.145615)
2026-10-04T06:48:58.519716Z  INFO mm2_app::scripted: scripted player started a bounded escape after sustained low-speed throttle tick=92710 escapes=64 position=Vec3(1589.2017, 3.5370886, -68.25697) speed=-0.0219081062823534 heading_rad=-1.4082536697387695 bearing_rad=-1.1742660999298096 route_next=Some(2539) gate=Vec3(2769.0564, 3.4061, -376.41574) aim=Vec3(1600.6161, 6.79058, -116.145615)
2026-10-04T06:49:00.240805Z  INFO mm2_app::scripted: scripted player started a bounded escape after sustained low-speed throttle tick=93310 escapes=65 position=Vec3(1591.6077, 3.444909, -80.532196) speed=0.5900527834892273 heading_rad=-0.3044755160808563 bearing_rad=-0.05672207847237587 route_next=Some(2539) gate=Vec3(2769.0564, 3.4061, -376.41574) aim=Vec3(1600.6161, 6.79058, -116.145615)
2026-10-04T06:49:00.966322Z  INFO mm2_app::scripted: scripted player re-anchored onto its route after a bounded stuck tick=93560 reanchors=8 position=Vec3(1591.5558, 3.416996, -80.13289) speed=0.2135971337556839 heading_rad=-0.30995282530784607 route_next=2538 gate=Vec3(2769.0564, 3.4061, -376.41574) landing=Vec3(1598.7898, 6.8460345, -100.25019)
2026-10-04T06:49:02.008739Z  INFO mm2_app::scripted: scripted player started a bounded escape after sustained low-speed throttle tick=93914 escapes=66 position=Vec3(1598.9286, 4.977536, -101.87131) speed=0.007628166116774082 heading_rad=-0.06789353489875793 bearing_rad=0.05052589252591133 route_next=Some(2538) gate=Vec3(2769.0564, 3.4061, -376.41574) aim=Vec3(1600.3463, 6.92649, -113.78735)
2026-10-04T06:49:04.222346Z  INFO mm2_app::scripted: scripted player started a bounded escape after sustained low-speed throttle tick=94662 escapes=67 position=Vec3(1598.622, 4.4052625, -104.29754) speed=0.19218039512634277 heading_rad=-0.4278176724910736 bearing_rad=-0.2610743045806885 route_next=Some(2539) gate=Vec3(2769.0564, 3.4061, -376.41574) aim=Vec3(1600.6163, 6.79058, -116.147285)
2026-10-04T06:49:05.446777Z  INFO mm2_app::scripted: scripted player started a bounded escape after sustained low-speed throttle tick=95076 escapes=68 position=Vec3(1598.6564, 4.407158, -104.56797) speed=0.20119477808475494 heading_rad=-0.42192453145980835 bearing_rad=-0.25545674562454224 route_next=Some(2539) gate=Vec3(2769.0564, 3.4061, -376.41574) aim=Vec3(1600.6475, 6.79058, -116.41809)
2026-10-04T06:49:06.277653Z  INFO mm2_app::scripted: scripted player re-anchored onto its route after a bounded stuck tick=95360 reanchors=9 position=Vec3(1597.0142, 3.8296795, -103.75947) speed=2.0781333446502686 heading_rad=0.21508365869522095 route_next=2536 gate=Vec3(2769.0564, 3.4061, -376.41574) landing=Vec3(1597.8756, 6.5869875, -92.30259)
2026-10-04T06:49:07.183976Z  INFO mm2_app::scripted: scripted player started a bounded escape after sustained low-speed throttle tick=95668 escapes=69 position=Vec3(1598.0548, 4.9965763, -93.07098) speed=-0.019159721210598946 heading_rad=-0.03859215974807739 bearing_rad=0.06841021776199341 route_next=Some(2536) gate=Vec3(2769.0564, 3.4061, -376.41574) aim=Vec3(1599.3364, 6.62555, -105.002686)
2026-10-04T06:49:08.411580Z  INFO mm2_app::scripted: scripted player started a bounded escape after sustained low-speed throttle tick=96082 escapes=70 position=Vec3(1597.9636, 4.90901, -93.015785) speed=-0.02830401062965393 heading_rad=-0.08057690411806107 bearing_rad=0.03344957157969475 route_next=Some(2536) gate=Vec3(2769.0564, 3.4061, -376.41574) aim=Vec3(1599.329, 6.62555, -104.937874)
2026-10-04T06:49:10.905475Z  INFO mm2_app::scripted: scripted player started a bounded escape after sustained low-speed throttle tick=96936 escapes=71 position=Vec3(1599.8807, 5.8115854, -107.794876) speed=0.20620359480381012 heading_rad=0.412535697221756 bearing_rad=0.5099048018455505 route_next=Some(2540) gate=Vec3(2769.0564, 3.4061, -376.41574) aim=Vec3(1601.1473, 6.40215, -120.76199)
2026-10-04T06:49:12.168781Z  INFO mm2_app::scripted: scripted player started a bounded escape after sustained low-speed throttle tick=97350 escapes=72 position=Vec3(1599.7068, 5.655593, -107.7618) speed=0.005916938651353121 heading_rad=0.4321688115596771 bearing_rad=0.5425286293029785 route_next=Some(2540) gate=Vec3(2769.0564, 3.4061, -376.41574) aim=Vec3(1601.1473, 6.40215, -120.76199)
2026-10-04T06:49:13.428147Z  INFO mm2_app::scripted: scripted player started a bounded escape after sustained low-speed throttle tick=97764 escapes=73 position=Vec3(1599.6257, 5.5336447, -107.66202) speed=-0.021064937114715576 heading_rad=0.39943215250968933 bearing_rad=0.5150673389434814 route_next=Some(2540) gate=Vec3(2769.0564, 3.4061, -376.41574) aim=Vec3(1601.1473, 6.40215, -120.76199)
2026-10-04T06:49:14.599436Z  INFO mm2_app::scripted: scripted player started a bounded escape after sustained low-speed throttle tick=98178 escapes=74 position=Vec3(1599.5527, 5.424978, -107.58289) speed=0.0028528086841106415 heading_rad=0.3754817545413971 bearing_rad=0.49589139223098755 route_next=Some(2540) gate=Vec3(2769.0564, 3.4061, -376.41574) aim=Vec3(1601.1473, 6.40215, -120.76199)
2026-10-04T06:49:15.374395Z  INFO mm2_app::scripted: scripted player re-anchored onto its route after a bounded stuck tick=98452 reanchors=10 position=Vec3(1599.4971, 5.3448725, -107.50924) speed=-0.0010163262486457825 heading_rad=0.3676994740962982 route_next=2537 gate=Vec3(2769.0564, 3.4061, -376.41574) landing=Vec3(1598.4066, 6.7374573, -96.919)
2026-10-04T06:49:16.355721Z  INFO mm2_app::scripted: scripted player started a bounded escape after sustained low-speed throttle tick=98826 escapes=75 position=Vec3(1598.6199, 4.971434, -98.9261) speed=-0.021303582936525345 heading_rad=-0.06850232928991318 bearing_rad=0.04738140106201172 route_next=Some(2538) gate=Vec3(2769.0564, 3.4061, -376.41574) aim=Vec3(1600.0869, 6.77602, -111.52898)
2026-10-04T06:49:17.476633Z  INFO mm2_app::scripted: scripted player started a bounded escape after sustained low-speed throttle tick=99240 escapes=76 position=Vec3(1598.5659, 4.9157166, -98.89484) speed=0.0011483817361295223 heading_rad=-0.091977559030056 bearing_rad=0.02783362567424774 route_next=Some(2538) gate=Vec3(2769.0564, 3.4061, -376.41574) aim=Vec3(1600.0869, 6.77602, -111.52898)
2026-10-04T06:49:20.419615Z  INFO mm2_app::scripted: scripted player started a bounded escape after sustained low-speed throttle tick=100348 escapes=77 position=Vec3(1595.5879, 3.2816243, -107.422874) speed=0.035626545548439026 heading_rad=-0.11194194108247757 bearing_rad=0.3242282569408417 route_next=Some(2539) gate=Vec3(2769.0564, 3.4061, -376.41574) aim=Vec3(1600.9316, 6.79058, -118.887436)
2026-10-04T06:49:22.113307Z  INFO mm2_app::scripted: scripted player started a bounded escape after sustained low-speed throttle tick=100990 escapes=78 position=Vec3(1595.9706, 3.3132234, -100.05151) speed=0.02384958043694496 heading_rad=-0.757163941860199 bearing_rad=-0.4761553704738617 route_next=Some(2539) gate=Vec3(2769.0564, 3.4061, -376.41574) aim=Vec3(1600.6161, 6.79058, -116.145615)
2026-10-04T06:49:23.778810Z  INFO mm2_app::scripted: scripted player started a bounded escape after sustained low-speed throttle tick=101630 escapes=79 position=Vec3(1589.6786, 3.359539, -94.453186) speed=0.017700426280498505 heading_rad=0.29995018243789673 bearing_rad=0.7669586539268494 route_next=Some(2539) gate=Vec3(2769.0564, 3.4061, -376.41574) aim=Vec3(1600.6161, 6.79058, -116.145615)
2026-10-04T06:49:25.660886Z  INFO mm2_app::scripted: scripted player started a bounded escape after sustained low-speed throttle tick=102346 escapes=80 position=Vec3(1595.0409, 3.378385, -91.02909) speed=-0.0012648329138755798 heading_rad=-0.6531224846839905 bearing_rad=-0.4346908628940582 route_next=Some(2539) gate=Vec3(2769.0564, 3.4061, -376.41574) aim=Vec3(1600.6161, 6.79058, -116.145615)
2026-10-04T06:49:28.367662Z  INFO mm2_app::scripted: scripted player started a bounded escape after sustained low-speed throttle tick=103374 escapes=81 position=Vec3(1595.5931, 3.288743, -107.48284) speed=-0.0010787926148623228 heading_rad=-0.6440356373786926 bearing_rad=-0.20774532854557037 route_next=Some(2539) gate=Vec3(2769.0564, 3.4061, -376.41574) aim=Vec3(1600.9385, 6.79058, -118.94721)
2026-10-04T06:49:30.232035Z  INFO mm2_app::scripted: scripted player started a bounded escape after sustained low-speed throttle tick=104060 escapes=82 position=Vec3(1596.2769, 3.2911756, -103.079384) speed=0.020395591855049133 heading_rad=-0.8005066514015198 bearing_rad=-0.4798707664012909 route_next=Some(2539) gate=Vec3(2769.0564, 3.4061, -376.41574) aim=Vec3(1600.6161, 6.79058, -116.145615)
2026-10-04T06:49:32.081075Z  INFO mm2_app::scripted: scripted player started a bounded escape after sustained low-speed throttle tick=104704 escapes=83 position=Vec3(1589.789, 3.3390498, -97.22281) speed=0.015836384147405624 heading_rad=0.15892085433006287 bearing_rad=0.6786291599273682 route_next=Some(2539) gate=Vec3(2769.0564, 3.4061, -376.41574) aim=Vec3(1600.6161, 6.79058, -116.145615)
2026-10-04T06:49:34.144035Z  INFO mm2_app::scripted: scripted player started a bounded escape after sustained low-speed throttle tick=105486 escapes=84 position=Vec3(1595.789, 3.3113363, -100.7297) speed=-0.0004940660437569022 heading_rad=-1.1900990009307861 bearing_rad=-0.8866424560546875 route_next=Some(2539) gate=Vec3(2769.0564, 3.4061, -376.41574) aim=Vec3(1600.6161, 6.79058, -116.145615)
2026-10-04T06:49:36.332550Z  INFO mm2_app::scripted: scripted player started a bounded escape after sustained low-speed throttle tick=106310 escapes=85 position=Vec3(1594.2003, 3.2943754, -110.50791) speed=0.018944289535284042 heading_rad=-0.6004987359046936 bearing_rad=-0.040507495403289795 route_next=Some(2540) gate=Vec3(2769.0564, 3.4061, -376.41574) aim=Vec3(1601.2638, 6.40215, -121.77455)
2026-10-04T06:49:38.116995Z  INFO mm2_app::scripted: scripted player started a bounded escape after sustained low-speed throttle tick=106988 escapes=86 position=Vec3(1595.6113, 3.2991118, -107.54771) speed=-0.0009071268141269684 heading_rad=-0.6512338519096375 bearing_rad=-0.25450611114501953 route_next=Some(2540) gate=Vec3(2769.0564, 3.4061, -376.41574) aim=Vec3(1601.1473, 6.40215, -120.76199)
2026-10-04T06:49:40.068579Z  INFO mm2_app::scripted: scripted player started a bounded escape after sustained low-speed throttle tick=107722 escapes=87 position=Vec3(1592.2267, 3.2908833, -112.65812) speed=0.009136926382780075 heading_rad=-0.7969505786895752 bearing_rad=-0.09811493009328842 route_next=Some(2540) gate=Vec3(2769.0564, 3.4061, -376.41574) aim=Vec3(1601.4822, 6.40215, -123.67263)
2026-10-04T06:49:44.702195Z  INFO mm2_app::scripted: scripted player started a bounded escape after sustained low-speed throttle tick=109402 escapes=88 position=Vec3(1597.3829, 3.3457015, -131.19328) speed=0.0033230436965823174 heading_rad=-0.27945587038993835 bearing_rad=0.22508732974529266 route_next=Some(2545) gate=Vec3(2769.0564, 3.4061, -376.41574) aim=Vec3(1603.6547, 4.46, -142.55066)
2026-10-04T06:49:45.835468Z  INFO mm2_app::scripted: scripted player started a bounded escape after sustained low-speed throttle tick=109816 escapes=89 position=Vec3(1597.2507, 3.1642873, -130.19214) speed=0.37104177474975586 heading_rad=-0.3356846868991852 bearing_rad=0.17005853354930878 route_next=Some(2545) gate=Vec3(2769.0564, 3.4061, -376.41574) aim=Vec3(1603.5392, 4.46, -141.54758)
2026-10-04T06:49:46.964012Z  INFO mm2_app::scripted: scripted player started a bounded escape after sustained low-speed throttle tick=110236 escapes=90 position=Vec3(1594.1005, 3.1222155, -128.01411) speed=0.01894966885447502 heading_rad=0.9079759120941162 bearing_rad=1.5593373775482178 route_next=Some(2545) gate=Vec3(2769.0564, 3.4061, -376.41574) aim=Vec3(1603.383, 4.84843, -140.19032)
2026-10-04T06:49:47.849856Z  INFO mm2_app::scripted: scripted player re-anchored onto its route after a bounded stuck tick=110562 reanchors=11 position=Vec3(1597.5625, 3.2364793, -130.3447) speed=0.33279499411582947 heading_rad=-0.16336533427238464 route_next=2543 gate=Vec3(2769.0564, 3.4061, -376.41574) landing=Vec3(1601.2742, 6.537897, -121.864685)
2026-10-04T06:50:08.103399Z  INFO mm2_app::scripted: scripted player started a bounded escape after sustained low-speed throttle tick=118180 escapes=91 position=Vec3(2756.6426, 3.3410141, -435.18802) speed=0.0036005782894790173 heading_rad=-1.601577877998352 bearing_rad=-0.07845374196767807 route_next=Some(2871) gate=Vec3(2769.0564, 3.4061, -376.41574) aim=Vec3(2764.9602, 3.33373, -435.58484)
2026-10-04T06:50:11.272421Z  WARN mm2_app::race_audio: audio: race cue waypoint: no wave matches stem "waypoint"
2026-10-04T06:50:29.918607Z  WARN mm2_app::race_audio: audio: race cue lastwaypoint: no wave matches stem "lastwaypoint"
2026-10-04T06:50:47.406662Z  WARN mm2_app::race_audio: audio: race cue endofracetag: no wave matches stem "endofracetag"
smoke=headless-physics world=city/stockholm.psdl status=pass updates=120444 ticks=133216 driver=scripted diff=amateur phase=results impacts=500 dropped=0 peak=30.2m/s travel=16442.6m sim=1110.13s resets=14 controls=87234t/16268b/62710s finite=true moved=1448m wheels=4/4 final=(1538,2.9,-546) race=Running cp=7/7 results=3 pos=3/7 outcome=finished place=3 opp=2/6 opp_rec=14 cu=2 opp_drv=64207m/9.4mps/4.9ipk/1.5xpk/0.1apk/0.08hpk opps=0:sthlm_racer/7c/F/21e/4r/900w,1:sthlm_racer/4c/4e/2r/900w,2:sthlm_racer/6c/49e/7r/900w,3:sthlm_racer/7c/F/4e/566w,4:sthlm_racer/1c/3e/1r/900w,5:sthlm_racer/1c/2e/390w p_rec=11r/91e env=lt08(evening) fog=none sky=none wtr=0.2/1698r map=inset/north/z1200/hudmap_stockholm.pkg/1t/15m dash=absent:missing-spec+pkg trk=sized ind=on/6m/6b tmr=22g/33:24:40 arr=hudarrow01/off sta=10g/p3of7/-/c7of7 bng=3236d/0a/6s/0b bng_ev=6a/6s/0b rcv=18w/1226f/1244r wfx=0r/0e/0x+8f+ut aud=0h/0v/0s/0l/0a/0r+13x
