mm2-smoke commit=1a822c1cc472f6c04a25a6832e346b162bbb0ff5
2026-10-04T06:24:17.299235Z  WARN mm2: wheel part whl0 geometry authored in place; recentring onto origin car=Some("sthlm_racer")
2026-10-04T06:24:17.299264Z  WARN mm2: wheel part whl1 geometry authored in place; recentring onto origin car=Some("sthlm_racer")
2026-10-04T06:24:17.299268Z  WARN mm2: wheel part whl2 geometry authored in place; recentring onto origin car=Some("sthlm_racer")
2026-10-04T06:24:17.299271Z  WARN mm2: wheel part whl3 geometry authored in place; recentring onto origin car=Some("sthlm_racer")
2026-10-04T06:24:17.990808Z  WARN mm2_app::city: water refs resolved no rooms; deadly water off path=city/stockholm.parts/part_-3_0.water skipped=0
2026-10-04T06:24:18.350766Z  WARN mm2_app::city: water refs resolved no rooms; deadly water off path=city/stockholm.parts/part_-2_2.water skipped=0
2026-10-04T06:24:18.353802Z  WARN mm2_app::city: water refs resolved no rooms; deadly water off path=city/stockholm.parts/part_-2_3.water skipped=0
2026-10-04T06:24:18.510284Z  WARN mm2_app::city: water refs resolved no rooms; deadly water off path=city/stockholm.parts/part_-1_0.water skipped=0
2026-10-04T06:24:18.650097Z  WARN mm2_app::city: water refs resolved no rooms; deadly water off path=city/stockholm.parts/part_-1_2.water skipped=0
2026-10-04T06:24:18.699860Z  WARN mm2_app::city: water refs resolved no rooms; deadly water off path=city/stockholm.parts/part_-1_3.water skipped=0
2026-10-04T06:24:18.821582Z  WARN mm2_app::city: water refs resolved no rooms; deadly water off path=city/stockholm.parts/part_0_-2.water skipped=0
2026-10-04T06:24:19.078358Z  WARN mm2_app::city: water refs resolved no rooms; deadly water off path=city/stockholm.parts/part_0_2.water skipped=0
2026-10-04T06:24:19.135190Z  WARN mm2_app::city: water refs resolved no rooms; deadly water off path=city/stockholm.parts/part_0_3.water skipped=0
2026-10-04T06:24:19.229909Z  WARN mm2_app::city: water refs resolved no rooms; deadly water off path=city/stockholm.parts/part_1_-3.water skipped=0
2026-10-04T06:24:19.323412Z  WARN mm2_app::city: water refs resolved no rooms; deadly water off path=city/stockholm.parts/part_1_-2.water skipped=0
2026-10-04T06:24:19.392221Z  WARN mm2_app::city: water refs resolved no rooms; deadly water off path=city/stockholm.parts/part_1_-1.water skipped=0
2026-10-04T06:24:19.613617Z  WARN mm2_app::city: water refs resolved no rooms; deadly water off path=city/stockholm.parts/part_1_1.water skipped=0
2026-10-04T06:24:19.694391Z  WARN mm2_app::city: water refs resolved no rooms; deadly water off path=city/stockholm.parts/part_1_2.water skipped=0
2026-10-04T06:24:19.754335Z  WARN mm2_app::city: water refs resolved no rooms; deadly water off path=city/stockholm.parts/part_1_3.water skipped=0
2026-10-04T06:24:19.882587Z  WARN mm2_app::city: water refs resolved no rooms; deadly water off path=city/stockholm.parts/part_2_-3.water skipped=0
2026-10-04T06:24:20.022514Z  WARN mm2_app::city: water refs resolved no rooms; deadly water off path=city/stockholm.parts/part_2_-1.water skipped=0
2026-10-04T06:24:20.149772Z  WARN mm2_app::city: water refs resolved no rooms; deadly water off path=city/stockholm.parts/part_2_1.water skipped=0
2026-10-04T06:24:20.206301Z  WARN mm2_app::city: water refs resolved no rooms; deadly water off path=city/stockholm.parts/part_2_2.water skipped=0
2026-10-04T06:24:20.229344Z  WARN mm2_app::city: water refs resolved no rooms; deadly water off path=city/stockholm.parts/part_2_3.water skipped=0
2026-10-04T06:24:20.520222Z  WARN mm2_app::city: water refs resolved no rooms; deadly water off path=city/stockholm.parts/part_3_1.water skipped=0
2026-10-04T06:24:20.569199Z  WARN mm2_app::city: water refs resolved no rooms; deadly water off path=city/stockholm.parts/part_3_2.water skipped=0
2026-10-04T06:24:20.611158Z  WARN mm2_app::city: water refs resolved no rooms; deadly water off path=city/stockholm.parts/part_3_3.water skipped=0
2026-10-04T06:24:20.790695Z  WARN mm2_app::city: water refs resolved no rooms; deadly water off path=city/stockholm.parts/part_4_1.water skipped=0
2026-10-04T06:24:20.828408Z  WARN mm2_app::city: water refs resolved no rooms; deadly water off path=city/stockholm.parts/part_4_2.water skipped=0
2026-10-04T06:24:21.121628Z  WARN mm2_app::city: water refs resolved no rooms; deadly water off path=city/stockholm.parts/part_6_1.water skipped=0
2026-10-04T06:24:21.368255Z  WARN mm2_app::object_sound: object sound table unreadable path=aud/ambient/ferry.csv error=asset not found: aud/ambient/ferry.csv
2026-10-04T06:24:21.368286Z  WARN mm2_app::object_sound: object sound table unreadable path=aud/ambient/subwaycar.csv error=asset not found: aud/ambient/subwaycar.csv
2026-10-04T06:24:21.368340Z  WARN mm2_app::environment: lighting preset validation issue path=city/stockholm.lt04 issue=OffGridName("noon")
2026-10-04T06:24:21.368349Z  WARN mm2_app::environment: fog table unavailable path=city/stockholm_fog.csv error=asset not found: city/stockholm_fog.csv
2026-10-04T06:24:21.368353Z  WARN mm2_app::environment: sky definition unavailable path=city/stockholm.sky error=asset not found: city/stockholm.sky
2026-10-04T06:24:21.387888Z  WARN mm2_app::damage_fx: smoke atlas unresolved — untextured puffs texture="fxpt2"
2026-10-04T06:24:21.387924Z  WARN mm2_app::spark_fx: spark texture unresolved — untextured streaks texture="spark"
2026-10-04T06:24:21.387933Z  WARN mm2_app::wheel_fx: wheel effect unavailable rule="dirt" path=tune/effects/dirt.asbirthrule
2026-10-04T06:24:21.387939Z  WARN mm2_app::wheel_fx: wheel effect unavailable rule="dust" path=tune/effects/dust.asbirthrule
2026-10-04T06:24:21.387942Z  WARN mm2_app::wheel_fx: wheel effect unavailable rule="grass" path=tune/effects/grass.asbirthrule
2026-10-04T06:24:21.387946Z  WARN mm2_app::wheel_fx: wheel effect unavailable rule="leaf" path=tune/effects/leaf.asbirthrule
2026-10-04T06:24:21.387949Z  WARN mm2_app::wheel_fx: wheel effect unavailable rule="smoke" path=tune/effects/smoke.asbirthrule
2026-10-04T06:24:21.387952Z  WARN mm2_app::wheel_fx: wheel effect unavailable rule="snow" path=tune/effects/snow.asbirthrule
2026-10-04T06:24:21.387954Z  WARN mm2_app::wheel_fx: wheel effect unavailable rule="splash" path=tune/effects/splash.asbirthrule
2026-10-04T06:24:21.387957Z  WARN mm2_app::wheel_fx: wheel effect unavailable rule="rock" path=tune/effects/rock.asbirthrule
2026-10-04T06:24:21.387961Z  WARN mm2_app::wheel_fx: wheel atlas unresolved — untextured puffs texture="ptx_wheel"
2026-10-04T06:24:21.388278Z  WARN mm2_app::audio: audio: aud/cardata/player/default_impacts.csv: asset not found: aud/cardata/player/default_impacts.csv
2026-10-04T06:24:21.388296Z  WARN mm2_app::audio: audio: aud/cardata/player/default_surfacedry.csv: asset not found: aud/cardata/player/default_surfacedry.csv
2026-10-04T06:24:21.388308Z  WARN mm2_app::audio: audio: aud/cardata/player/stockholmpolicesiren.csv: asset not found: aud/cardata/player/stockholmpolicesiren.csv
2026-10-04T06:24:21.388313Z  WARN mm2_app::audio: audio: aud/cardata/opponent/policesiren.csv: asset not found: aud/cardata/opponent/policesiren.csv
2026-10-04T06:24:21.389337Z  WARN mm2_app::session: nav graph failed to load — opponent routes stay verbatim error=city/stockholm.bai: not found in the VFS
2026-10-04T06:24:21.845750Z  WARN mm2_app::race_audio: audio: race cue startracelow: no wave matches stem "startracelow"
2026-10-04T06:24:21.845812Z  WARN mm2_app::audio: audio: aud/spchdata/stockholm.csv: asset not found: aud/spchdata/stockholm.csv
2026-10-04T06:24:22.228095Z  WARN mm2_app::race_audio: audio: race cue startracelow: no wave matches stem "startracelow"
2026-10-04T06:24:22.499731Z  WARN mm2_app::race_audio: audio: race cue startracelow: no wave matches stem "startracelow"
2026-10-04T06:24:22.774727Z  WARN mm2_app::race_audio: audio: race cue startracehigh: no wave matches stem "startracehigh"
2026-10-04T06:24:31.844665Z  WARN mm2_app::race_audio: audio: race cue waypoint: no wave matches stem "waypoint"
2026-10-04T06:24:41.191548Z  INFO mm2_app::scripted: scripted player started a bounded escape after sustained low-speed throttle tick=6530 escapes=1 position=Vec3(1097.2993, 18.387634, -931.2768) speed=-0.0018485181499272585 heading_rad=-0.31943151354789734 bearing_rad=-1.2994400262832642 route_next=Some(272) gate=Vec3(2769.0564, 3.4061, -376.41574) aim=Vec3(1094.397, 18.256987, -933.2234)
2026-10-04T06:24:49.526789Z  INFO mm2_app::scripted: scripted player started a bounded escape after sustained low-speed throttle tick=9450 escapes=2 position=Vec3(1009.66144, 13.548227, -1263.1855) speed=0.5085156559944153 heading_rad=-0.25147393345832825 bearing_rad=-0.31494656205177307 route_next=Some(362) gate=Vec3(2769.0564, 3.4061, -376.41574) aim=Vec3(1008.9286, 13.84152, -1274.716)
2026-10-04T06:24:51.562336Z  INFO mm2_app::scripted: scripted player started a bounded escape after sustained low-speed throttle tick=10160 escapes=3 position=Vec3(1007.5614, 13.335993, -1260.4622) speed=-0.0026479079388082027 heading_rad=-0.03418039157986641 bearing_rad=0.10480819642543793 route_next=Some(362) gate=Vec3(2769.0564, 3.4061, -376.41574) aim=Vec3(1009.36804, 13.84152, -1273.3768)
2026-10-04T06:24:53.137340Z  INFO mm2_app::scripted: scripted player started a bounded escape after sustained low-speed throttle tick=10714 escapes=4 position=Vec3(1007.5252, 13.3338785, -1260.5413) speed=0.03466636314988136 heading_rad=0.3665631115436554 bearing_rad=0.509161114692688 route_next=Some(362) gate=Vec3(2769.0564, 3.4061, -376.41574) aim=Vec3(1009.36804, 13.84152, -1273.3768)
2026-10-04T06:24:53.749321Z  INFO mm2_app::scripted: scripted player re-anchored onto its route after a bounded stuck tick=10928 reanchors=1 position=Vec3(1006.2985, 13.036882, -1253.0848) speed=-1.8772929906845093 heading_rad=-0.4985501766204834 route_next=357 gate=Vec3(2769.0564, 3.4061, -376.41574) landing=Vec3(996.0201, 12.709337, -1250.5027)
2026-10-04T06:24:55.266379Z  INFO mm2_app::scripted: scripted player started a bounded escape after sustained low-speed throttle tick=11458 escapes=5 position=Vec3(1009.50653, 13.500401, -1261.4436) speed=0.04550846666097641 heading_rad=0.03826286271214485 bearing_rad=0.07106456160545349 route_next=Some(361) gate=Vec3(2769.0564, 3.4061, -376.41574) aim=Vec3(1009.8499, 13.83084, -1271.9083)
2026-10-04T06:24:56.935035Z  INFO mm2_app::scripted: scripted player started a bounded escape after sustained low-speed throttle tick=12008 escapes=6 position=Vec3(1009.22986, 13.480739, -1261.4858) speed=0.016123037785291672 heading_rad=0.4607687294483185 bearing_rad=0.5242787599563599 route_next=Some(361) gate=Vec3(2769.0564, 3.4061, -376.41574) aim=Vec3(1009.88574, 13.83084, -1271.7992)
2026-10-04T06:24:59.158108Z  INFO mm2_app::scripted: scripted player started a bounded escape after sustained low-speed throttle tick=12786 escapes=7 position=Vec3(1009.0899, 13.872813, -1273.6333) speed=0.5013837814331055 heading_rad=-0.6606411337852478 bearing_rad=-0.9611651301383972 route_next=Some(365) gate=Vec3(2769.0564, 3.4061, -376.41574) aim=Vec3(1005.5372, 13.5897, -1285.097)
2026-10-04T06:25:00.609768Z  INFO mm2_app::scripted: scripted player started a bounded escape after sustained low-speed throttle tick=13294 escapes=8 position=Vec3(1006.82495, 13.830742, -1273.6757) speed=-0.0012891227379441261 heading_rad=0.22220978140830994 bearing_rad=0.09768511354923248 route_next=Some(365) gate=Vec3(2769.0564, 3.4061, -376.41574) aim=Vec3(1005.30646, 13.5897, -1285.8069)
2026-10-04T06:25:02.978685Z  INFO mm2_app::scripted: scripted player started a bounded escape after sustained low-speed throttle tick=14114 escapes=9 position=Vec3(1007.6183, 13.829648, -1273.7529) speed=0.03740224987268448 heading_rad=0.07973653078079224 bearing_rad=-0.10796307027339935 route_next=Some(365) gate=Vec3(2769.0564, 3.4061, -376.41574) aim=Vec3(1005.3602, 13.5897, -1285.6415)
2026-10-04T06:25:03.636308Z  INFO mm2_app::scripted: scripted player re-anchored onto its route after a bounded stuck tick=14344 reanchors=2 position=Vec3(1011.2702, 13.746752, -1266.3134) speed=-2.6285626888275146 heading_rad=0.46198707818984985 route_next=357 gate=Vec3(2769.0564, 3.4061, -376.41574) landing=Vec3(999.2856, 12.966394, -1252.146)
2026-10-04T06:25:05.499769Z  INFO mm2_app::scripted: scripted player started a bounded escape after sustained low-speed throttle tick=14994 escapes=10 position=Vec3(1008.81354, 13.4493475, -1261.3741) speed=-1.0585432052612305 heading_rad=-0.44432583451271057 bearing_rad=-0.32903310656547546 route_next=Some(361) gate=Vec3(2769.0564, 3.4061, -376.41574) aim=Vec3(1009.9856, 13.83084, -1271.495)
2026-10-04T06:25:07.064160Z  INFO mm2_app::scripted: scripted player started a bounded escape after sustained low-speed throttle tick=15546 escapes=11 position=Vec3(1004.88104, 13.126264, -1259.2809) speed=-0.00474915187805891 heading_rad=0.47274795174598694 bearing_rad=0.9178736209869385 route_next=Some(361) gate=Vec3(2769.0564, 3.4061, -376.41574) aim=Vec3(1010.27997, 13.83084, -1270.598)
2026-10-04T06:25:09.690574Z  INFO mm2_app::scripted: scripted player started a bounded escape after sustained low-speed throttle tick=16480 escapes=12 position=Vec3(1010.7224, 13.871838, -1273.4886) speed=-0.0006402516737580299 heading_rad=0.10979192703962326 bearing_rad=-0.3159572184085846 route_next=Some(365) gate=Vec3(2769.0564, 3.4061, -376.41574) aim=Vec3(1005.737, 13.73278, -1284.4822)
2026-10-04T06:25:11.750978Z  INFO mm2_app::scripted: scripted player started a bounded escape after sustained low-speed throttle tick=17174 escapes=13 position=Vec3(1011.6084, 14.07065, -1273.7114) speed=0.012846861034631729 heading_rad=0.20602263510227203 bearing_rad=-0.2934936285018921 route_next=Some(365) gate=Vec3(2769.0564, 3.4061, -376.41574) aim=Vec3(1005.7457, 13.73278, -1284.4553)
2026-10-04T06:25:13.991632Z  INFO mm2_app::scripted: scripted player started a bounded escape after sustained low-speed throttle tick=17896 escapes=14 position=Vec3(1006.32477, 13.823677, -1273.5259) speed=0.01950228027999401 heading_rad=0.26452872157096863 bearing_rad=0.18154771625995636 route_next=Some(365) gate=Vec3(2769.0564, 3.4061, -376.41574) aim=Vec3(1005.30225, 13.5897, -1285.82)
2026-10-04T06:25:14.407450Z  INFO mm2_app::scripted: scripted player re-anchored onto its route after a bounded stuck tick=18040 reanchors=3 position=Vec3(1006.6347, 13.80707, -1272.2251) speed=-0.06109343841671944 heading_rad=0.34134191274642944 route_next=362 gate=Vec3(2769.0564, 3.4061, -376.41574) landing=Vec3(1011.8458, 14.119166, -1265.531)
2026-10-04T06:25:15.601542Z  INFO mm2_app::scripted: scripted player started a bounded escape after sustained low-speed throttle tick=18452 escapes=15 position=Vec3(1009.5615, 13.858553, -1273.4039) speed=0.007582798600196838 heading_rad=-0.16848306357860565 bearing_rad=-0.5004767179489136 route_next=Some(365) gate=Vec3(2769.0564, 3.4061, -376.41574) aim=Vec3(1005.64996, 13.73278, -1284.7499)
2026-10-04T06:25:17.591321Z  INFO mm2_app::scripted: scripted player started a bounded escape after sustained low-speed throttle tick=19142 escapes=16 position=Vec3(1007.06213, 13.852707, -1273.687) speed=0.011784479022026062 heading_rad=-0.04292568936944008 bearing_rad=-0.18590451776981354 route_next=Some(365) gate=Vec3(2769.0564, 3.4061, -376.41574) aim=Vec3(1005.326, 13.5897, -1285.7468)
2026-10-04T06:25:19.271261Z  INFO mm2_app::scripted: scripted player started a bounded escape after sustained low-speed throttle tick=19720 escapes=17 position=Vec3(1008.2534, 13.834822, -1273.7921) speed=0.050791941583156586 heading_rad=0.3636733591556549 bearing_rad=0.12519052624702454 route_next=Some(365) gate=Vec3(2769.0564, 3.4061, -376.41574) aim=Vec3(1005.4099, 13.5897, -1285.4885)
2026-10-04T06:25:21.192769Z  INFO mm2_app::scripted: scripted player started a bounded escape after sustained low-speed throttle tick=20400 escapes=18 position=Vec3(1009.6258, 13.853845, -1273.3835) speed=0.006137533579021692 heading_rad=-0.03643139824271202 bearing_rad=-0.37299007177352905 route_next=Some(365) gate=Vec3(2769.0564, 3.4061, -376.41574) aim=Vec3(1005.6622, 13.73278, -1284.7124)
2026-10-04T06:25:22.849871Z  INFO mm2_app::scripted: scripted player started a bounded escape after sustained low-speed throttle tick=20998 escapes=19 position=Vec3(1008.5278, 13.842886, -1273.8801) speed=-0.004672908689826727 heading_rad=-0.1877613067626953 bearing_rad=-0.4501456916332245 route_next=Some(365) gate=Vec3(2769.0564, 3.4061, -376.41574) aim=Vec3(1005.4105, 13.5897, -1285.4867)
2026-10-04T06:25:24.702798Z  INFO mm2_app::scripted: scripted player started a bounded escape after sustained low-speed throttle tick=21660 escapes=20 position=Vec3(1006.5888, 13.841475, -1273.6503) speed=0.0351591631770134 heading_rad=0.11123663187026978 bearing_rad=0.0053009940311312675 route_next=Some(365) gate=Vec3(2769.0564, 3.4061, -376.41574) aim=Vec3(1005.29114, 13.5897, -1285.854)
2026-10-04T06:25:25.796237Z  INFO mm2_app::scripted: scripted player re-anchored onto its route after a bounded stuck tick=22036 reanchors=4 position=Vec3(1008.08936, 13.801475, -1271.5208) speed=5.8722686767578125 heading_rad=0.14644727110862732 route_next=361 gate=Vec3(2769.0564, 3.4061, -376.41574) landing=Vec3(1011.6534, 13.997128, -1261.4841)
2026-10-04T06:25:27.143006Z  INFO mm2_app::scripted: scripted player started a bounded escape after sustained low-speed throttle tick=22498 escapes=21 position=Vec3(1011.6755, 13.871138, -1270.9442) speed=-0.010420506820082664 heading_rad=0.4275357723236084 bearing_rad=-0.00807779747992754 route_next=Some(364) gate=Vec3(2769.0564, 3.4061, -376.41574) aim=Vec3(1006.5761, 13.73278, -1281.9004)
2026-10-04T06:25:29.104388Z  INFO mm2_app::scripted: scripted player started a bounded escape after sustained low-speed throttle tick=23182 escapes=22 position=Vec3(1006.27106, 13.828525, -1273.4907) speed=-0.016496656462550163 heading_rad=0.2989200949668884 bearing_rad=0.2208159863948822 route_next=Some(365) gate=Vec3(2769.0564, 3.4061, -376.41574) aim=Vec3(1005.3074, 13.5897, -1285.8041)
2026-10-04T06:25:30.828602Z  INFO mm2_app::scripted: scripted player started a bounded escape after sustained low-speed throttle tick=23776 escapes=23 position=Vec3(1008.1456, 13.840154, -1273.8748) speed=0.019613951444625854 heading_rad=0.3555380403995514 bearing_rad=0.12342649698257446 route_next=Some(365) gate=Vec3(2769.0564, 3.4061, -376.41574) aim=Vec3(1005.37524, 13.5897, -1285.5952)
2026-10-04T06:25:31.761670Z  INFO mm2_app::scripted: scripted player re-anchored onto its route after a bounded stuck tick=24098 reanchors=5 position=Vec3(1012.0772, 13.837378, -1267.2998) speed=1.4973224401474 heading_rad=0.0427335761487484 route_next=360 gate=Vec3(2769.0564, 3.4061, -376.41574) landing=Vec3(1009.4787, 13.715211, -1258.127)
2026-10-04T06:25:33.420204Z  INFO mm2_app::scripted: scripted player started a bounded escape after sustained low-speed throttle tick=24672 escapes=24 position=Vec3(1010.485, 13.854263, -1273.3268) speed=0.021576642990112305 heading_rad=-0.07029516994953156 bearing_rad=-0.47327396273612976 route_next=Some(364) gate=Vec3(2769.0564, 3.4061, -376.41574) aim=Vec3(1005.76166, 13.73278, -1284.4064)
2026-10-04T06:25:35.271989Z  INFO mm2_app::scripted: scripted player started a bounded escape after sustained low-speed throttle tick=25312 escapes=25 position=Vec3(1008.4807, 13.8725395, -1273.9083) speed=0.00010373586701462045 heading_rad=-0.008838599547743797 bearing_rad=-0.2682294547557831 route_next=Some(365) gate=Vec3(2769.0564, 3.4061, -376.41574) aim=Vec3(1005.3977, 13.5897, -1285.5261)
2026-10-04T06:25:37.048280Z  INFO mm2_app::scripted: scripted player started a bounded escape after sustained low-speed throttle tick=25922 escapes=26 position=Vec3(1006.42426, 13.83379, -1273.5911) speed=-0.0021541928872466087 heading_rad=0.2050977498292923 bearing_rad=0.11304634064435959 route_next=Some(365) gate=Vec3(2769.0564, 3.4061, -376.41574) aim=Vec3(1005.29266, 13.5897, -1285.8494)
2026-10-04T06:25:38.480489Z  INFO mm2_app::scripted: scripted player started a bounded escape after sustained low-speed throttle tick=26418 escapes=27 position=Vec3(1006.2629, 13.828489, -1273.4872) speed=0.00653710775077343 heading_rad=0.3024309277534485 bearing_rad=0.22502431273460388 route_next=Some(365) gate=Vec3(2769.0564, 3.4061, -376.41574) aim=Vec3(1005.3076, 13.5897, -1285.8033)
2026-10-04T06:25:39.969594Z  INFO mm2_app::scripted: scripted player re-anchored onto its route after a bounded stuck tick=26930 reanchors=6 position=Vec3(1008.07245, 13.832472, -1273.8844) speed=0.03867684304714203 heading_rad=0.12438467144966125 route_next=362 gate=Vec3(2769.0564, 3.4061, -376.41574) landing=Vec3(1011.8418, 14.0445175, -1262.6593)
2026-10-04T06:25:41.801561Z  INFO mm2_app::scripted: scripted player started a bounded escape after sustained low-speed throttle tick=27560 escapes=28 position=Vec3(1009.36096, 13.856626, -1273.4321) speed=0.003873618319630623 heading_rad=-0.14440320432186127 bearing_rad=-0.4612271785736084 route_next=Some(365) gate=Vec3(2769.0564, 3.4061, -376.41574) aim=Vec3(1005.6224, 13.73278, -1284.8348)
2026-10-04T06:25:43.551815Z  INFO mm2_app::scripted: scripted player started a bounded escape after sustained low-speed throttle tick=28158 escapes=29 position=Vec3(1008.5931, 13.843254, -1273.9822) speed=0.005130292847752571 heading_rad=0.08681565523147583 bearing_rad=-0.1833501160144806 route_next=Some(365) gate=Vec3(2769.0564, 3.4061, -376.41574) aim=Vec3(1005.38684, 13.5897, -1285.5597)
2026-10-04T06:25:45.593263Z  INFO mm2_app::scripted: scripted player started a bounded escape after sustained low-speed throttle tick=28832 escapes=30 position=Vec3(1006.4685, 13.833938, -1273.6077) speed=0.00886370800435543 heading_rad=0.1791801005601883 bearing_rad=0.08338648825883865 route_next=Some(365) gate=Vec3(2769.0564, 3.4061, -376.41574) aim=Vec3(1005.29205, 13.5897, -1285.8512)
2026-10-04T06:25:46.543672Z  INFO mm2_app::scripted: scripted player re-anchored onto its route after a bounded stuck tick=29132 reanchors=7 position=Vec3(1006.8763, 13.790132, -1271.6652) speed=2.1501495838165283 heading_rad=0.32797446846961975 route_next=361 gate=Vec3(2769.0564, 3.4061, -376.41574) landing=Vec3(1011.6534, 13.997128, -1261.4841)
2026-10-04T06:25:48.032009Z  INFO mm2_app::scripted: scripted player started a bounded escape after sustained low-speed throttle tick=29630 escapes=31 position=Vec3(1011.5275, 13.931656, -1272.8508) speed=0.014493299648165703 heading_rad=0.3856411278247833 bearing_rad=-0.08665873110294342 route_next=Some(364) gate=Vec3(2769.0564, 3.4061, -376.41574) aim=Vec3(1006.0019, 13.73278, -1283.6671)
2026-10-04T06:25:49.839042Z  INFO mm2_app::scripted: scripted player started a bounded escape after sustained low-speed throttle tick=30246 escapes=32 position=Vec3(1011.4269, 14.044987, -1273.5192) speed=1.3066694736480713 heading_rad=0.6606162786483765 bearing_rad=0.17931154370307922 route_next=Some(364) gate=Vec3(2769.0564, 3.4061, -376.41574) aim=Vec3(1005.7959, 13.73278, -1284.3009)
2026-10-04T06:25:51.930222Z  INFO mm2_app::scripted: scripted player started a bounded escape after sustained low-speed throttle tick=30966 escapes=33 position=Vec3(1007.66296, 13.828896, -1273.8118) speed=0.05226173624396324 heading_rad=0.1556439846754074 bearing_rad=-0.03703127056360245 route_next=Some(365) gate=Vec3(2769.0564, 3.4061, -376.41574) aim=Vec3(1005.3472, 13.5897, -1285.6815)
2026-10-04T06:25:52.562622Z  INFO mm2_app::scripted: scripted player re-anchored onto its route after a bounded stuck tick=31194 reanchors=8 position=Vec3(1011.7025, 13.781605, -1266.5774) speed=-2.5176634788513184 heading_rad=0.4316686689853668 route_next=360 gate=Vec3(2769.0564, 3.4061, -376.41574) landing=Vec3(1009.4787, 13.715211, -1258.127)
2026-10-04T06:25:53.958568Z  INFO mm2_app::scripted: scripted player started a bounded escape after sustained low-speed throttle tick=31702 escapes=34 position=Vec3(1011.075, 13.844111, -1270.3733) speed=-0.7671938538551331 heading_rad=0.4925103187561035 bearing_rad=0.1186925619840622 route_next=Some(364) gate=Vec3(2769.0564, 3.4061, -376.41574) aim=Vec3(1006.6859, 13.73278, -1281.5625)
2026-10-04T06:25:55.692063Z  INFO mm2_app::scripted: scripted player started a bounded escape after sustained low-speed throttle tick=32328 escapes=35 position=Vec3(1011.0209, 13.852602, -1271.6825) speed=0.0020946823060512543 heading_rad=0.6908536553382874 bearing_rad=0.28775644302368164 route_next=Some(364) gate=Vec3(2769.0564, 3.4061, -376.41574) aim=Vec3(1006.2962, 13.73278, -1282.7616)
2026-10-04T06:25:57.846695Z  INFO mm2_app::scripted: scripted player started a bounded escape after sustained low-speed throttle tick=33056 escapes=36 position=Vec3(1006.57935, 13.881472, -1274.2892) speed=0.28898608684539795 heading_rad=0.12112922966480255 bearing_rad=0.00012931997480336577 route_next=Some(365) gate=Vec3(2769.0564, 3.4061, -376.41574) aim=Vec3(1005.1026, 13.5897, -1286.4341)
2026-10-04T06:25:59.081441Z  INFO mm2_app::scripted: scripted player started a bounded escape after sustained low-speed throttle tick=33496 escapes=37 position=Vec3(1006.2343, 13.826526, -1273.4664) speed=-0.0214141383767128 heading_rad=0.32126739621162415 bearing_rad=0.2465003877878189 route_next=Some(365) gate=Vec3(2769.0564, 3.4061, -376.41574) aim=Vec3(1005.311, 13.5897, -1285.793)
2026-10-04T06:26:00.641977Z  INFO mm2_app::scripted: scripted player started a bounded escape after sustained low-speed throttle tick=34046 escapes=38 position=Vec3(1009.1518, 13.885437, -1274.0305) speed=-0.028330696746706963 heading_rad=-0.09264876693487167 bearing_rad=-0.40830501914024353 route_next=Some(365) gate=Vec3(2769.0564, 3.4061, -376.41574) aim=Vec3(1005.4265, 13.5897, -1285.4376)
2026-10-04T06:26:01.822150Z  INFO mm2_app::scripted: scripted player started a bounded escape after sustained low-speed throttle tick=34460 escapes=39 position=Vec3(1009.13904, 13.881902, -1274.0349) speed=-0.024259129539132118 heading_rad=-0.06352580338716507 bearing_rad=-0.3782861530780792 route_next=Some(365) gate=Vec3(2769.0564, 3.4061, -376.41574) aim=Vec3(1005.42395, 13.5897, -1285.4454)
2026-10-04T06:26:02.420441Z  INFO mm2_app::scripted: scripted player re-anchored onto its route after a bounded stuck tick=34668 reanchors=9 position=Vec3(1008.90125, 13.81196, -1272.139) speed=-0.31775039434432983 heading_rad=0.11398030072450638 route_next=359 gate=Vec3(2769.0564, 3.4061, -376.41574) landing=Vec3(1006.4317, 13.464421, -1255.7422)
2026-10-04T06:26:04.719333Z  INFO mm2_app::scripted: scripted player started a bounded escape after sustained low-speed throttle tick=35474 escapes=40 position=Vec3(1010.0272, 13.844566, -1273.3958) speed=0.0024863388389348984 heading_rad=0.14620572328567505 bearing_rad=-0.2224399894475937 route_next=Some(365) gate=Vec3(2769.0564, 3.4061, -376.41574) aim=Vec3(1005.69727, 13.73278, -1284.6044)
2026-10-04T06:26:07.117342Z  INFO mm2_app::scripted: scripted player started a bounded escape after sustained low-speed throttle tick=36314 escapes=41 position=Vec3(1011.3511, 14.05596, -1273.7471) speed=0.013909362256526947 heading_rad=0.1046476811170578 bearing_rad=-0.3765227496623993 route_next=Some(365) gate=Vec3(2769.0564, 3.4061, -376.41574) aim=Vec3(1005.7217, 13.73278, -1284.5293)
2026-10-04T06:26:08.608594Z  INFO mm2_app::scripted: scripted player re-anchored onto its route after a bounded stuck tick=36838 reanchors=10 position=Vec3(1007.3287, 13.829068, -1273.5817) speed=9.026819229125977 heading_rad=0.4320064187049866 route_next=358 gate=Vec3(2769.0564, 3.4061, -376.41574) landing=Vec3(1003.9081, 13.297797, -1254.4722)
2026-10-04T06:26:10.327699Z  INFO mm2_app::scripted: scripted player started a bounded escape after sustained low-speed throttle tick=37446 escapes=42 position=Vec3(1010.149, 13.8425865, -1273.2333) speed=0.04938727989792824 heading_rad=-0.26708394289016724 bearing_rad=-0.641000509262085 route_next=Some(365) gate=Vec3(2769.0564, 3.4061, -376.41574) aim=Vec3(1005.7457, 13.73278, -1284.4553)
2026-10-04T06:26:11.969663Z  INFO mm2_app::scripted: scripted player started a bounded escape after sustained low-speed throttle tick=38024 escapes=43 position=Vec3(1010.3139, 13.836798, -1272.928) speed=0.5440515279769897 heading_rad=-0.31641292572021484 bearing_rad=-0.6937173008918762 route_next=Some(365) gate=Vec3(2769.0564, 3.4061, -376.41574) aim=Vec3(1005.7457, 13.73278, -1284.4553)
2026-10-04T06:26:13.636364Z  INFO mm2_app::scripted: scripted player started a bounded escape after sustained low-speed throttle tick=38620 escapes=44 position=Vec3(1008.7567, 13.856423, -1273.5186) speed=0.01372268795967102 heading_rad=-0.1338304877281189 bearing_rad=-0.4050232172012329 route_next=Some(365) gate=Vec3(2769.0564, 3.4061, -376.41574) aim=Vec3(1005.53876, 13.5897, -1285.0922)
2026-10-04T06:26:14.654156Z  INFO mm2_app::scripted: scripted player re-anchored onto its route after a bounded stuck tick=38994 reanchors=11 position=Vec3(1007.7419, 13.902048, -1273.786) speed=-0.34258148074150085 heading_rad=0.10761535167694092 route_next=362 gate=Vec3(2769.0564, 3.4061, -376.41574) landing=Vec3(1011.84186, 14.044766, -1262.669)
2026-10-04T06:26:15.895014Z  INFO mm2_app::scripted: scripted player started a bounded escape after sustained low-speed throttle tick=39442 escapes=45 position=Vec3(1010.5696, 13.827414, -1271.1659) speed=0.013107950799167156 heading_rad=0.11666963994503021 bearing_rad=-0.23754771053791046 route_next=Some(364) gate=Vec3(2769.0564, 3.4061, -376.41574) aim=Vec3(1006.4044, 13.73278, -1282.4287)
2026-10-04T06:26:18.580846Z  INFO mm2_app::scripted: scripted player started a bounded escape after sustained low-speed throttle tick=40374 escapes=46 position=Vec3(1011.13434, 13.8998165, -1273.4237) speed=0.030907541513442993 heading_rad=0.33017998933792114 bearing_rad=-0.12606531381607056 route_next=Some(364) gate=Vec3(2769.0564, 3.4061, -376.41574) aim=Vec3(1005.7958, 13.73278, -1284.3014)
2026-10-04T06:26:20.706507Z  INFO mm2_app::scripted: scripted player started a bounded escape after sustained low-speed throttle tick=41080 escapes=47 position=Vec3(1007.2598, 13.833104, -1273.6261) speed=-0.02287679724395275 heading_rad=-0.023796722292900085 bearing_rad=-0.18048448860645294 route_next=Some(365) gate=Vec3(2769.0564, 3.4061, -376.41574) aim=Vec3(1005.3629, 13.5897, -1285.6332)
2026-10-04T06:26:22.618168Z  INFO mm2_app::scripted: scripted player started a bounded escape after sustained low-speed throttle tick=41750 escapes=48 position=Vec3(1006.37915, 13.828943, -1273.5696) speed=0.01170227862894535 heading_rad=0.2288970947265625 bearing_rad=0.1407683938741684 route_next=Some(365) gate=Vec3(2769.0564, 3.4061, -376.41574) aim=Vec3(1005.2947, 13.5897, -1285.8433)
2026-10-04T06:26:23.032238Z  INFO mm2_app::scripted: scripted player re-anchored onto its route after a bounded stuck tick=41894 reanchors=12 position=Vec3(1008.1339, 13.767811, -1270.5073) speed=-3.3873291015625 heading_rad=-0.18242351710796356 route_next=360 gate=Vec3(2769.0564, 3.4061, -376.41574) landing=Vec3(1009.4787, 13.715211, -1258.127)
2026-10-04T06:26:24.612544Z  INFO mm2_app::scripted: scripted player started a bounded escape after sustained low-speed throttle tick=42446 escapes=49 position=Vec3(1009.1765, 13.857493, -1273.515) speed=0.005568704567849636 heading_rad=-0.3435988128185272 bearing_rad=-0.6479387283325195 route_next=Some(365) gate=Vec3(2769.0564, 3.4061, -376.41574) aim=Vec3(1005.58026, 13.5897, -1284.9645)
2026-10-04T06:26:26.475867Z  INFO mm2_app::scripted: scripted player started a bounded escape after sustained low-speed throttle tick=43116 escapes=50 position=Vec3(1008.78796, 13.858395, -1273.6519) speed=0.015818364918231964 heading_rad=-0.2759101986885071 bearing_rad=-0.5530014634132385 route_next=Some(365) gate=Vec3(2769.0564, 3.4061, -376.41574) aim=Vec3(1005.5026, 13.5897, -1285.2034)
2026-10-04T06:26:28.029761Z  INFO mm2_app::scripted: scripted player started a bounded escape after sustained low-speed throttle tick=43692 escapes=51 position=Vec3(1008.6997, 13.837182, -1273.8926) speed=-0.009536064229905605 heading_rad=0.32796475291252136 bearing_rad=0.05166856572031975 route_next=Some(365) gate=Vec3(2769.0564, 3.4061, -376.41574) aim=Vec3(1005.42346, 13.5897, -1285.447)
2026-10-04T06:26:30.074464Z  INFO mm2_app::scripted: scripted player started a bounded escape after sustained low-speed throttle tick=44468 escapes=52 position=Vec3(1011.4247, 14.051915, -1273.7198) speed=-0.01364647876471281 heading_rad=0.14827947318553925 bearing_rad=-0.3378821015357971 route_next=Some(365) gate=Vec3(2769.0564, 3.4061, -376.41574) aim=Vec3(1005.7368, 13.73278, -1284.4828)
2026-10-04T06:26:31.984414Z  INFO mm2_app::scripted: scripted player started a bounded escape after sustained low-speed throttle tick=45190 escapes=53 position=Vec3(1006.8809, 13.851877, -1273.6893) speed=0.010116233490407467 heading_rad=-0.024525262415409088 bearing_rad=-0.15366490185260773 route_next=Some(365) gate=Vec3(2769.0564, 3.4061, -376.41574) aim=Vec3(1005.30786, 13.5897, -1285.8026)
2026-10-04T06:26:33.428853Z  INFO mm2_app::scripted: scripted player started a bounded escape after sustained low-speed throttle tick=45742 escapes=54 position=Vec3(1006.39075, 13.828981, -1273.5782) speed=-0.003900607116520405 heading_rad=0.22172901034355164 bearing_rad=0.13251358270645142 route_next=Some(365) gate=Vec3(2769.0564, 3.4061, -376.41574) aim=Vec3(1005.2932, 13.5897, -1285.8477)
2026-10-04T06:26:34.986434Z  INFO mm2_app::scripted: scripted player started a bounded escape after sustained low-speed throttle tick=46336 escapes=55 position=Vec3(1008.0781, 13.834542, -1273.7408) speed=0.03683282434940338 heading_rad=0.41026073694229126 bearing_rad=0.1868802011013031 route_next=Some(365) gate=Vec3(2769.0564, 3.4061, -376.41574) aim=Vec3(1005.4081, 13.5897, -1285.4943)
2026-10-04T06:26:36.759275Z  INFO mm2_app::scripted: scripted player started a bounded escape after sustained low-speed throttle tick=47010 escapes=56 position=Vec3(1009.6483, 13.853145, -1273.3811) speed=0.005341082811355591 heading_rad=-0.027458302676677704 bearing_rad=-0.3657357394695282 route_next=Some(365) gate=Vec3(2769.0564, 3.4061, -376.41574) aim=Vec3(1005.6651, 13.73278, -1284.7035)
2026-10-04T06:26:38.222185Z  INFO mm2_app::scripted: scripted player started a bounded escape after sustained low-speed throttle tick=47594 escapes=57 position=Vec3(1008.89667, 13.857197, -1273.5757) speed=0.010641736909747124 heading_rad=-0.2173348367214203 bearing_rad=-0.5010712146759033 route_next=Some(365) gate=Vec3(2769.0564, 3.4061, -376.41574) aim=Vec3(1005.53546, 13.5897, -1285.1023)
2026-10-04T06:26:39.935770Z  INFO mm2_app::scripted: scripted player started a bounded escape after sustained low-speed throttle tick=48280 escapes=58 position=Vec3(1007.4977, 13.833232, -1273.6559) speed=0.004333017393946648 heading_rad=-0.12146923691034317 bearing_rad=-0.29733216762542725 route_next=Some(365) gate=Vec3(2769.0564, 3.4061, -376.41574) aim=Vec3(1005.3771, 13.5897, -1285.5896)
2026-10-04T06:26:41.447910Z  INFO mm2_app::scripted: scripted player started a bounded escape after sustained low-speed throttle tick=48886 escapes=59 position=Vec3(1007.54047, 13.828757, -1273.7063) speed=0.03669621795415878 heading_rad=0.023871779441833496 bearing_rad=-0.15659105777740479 route_next=Some(365) gate=Vec3(2769.0564, 3.4061, -376.41574) aim=Vec3(1005.3664, 13.5897, -1285.6224)
2026-10-04T06:26:43.257155Z  INFO mm2_app::scripted: scripted player started a bounded escape after sustained low-speed throttle tick=49610 escapes=60 position=Vec3(1009.5486, 13.859771, -1273.4067) speed=0.00861301552504301 heading_rad=-0.24720631539821625 bearing_rad=-0.5782446265220642 route_next=Some(365) gate=Vec3(2769.0564, 3.4061, -376.41574) aim=Vec3(1005.6479, 13.73278, -1284.7563)
2026-10-04T06:26:44.682159Z  INFO mm2_app::scripted: scripted player started a bounded escape after sustained low-speed throttle tick=50180 escapes=61 position=Vec3(1008.64923, 13.853866, -1273.907) speed=-0.006530014798045158 heading_rad=-0.2147887945175171 bearing_rad=-0.4874628186225891 route_next=Some(365) gate=Vec3(2769.0564, 3.4061, -376.41574) aim=Vec3(1005.41437, 13.5897, -1285.475)
2026-10-04T06:26:45.976289Z  INFO mm2_app::scripted: scripted player started a bounded escape after sustained low-speed throttle tick=50704 escapes=62 position=Vec3(1008.53784, 13.704439, -1269.0386) speed=0.042906053364276886 heading_rad=0.779840350151062 bearing_rad=0.6006731986999512 route_next=Some(365) gate=Vec3(2769.0564, 3.4061, -376.41574) aim=Vec3(1005.7457, 13.73278, -1284.4553)
2026-10-04T06:26:48.010724Z  INFO mm2_app::scripted: scripted player started a bounded escape after sustained low-speed throttle tick=51490 escapes=63 position=Vec3(1012.4232, 14.362926, -1273.899) speed=-0.016210027039051056 heading_rad=0.36443692445755005 bearing_rad=-0.19958123564720154 route_next=Some(365) gate=Vec3(2769.0564, 3.4061, -376.41574) aim=Vec3(1005.7457, 13.73278, -1284.4553)
2026-10-04T06:26:49.478174Z  INFO mm2_app::scripted: scripted player started a bounded escape after sustained low-speed throttle tick=52052 escapes=64 position=Vec3(1010.35315, 13.97588, -1274.3647) speed=-0.001258663833141327 heading_rad=0.5021631121635437 bearing_rad=0.083040252327919 route_next=Some(365) gate=Vec3(2769.0564, 3.4061, -376.41574) aim=Vec3(1005.44415, 13.5897, -1285.3833)
2026-10-04T06:26:50.596576Z  INFO mm2_app::scripted: scripted player started a bounded escape after sustained low-speed throttle tick=52466 escapes=65 position=Vec3(1011.09033, 13.906378, -1273.5146) speed=0.015881028026342392 heading_rad=0.2114075869321823 bearing_rad=-0.24300405383110046 route_next=Some(365) gate=Vec3(2769.0564, 3.4061, -376.41574) aim=Vec3(1005.7457, 13.73278, -1284.4553)
2026-10-04T06:26:52.784796Z  INFO mm2_app::scripted: scripted player started a bounded escape after sustained low-speed throttle tick=53242 escapes=66 position=Vec3(1009.85345, 14.08891, -1275.1183) speed=0.11880803853273392 heading_rad=1.2466514110565186 bearing_rad=0.8475491404533386 route_next=Some(365) gate=Vec3(2769.0564, 3.4061, -376.41574) aim=Vec3(1005.1746, 13.5897, -1286.2125)
2026-10-04T06:26:53.968439Z  INFO mm2_app::scripted: scripted player re-anchored onto its route after a bounded stuck tick=53666 reanchors=13 position=Vec3(1010.2638, 14.103638, -1275.0818) speed=-0.01692850887775421 heading_rad=1.1307681798934937 route_next=363 gate=Vec3(2769.0564, 3.4061, -376.41574) landing=Vec3(1011.44446, 14.1451235, -1267.0494)
2026-10-04T06:26:54.979698Z  INFO mm2_app::scripted: scripted player started a bounded escape after sustained low-speed throttle tick=54058 escapes=67 position=Vec3(1008.83923, 13.85518, -1273.9686) speed=0.01133726816624403 heading_rad=-0.06267096847295761 bearing_rad=-0.3519704043865204 route_next=Some(365) gate=Vec3(2769.0564, 3.4061, -376.41574) aim=Vec3(1005.41455, 13.5897, -1285.4744)
2026-10-04T06:26:56.682517Z  INFO mm2_app::scripted: scripted player started a bounded escape after sustained low-speed throttle tick=54682 escapes=68 position=Vec3(1007.7824, 13.828629, -1273.7965) speed=0.00430234894156456 heading_rad=0.09209568053483963 bearing_rad=-0.1095249280333519 route_next=Some(365) gate=Vec3(2769.0564, 3.4061, -376.41574) aim=Vec3(1005.3632, 13.5897, -1285.6322)
2026-10-04T06:26:58.217005Z  INFO mm2_app::scripted: scripted player started a bounded escape after sustained low-speed throttle tick=55272 escapes=69 position=Vec3(1007.86, 13.837932, -1273.875) speed=0.033333197236061096 heading_rad=0.17747314274311066 bearing_rad=-0.032214485108852386 route_next=Some(365) gate=Vec3(2769.0564, 3.4061, -376.41574) aim=Vec3(1005.34766, 13.5897, -1285.6802)
2026-10-04T06:26:58.708907Z  INFO mm2_app::scripted: scripted player re-anchored onto its route after a bounded stuck tick=55466 reanchors=14 position=Vec3(1010.79047, 13.761975, -1267.8185) speed=-4.572271347045898 heading_rad=0.8043558597564697 route_next=360 gate=Vec3(2769.0564, 3.4061, -376.41574) landing=Vec3(1009.4787, 13.715211, -1258.127)
2026-10-04T06:27:00.074292Z  INFO mm2_app::scripted: scripted player started a bounded escape after sustained low-speed throttle tick=55998 escapes=70 position=Vec3(1008.9964, 13.872588, -1273.5962) speed=0.003948666155338287 heading_rad=-0.6220898032188416 bearing_rad=-0.9142518043518066 route_next=Some(365) gate=Vec3(2769.0564, 3.4061, -376.41574) aim=Vec3(1005.53906, 13.5897, -1285.0912)
2026-10-04T06:27:01.399012Z  INFO mm2_app::scripted: scripted player started a bounded escape after sustained low-speed throttle tick=56514 escapes=71 position=Vec3(1006.42365, 13.831624, -1273.5917) speed=0.004298790358006954 heading_rad=0.20439596474170685 bearing_rad=0.11237507313489914 route_next=Some(365) gate=Vec3(2769.0564, 3.4061, -376.41574) aim=Vec3(1005.2924, 13.5897, -1285.8501)
2026-10-04T06:27:02.938798Z  INFO mm2_app::scripted: scripted player started a bounded escape after sustained low-speed throttle tick=57108 escapes=72 position=Vec3(1008.12933, 13.834872, -1273.754) speed=0.02823002263903618 heading_rad=0.40077441930770874 bearing_rad=0.1730300784111023 route_next=Some(365) gate=Vec3(2769.0564, 3.4061, -376.41574) aim=Vec3(1005.4091, 13.5897, -1285.491)
2026-10-04T06:27:04.662323Z  INFO mm2_app::scripted: scripted player started a bounded escape after sustained low-speed throttle tick=57770 escapes=73 position=Vec3(1009.5503, 13.851731, -1273.3789) speed=0.004323123954236507 heading_rad=-0.006818223744630814 bearing_rad=-0.3372761309146881 route_next=Some(365) gate=Vec3(2769.0564, 3.4061, -376.41574) aim=Vec3(1005.65625, 13.73278, -1284.7306)
2026-10-04T06:27:06.249156Z  INFO mm2_app::scripted: scripted player started a bounded escape after sustained low-speed throttle tick=58376 escapes=74 position=Vec3(1008.52203, 13.837052, -1273.9645) speed=-0.001013314351439476 heading_rad=0.17563824355602264 bearing_rad=-0.08845771849155426 route_next=Some(365) gate=Vec3(2769.0564, 3.4061, -376.41574) aim=Vec3(1005.3852, 13.5897, -1285.5647)
2026-10-04T06:27:07.965450Z  INFO mm2_app::scripted: scripted player started a bounded escape after sustained low-speed throttle tick=59036 escapes=75 position=Vec3(1007.20074, 13.831242, -1273.7441) speed=-0.00161841232329607 heading_rad=0.19269312918186188 bearing_rad=0.03760587424039841 route_next=Some(365) gate=Vec3(2769.0564, 3.4061, -376.41574) aim=Vec3(1005.3226, 13.5897, -1285.7573)
2026-10-04T06:27:09.350439Z  INFO mm2_app::scripted: scripted player started a bounded escape after sustained low-speed throttle tick=59578 escapes=76 position=Vec3(1008.86316, 13.864927, -1274.1127) speed=-0.0030025928281247616 heading_rad=0.18395189940929413 bearing_rad=-0.11094937473535538 route_next=Some(365) gate=Vec3(2769.0564, 3.4061, -376.41574) aim=Vec3(1005.3746, 13.5897, -1285.5974)
2026-10-04T06:27:10.881350Z  INFO mm2_app::scripted: scripted player started a bounded escape after sustained low-speed throttle tick=60176 escapes=77 position=Vec3(1010.17694, 13.852502, -1273.3954) speed=0.00840074848383665 heading_rad=0.04483102262020111 bearing_rad=-0.33563101291656494 route_next=Some(365) gate=Vec3(2769.0564, 3.4061, -376.41574) aim=Vec3(1005.7118, 13.73278, -1284.5597)
2026-10-04T06:27:12.726870Z  INFO mm2_app::scripted: scripted player started a bounded escape after sustained low-speed throttle tick=60894 escapes=78 position=Vec3(1007.2203, 13.897454, -1273.9889) speed=0.07061757892370224 heading_rad=0.2243521809577942 bearing_rad=0.061607856303453445 route_next=Some(365) gate=Vec3(2769.0564, 3.4061, -376.41574) aim=Vec3(1005.25256, 13.5897, -1285.9728)
2026-10-04T06:27:14.055002Z  INFO mm2_app::scripted: scripted player started a bounded escape after sustained low-speed throttle tick=61410 escapes=79 position=Vec3(1007.3975, 13.830504, -1273.8022) speed=0.029200877994298935 heading_rad=0.2187090963125229 bearing_rad=0.04693154618144035 route_next=Some(365) gate=Vec3(2769.0564, 3.4061, -376.41574) aim=Vec3(1005.32446, 13.5897, -1285.7516)
2026-10-04T06:27:15.462943Z  INFO mm2_app::scripted: scripted player started a bounded escape after sustained low-speed throttle tick=61956 escapes=80 position=Vec3(1008.8719, 13.85744, -1273.9803) speed=-0.018681874498724937 heading_rad=-0.047107353806495667 bearing_rad=-0.3392966389656067 route_next=Some(365) gate=Vec3(2769.0564, 3.4061, -376.41574) aim=Vec3(1005.41425, 13.5897, -1285.4752)
2026-10-04T06:27:16.884063Z  INFO mm2_app::scripted: scripted player re-anchored onto its route after a bounded stuck tick=62512 reanchors=15 position=Vec3(1008.207, 13.868578, -1273.8539) speed=0.046463847160339355 heading_rad=0.009320762939751148 route_next=363 gate=Vec3(2769.0564, 3.4061, -376.41574) landing=Vec3(1011.6083, 14.137657, -1266.5503)
2026-10-04T06:27:17.904939Z  INFO mm2_app::scripted: scripted player started a bounded escape after sustained low-speed throttle tick=62910 escapes=81 position=Vec3(1008.8182, 13.854358, -1273.9596) speed=0.015708180144429207 heading_rad=-0.0785362496972084 bearing_rad=-0.36593756079673767 route_next=Some(365) gate=Vec3(2769.0564, 3.4061, -376.41574) aim=Vec3(1005.41516, 13.5897, -1285.4724)
2026-10-04T06:27:19.544214Z  INFO mm2_app::scripted: scripted player started a bounded escape after sustained low-speed throttle tick=63546 escapes=82 position=Vec3(1006.88873, 13.835939, -1273.6814) speed=0.004102230537682772 heading_rad=0.16044533252716064 bearing_rad=0.030903737992048264 route_next=Some(365) gate=Vec3(2769.0564, 3.4061, -376.41574) aim=Vec3(1005.3109, 13.5897, -1285.7932)
2026-10-04T06:27:21.100632Z  INFO mm2_app::scripted: scripted player started a bounded escape after sustained low-speed throttle tick=64148 escapes=83 position=Vec3(1007.6428, 13.828807, -1273.7168) speed=-0.019108297303318977 heading_rad=-0.005827609449625015 bearing_rad=-0.19452223181724548 route_next=Some(365) gate=Vec3(2769.0564, 3.4061, -376.41574) aim=Vec3(1005.3732, 13.5897, -1285.6016)
2026-10-04T06:27:23.050670Z  INFO mm2_app::scripted: scripted player started a bounded escape after sustained low-speed throttle tick=64900 escapes=84 position=Vec3(1010.4307, 13.856117, -1273.2893) speed=0.0432501956820488 heading_rad=-0.3505817651748657 bearing_rad=-0.747849702835083 route_next=Some(365) gate=Vec3(2769.0564, 3.4061, -376.41574) aim=Vec3(1005.7457, 13.73278, -1284.4553)
2026-10-04T06:27:24.651510Z  INFO mm2_app::scripted: scripted player started a bounded escape after sustained low-speed throttle tick=65496 escapes=85 position=Vec3(1008.4662, 13.84952, -1273.8809) speed=0.03202380612492561 heading_rad=-0.3147604167461395 bearing_rad=-0.5722998976707458 route_next=Some(365) gate=Vec3(2769.0564, 3.4061, -376.41574) aim=Vec3(1005.40436, 13.5897, -1285.5056)
2026-10-04T06:27:26.331465Z  INFO mm2_app::scripted: scripted player started a bounded escape after sustained low-speed throttle tick=66096 escapes=86 position=Vec3(1007.89044, 13.832471, -1273.7941) speed=0.005602754652500153 heading_rad=0.3920574188232422 bearing_rad=0.18204206228256226 route_next=Some(365) gate=Vec3(2769.0564, 3.4061, -376.41574) aim=Vec3(1005.3743, 13.5897, -1285.598)
2026-10-04T06:27:27.900134Z  INFO mm2_app::scripted: scripted player started a bounded escape after sustained low-speed throttle tick=66700 escapes=87 position=Vec3(1007.23914, 13.829702, -1273.7125) speed=0.0026932982727885246 heading_rad=0.2902413010597229 bearing_rad=0.1329847276210785 route_next=Some(365) gate=Vec3(2769.0564, 3.4061, -376.41574) aim=Vec3(1005.3356, 13.5897, -1285.7174)
2026-10-04T06:27:29.852903Z  INFO mm2_app::scripted: scripted player started a bounded escape after sustained low-speed throttle tick=67458 escapes=88 position=Vec3(1010.8673, 13.895953, -1273.3823) speed=0.0546690970659256 heading_rad=-0.12980739772319794 bearing_rad=-0.5630313754081726 route_next=Some(365) gate=Vec3(2769.0564, 3.4061, -376.41574) aim=Vec3(1005.7457, 13.73278, -1284.4553)
2026-10-04T06:27:31.778297Z  INFO mm2_app::scripted: scripted player started a bounded escape after sustained low-speed throttle tick=68192 escapes=89 position=Vec3(1006.86, 13.856414, -1273.7112) speed=0.004112222231924534 heading_rad=-0.012573572807013988 bearing_rad=-0.14065754413604736 route_next=Some(365) gate=Vec3(2769.0564, 3.4061, -376.41574) aim=Vec3(1005.2994, 13.5897, -1285.8287)
2026-10-04T06:27:33.248816Z  INFO mm2_app::scripted: scripted player started a bounded escape after sustained low-speed throttle tick=68740 escapes=90 position=Vec3(1006.37585, 13.828755, -1273.5677) speed=-0.0038180621340870857 heading_rad=0.23083405196666718 bearing_rad=0.14299529790878296 route_next=Some(365) gate=Vec3(2769.0564, 3.4061, -376.41574) aim=Vec3(1005.29486, 13.5897, -1285.8427)
2026-10-04T06:27:34.802392Z  INFO mm2_app::scripted: scripted player started a bounded escape after sustained low-speed throttle tick=69336 escapes=91 position=Vec3(1008.02246, 13.834039, -1273.7432) speed=0.022923242300748825 heading_rad=0.3803483247756958 bearing_rad=0.16127914190292358 route_next=Some(365) gate=Vec3(2769.0564, 3.4061, -376.41574) aim=Vec3(1005.40204, 13.5897, -1285.5128)
2026-10-04T06:27:36.848798Z  INFO mm2_app::scripted: scripted player started a bounded escape after sustained low-speed throttle tick=70116 escapes=92 position=Vec3(1011.5142, 14.097132, -1273.7623) speed=-0.0021493001841008663 heading_rad=0.12687402963638306 bearing_rad=-0.3672344982624054 route_next=Some(365) gate=Vec3(2769.0564, 3.4061, -376.41574) aim=Vec3(1005.7329, 13.73278, -1284.4948)
2026-10-04T06:27:38.674631Z  INFO mm2_app::scripted: scripted player started a bounded escape after sustained low-speed throttle tick=70810 escapes=93 position=Vec3(1008.4344, 13.841411, -1273.8875) speed=-0.006845726631581783 heading_rad=-0.01862422190606594 bearing_rad=-0.2738223969936371 route_next=Some(365) gate=Vec3(2769.0564, 3.4061, -376.41574) aim=Vec3(1005.39935, 13.5897, -1285.521)
2026-10-04T06:27:40.011484Z  INFO mm2_app::scripted: scripted player re-anchored onto its route after a bounded stuck tick=71332 reanchors=16 position=Vec3(1011.52484, 13.920441, -1272.3666) speed=6.9781928062438965 heading_rad=0.0967286080121994 route_next=361 gate=Vec3(2769.0564, 3.4061, -376.41574) landing=Vec3(1011.6534, 13.997128, -1261.4841)
2026-10-04T06:27:41.261260Z  INFO mm2_app::scripted: scripted player started a bounded escape after sustained low-speed throttle tick=71826 escapes=94 position=Vec3(1010.39417, 13.854227, -1273.2831) speed=0.011643297970294952 heading_rad=-0.34390968084335327 bearing_rad=-0.7381924986839294 route_next=Some(365) gate=Vec3(2769.0564, 3.4061, -376.41574) aim=Vec3(1005.7457, 13.73278, -1284.4553)
2026-10-04T06:27:42.460279Z  INFO mm2_app::scripted: scripted player started a bounded escape after sustained low-speed throttle tick=72296 escapes=95 position=Vec3(1010.40314, 13.659075, -1265.258) speed=-0.028822120279073715 heading_rad=1.8208898305892944 bearing_rad=1.5828803777694702 route_next=Some(365) gate=Vec3(2769.0564, 3.4061, -376.41574) aim=Vec3(1005.7457, 13.73278, -1284.4553)
2026-10-04T06:27:44.218952Z  INFO mm2_app::scripted: scripted player started a bounded escape after sustained low-speed throttle tick=72980 escapes=96 position=Vec3(1008.01135, 13.834588, -1273.7828) speed=0.0438990518450737 heading_rad=-0.06741410493850708 bearing_rad=-0.28662052750587463 route_next=Some(365) gate=Vec3(2769.0564, 3.4061, -376.41574) aim=Vec3(1005.38934, 13.5897, -1285.552)
2026-10-04T06:27:45.272387Z  INFO mm2_app::scripted: scripted player re-anchored onto its route after a bounded stuck tick=73394 reanchors=17 position=Vec3(1010.9175, 13.746194, -1266.6986) speed=3.3851161003112793 heading_rad=-0.29400208592414856 route_next=360 gate=Vec3(2769.0564, 3.4061, -376.41574) landing=Vec3(1009.4787, 13.715211, -1258.127)
2026-10-04T06:27:46.641656Z  INFO mm2_app::scripted: scripted player started a bounded escape after sustained low-speed throttle tick=73926 escapes=97 position=Vec3(1008.9964, 13.872588, -1273.5962) speed=0.003948666155338287 heading_rad=-0.6220898032188416 bearing_rad=-0.9142518043518066 route_next=Some(365) gate=Vec3(2769.0564, 3.4061, -376.41574) aim=Vec3(1005.53906, 13.5897, -1285.0912)
2026-10-04T06:27:47.961515Z  INFO mm2_app::scripted: scripted player started a bounded escape after sustained low-speed throttle tick=74442 escapes=98 position=Vec3(1006.42365, 13.831624, -1273.5917) speed=0.004298790358006954 heading_rad=0.20439596474170685 bearing_rad=0.11237507313489914 route_next=Some(365) gate=Vec3(2769.0564, 3.4061, -376.41574) aim=Vec3(1005.2924, 13.5897, -1285.8501)
2026-10-04T06:27:49.492638Z  INFO mm2_app::scripted: scripted player started a bounded escape after sustained low-speed throttle tick=75036 escapes=99 position=Vec3(1008.12933, 13.834872, -1273.754) speed=0.02823002263903618 heading_rad=0.40077441930770874 bearing_rad=0.1730300784111023 route_next=Some(365) gate=Vec3(2769.0564, 3.4061, -376.41574) aim=Vec3(1005.4091, 13.5897, -1285.491)
2026-10-04T06:27:51.196200Z  INFO mm2_app::scripted: scripted player started a bounded escape after sustained low-speed throttle tick=75698 escapes=100 position=Vec3(1009.5503, 13.851731, -1273.3789) speed=0.004323123954236507 heading_rad=-0.006818223744630814 bearing_rad=-0.3372761309146881 route_next=Some(365) gate=Vec3(2769.0564, 3.4061, -376.41574) aim=Vec3(1005.65625, 13.73278, -1284.7306)
2026-10-04T06:27:52.754494Z  INFO mm2_app::scripted: scripted player started a bounded escape after sustained low-speed throttle tick=76304 escapes=101 position=Vec3(1008.52203, 13.837052, -1273.9645) speed=-0.001013314351439476 heading_rad=0.17563824355602264 bearing_rad=-0.08845771849155426 route_next=Some(365) gate=Vec3(2769.0564, 3.4061, -376.41574) aim=Vec3(1005.3852, 13.5897, -1285.5647)
2026-10-04T06:27:54.443999Z  INFO mm2_app::scripted: scripted player started a bounded escape after sustained low-speed throttle tick=76964 escapes=102 position=Vec3(1007.20074, 13.831242, -1273.7441) speed=-0.00161841232329607 heading_rad=0.19269312918186188 bearing_rad=0.03760587424039841 route_next=Some(365) gate=Vec3(2769.0564, 3.4061, -376.41574) aim=Vec3(1005.3226, 13.5897, -1285.7573)
2026-10-04T06:27:55.834742Z  INFO mm2_app::scripted: scripted player started a bounded escape after sustained low-speed throttle tick=77506 escapes=103 position=Vec3(1008.86316, 13.864927, -1274.1127) speed=-0.0030025928281247616 heading_rad=0.18395189940929413 bearing_rad=-0.11094937473535538 route_next=Some(365) gate=Vec3(2769.0564, 3.4061, -376.41574) aim=Vec3(1005.3746, 13.5897, -1285.5974)
2026-10-04T06:27:57.516238Z  INFO mm2_app::scripted: scripted player started a bounded escape after sustained low-speed throttle tick=78104 escapes=104 position=Vec3(1010.17694, 13.852502, -1273.3954) speed=0.00840074848383665 heading_rad=0.04483102262020111 bearing_rad=-0.33563101291656494 route_next=Some(365) gate=Vec3(2769.0564, 3.4061, -376.41574) aim=Vec3(1005.7118, 13.73278, -1284.5597)
2026-10-04T06:27:59.536309Z  INFO mm2_app::scripted: scripted player started a bounded escape after sustained low-speed throttle tick=78822 escapes=105 position=Vec3(1007.2203, 13.897454, -1273.9889) speed=0.07061757892370224 heading_rad=0.2243521809577942 bearing_rad=0.061607856303453445 route_next=Some(365) gate=Vec3(2769.0564, 3.4061, -376.41574) aim=Vec3(1005.25256, 13.5897, -1285.9728)
2026-10-04T06:28:00.914943Z  INFO mm2_app::scripted: scripted player started a bounded escape after sustained low-speed throttle tick=79338 escapes=106 position=Vec3(1007.3975, 13.830504, -1273.8022) speed=0.029200877994298935 heading_rad=0.2187090963125229 bearing_rad=0.04693154618144035 route_next=Some(365) gate=Vec3(2769.0564, 3.4061, -376.41574) aim=Vec3(1005.32446, 13.5897, -1285.7516)
2026-10-04T06:28:02.319776Z  INFO mm2_app::scripted: scripted player started a bounded escape after sustained low-speed throttle tick=79884 escapes=107 position=Vec3(1008.8719, 13.85744, -1273.9803) speed=-0.018681874498724937 heading_rad=-0.047107353806495667 bearing_rad=-0.3392966389656067 route_next=Some(365) gate=Vec3(2769.0564, 3.4061, -376.41574) aim=Vec3(1005.41425, 13.5897, -1285.4752)
2026-10-04T06:28:03.734550Z  INFO mm2_app::scripted: scripted player re-anchored onto its route after a bounded stuck tick=80440 reanchors=18 position=Vec3(1008.207, 13.868578, -1273.8539) speed=0.046463847160339355 heading_rad=0.009320762939751148 route_next=363 gate=Vec3(2769.0564, 3.4061, -376.41574) landing=Vec3(1011.6083, 14.137657, -1266.5503)
2026-10-04T06:28:04.747272Z  INFO mm2_app::scripted: scripted player started a bounded escape after sustained low-speed throttle tick=80838 escapes=108 position=Vec3(1008.8182, 13.854358, -1273.9596) speed=0.015708180144429207 heading_rad=-0.0785362496972084 bearing_rad=-0.36593756079673767 route_next=Some(365) gate=Vec3(2769.0564, 3.4061, -376.41574) aim=Vec3(1005.41516, 13.5897, -1285.4724)
2026-10-04T06:28:06.386282Z  INFO mm2_app::scripted: scripted player started a bounded escape after sustained low-speed throttle tick=81474 escapes=109 position=Vec3(1006.88873, 13.835939, -1273.6814) speed=0.004102230537682772 heading_rad=0.16044533252716064 bearing_rad=0.030903737992048264 route_next=Some(365) gate=Vec3(2769.0564, 3.4061, -376.41574) aim=Vec3(1005.3109, 13.5897, -1285.7932)
2026-10-04T06:28:07.938405Z  INFO mm2_app::scripted: scripted player started a bounded escape after sustained low-speed throttle tick=82076 escapes=110 position=Vec3(1007.6428, 13.828807, -1273.7168) speed=-0.019108297303318977 heading_rad=-0.005827609449625015 bearing_rad=-0.19452223181724548 route_next=Some(365) gate=Vec3(2769.0564, 3.4061, -376.41574) aim=Vec3(1005.3732, 13.5897, -1285.6016)
2026-10-04T06:28:09.870515Z  INFO mm2_app::scripted: scripted player started a bounded escape after sustained low-speed throttle tick=82828 escapes=111 position=Vec3(1010.4307, 13.856117, -1273.2893) speed=0.0432501956820488 heading_rad=-0.3505817651748657 bearing_rad=-0.747849702835083 route_next=Some(365) gate=Vec3(2769.0564, 3.4061, -376.41574) aim=Vec3(1005.7457, 13.73278, -1284.4553)
2026-10-04T06:28:11.406848Z  INFO mm2_app::scripted: scripted player started a bounded escape after sustained low-speed throttle tick=83424 escapes=112 position=Vec3(1008.4662, 13.84952, -1273.8809) speed=0.03202380612492561 heading_rad=-0.3147604167461395 bearing_rad=-0.5722998976707458 route_next=Some(365) gate=Vec3(2769.0564, 3.4061, -376.41574) aim=Vec3(1005.40436, 13.5897, -1285.5056)
2026-10-04T06:28:12.949161Z  INFO mm2_app::scripted: scripted player started a bounded escape after sustained low-speed throttle tick=84024 escapes=113 position=Vec3(1007.89044, 13.832471, -1273.7941) speed=0.005602754652500153 heading_rad=0.3920574188232422 bearing_rad=0.18204206228256226 route_next=Some(365) gate=Vec3(2769.0564, 3.4061, -376.41574) aim=Vec3(1005.3743, 13.5897, -1285.598)
2026-10-04T06:28:14.500954Z  INFO mm2_app::scripted: scripted player started a bounded escape after sustained low-speed throttle tick=84628 escapes=114 position=Vec3(1007.23914, 13.829702, -1273.7125) speed=0.0026932982727885246 heading_rad=0.2902413010597229 bearing_rad=0.1329847276210785 route_next=Some(365) gate=Vec3(2769.0564, 3.4061, -376.41574) aim=Vec3(1005.3356, 13.5897, -1285.7174)
2026-10-04T06:28:16.454469Z  INFO mm2_app::scripted: scripted player started a bounded escape after sustained low-speed throttle tick=85386 escapes=115 position=Vec3(1010.8673, 13.895953, -1273.3823) speed=0.0546690970659256 heading_rad=-0.12980739772319794 bearing_rad=-0.5630313754081726 route_next=Some(365) gate=Vec3(2769.0564, 3.4061, -376.41574) aim=Vec3(1005.7457, 13.73278, -1284.4553)
2026-10-04T06:28:18.336018Z  INFO mm2_app::scripted: scripted player started a bounded escape after sustained low-speed throttle tick=86120 escapes=116 position=Vec3(1006.86, 13.856414, -1273.7112) speed=0.004112222231924534 heading_rad=-0.012573572807013988 bearing_rad=-0.14065754413604736 route_next=Some(365) gate=Vec3(2769.0564, 3.4061, -376.41574) aim=Vec3(1005.2994, 13.5897, -1285.8287)
2026-10-04T06:28:19.734669Z  INFO mm2_app::scripted: scripted player started a bounded escape after sustained low-speed throttle tick=86668 escapes=117 position=Vec3(1006.37585, 13.828755, -1273.5677) speed=-0.0038180621340870857 heading_rad=0.23083405196666718 bearing_rad=0.14299529790878296 route_next=Some(365) gate=Vec3(2769.0564, 3.4061, -376.41574) aim=Vec3(1005.29486, 13.5897, -1285.8427)
2026-10-04T06:28:21.268093Z  INFO mm2_app::scripted: scripted player started a bounded escape after sustained low-speed throttle tick=87264 escapes=118 position=Vec3(1008.02246, 13.834039, -1273.7432) speed=0.022923242300748825 heading_rad=0.3803483247756958 bearing_rad=0.16127914190292358 route_next=Some(365) gate=Vec3(2769.0564, 3.4061, -376.41574) aim=Vec3(1005.40204, 13.5897, -1285.5128)
2026-10-04T06:28:23.220772Z  INFO mm2_app::scripted: scripted player started a bounded escape after sustained low-speed throttle tick=88044 escapes=119 position=Vec3(1011.5142, 14.097132, -1273.7623) speed=-0.0021493001841008663 heading_rad=0.12687402963638306 bearing_rad=-0.3672344982624054 route_next=Some(365) gate=Vec3(2769.0564, 3.4061, -376.41574) aim=Vec3(1005.7329, 13.73278, -1284.4948)
2026-10-04T06:28:24.959459Z  INFO mm2_app::scripted: scripted player started a bounded escape after sustained low-speed throttle tick=88738 escapes=120 position=Vec3(1008.4344, 13.841411, -1273.8875) speed=-0.006845726631581783 heading_rad=-0.01862422190606594 bearing_rad=-0.2738223969936371 route_next=Some(365) gate=Vec3(2769.0564, 3.4061, -376.41574) aim=Vec3(1005.39935, 13.5897, -1285.521)
2026-10-04T06:28:26.245513Z  INFO mm2_app::scripted: scripted player re-anchored onto its route after a bounded stuck tick=89260 reanchors=19 position=Vec3(1011.52484, 13.920441, -1272.3666) speed=6.9781928062438965 heading_rad=0.0967286080121994 route_next=361 gate=Vec3(2769.0564, 3.4061, -376.41574) landing=Vec3(1011.6534, 13.997128, -1261.4841)
2026-10-04T06:28:27.508162Z  INFO mm2_app::scripted: scripted player started a bounded escape after sustained low-speed throttle tick=89754 escapes=121 position=Vec3(1010.39417, 13.854227, -1273.2831) speed=0.011643297970294952 heading_rad=-0.34390968084335327 bearing_rad=-0.7381924986839294 route_next=Some(365) gate=Vec3(2769.0564, 3.4061, -376.41574) aim=Vec3(1005.7457, 13.73278, -1284.4553)
2026-10-04T06:28:28.703320Z  INFO mm2_app::scripted: scripted player started a bounded escape after sustained low-speed throttle tick=90224 escapes=122 position=Vec3(1010.40314, 13.659075, -1265.258) speed=-0.028822120279073715 heading_rad=1.8208898305892944 bearing_rad=1.5828803777694702 route_next=Some(365) gate=Vec3(2769.0564, 3.4061, -376.41574) aim=Vec3(1005.7457, 13.73278, -1284.4553)
2026-10-04T06:28:30.512633Z  INFO mm2_app::scripted: scripted player started a bounded escape after sustained low-speed throttle tick=90908 escapes=123 position=Vec3(1008.01135, 13.834588, -1273.7828) speed=0.0438990518450737 heading_rad=-0.06741410493850708 bearing_rad=-0.28662052750587463 route_next=Some(365) gate=Vec3(2769.0564, 3.4061, -376.41574) aim=Vec3(1005.38934, 13.5897, -1285.552)
2026-10-04T06:28:31.574596Z  INFO mm2_app::scripted: scripted player re-anchored onto its route after a bounded stuck tick=91322 reanchors=20 position=Vec3(1010.9175, 13.746194, -1266.6986) speed=3.3851161003112793 heading_rad=-0.29400208592414856 route_next=360 gate=Vec3(2769.0564, 3.4061, -376.41574) landing=Vec3(1009.4787, 13.715211, -1258.127)
2026-10-04T06:28:33.072691Z  INFO mm2_app::scripted: scripted player started a bounded escape after sustained low-speed throttle tick=91854 escapes=124 position=Vec3(1008.9964, 13.872588, -1273.5962) speed=0.003948666155338287 heading_rad=-0.6220898032188416 bearing_rad=-0.9142518043518066 route_next=Some(365) gate=Vec3(2769.0564, 3.4061, -376.41574) aim=Vec3(1005.53906, 13.5897, -1285.0912)
2026-10-04T06:28:34.399109Z  INFO mm2_app::scripted: scripted player started a bounded escape after sustained low-speed throttle tick=92370 escapes=125 position=Vec3(1006.42365, 13.831624, -1273.5917) speed=0.004298790358006954 heading_rad=0.20439596474170685 bearing_rad=0.11237507313489914 route_next=Some(365) gate=Vec3(2769.0564, 3.4061, -376.41574) aim=Vec3(1005.2924, 13.5897, -1285.8501)
2026-10-04T06:28:35.912836Z  INFO mm2_app::scripted: scripted player started a bounded escape after sustained low-speed throttle tick=92964 escapes=126 position=Vec3(1008.12933, 13.834872, -1273.754) speed=0.02823002263903618 heading_rad=0.40077441930770874 bearing_rad=0.1730300784111023 route_next=Some(365) gate=Vec3(2769.0564, 3.4061, -376.41574) aim=Vec3(1005.4091, 13.5897, -1285.491)
2026-10-04T06:28:37.606145Z  INFO mm2_app::scripted: scripted player started a bounded escape after sustained low-speed throttle tick=93626 escapes=127 position=Vec3(1009.5503, 13.851731, -1273.3789) speed=0.004323123954236507 heading_rad=-0.006818223744630814 bearing_rad=-0.3372761309146881 route_next=Some(365) gate=Vec3(2769.0564, 3.4061, -376.41574) aim=Vec3(1005.65625, 13.73278, -1284.7306)
2026-10-04T06:28:39.159901Z  INFO mm2_app::scripted: scripted player started a bounded escape after sustained low-speed throttle tick=94232 escapes=128 position=Vec3(1008.52203, 13.837052, -1273.9645) speed=-0.001013314351439476 heading_rad=0.17563824355602264 bearing_rad=-0.08845771849155426 route_next=Some(365) gate=Vec3(2769.0564, 3.4061, -376.41574) aim=Vec3(1005.3852, 13.5897, -1285.5647)
2026-10-04T06:28:40.849271Z  INFO mm2_app::scripted: scripted player started a bounded escape after sustained low-speed throttle tick=94892 escapes=129 position=Vec3(1007.20074, 13.831242, -1273.7441) speed=-0.00161841232329607 heading_rad=0.19269312918186188 bearing_rad=0.03760587424039841 route_next=Some(365) gate=Vec3(2769.0564, 3.4061, -376.41574) aim=Vec3(1005.3226, 13.5897, -1285.7573)
2026-10-04T06:28:42.244175Z  INFO mm2_app::scripted: scripted player started a bounded escape after sustained low-speed throttle tick=95434 escapes=130 position=Vec3(1008.86316, 13.864927, -1274.1127) speed=-0.0030025928281247616 heading_rad=0.18395189940929413 bearing_rad=-0.11094937473535538 route_next=Some(365) gate=Vec3(2769.0564, 3.4061, -376.41574) aim=Vec3(1005.3746, 13.5897, -1285.5974)
2026-10-04T06:28:43.776191Z  INFO mm2_app::scripted: scripted player started a bounded escape after sustained low-speed throttle tick=96032 escapes=131 position=Vec3(1010.17694, 13.852502, -1273.3954) speed=0.00840074848383665 heading_rad=0.04483102262020111 bearing_rad=-0.33563101291656494 route_next=Some(365) gate=Vec3(2769.0564, 3.4061, -376.41574) aim=Vec3(1005.7118, 13.73278, -1284.5597)
2026-10-04T06:28:45.549034Z  INFO mm2_app::scripted: scripted player started a bounded escape after sustained low-speed throttle tick=96750 escapes=132 position=Vec3(1007.2203, 13.897454, -1273.9889) speed=0.07061757892370224 heading_rad=0.2243521809577942 bearing_rad=0.061607856303453445 route_next=Some(365) gate=Vec3(2769.0564, 3.4061, -376.41574) aim=Vec3(1005.25256, 13.5897, -1285.9728)
2026-10-04T06:28:46.821585Z  INFO mm2_app::scripted: scripted player started a bounded escape after sustained low-speed throttle tick=97266 escapes=133 position=Vec3(1007.3975, 13.830504, -1273.8022) speed=0.029200877994298935 heading_rad=0.2187090963125229 bearing_rad=0.04693154618144035 route_next=Some(365) gate=Vec3(2769.0564, 3.4061, -376.41574) aim=Vec3(1005.32446, 13.5897, -1285.7516)
2026-10-04T06:28:48.203063Z  INFO mm2_app::scripted: scripted player started a bounded escape after sustained low-speed throttle tick=97812 escapes=134 position=Vec3(1008.8719, 13.85744, -1273.9803) speed=-0.018681874498724937 heading_rad=-0.047107353806495667 bearing_rad=-0.3392966389656067 route_next=Some(365) gate=Vec3(2769.0564, 3.4061, -376.41574) aim=Vec3(1005.41425, 13.5897, -1285.4752)
2026-10-04T06:28:49.598186Z  INFO mm2_app::scripted: scripted player re-anchored onto its route after a bounded stuck tick=98368 reanchors=21 position=Vec3(1008.207, 13.868578, -1273.8539) speed=0.046463847160339355 heading_rad=0.009320762939751148 route_next=363 gate=Vec3(2769.0564, 3.4061, -376.41574) landing=Vec3(1011.6083, 14.137657, -1266.5503)
2026-10-04T06:28:50.618642Z  INFO mm2_app::scripted: scripted player started a bounded escape after sustained low-speed throttle tick=98766 escapes=135 position=Vec3(1008.8182, 13.854358, -1273.9596) speed=0.015708180144429207 heading_rad=-0.0785362496972084 bearing_rad=-0.36593756079673767 route_next=Some(365) gate=Vec3(2769.0564, 3.4061, -376.41574) aim=Vec3(1005.41516, 13.5897, -1285.4724)
2026-10-04T06:28:52.240704Z  INFO mm2_app::scripted: scripted player started a bounded escape after sustained low-speed throttle tick=99402 escapes=136 position=Vec3(1006.88873, 13.835939, -1273.6814) speed=0.004102230537682772 heading_rad=0.16044533252716064 bearing_rad=0.030903737992048264 route_next=Some(365) gate=Vec3(2769.0564, 3.4061, -376.41574) aim=Vec3(1005.3109, 13.5897, -1285.7932)
2026-10-04T06:28:53.783124Z  INFO mm2_app::scripted: scripted player started a bounded escape after sustained low-speed throttle tick=100004 escapes=137 position=Vec3(1007.6428, 13.828807, -1273.7168) speed=-0.019108297303318977 heading_rad=-0.005827609449625015 bearing_rad=-0.19452223181724548 route_next=Some(365) gate=Vec3(2769.0564, 3.4061, -376.41574) aim=Vec3(1005.3732, 13.5897, -1285.6016)
2026-10-04T06:28:55.724823Z  INFO mm2_app::scripted: scripted player started a bounded escape after sustained low-speed throttle tick=100756 escapes=138 position=Vec3(1010.4307, 13.856117, -1273.2893) speed=0.0432501956820488 heading_rad=-0.3505817651748657 bearing_rad=-0.747849702835083 route_next=Some(365) gate=Vec3(2769.0564, 3.4061, -376.41574) aim=Vec3(1005.7457, 13.73278, -1284.4553)
2026-10-04T06:28:57.377763Z  INFO mm2_app::scripted: scripted player started a bounded escape after sustained low-speed throttle tick=101352 escapes=139 position=Vec3(1008.4662, 13.84952, -1273.8809) speed=0.03202380612492561 heading_rad=-0.3147604167461395 bearing_rad=-0.5722998976707458 route_next=Some(365) gate=Vec3(2769.0564, 3.4061, -376.41574) aim=Vec3(1005.40436, 13.5897, -1285.5056)
2026-10-04T06:28:58.904134Z  INFO mm2_app::scripted: scripted player started a bounded escape after sustained low-speed throttle tick=101952 escapes=140 position=Vec3(1007.89044, 13.832471, -1273.7941) speed=0.005602754652500153 heading_rad=0.3920574188232422 bearing_rad=0.18204206228256226 route_next=Some(365) gate=Vec3(2769.0564, 3.4061, -376.41574) aim=Vec3(1005.3743, 13.5897, -1285.598)
smoke=headless-physics world=city/stockholm.psdl status=pass updates=51198 ticks=102036 driver=scripted diff=amateur phase=playing impacts=473 dropped=0 peak=30.1m/s travel=3714.1m sim=850.30s resets=21 controls=78408t/20578b/86058s finite=true moved=1190m wheels=3/4 final=(1009,13.8,-1273) race=Running cp=1/5 results=5 pos=6/6 opp=5/5 opp_rec=14 opp_drv=35775m/18.1mps/6.3ipk/2.8xpk/0.4apk/0.11hpk opps=0:sthlm_racer/5c/F/9e/1r/900w,1:sthlm_racer/5c/F/1e/496w,2:sthlm_racer/5c/F/53e/9r/900w,3:sthlm_racer/5c/F/22e/4r/900w,4:sthlm_racer/5c/F/106w p_rec=21r/140e env=lt04(noon) fog=none sky=none wtr=0.2/1698r map=inset/north/z1200/hudmap_stockholm.pkg/1t/12m dash=absent:missing-spec+pkg trk=sized ind=on/5m/5b tmr=22g/14:10:30 arr=hudarrow01/ahead sta=10g/p6of6/-/c1of5 bng=3240d/0a/2s/0b bng_ev=2a/2s/0b wfx=0r/0e/0x+8f+ut aud=0h/0v/0s/0l/0a/0r+6x
