mm2-smoke commit=1a822c1cc472f6c04a25a6832e346b162bbb0ff5
2026-10-04T06:18:04.434475Z  WARN mm2: wheel part whl0 geometry authored in place; recentring onto origin car=Some("sthlm_racer")
2026-10-04T06:18:04.434506Z  WARN mm2: wheel part whl1 geometry authored in place; recentring onto origin car=Some("sthlm_racer")
2026-10-04T06:18:04.434510Z  WARN mm2: wheel part whl2 geometry authored in place; recentring onto origin car=Some("sthlm_racer")
2026-10-04T06:18:04.434513Z  WARN mm2: wheel part whl3 geometry authored in place; recentring onto origin car=Some("sthlm_racer")
2026-10-04T06:18:05.319020Z  WARN mm2_app::city: water refs resolved no rooms; deadly water off path=city/stockholm.parts/part_-3_0.water skipped=0
2026-10-04T06:18:05.688039Z  WARN mm2_app::city: water refs resolved no rooms; deadly water off path=city/stockholm.parts/part_-2_2.water skipped=0
2026-10-04T06:18:05.691224Z  WARN mm2_app::city: water refs resolved no rooms; deadly water off path=city/stockholm.parts/part_-2_3.water skipped=0
2026-10-04T06:18:05.854309Z  WARN mm2_app::city: water refs resolved no rooms; deadly water off path=city/stockholm.parts/part_-1_0.water skipped=0
2026-10-04T06:18:06.003314Z  WARN mm2_app::city: water refs resolved no rooms; deadly water off path=city/stockholm.parts/part_-1_2.water skipped=0
2026-10-04T06:18:06.053343Z  WARN mm2_app::city: water refs resolved no rooms; deadly water off path=city/stockholm.parts/part_-1_3.water skipped=0
2026-10-04T06:18:06.175070Z  WARN mm2_app::city: water refs resolved no rooms; deadly water off path=city/stockholm.parts/part_0_-2.water skipped=0
2026-10-04T06:18:06.437137Z  WARN mm2_app::city: water refs resolved no rooms; deadly water off path=city/stockholm.parts/part_0_2.water skipped=0
2026-10-04T06:18:06.494733Z  WARN mm2_app::city: water refs resolved no rooms; deadly water off path=city/stockholm.parts/part_0_3.water skipped=0
2026-10-04T06:18:06.588431Z  WARN mm2_app::city: water refs resolved no rooms; deadly water off path=city/stockholm.parts/part_1_-3.water skipped=0
2026-10-04T06:18:06.682860Z  WARN mm2_app::city: water refs resolved no rooms; deadly water off path=city/stockholm.parts/part_1_-2.water skipped=0
2026-10-04T06:18:06.754899Z  WARN mm2_app::city: water refs resolved no rooms; deadly water off path=city/stockholm.parts/part_1_-1.water skipped=0
2026-10-04T06:18:06.989186Z  WARN mm2_app::city: water refs resolved no rooms; deadly water off path=city/stockholm.parts/part_1_1.water skipped=0
2026-10-04T06:18:07.068641Z  WARN mm2_app::city: water refs resolved no rooms; deadly water off path=city/stockholm.parts/part_1_2.water skipped=0
2026-10-04T06:18:07.131968Z  WARN mm2_app::city: water refs resolved no rooms; deadly water off path=city/stockholm.parts/part_1_3.water skipped=0
2026-10-04T06:18:07.258161Z  WARN mm2_app::city: water refs resolved no rooms; deadly water off path=city/stockholm.parts/part_2_-3.water skipped=0
2026-10-04T06:18:07.397806Z  WARN mm2_app::city: water refs resolved no rooms; deadly water off path=city/stockholm.parts/part_2_-1.water skipped=0
2026-10-04T06:18:07.526690Z  WARN mm2_app::city: water refs resolved no rooms; deadly water off path=city/stockholm.parts/part_2_1.water skipped=0
2026-10-04T06:18:07.586298Z  WARN mm2_app::city: water refs resolved no rooms; deadly water off path=city/stockholm.parts/part_2_2.water skipped=0
2026-10-04T06:18:07.609441Z  WARN mm2_app::city: water refs resolved no rooms; deadly water off path=city/stockholm.parts/part_2_3.water skipped=0
2026-10-04T06:18:07.901047Z  WARN mm2_app::city: water refs resolved no rooms; deadly water off path=city/stockholm.parts/part_3_1.water skipped=0
2026-10-04T06:18:07.952178Z  WARN mm2_app::city: water refs resolved no rooms; deadly water off path=city/stockholm.parts/part_3_2.water skipped=0
2026-10-04T06:18:07.994301Z  WARN mm2_app::city: water refs resolved no rooms; deadly water off path=city/stockholm.parts/part_3_3.water skipped=0
2026-10-04T06:18:08.174469Z  WARN mm2_app::city: water refs resolved no rooms; deadly water off path=city/stockholm.parts/part_4_1.water skipped=0
2026-10-04T06:18:08.211102Z  WARN mm2_app::city: water refs resolved no rooms; deadly water off path=city/stockholm.parts/part_4_2.water skipped=0
2026-10-04T06:18:08.504189Z  WARN mm2_app::city: water refs resolved no rooms; deadly water off path=city/stockholm.parts/part_6_1.water skipped=0
2026-10-04T06:18:08.790889Z  WARN mm2_app::object_sound: object sound table unreadable path=aud/ambient/ferry.csv error=asset not found: aud/ambient/ferry.csv
2026-10-04T06:18:08.790913Z  WARN mm2_app::object_sound: object sound table unreadable path=aud/ambient/subwaycar.csv error=asset not found: aud/ambient/subwaycar.csv
2026-10-04T06:18:08.791052Z  WARN mm2_app::environment: lighting preset validation issue path=city/stockholm.lt04 issue=OffGridName("noon")
2026-10-04T06:18:08.791064Z  WARN mm2_app::environment: fog table unavailable path=city/stockholm_fog.csv error=asset not found: city/stockholm_fog.csv
2026-10-04T06:18:08.791068Z  WARN mm2_app::environment: sky definition unavailable path=city/stockholm.sky error=asset not found: city/stockholm.sky
2026-10-04T06:18:08.811209Z  WARN mm2_app::damage_fx: smoke atlas unresolved — untextured puffs texture="fxpt2"
2026-10-04T06:18:08.811232Z  WARN mm2_app::spark_fx: spark texture unresolved — untextured streaks texture="spark"
2026-10-04T06:18:08.811239Z  WARN mm2_app::wheel_fx: wheel effect unavailable rule="dirt" path=tune/effects/dirt.asbirthrule
2026-10-04T06:18:08.811243Z  WARN mm2_app::wheel_fx: wheel effect unavailable rule="dust" path=tune/effects/dust.asbirthrule
2026-10-04T06:18:08.811246Z  WARN mm2_app::wheel_fx: wheel effect unavailable rule="grass" path=tune/effects/grass.asbirthrule
2026-10-04T06:18:08.811249Z  WARN mm2_app::wheel_fx: wheel effect unavailable rule="leaf" path=tune/effects/leaf.asbirthrule
2026-10-04T06:18:08.811251Z  WARN mm2_app::wheel_fx: wheel effect unavailable rule="smoke" path=tune/effects/smoke.asbirthrule
2026-10-04T06:18:08.811253Z  WARN mm2_app::wheel_fx: wheel effect unavailable rule="snow" path=tune/effects/snow.asbirthrule
2026-10-04T06:18:08.811256Z  WARN mm2_app::wheel_fx: wheel effect unavailable rule="splash" path=tune/effects/splash.asbirthrule
2026-10-04T06:18:08.811258Z  WARN mm2_app::wheel_fx: wheel effect unavailable rule="rock" path=tune/effects/rock.asbirthrule
2026-10-04T06:18:08.811260Z  WARN mm2_app::wheel_fx: wheel atlas unresolved — untextured puffs texture="ptx_wheel"
2026-10-04T06:18:08.811483Z  WARN mm2_app::audio: audio: aud/cardata/player/default_impacts.csv: asset not found: aud/cardata/player/default_impacts.csv
2026-10-04T06:18:08.811491Z  WARN mm2_app::audio: audio: aud/cardata/player/default_surfacedry.csv: asset not found: aud/cardata/player/default_surfacedry.csv
2026-10-04T06:18:08.811496Z  WARN mm2_app::audio: audio: aud/cardata/player/stockholmpolicesiren.csv: asset not found: aud/cardata/player/stockholmpolicesiren.csv
2026-10-04T06:18:08.811498Z  WARN mm2_app::audio: audio: aud/cardata/opponent/policesiren.csv: asset not found: aud/cardata/opponent/policesiren.csv
2026-10-04T06:18:08.812924Z  WARN mm2_app::session: nav graph failed to load — opponent routes stay verbatim error=city/stockholm.bai: not found in the VFS
2026-10-04T06:18:09.265291Z  WARN mm2_app::race_audio: audio: race cue startracelow: no wave matches stem "startracelow"
2026-10-04T06:18:09.265348Z  WARN mm2_app::audio: audio: aud/spchdata/stockholm.csv: asset not found: aud/spchdata/stockholm.csv
2026-10-04T06:18:09.653846Z  WARN mm2_app::race_audio: audio: race cue startracelow: no wave matches stem "startracelow"
2026-10-04T06:18:09.927534Z  WARN mm2_app::race_audio: audio: race cue startracelow: no wave matches stem "startracelow"
2026-10-04T06:18:10.215092Z  WARN mm2_app::race_audio: audio: race cue startracehigh: no wave matches stem "startracehigh"
2026-10-04T06:18:20.916273Z  WARN mm2_app::race_audio: audio: race cue waypoint: no wave matches stem "waypoint"
2026-10-04T06:18:36.740480Z  WARN mm2_app::race_audio: audio: race cue lastwaypoint: no wave matches stem "lastwaypoint"
2026-10-04T06:18:45.978546Z  WARN mm2_app::race_audio: audio: race cue endofracetag: no wave matches stem "endofracetag"
smoke=headless-physics world=city/stockholm.psdl status=pass updates=20758 ticks=12922 driver=scripted diff=amateur phase=results impacts=18 dropped=0 peak=30.1m/s travel=2275.5m sim=107.68s resets=0 controls=7798t/760b/3246s finite=true moved=156m wheels=4/4 final=(411,3.4,7) race=Complete cp=2/2 results=5 pos=1/5 outcome=finished place=1 opp=4/4 opp_drv=9425m/20.7mps/1.0ipk/0.2xpk/0.0apk/0.00hpk opps=0:sthlm_racer/2c/F/106w,1:sthlm_racer/2c/F/106w,2:sthlm_racer/2c/F/2e/474w,3:sthlm_racer/2c/F/106w env=lt04(noon) fog=none sky=none wtr=0.2/1698r map=inset/north/z1200/hudmap_stockholm.pkg/1t/8m dash=absent:missing-spec+pkg trk=sized ind=on/4m/4b tmr=22g/off arr=hudarrow01/off sta=10g/-/-/- bng=3239d/0a/3s/0b bng_ev=3a/3s/0b wfx=0r/0e/0x+8f+ut aud=0h/0v/0s/0l/0a/0r+8x
