mm2-smoke commit=1a822c1cc472f6c04a25a6832e346b162bbb0ff5
2026-10-04T06:24:21.949831Z  WARN mm2: wheel part whl0 geometry authored in place; recentring onto origin car=Some("sthlm_racer")
2026-10-04T06:24:21.949862Z  WARN mm2: wheel part whl1 geometry authored in place; recentring onto origin car=Some("sthlm_racer")
2026-10-04T06:24:21.949867Z  WARN mm2: wheel part whl2 geometry authored in place; recentring onto origin car=Some("sthlm_racer")
2026-10-04T06:24:21.949870Z  WARN mm2: wheel part whl3 geometry authored in place; recentring onto origin car=Some("sthlm_racer")
2026-10-04T06:24:22.634046Z  WARN mm2_app::city: water refs resolved no rooms; deadly water off path=city/stockholm.parts/part_-3_0.water skipped=0
2026-10-04T06:24:23.000357Z  WARN mm2_app::city: water refs resolved no rooms; deadly water off path=city/stockholm.parts/part_-2_2.water skipped=0
2026-10-04T06:24:23.003545Z  WARN mm2_app::city: water refs resolved no rooms; deadly water off path=city/stockholm.parts/part_-2_3.water skipped=0
2026-10-04T06:24:23.159970Z  WARN mm2_app::city: water refs resolved no rooms; deadly water off path=city/stockholm.parts/part_-1_0.water skipped=0
2026-10-04T06:24:23.295355Z  WARN mm2_app::city: water refs resolved no rooms; deadly water off path=city/stockholm.parts/part_-1_2.water skipped=0
2026-10-04T06:24:23.343630Z  WARN mm2_app::city: water refs resolved no rooms; deadly water off path=city/stockholm.parts/part_-1_3.water skipped=0
2026-10-04T06:24:23.468565Z  WARN mm2_app::city: water refs resolved no rooms; deadly water off path=city/stockholm.parts/part_0_-2.water skipped=0
2026-10-04T06:24:23.735320Z  WARN mm2_app::city: water refs resolved no rooms; deadly water off path=city/stockholm.parts/part_0_2.water skipped=0
2026-10-04T06:24:23.794354Z  WARN mm2_app::city: water refs resolved no rooms; deadly water off path=city/stockholm.parts/part_0_3.water skipped=0
2026-10-04T06:24:23.891145Z  WARN mm2_app::city: water refs resolved no rooms; deadly water off path=city/stockholm.parts/part_1_-3.water skipped=0
2026-10-04T06:24:23.989340Z  WARN mm2_app::city: water refs resolved no rooms; deadly water off path=city/stockholm.parts/part_1_-2.water skipped=0
2026-10-04T06:24:24.063363Z  WARN mm2_app::city: water refs resolved no rooms; deadly water off path=city/stockholm.parts/part_1_-1.water skipped=0
2026-10-04T06:24:24.299926Z  WARN mm2_app::city: water refs resolved no rooms; deadly water off path=city/stockholm.parts/part_1_1.water skipped=0
2026-10-04T06:24:24.383463Z  WARN mm2_app::city: water refs resolved no rooms; deadly water off path=city/stockholm.parts/part_1_2.water skipped=0
2026-10-04T06:24:24.449836Z  WARN mm2_app::city: water refs resolved no rooms; deadly water off path=city/stockholm.parts/part_1_3.water skipped=0
2026-10-04T06:24:24.582251Z  WARN mm2_app::city: water refs resolved no rooms; deadly water off path=city/stockholm.parts/part_2_-3.water skipped=0
2026-10-04T06:24:24.728448Z  WARN mm2_app::city: water refs resolved no rooms; deadly water off path=city/stockholm.parts/part_2_-1.water skipped=0
2026-10-04T06:24:24.859244Z  WARN mm2_app::city: water refs resolved no rooms; deadly water off path=city/stockholm.parts/part_2_1.water skipped=0
2026-10-04T06:24:24.917810Z  WARN mm2_app::city: water refs resolved no rooms; deadly water off path=city/stockholm.parts/part_2_2.water skipped=0
2026-10-04T06:24:24.942614Z  WARN mm2_app::city: water refs resolved no rooms; deadly water off path=city/stockholm.parts/part_2_3.water skipped=0
2026-10-04T06:24:25.231727Z  WARN mm2_app::city: water refs resolved no rooms; deadly water off path=city/stockholm.parts/part_3_1.water skipped=0
2026-10-04T06:24:25.280478Z  WARN mm2_app::city: water refs resolved no rooms; deadly water off path=city/stockholm.parts/part_3_2.water skipped=0
2026-10-04T06:24:25.322558Z  WARN mm2_app::city: water refs resolved no rooms; deadly water off path=city/stockholm.parts/part_3_3.water skipped=0
2026-10-04T06:24:25.500741Z  WARN mm2_app::city: water refs resolved no rooms; deadly water off path=city/stockholm.parts/part_4_1.water skipped=0
2026-10-04T06:24:25.538478Z  WARN mm2_app::city: water refs resolved no rooms; deadly water off path=city/stockholm.parts/part_4_2.water skipped=0
2026-10-04T06:24:25.842216Z  WARN mm2_app::city: water refs resolved no rooms; deadly water off path=city/stockholm.parts/part_6_1.water skipped=0
2026-10-04T06:24:26.080496Z  WARN mm2_app::object_sound: object sound table unreadable path=aud/ambient/ferry.csv error=asset not found: aud/ambient/ferry.csv
2026-10-04T06:24:26.080526Z  WARN mm2_app::object_sound: object sound table unreadable path=aud/ambient/subwaycar.csv error=asset not found: aud/ambient/subwaycar.csv
2026-10-04T06:24:26.080570Z  WARN mm2_app::environment: lighting preset validation issue path=city/stockholm.lt04 issue=OffGridName("noon")
2026-10-04T06:24:26.080577Z  WARN mm2_app::environment: fog table unavailable path=city/stockholm_fog.csv error=asset not found: city/stockholm_fog.csv
2026-10-04T06:24:26.080581Z  WARN mm2_app::environment: sky definition unavailable path=city/stockholm.sky error=asset not found: city/stockholm.sky
2026-10-04T06:24:26.099292Z  WARN mm2_app::damage_fx: smoke atlas unresolved — untextured puffs texture="fxpt2"
2026-10-04T06:24:26.099324Z  WARN mm2_app::spark_fx: spark texture unresolved — untextured streaks texture="spark"
2026-10-04T06:24:26.099331Z  WARN mm2_app::wheel_fx: wheel effect unavailable rule="dirt" path=tune/effects/dirt.asbirthrule
2026-10-04T06:24:26.099334Z  WARN mm2_app::wheel_fx: wheel effect unavailable rule="dust" path=tune/effects/dust.asbirthrule
2026-10-04T06:24:26.099338Z  WARN mm2_app::wheel_fx: wheel effect unavailable rule="grass" path=tune/effects/grass.asbirthrule
2026-10-04T06:24:26.099340Z  WARN mm2_app::wheel_fx: wheel effect unavailable rule="leaf" path=tune/effects/leaf.asbirthrule
2026-10-04T06:24:26.099342Z  WARN mm2_app::wheel_fx: wheel effect unavailable rule="smoke" path=tune/effects/smoke.asbirthrule
2026-10-04T06:24:26.099345Z  WARN mm2_app::wheel_fx: wheel effect unavailable rule="snow" path=tune/effects/snow.asbirthrule
2026-10-04T06:24:26.099347Z  WARN mm2_app::wheel_fx: wheel effect unavailable rule="splash" path=tune/effects/splash.asbirthrule
2026-10-04T06:24:26.099349Z  WARN mm2_app::wheel_fx: wheel effect unavailable rule="rock" path=tune/effects/rock.asbirthrule
2026-10-04T06:24:26.099352Z  WARN mm2_app::wheel_fx: wheel atlas unresolved — untextured puffs texture="ptx_wheel"
2026-10-04T06:24:26.099582Z  WARN mm2_app::audio: audio: aud/cardata/player/default_impacts.csv: asset not found: aud/cardata/player/default_impacts.csv
2026-10-04T06:24:26.099592Z  WARN mm2_app::audio: audio: aud/cardata/player/default_surfacedry.csv: asset not found: aud/cardata/player/default_surfacedry.csv
2026-10-04T06:24:26.099597Z  WARN mm2_app::audio: audio: aud/cardata/player/stockholmpolicesiren.csv: asset not found: aud/cardata/player/stockholmpolicesiren.csv
2026-10-04T06:24:26.099600Z  WARN mm2_app::audio: audio: aud/cardata/opponent/policesiren.csv: asset not found: aud/cardata/opponent/policesiren.csv
2026-10-04T06:24:26.100590Z  WARN mm2_app::session: nav graph failed to load — opponent routes stay verbatim error=city/stockholm.bai: not found in the VFS
2026-10-04T06:24:26.547817Z  WARN mm2_app::race_audio: audio: race cue startracelow: no wave matches stem "startracelow"
2026-10-04T06:24:26.547867Z  WARN mm2_app::audio: audio: aud/spchdata/stockholm.csv: asset not found: aud/spchdata/stockholm.csv
2026-10-04T06:24:26.938546Z  WARN mm2_app::race_audio: audio: race cue startracelow: no wave matches stem "startracelow"
2026-10-04T06:24:27.220167Z  WARN mm2_app::race_audio: audio: race cue startracelow: no wave matches stem "startracelow"
2026-10-04T06:24:27.503452Z  WARN mm2_app::race_audio: audio: race cue startracehigh: no wave matches stem "startracehigh"
2026-10-04T06:24:36.662099Z  WARN mm2_app::race_audio: audio: race cue waypoint: no wave matches stem "waypoint"
2026-10-04T06:24:45.991828Z  INFO mm2_app::scripted: scripted player started a bounded escape after sustained low-speed throttle tick=6530 escapes=1 position=Vec3(1097.2993, 18.387634, -931.2768) speed=-0.0018485181499272585 heading_rad=-0.31943151354789734 bearing_rad=-1.2994400262832642 route_next=Some(272) gate=Vec3(2769.0564, 3.4061, -376.41574) aim=Vec3(1094.397, 18.256987, -933.2234)
2026-10-04T06:24:54.633131Z  INFO mm2_app::scripted: scripted player started a bounded escape after sustained low-speed throttle tick=9554 escapes=2 position=Vec3(1012.299, 13.95736, -1269.9034) speed=0.002416133414953947 heading_rad=0.04916973412036896 bearing_rad=-0.4086763262748718 route_next=Some(363) gate=Vec3(2769.0564, 3.4061, -376.41574) aim=Vec3(1006.94183, 13.73278, -1280.775)
2026-10-04T06:24:55.957872Z  INFO mm2_app::scripted: scripted player started a bounded escape after sustained low-speed throttle tick=10010 escapes=3 position=Vec3(1014.0786, 14.050843, -1261.7167) speed=0.05360924452543259 heading_rad=2.2871265411376953 bearing_rad=1.9194717407226563 route_next=Some(363) gate=Vec3(2769.0564, 3.4061, -376.41574) aim=Vec3(1008.1046, 13.80883, -1277.2268)
2026-10-04T06:24:57.263042Z  INFO mm2_app::scripted: scripted player started a bounded escape after sustained low-speed throttle tick=10424 escapes=4 position=Vec3(1015.6666, 14.872167, -1263.4146) speed=0.08138303458690643 heading_rad=1.6453102827072144 bearing_rad=1.1443995237350464 route_next=Some(363) gate=Vec3(2769.0564, 3.4061, -376.41574) aim=Vec3(1008.1046, 13.80883, -1277.2268)
2026-10-04T06:24:59.193550Z  INFO mm2_app::scripted: scripted player started a bounded escape after sustained low-speed throttle tick=11096 escapes=5 position=Vec3(1006.3657, 13.827934, -1273.5581) speed=-0.005169235169887543 heading_rad=0.23731349408626556 bearing_rad=0.15046940743923187 route_next=Some(365) gate=Vec3(2769.0564, 3.4061, -376.41574) aim=Vec3(1005.2967, 13.5897, -1285.8369)
2026-10-04T06:25:00.657865Z  INFO mm2_app::scripted: scripted player started a bounded escape after sustained low-speed throttle tick=11612 escapes=6 position=Vec3(1006.29846, 13.828758, -1273.5105) speed=0.0242473017424345 heading_rad=0.28097960352897644 bearing_rad=0.20034243166446686 route_next=Some(365) gate=Vec3(2769.0564, 3.4061, -376.41574) aim=Vec3(1005.3042, 13.5897, -1285.8138)
2026-10-04T06:25:02.170830Z  INFO mm2_app::scripted: scripted player started a bounded escape after sustained low-speed throttle tick=12138 escapes=7 position=Vec3(1007.9052, 13.829752, -1273.858) speed=0.016543785110116005 heading_rad=0.1428750455379486 bearing_rad=-0.0699262022972107 route_next=Some(365) gate=Vec3(2769.0564, 3.4061, -376.41574) aim=Vec3(1005.357, 13.5897, -1285.6514)
2026-10-04T06:25:03.747949Z  INFO mm2_app::scripted: scripted player re-anchored onto its route after a bounded stuck tick=12682 reanchors=1 position=Vec3(1006.45374, 13.83326, -1273.6034) speed=-0.0025246907025575638 heading_rad=0.18587012588977814 route_next=361 gate=Vec3(2769.0564, 3.4061, -376.41574) landing=Vec3(1010.2769, 13.818064, -1259.3593)
2026-10-04T06:25:05.731026Z  INFO mm2_app::scripted: scripted player started a bounded escape after sustained low-speed throttle tick=13384 escapes=8 position=Vec3(1011.5391, 13.787742, -1266.6699) speed=0.0278993621468544 heading_rad=-0.01843968592584133 bearing_rad=-0.3331630229949951 route_next=Some(363) gate=Vec3(2769.0564, 3.4061, -376.41574) aim=Vec3(1007.82446, 13.80883, -1278.0806)
2026-10-04T06:25:07.694065Z  INFO mm2_app::scripted: scripted player started a bounded escape after sustained low-speed throttle tick=14092 escapes=9 position=Vec3(1009.1882, 13.857977, -1273.514) speed=0.0073171500116586685 heading_rad=-0.3934329152107239 bearing_rad=-0.69867342710495 route_next=Some(365) gate=Vec3(2769.0564, 3.4061, -376.41574) aim=Vec3(1005.58167, 13.5897, -1284.9601)
2026-10-04T06:25:09.396197Z  INFO mm2_app::scripted: scripted player started a bounded escape after sustained low-speed throttle tick=14708 escapes=10 position=Vec3(1006.4883, 13.831332, -1273.5088) speed=0.04218841344118118 heading_rad=0.34816974401474 bearing_rad=0.25330835580825806 route_next=Some(365) gate=Vec3(2769.0564, 3.4061, -376.41574) aim=Vec3(1005.323, 13.5897, -1285.756)
2026-10-04T06:25:10.604138Z  INFO mm2_app::scripted: scripted player started a bounded escape after sustained low-speed throttle tick=15122 escapes=11 position=Vec3(1008.8437, 13.682208, -1268.3702) speed=0.029808469116687775 heading_rad=0.8285248875617981 bearing_rad=0.6382562518119812 route_next=Some(365) gate=Vec3(2769.0564, 3.4061, -376.41574) aim=Vec3(1005.7457, 13.73278, -1284.4553)
2026-10-04T06:25:12.930996Z  INFO mm2_app::scripted: scripted player started a bounded escape after sustained low-speed throttle tick=15892 escapes=12 position=Vec3(1006.42896, 13.83336, -1273.5953) speed=0.012029346078634262 heading_rad=0.20126235485076904 bearing_rad=0.10875289142131805 route_next=Some(365) gate=Vec3(2769.0564, 3.4061, -376.41574) aim=Vec3(1005.2919, 13.5897, -1285.8518)
2026-10-04T06:25:14.552564Z  INFO mm2_app::scripted: scripted player started a bounded escape after sustained low-speed throttle tick=16422 escapes=13 position=Vec3(1006.3335, 13.828454, -1273.5354) speed=0.003350045531988144 heading_rad=0.25864094495773315 bearing_rad=0.17477312684059143 route_next=Some(365) gate=Vec3(2769.0564, 3.4061, -376.41574) aim=Vec3(1005.3003, 13.5897, -1285.8259)
2026-10-04T06:25:15.904064Z  INFO mm2_app::scripted: scripted player started a bounded escape after sustained low-speed throttle tick=16902 escapes=14 position=Vec3(1006.9502, 13.888671, -1273.9086) speed=0.012642421759665012 heading_rad=0.019544988870620728 bearing_rad=-0.12036529183387756 route_next=Some(365) gate=Vec3(2769.0564, 3.4061, -376.41574) aim=Vec3(1005.2501, 13.5897, -1285.9803)
2026-10-04T06:25:17.474270Z  INFO mm2_app::scripted: scripted player started a bounded escape after sustained low-speed throttle tick=17446 escapes=15 position=Vec3(1006.8301, 13.830101, -1273.6765) speed=-0.0020683007314801216 heading_rad=0.222282275557518 bearing_rad=0.09734517335891724 route_next=Some(365) gate=Vec3(2769.0564, 3.4061, -376.41574) aim=Vec3(1005.3067, 13.5897, -1285.8062)
2026-10-04T06:25:17.624025Z  INFO mm2_app::scripted: scripted player re-anchored onto its route after a bounded stuck tick=17500 reanchors=2 position=Vec3(1007.1433, 13.831707, -1273.0061) speed=-3.001554012298584 heading_rad=0.06648541986942291 route_next=362 gate=Vec3(2769.0564, 3.4061, -376.41574) landing=Vec3(1011.84106, 14.030355, -1262.1145)
2026-10-04T06:25:19.038769Z  INFO mm2_app::scripted: scripted player started a bounded escape after sustained low-speed throttle tick=17998 escapes=16 position=Vec3(1008.2587, 13.832736, -1273.8878) speed=-0.0005255156429484487 heading_rad=0.05904138460755348 bearing_rad=-0.18230858445167542 route_next=Some(365) gate=Vec3(2769.0564, 3.4061, -376.41574) aim=Vec3(1005.3823, 13.5897, -1285.5735)
2026-10-04T06:25:20.852505Z  INFO mm2_app::scripted: scripted player started a bounded escape after sustained low-speed throttle tick=18656 escapes=17 position=Vec3(1009.4205, 13.862859, -1273.4476) speed=0.0002187741920351982 heading_rad=-0.061952196061611176 bearing_rad=-0.3838892877101898 route_next=Some(365) gate=Vec3(2769.0564, 3.4061, -376.41574) aim=Vec3(1005.6236, 13.73278, -1284.8312)
2026-10-04T06:25:22.500907Z  INFO mm2_app::scripted: scripted player started a bounded escape after sustained low-speed throttle tick=19252 escapes=18 position=Vec3(1008.62036, 13.857834, -1274.082) speed=0.03253701329231262 heading_rad=0.2232164740562439 bearing_rad=-0.0516795739531517 route_next=Some(365) gate=Vec3(2769.0564, 3.4061, -376.41574) aim=Vec3(1005.3601, 13.5897, -1285.6417)
2026-10-04T06:25:23.271179Z  INFO mm2_app::scripted: scripted player re-anchored onto its route after a bounded stuck tick=19534 reanchors=3 position=Vec3(1009.8123, 13.769588, -1269.4349) speed=1.0241528749465942 heading_rad=0.40125492215156555 route_next=360 gate=Vec3(2769.0564, 3.4061, -376.41574) landing=Vec3(1009.4787, 13.715211, -1258.127)
2026-10-04T06:25:24.589253Z  INFO mm2_app::scripted: scripted player started a bounded escape after sustained low-speed throttle tick=20020 escapes=19 position=Vec3(1011.171, 13.827612, -1269.0751) speed=-0.6308309435844421 heading_rad=0.36889126896858215 bearing_rad=0.022214250639081 route_next=Some(364) gate=Vec3(2769.0564, 3.4061, -376.41574) aim=Vec3(1006.92084, 13.73278, -1280.8397)
2026-10-04T06:25:26.518780Z  INFO mm2_app::scripted: scripted player started a bounded escape after sustained low-speed throttle tick=20700 escapes=20 position=Vec3(1009.2435, 13.856299, -1273.462) speed=0.0035263653844594955 heading_rad=-0.179399773478508 bearing_rad=-0.4876847565174103 route_next=Some(365) gate=Vec3(2769.0564, 3.4061, -376.41574) aim=Vec3(1005.6023, 13.5897, -1284.8967)
2026-10-04T06:25:28.218512Z  INFO mm2_app::scripted: scripted player started a bounded escape after sustained low-speed throttle tick=21304 escapes=21 position=Vec3(1007.23883, 13.830987, -1273.6058) speed=-0.006108821835368872 heading_rad=-0.06895577907562256 bearing_rad=-0.2235158085823059 route_next=Some(365) gate=Vec3(2769.0564, 3.4061, -376.41574) aim=Vec3(1005.3668, 13.5897, -1285.6211)
2026-10-04T06:25:29.887834Z  INFO mm2_app::scripted: scripted player started a bounded escape after sustained low-speed throttle tick=21900 escapes=22 position=Vec3(1006.4657, 13.844258, -1273.6088) speed=0.010311142541468143 heading_rad=0.17421521246433258 bearing_rad=0.07860512286424637 route_next=Some(365) gate=Vec3(2769.0564, 3.4061, -376.41574) aim=Vec3(1005.29144, 13.5897, -1285.853)
2026-10-04T06:25:31.048423Z  INFO mm2_app::scripted: scripted player started a bounded escape after sustained low-speed throttle tick=22314 escapes=23 position=Vec3(1006.75275, 13.849703, -1273.6882) speed=0.00152500718832016 heading_rad=0.05944843962788582 bearing_rad=-0.05988243594765663 route_next=Some(365) gate=Vec3(2769.0564, 3.4061, -376.41574) aim=Vec3(1005.2958, 13.5897, -1285.8397)
2026-10-04T06:25:32.666004Z  INFO mm2_app::scripted: scripted player started a bounded escape after sustained low-speed throttle tick=22882 escapes=24 position=Vec3(1006.4155, 13.832157, -1273.589) speed=0.012021967209875584 heading_rad=0.20887069404125214 bearing_rad=0.11752639710903168 route_next=Some(365) gate=Vec3(2769.0564, 3.4061, -376.41574) aim=Vec3(1005.2924, 13.5897, -1285.8501)
2026-10-04T06:25:32.767595Z  INFO mm2_app::scripted: scripted player re-anchored onto its route after a bounded stuck tick=22918 reanchors=4 position=Vec3(1006.56256, 13.812634, -1273.362) speed=-1.3821309804916382 heading_rad=0.16936394572257996 route_next=362 gate=Vec3(2769.0564, 3.4061, -376.41574) landing=Vec3(1011.8418, 14.043855, -1262.6338)
2026-10-04T06:25:34.067915Z  INFO mm2_app::scripted: scripted player started a bounded escape after sustained low-speed throttle tick=23372 escapes=25 position=Vec3(1008.923, 13.85671, -1273.6185) speed=0.010746581479907036 heading_rad=-0.38402196764945984 bearing_rad=-0.6709461808204651 route_next=Some(365) gate=Vec3(2769.0564, 3.4061, -376.41574) aim=Vec3(1005.5254, 13.5897, -1285.1332)
2026-10-04T06:25:35.788309Z  INFO mm2_app::scripted: scripted player started a bounded escape after sustained low-speed throttle tick=23982 escapes=26 position=Vec3(1007.4376, 13.834706, -1273.8137) speed=0.026338590309023857 heading_rad=0.21914756298065186 bearing_rad=0.043966103345155716 route_next=Some(365) gate=Vec3(2769.0564, 3.4061, -376.41574) aim=Vec3(1005.32495, 13.5897, -1285.75)
2026-10-04T06:25:36.967938Z  INFO mm2_app::scripted: scripted player started a bounded escape after sustained low-speed throttle tick=24396 escapes=27 position=Vec3(1007.9999, 13.827851, -1273.7878) speed=0.006293030455708504 heading_rad=-0.028308751061558723 bearing_rad=-0.2467460185289383 route_next=Some(365) gate=Vec3(2769.0564, 3.4061, -376.41574) aim=Vec3(1005.3867, 13.5897, -1285.5599)
2026-10-04T06:25:38.561906Z  INFO mm2_app::scripted: scripted player re-anchored onto its route after a bounded stuck tick=24954 reanchors=5 position=Vec3(1011.519, 13.925211, -1272.4269) speed=7.549599647521973 heading_rad=0.06388955563306808 route_next=360 gate=Vec3(2769.0564, 3.4061, -376.41574) landing=Vec3(1009.4787, 13.715211, -1258.127)
2026-10-04T06:25:40.123095Z  INFO mm2_app::scripted: scripted player started a bounded escape after sustained low-speed throttle tick=25486 escapes=28 position=Vec3(1008.9964, 13.872588, -1273.5962) speed=0.003948666155338287 heading_rad=-0.6220898032188416 bearing_rad=-0.9142518043518066 route_next=Some(365) gate=Vec3(2769.0564, 3.4061, -376.41574) aim=Vec3(1005.53906, 13.5897, -1285.0912)
2026-10-04T06:25:41.632849Z  INFO mm2_app::scripted: scripted player started a bounded escape after sustained low-speed throttle tick=26002 escapes=29 position=Vec3(1006.42365, 13.831624, -1273.5917) speed=0.004298790358006954 heading_rad=0.20439596474170685 bearing_rad=0.11237507313489914 route_next=Some(365) gate=Vec3(2769.0564, 3.4061, -376.41574) aim=Vec3(1005.2924, 13.5897, -1285.8501)
2026-10-04T06:25:43.383810Z  INFO mm2_app::scripted: scripted player started a bounded escape after sustained low-speed throttle tick=26596 escapes=30 position=Vec3(1008.1314, 13.837746, -1273.7537) speed=-0.037217751145362854 heading_rad=0.4019566774368286 bearing_rad=0.17406269907951355 route_next=Some(365) gate=Vec3(2769.0564, 3.4061, -376.41574) aim=Vec3(1005.4095, 13.5897, -1285.49)
2026-10-04T06:25:45.224582Z  INFO mm2_app::scripted: scripted player started a bounded escape after sustained low-speed throttle tick=27210 escapes=31 position=Vec3(1010.18134, 13.849557, -1273.4037) speed=0.025325361639261246 heading_rad=0.0829479768872261 bearing_rad=-0.29807302355766296 route_next=Some(365) gate=Vec3(2769.0564, 3.4061, -376.41574) aim=Vec3(1005.7098, 13.73278, -1284.5659)
2026-10-04T06:25:47.446273Z  INFO mm2_app::scripted: scripted player started a bounded escape after sustained low-speed throttle tick=27938 escapes=32 position=Vec3(1006.7522, 13.910518, -1274.1517) speed=-0.020694922655820847 heading_rad=0.08839388191699982 bearing_rad=-0.04239882156252861 route_next=Some(365) gate=Vec3(2769.0564, 3.4061, -376.41574) aim=Vec3(1005.1596, 13.5897, -1286.2587)
2026-10-04T06:25:48.745837Z  INFO mm2_app::scripted: scripted player started a bounded escape after sustained low-speed throttle tick=28394 escapes=33 position=Vec3(1006.3748, 13.828748, -1273.4567) speed=0.007132502272725105 heading_rad=0.3938692510128021 bearing_rad=0.3088206648826599 route_next=Some(365) gate=Vec3(2769.0564, 3.4061, -376.41574) aim=Vec3(1005.3274, 13.5897, -1285.7426)
2026-10-04T06:25:50.494981Z  INFO mm2_app::scripted: scripted player started a bounded escape after sustained low-speed throttle tick=29006 escapes=34 position=Vec3(1007.15027, 13.830038, -1273.5754) speed=0.040720660239458084 heading_rad=-0.11747589707374573 bearing_rad=-0.26444533467292786 route_next=Some(365) gate=Vec3(2769.0564, 3.4061, -376.41574) aim=Vec3(1005.36725, 13.5897, -1285.6199)
2026-10-04T06:25:52.044735Z  INFO mm2_app::scripted: scripted player re-anchored onto its route after a bounded stuck tick=29548 reanchors=6 position=Vec3(1006.4132, 13.832413, -1273.5883) speed=-0.011614475399255753 heading_rad=0.21003083884716034 route_next=363 gate=Vec3(2769.0564, 3.4061, -376.41574) landing=Vec3(1011.5126, 14.142019, -1266.8419)
2026-10-04T06:25:53.119990Z  INFO mm2_app::scripted: scripted player started a bounded escape after sustained low-speed throttle tick=29944 escapes=35 position=Vec3(1008.82794, 13.85432, -1273.9644) speed=0.03191719949245453 heading_rad=-0.06881038099527359 bearing_rad=-0.3571086525917053 route_next=Some(365) gate=Vec3(2769.0564, 3.4061, -376.41574) aim=Vec3(1005.4147, 13.5897, -1285.4739)
2026-10-04T06:25:54.847673Z  INFO mm2_app::scripted: scripted player started a bounded escape after sustained low-speed throttle tick=30578 escapes=36 position=Vec3(1007.4743, 13.829662, -1273.7574) speed=0.04315119981765747 heading_rad=0.1382756531238556 bearing_rad=-0.038331933319568634 route_next=Some(365) gate=Vec3(2769.0564, 3.4061, -376.41574) aim=Vec3(1005.34503, 13.5897, -1285.6884)
2026-10-04T06:25:56.406700Z  INFO mm2_app::scripted: scripted player started a bounded escape after sustained low-speed throttle tick=31130 escapes=37 position=Vec3(1008.9151, 13.863224, -1273.9897) speed=-0.0027714467141777277 heading_rad=-0.046510640531778336 bearing_rad=-0.3423636853694916 route_next=Some(365) gate=Vec3(2769.0564, 3.4061, -376.41574) aim=Vec3(1005.41565, 13.5897, -1285.471)
2026-10-04T06:25:58.186505Z  INFO mm2_app::scripted: scripted player started a bounded escape after sustained low-speed throttle tick=31748 escapes=38 position=Vec3(1007.7984, 13.828176, -1273.8184) speed=0.007872252725064754 heading_rad=0.12110122293233871 bearing_rad=-0.0823260024189949 route_next=Some(365) gate=Vec3(2769.0564, 3.4061, -376.41574) aim=Vec3(1005.35834, 13.5897, -1285.6472)
2026-10-04T06:25:59.501109Z  INFO mm2_app::scripted: scripted player re-anchored onto its route after a bounded stuck tick=32220 reanchors=7 position=Vec3(1008.426, 13.824321, -1273.8096) speed=0.02294822223484516 heading_rad=0.4050191640853882 route_next=363 gate=Vec3(2769.0564, 3.4061, -376.41574) landing=Vec3(1011.6427, 14.136088, -1266.4454)
2026-10-04T06:26:00.611689Z  INFO mm2_app::scripted: scripted player started a bounded escape after sustained low-speed throttle tick=32620 escapes=39 position=Vec3(1008.79767, 13.853298, -1273.952) speed=-0.01475917361676693 heading_rad=-0.09181343019008636 bearing_rad=-0.3773958384990692 route_next=Some(365) gate=Vec3(2769.0564, 3.4061, -376.41574) aim=Vec3(1005.4154, 13.5897, -1285.4717)
2026-10-04T06:26:02.402714Z  INFO mm2_app::scripted: scripted player started a bounded escape after sustained low-speed throttle tick=33256 escapes=40 position=Vec3(1006.4116, 13.826752, -1273.5836) speed=-0.006985325366258621 heading_rad=0.20953716337680817 bearing_rad=0.11861924082040787 route_next=Some(365) gate=Vec3(2769.0564, 3.4061, -376.41574) aim=Vec3(1005.29364, 13.5897, -1285.8463)
2026-10-04T06:26:04.094674Z  INFO mm2_app::scripted: scripted player started a bounded escape after sustained low-speed throttle tick=33852 escapes=41 position=Vec3(1007.9376, 13.834033, -1273.7622) speed=0.028639718890190125 heading_rad=0.31289684772491455 bearing_rad=0.0999973863363266 route_next=Some(365) gate=Vec3(2769.0564, 3.4061, -376.41574) aim=Vec3(1005.38824, 13.5897, -1285.5553)
2026-10-04T06:26:06.291162Z  INFO mm2_app::scripted: scripted player started a bounded escape after sustained low-speed throttle tick=34624 escapes=42 position=Vec3(1011.9331, 14.152288, -1273.7463) speed=0.004862919449806213 heading_rad=0.2735666334629059 bearing_rad=-0.2503502666950226 route_next=Some(365) gate=Vec3(2769.0564, 3.4061, -376.41574) aim=Vec3(1005.7457, 13.73278, -1284.4553)
2026-10-04T06:26:08.262487Z  INFO mm2_app::scripted: scripted player started a bounded escape after sustained low-speed throttle tick=35316 escapes=43 position=Vec3(1007.14703, 13.850317, -1273.6989) speed=0.019801875576376915 heading_rad=0.009765860624611378 bearing_rad=-0.14004312455654144 route_next=Some(365) gate=Vec3(2769.0564, 3.4061, -376.41574) aim=Vec3(1005.3307, 13.5897, -1285.7324)
2026-10-04T06:26:09.869032Z  INFO mm2_app::scripted: scripted player started a bounded escape after sustained low-speed throttle tick=35888 escapes=44 position=Vec3(1006.5763, 13.83991, -1273.6421) speed=0.0036517158150672913 heading_rad=0.130519837141037 bearing_rad=0.02573554217815399 route_next=Some(365) gate=Vec3(2769.0564, 3.4061, -376.41574) aim=Vec3(1005.29236, 13.5897, -1285.8503)
2026-10-04T06:26:11.591659Z  INFO mm2_app::scripted: scripted player started a bounded escape after sustained low-speed throttle tick=36492 escapes=45 position=Vec3(1007.5785, 13.827818, -1273.7589) speed=0.0025084270164370537 heading_rad=0.10599034279584885 bearing_rad=-0.07876233011484146 route_next=Some(365) gate=Vec3(2769.0564, 3.4061, -376.41574) aim=Vec3(1005.3546, 13.5897, -1285.6587)
2026-10-04T06:26:13.517464Z  INFO mm2_app::scripted: scripted player started a bounded escape after sustained low-speed throttle tick=37178 escapes=46 position=Vec3(1007.3253, 13.832762, -1273.6262) speed=0.05208945646882057 heading_rad=-0.07123249024152756 bearing_rad=-0.23298420011997223 route_next=Some(365) gate=Vec3(2769.0564, 3.4061, -376.41574) aim=Vec3(1005.3692, 13.5897, -1285.6139)
2026-10-04T06:26:15.105042Z  INFO mm2_app::scripted: scripted player started a bounded escape after sustained low-speed throttle tick=37756 escapes=47 position=Vec3(1008.28784, 13.835451, -1273.818) speed=-0.01650194823741913 heading_rad=0.32670676708221436 bearing_rad=0.08485016971826553 route_next=Some(365) gate=Vec3(2769.0564, 3.4061, -376.41574) aim=Vec3(1005.40564, 13.5897, -1285.5017)
2026-10-04T06:26:17.223156Z  INFO mm2_app::scripted: scripted player started a bounded escape after sustained low-speed throttle tick=38520 escapes=48 position=Vec3(1011.90717, 14.1560135, -1273.6876) speed=0.014498375356197357 heading_rad=0.35081276297569275 bearing_rad=-0.16892588138580322 route_next=Some(365) gate=Vec3(2769.0564, 3.4061, -376.41574) aim=Vec3(1005.7457, 13.73278, -1284.4553)
2026-10-04T06:26:19.345285Z  INFO mm2_app::scripted: scripted player started a bounded escape after sustained low-speed throttle tick=39238 escapes=49 position=Vec3(1007.49396, 13.832737, -1273.6727) speed=0.03485238179564476 heading_rad=-0.04120587185025215 bearing_rad=-0.21720477938652039 route_next=Some(365) gate=Vec3(2769.0564, 3.4061, -376.41574) aim=Vec3(1005.37177, 13.5897, -1285.606)
2026-10-04T06:26:21.385157Z  INFO mm2_app::scripted: scripted player started a bounded escape after sustained low-speed throttle tick=39940 escapes=50 position=Vec3(1008.2135, 13.834422, -1273.8077) speed=0.008390848524868488 heading_rad=-0.18278710544109344 bearing_rad=-0.41852450370788574 route_next=Some(365) gate=Vec3(2769.0564, 3.4061, -376.41574) aim=Vec3(1005.4015, 13.5897, -1285.5145)
2026-10-04T06:26:23.110299Z  INFO mm2_app::scripted: scripted player started a bounded escape after sustained low-speed throttle tick=40540 escapes=51 position=Vec3(1007.68274, 13.829485, -1273.7687) speed=0.020317373797297478 heading_rad=0.08198066055774689 bearing_rad=-0.11114468425512314 route_next=Some(365) gate=Vec3(2769.0564, 3.4061, -376.41574) aim=Vec3(1005.3618, 13.5897, -1285.6366)
2026-10-04T06:26:25.134533Z  INFO mm2_app::scripted: scripted player started a bounded escape after sustained low-speed throttle tick=41256 escapes=52 position=Vec3(1009.54584, 13.859271, -1273.4081) speed=0.00554162822663784 heading_rad=-0.21498985588550568 bearing_rad=-0.5458433628082275 route_next=Some(365) gate=Vec3(2769.0564, 3.4061, -376.41574) aim=Vec3(1005.6473, 13.73278, -1284.7583)
2026-10-04T06:26:26.620923Z  INFO mm2_app::scripted: scripted player started a bounded escape after sustained low-speed throttle tick=41830 escapes=53 position=Vec3(1008.9511, 13.857726, -1273.5376) speed=0.008156903088092804 heading_rad=-0.1690412014722824 bearing_rad=-0.45610859990119934 route_next=Some(365) gate=Vec3(2769.0564, 3.4061, -376.41574) aim=Vec3(1005.5519, 13.5897, -1285.0518)
2026-10-04T06:26:28.348157Z  INFO mm2_app::scripted: scripted player started a bounded escape after sustained low-speed throttle tick=42500 escapes=54 position=Vec3(1007.4723, 13.832546, -1273.665) speed=0.007446350529789925 heading_rad=-0.050008147954940796 bearing_rad=-0.22413033246994019 route_next=Some(365) gate=Vec3(2769.0564, 3.4061, -376.41574) aim=Vec3(1005.37195, 13.5897, -1285.6053)
2026-10-04T06:26:29.851820Z  INFO mm2_app::scripted: scripted player started a bounded escape after sustained low-speed throttle tick=43086 escapes=55 position=Vec3(1008.3983, 13.835402, -1273.796) speed=0.04213734716176987 heading_rad=0.41664060950279236 bearing_rad=0.16663773357868195 route_next=Some(365) gate=Vec3(2769.0564, 3.4061, -376.41574) aim=Vec3(1005.4227, 13.5897, -1285.4492)
2026-10-04T06:26:31.522477Z  INFO mm2_app::scripted: scripted player started a bounded escape after sustained low-speed throttle tick=43732 escapes=56 position=Vec3(1008.5059, 13.887221, -1273.9194) speed=-0.015382055193185806 heading_rad=-0.0011452422477304935 bearing_rad=-0.26281440258026123 route_next=Some(365) gate=Vec3(2769.0564, 3.4061, -376.41574) aim=Vec3(1005.39685, 13.5897, -1285.5287)
2026-10-04T06:26:33.009712Z  INFO mm2_app::scripted: scripted player started a bounded escape after sustained low-speed throttle tick=44296 escapes=57 position=Vec3(1008.09485, 13.834289, -1273.7833) speed=-0.017181281000375748 heading_rad=0.32452628016471863 bearing_rad=0.09874486178159714 route_next=Some(365) gate=Vec3(2769.0564, 3.4061, -376.41574) aim=Vec3(1005.3972, 13.5897, -1285.5276)
2026-10-04T06:26:35.039642Z  INFO mm2_app::scripted: scripted player started a bounded escape after sustained low-speed throttle tick=45076 escapes=58 position=Vec3(1012.08844, 14.214614, -1273.7534) speed=0.010296057909727097 heading_rad=0.3546472489833832 bearing_rad=-0.1803661584854126 route_next=Some(365) gate=Vec3(2769.0564, 3.4061, -376.41574) aim=Vec3(1005.7457, 13.73278, -1284.4553)
2026-10-04T06:26:36.834626Z  INFO mm2_app::scripted: scripted player started a bounded escape after sustained low-speed throttle tick=45764 escapes=59 position=Vec3(1007.7834, 13.833424, -1273.7286) speed=0.005992175545543432 heading_rad=-0.0779493898153305 bearing_rad=-0.277920663356781 route_next=Some(365) gate=Vec3(2769.0564, 3.4061, -376.41574) aim=Vec3(1005.38324, 13.5897, -1285.5707)
2026-10-04T06:26:38.721960Z  INFO mm2_app::scripted: scripted player started a bounded escape after sustained low-speed throttle tick=46522 escapes=60 position=Vec3(1010.21936, 13.84339, -1273.2684) speed=0.03623470664024353 heading_rad=-0.4083220958709717 bearing_rad=-0.788741946220398 route_next=Some(365) gate=Vec3(2769.0564, 3.4061, -376.41574) aim=Vec3(1005.7457, 13.73278, -1284.4553)
2026-10-04T06:26:40.313407Z  INFO mm2_app::scripted: scripted player started a bounded escape after sustained low-speed throttle tick=47158 escapes=61 position=Vec3(1006.94617, 13.828439, -1273.6921) speed=-0.002594446763396263 heading_rad=0.23242144286632538 bearing_rad=0.09821507334709167 route_next=Some(365) gate=Vec3(2769.0564, 3.4061, -376.41574) aim=Vec3(1005.3133, 13.5897, -1285.7859)
2026-10-04T06:26:42.098678Z  INFO mm2_app::scripted: scripted player started a bounded escape after sustained low-speed throttle tick=47878 escapes=62 position=Vec3(1010.55853, 13.867276, -1273.3114) speed=-0.0110272616147995 heading_rad=-0.32744696736335754 bearing_rad=-0.7351282238960266 route_next=Some(365) gate=Vec3(2769.0564, 3.4061, -376.41574) aim=Vec3(1005.7457, 13.73278, -1284.4553)
2026-10-04T06:26:43.677974Z  INFO mm2_app::scripted: scripted player started a bounded escape after sustained low-speed throttle tick=48512 escapes=63 position=Vec3(1008.2225, 13.832065, -1273.9061) speed=0.02867572009563446 heading_rad=0.10627370327711105 bearing_rad=-0.13269104063510895 route_next=Some(365) gate=Vec3(2769.0564, 3.4061, -376.41574) aim=Vec3(1005.3734, 13.5897, -1285.6008)
2026-10-04T06:26:45.364453Z  INFO mm2_app::scripted: scripted player started a bounded escape after sustained low-speed throttle tick=49190 escapes=64 position=Vec3(1008.13214, 13.832866, -1273.819) speed=0.05487808212637901 heading_rad=-0.03394773602485657 bearing_rad=-0.263567179441452 route_next=Some(365) gate=Vec3(2769.0564, 3.4061, -376.41574) aim=Vec3(1005.3904, 13.5897, -1285.5488)
2026-10-04T06:26:46.836212Z  INFO mm2_app::scripted: scripted player started a bounded escape after sustained low-speed throttle tick=49772 escapes=65 position=Vec3(1008.4427, 13.835058, -1273.8126) speed=0.025662461295723915 heading_rad=0.3932969868183136 bearing_rad=0.13936538994312286 route_next=Some(365) gate=Vec3(2769.0564, 3.4061, -376.41574) aim=Vec3(1005.4221, 13.5897, -1285.451)
2026-10-04T06:26:48.508370Z  INFO mm2_app::scripted: scripted player started a bounded escape after sustained low-speed throttle tick=50430 escapes=66 position=Vec3(1008.6544, 13.894834, -1273.9266) speed=0.01618035137653351 heading_rad=0.024930905550718307 bearing_rad=-0.24866148829460144 route_next=Some(365) gate=Vec3(2769.0564, 3.4061, -376.41574) aim=Vec3(1005.40906, 13.5897, -1285.4912)
2026-10-04T06:26:49.982726Z  INFO mm2_app::scripted: scripted player started a bounded escape after sustained low-speed throttle tick=51002 escapes=67 position=Vec3(1008.0064, 13.834545, -1273.7548) speed=0.0011605080217123032 heading_rad=0.3510177731513977 bearing_rad=0.132913738489151 route_next=Some(365) gate=Vec3(2769.0564, 3.4061, -376.41574) aim=Vec3(1005.3971, 13.5897, -1285.5281)
2026-10-04T06:26:52.104135Z  INFO mm2_app::scripted: scripted player started a bounded escape after sustained low-speed throttle tick=51782 escapes=68 position=Vec3(1012.0616, 14.205481, -1273.7502) speed=-0.003615887835621834 heading_rad=0.3401964604854584 bearing_rad=-0.19282804429531097 route_next=Some(365) gate=Vec3(2769.0564, 3.4061, -376.41574) aim=Vec3(1005.7457, 13.73278, -1284.4553)
2026-10-04T06:26:54.006287Z  INFO mm2_app::scripted: scripted player started a bounded escape after sustained low-speed throttle tick=52466 escapes=69 position=Vec3(1008.0117, 13.833427, -1273.785) speed=-0.010600827634334564 heading_rad=-0.05932138115167618 bearing_rad=-0.2786162197589874 route_next=Some(365) gate=Vec3(2769.0564, 3.4061, -376.41574) aim=Vec3(1005.3887, 13.5897, -1285.554)
2026-10-04T06:26:55.884758Z  INFO mm2_app::scripted: scripted player started a bounded escape after sustained low-speed throttle tick=53202 escapes=70 position=Vec3(1010.6836, 13.880223, -1273.3307) speed=-0.01621435582637787 heading_rad=-0.2459726184606552 bearing_rad=-0.6637153029441833 route_next=Some(365) gate=Vec3(2769.0564, 3.4061, -376.41574) aim=Vec3(1005.7457, 13.73278, -1284.4553)
2026-10-04T06:26:57.571219Z  INFO mm2_app::scripted: scripted player started a bounded escape after sustained low-speed throttle tick=53824 escapes=71 position=Vec3(1009.9147, 13.84229, -1273.3768) speed=5.4103322327136993e-5 heading_rad=0.13839499652385712 bearing_rad=-0.22086217999458313 route_next=Some(365) gate=Vec3(2769.0564, 3.4061, -376.41574) aim=Vec3(1005.692, 13.73278, -1284.6206)
2026-10-04T06:26:59.263042Z  INFO mm2_app::scripted: scripted player re-anchored onto its route after a bounded stuck tick=54496 reanchors=8 position=Vec3(1011.6337, 14.130613, -1273.6664) speed=1.1739161014556885 heading_rad=0.2511204779148102 route_next=362 gate=Vec3(2769.0564, 3.4061, -376.41574) landing=Vec3(1011.8457, 14.116508, -1265.4287)
2026-10-04T06:27:00.306664Z  INFO mm2_app::scripted: scripted player started a bounded escape after sustained low-speed throttle tick=54910 escapes=72 position=Vec3(1009.5099, 13.858623, -1273.4143) speed=0.005404211580753326 heading_rad=-0.19818688929080963 bearing_rad=-0.5263514518737793 route_next=Some(365) gate=Vec3(2769.0564, 3.4061, -376.41574) aim=Vec3(1005.64197, 13.73278, -1284.7747)
2026-10-04T06:27:02.046191Z  INFO mm2_app::scripted: scripted player started a bounded escape after sustained low-speed throttle tick=55594 escapes=73 position=Vec3(1006.215, 13.828336, -1273.4543) speed=-0.009960518218576908 heading_rad=0.33330038189888 bearing_rad=0.2602677345275879 route_next=Some(365) gate=Vec3(2769.0564, 3.4061, -376.41574) aim=Vec3(1005.3127, 13.5897, -1285.7877)
2026-10-04T06:27:03.578795Z  INFO mm2_app::scripted: scripted player started a bounded escape after sustained low-speed throttle tick=56194 escapes=74 position=Vec3(1007.60565, 13.833605, -1273.8087) speed=-0.002534531056880951 heading_rad=0.1669180542230606 bearing_rad=-0.02121237851679325 route_next=Some(365) gate=Vec3(2769.0564, 3.4061, -376.41574) aim=Vec3(1005.3426, 13.5897, -1285.6957)
2026-10-04T06:27:05.425491Z  INFO mm2_app::scripted: scripted player started a bounded escape after sustained low-speed throttle tick=56916 escapes=75 position=Vec3(1010.30566, 13.844041, -1273.2567) speed=0.037705421447753906 heading_rad=-0.24958105385303497 bearing_rad=-0.6362683773040771 route_next=Some(365) gate=Vec3(2769.0564, 3.4061, -376.41574) aim=Vec3(1005.7457, 13.73278, -1284.4553)
2026-10-04T06:27:07.034453Z  INFO mm2_app::scripted: scripted player started a bounded escape after sustained low-speed throttle tick=57538 escapes=76 position=Vec3(1008.44464, 13.834026, -1273.9476) speed=0.022586436942219734 heading_rad=0.17833617329597473 bearing_rad=-0.07921315729618073 route_next=Some(365) gate=Vec3(2769.0564, 3.4061, -376.41574) aim=Vec3(1005.3827, 13.5897, -1285.5724)
2026-10-04T06:27:08.773698Z  INFO mm2_app::scripted: scripted player started a bounded escape after sustained low-speed throttle tick=58220 escapes=77 position=Vec3(1007.5822, 13.829536, -1273.7488) speed=-0.01319983322173357 heading_rad=0.08662055432796478 bearing_rad=-0.09816370159387589 route_next=Some(365) gate=Vec3(2769.0564, 3.4061, -376.41574) aim=Vec3(1005.358, 13.5897, -1285.6484)
2026-10-04T06:27:10.217433Z  INFO mm2_app::scripted: scripted player started a bounded escape after sustained low-speed throttle tick=58790 escapes=78 position=Vec3(1008.51, 13.835119, -1273.8516) speed=-0.009989761747419834 heading_rad=0.33710333704948425 bearing_rad=0.07685454934835434 route_next=Some(365) gate=Vec3(2769.0564, 3.4061, -376.41574) aim=Vec3(1005.4172, 13.5897, -1285.4662)
2026-10-04T06:27:12.190485Z  INFO mm2_app::scripted: scripted player started a bounded escape after sustained low-speed throttle tick=59566 escapes=79 position=Vec3(1011.68616, 14.090432, -1273.689) speed=0.04798291623592377 heading_rad=0.1730567067861557 bearing_rad=-0.331135630607605 route_next=Some(365) gate=Vec3(2769.0564, 3.4061, -376.41574) aim=Vec3(1005.7457, 13.73278, -1284.4553)
2026-10-04T06:27:14.044520Z  INFO mm2_app::scripted: scripted player started a bounded escape after sustained low-speed throttle tick=60296 escapes=80 position=Vec3(1006.615, 13.838539, -1273.6412) speed=-0.004587513394653797 heading_rad=0.16450417041778564 bearing_rad=0.0568077377974987 route_next=Some(365) gate=Vec3(2769.0564, 3.4061, -376.41574) aim=Vec3(1005.2963, 13.5897, -1285.8381)
2026-10-04T06:27:15.421254Z  INFO mm2_app::scripted: scripted player started a bounded escape after sustained low-speed throttle tick=60842 escapes=81 position=Vec3(1006.37744, 13.828986, -1273.5684) speed=-1.8775463104248047e-6 heading_rad=0.22978951036930084 bearing_rad=0.14181406795978546 route_next=Some(365) gate=Vec3(2769.0564, 3.4061, -376.41574) aim=Vec3(1005.2948, 13.5897, -1285.8428)
2026-10-04T06:27:16.921372Z  INFO mm2_app::scripted: scripted player started a bounded escape after sustained low-speed throttle tick=61436 escapes=82 position=Vec3(1008.1176, 13.8343525, -1273.7501) speed=-0.024626128375530243 heading_rad=0.4046595096588135 bearing_rad=0.17793850600719452 route_next=Some(365) gate=Vec3(2769.0564, 3.4061, -376.41574) aim=Vec3(1005.4092, 13.5897, -1285.4908)
2026-10-04T06:27:18.675652Z  INFO mm2_app::scripted: scripted player started a bounded escape after sustained low-speed throttle tick=62124 escapes=83 position=Vec3(1009.90753, 13.853106, -1273.3802) speed=0.007349666673690081 heading_rad=0.012039661407470703 bearing_rad=-0.3467405438423157 route_next=Some(365) gate=Vec3(2769.0564, 3.4061, -376.41574) aim=Vec3(1005.6903, 13.73278, -1284.6259)
2026-10-04T06:27:20.239632Z  INFO mm2_app::scripted: scripted player started a bounded escape after sustained low-speed throttle tick=62744 escapes=84 position=Vec3(1008.04706, 13.828944, -1273.8081) speed=0.033498574048280716 heading_rad=-0.004847455304116011 bearing_rad=-0.22750216722488403 route_next=Some(365) gate=Vec3(2769.0564, 3.4061, -376.41574) aim=Vec3(1005.3854, 13.5897, -1285.5642)
2026-10-04T06:27:22.316979Z  INFO mm2_app::scripted: scripted player started a bounded escape after sustained low-speed throttle tick=63550 escapes=85 position=Vec3(1011.33417, 14.1868515, -1274.6116) speed=-0.01080385409295559 heading_rad=0.2159518003463745 bearing_rad=-0.28551265597343445 route_next=Some(365) gate=Vec3(2769.0564, 3.4061, -376.41574) aim=Vec3(1005.4662, 13.5897, -1285.3156)
2026-10-04T06:27:23.402903Z  INFO mm2_app::scripted: scripted player started a bounded escape after sustained low-speed throttle tick=63964 escapes=86 position=Vec3(1011.26013, 14.160711, -1274.602) speed=0.00040052272379398346 heading_rad=0.18530228734016418 bearing_rad=-0.3102497160434723 route_next=Some(365) gate=Vec3(2769.0564, 3.4061, -376.41574) aim=Vec3(1005.46185, 13.5897, -1285.3289)
2026-10-04T06:27:24.541351Z  INFO mm2_app::scripted: scripted player started a bounded escape after sustained low-speed throttle tick=64378 escapes=87 position=Vec3(1011.04224, 14.100328, -1274.4562) speed=0.002353193238377571 heading_rad=0.3010806739330292 bearing_rad=-0.1740368902683258 route_next=Some(365) gate=Vec3(2769.0564, 3.4061, -376.41574) aim=Vec3(1005.4837, 13.5897, -1285.2616)
2026-10-04T06:27:25.676723Z  INFO mm2_app::scripted: scripted player started a bounded escape after sustained low-speed throttle tick=64792 escapes=88 position=Vec3(1010.95575, 14.090066, -1274.4315) speed=0.013253409415483475 heading_rad=0.26812979578971863 bearing_rad=-0.1996781975030899 route_next=Some(365) gate=Vec3(2769.0564, 3.4061, -376.41574) aim=Vec3(1005.48254, 13.5897, -1285.265)
2026-10-04T06:27:26.646033Z  INFO mm2_app::scripted: scripted player re-anchored onto its route after a bounded stuck tick=65136 reanchors=9 position=Vec3(1010.639, 13.980551, -1274.1951) speed=0.02254839614033699 heading_rad=0.5543689727783203 route_next=363 gate=Vec3(2769.0564, 3.4061, -376.41574) landing=Vec3(1011.7436, 14.131488, -1266.1378)
2026-10-04T06:27:27.843144Z  INFO mm2_app::scripted: scripted player started a bounded escape after sustained low-speed throttle tick=65608 escapes=89 position=Vec3(1008.80896, 13.850633, -1273.9674) speed=0.02965479902923107 heading_rad=-0.04652843996882439 bearing_rad=-0.33339813351631165 route_next=Some(365) gate=Vec3(2769.0564, 3.4061, -376.41574) aim=Vec3(1005.412, 13.5897, -1285.4823)
2026-10-04T06:27:29.451911Z  INFO mm2_app::scripted: scripted player started a bounded escape after sustained low-speed throttle tick=66240 escapes=90 position=Vec3(1009.01056, 13.852966, -1273.431) speed=0.015337243676185608 heading_rad=-0.04732638970017433 bearing_rad=-0.3363589644432068 route_next=Some(365) gate=Vec3(2769.0564, 3.4061, -376.41574) aim=Vec3(1005.5889, 13.5897, -1284.9377)
2026-10-04T06:27:30.974656Z  INFO mm2_app::scripted: scripted player started a bounded escape after sustained low-speed throttle tick=66836 escapes=91 position=Vec3(1007.9569, 13.827816, -1273.8322) speed=-0.009183946065604687 heading_rad=0.08584259450435638 bearing_rad=-0.1303536295890808 route_next=Some(365) gate=Vec3(2769.0564, 3.4061, -376.41574) aim=Vec3(1005.36957, 13.5897, -1285.6127)
2026-10-04T06:27:32.843152Z  INFO mm2_app::scripted: scripted player started a bounded escape after sustained low-speed throttle tick=67546 escapes=92 position=Vec3(1010.09033, 13.861555, -1273.3505) speed=0.007784335874021053 heading_rad=-0.1252537965774536 bearing_rad=-0.4977196455001831 route_next=Some(365) gate=Vec3(2769.0564, 3.4061, -376.41574) aim=Vec3(1005.7167, 13.73278, -1284.5448)
2026-10-04T06:27:34.574558Z  INFO mm2_app::scripted: scripted player started a bounded escape after sustained low-speed throttle tick=68208 escapes=93 position=Vec3(1006.78705, 13.850301, -1273.6926) speed=-0.0006276926724240184 heading_rad=0.09991111606359482 bearing_rad=-0.0221390463411808 route_next=Some(365) gate=Vec3(2769.0564, 3.4061, -376.41574) aim=Vec3(1005.29785, 13.5897, -1285.8335)
2026-10-04T06:27:36.035285Z  INFO mm2_app::scripted: scripted player started a bounded escape after sustained low-speed throttle tick=68770 escapes=94 position=Vec3(1006.404, 13.8300905, -1273.5835) speed=0.006130673922598362 heading_rad=0.21562634408473969 bearing_rad=0.12528817355632782 route_next=Some(365) gate=Vec3(2769.0564, 3.4061, -376.41574) aim=Vec3(1005.29297, 13.5897, -1285.8485)
2026-10-04T06:27:37.560514Z  INFO mm2_app::scripted: scripted player started a bounded escape after sustained low-speed throttle tick=69364 escapes=95 position=Vec3(1008.0726, 13.834373, -1273.7471) speed=0.016157662495970726 heading_rad=0.39377889037132263 bearing_rad=0.17067308723926544 route_next=Some(365) gate=Vec3(2769.0564, 3.4061, -376.41574) aim=Vec3(1005.4057, 13.5897, -1285.5015)
2026-10-04T06:27:39.277455Z  INFO mm2_app::scripted: scripted player started a bounded escape after sustained low-speed throttle tick=70032 escapes=96 position=Vec3(1009.3207, 13.85239, -1273.3948) speed=0.01345822773873806 heading_rad=-0.029697922989726067 bearing_rad=-0.34236574172973633 route_next=Some(365) gate=Vec3(2769.0564, 3.4061, -376.41574) aim=Vec3(1005.62946, 13.73278, -1284.8131)
2026-10-04T06:27:40.870596Z  INFO mm2_app::scripted: scripted player started a bounded escape after sustained low-speed throttle tick=70664 escapes=97 position=Vec3(1007.1678, 13.828396, -1273.6931) speed=0.027766354382038116 heading_rad=0.2945736050605774 bearing_rad=0.14330682158470154 route_next=Some(365) gate=Vec3(2769.0564, 3.4061, -376.41574) aim=Vec3(1005.33435, 13.5897, -1285.7211)
2026-10-04T06:27:42.656235Z  INFO mm2_app::scripted: scripted player started a bounded escape after sustained low-speed throttle tick=71370 escapes=98 position=Vec3(1008.85974, 13.857407, -1273.6066) speed=0.008371744304895401 heading_rad=-0.24929141998291016 bearing_rad=-0.5309005975723267 route_next=Some(365) gate=Vec3(2769.0564, 3.4061, -376.41574) aim=Vec3(1005.5228, 13.5897, -1285.1411)
2026-10-04T06:27:44.174099Z  INFO mm2_app::scripted: scripted player started a bounded escape after sustained low-speed throttle tick=71964 escapes=99 position=Vec3(1007.94214, 13.836164, -1273.8685) speed=0.007035129237920046 heading_rad=0.1652335673570633 bearing_rad=-0.050730012357234955 route_next=Some(365) gate=Vec3(2769.0564, 3.4061, -376.41574) aim=Vec3(1005.3575, 13.5897, -1285.6499)
2026-10-04T06:27:45.920185Z  INFO mm2_app::scripted: scripted player started a bounded escape after sustained low-speed throttle tick=72654 escapes=100 position=Vec3(1008.3475, 13.832464, -1273.8712) speed=0.016945844516158104 heading_rad=-0.017334841191768646 bearing_rad=-0.26525723934173584 route_next=Some(365) gate=Vec3(2769.0564, 3.4061, -376.41574) aim=Vec3(1005.39575, 13.5897, -1285.5321)
2026-10-04T06:27:47.429828Z  INFO mm2_app::scripted: scripted player started a bounded escape after sustained low-speed throttle tick=73246 escapes=101 position=Vec3(1008.27563, 13.836101, -1273.8173) speed=-0.02269228734076023 heading_rad=0.3262030780315399 bearing_rad=0.08532536029815674 route_next=Some(365) gate=Vec3(2769.0564, 3.4061, -376.41574) aim=Vec3(1005.40466, 13.5897, -1285.5046)
2026-10-04T06:27:49.380285Z  INFO mm2_app::scripted: scripted player started a bounded escape after sustained low-speed throttle tick=74008 escapes=102 position=Vec3(1012.0173, 14.1917925, -1273.7192) speed=0.03479217737913132 heading_rad=0.36887818574905396 bearing_rad=-0.1598096787929535 route_next=Some(365) gate=Vec3(2769.0564, 3.4061, -376.41574) aim=Vec3(1005.7457, 13.73278, -1284.4553)
2026-10-04T06:27:51.165588Z  INFO mm2_app::scripted: scripted player started a bounded escape after sustained low-speed throttle tick=74702 escapes=103 position=Vec3(1007.397, 13.83321, -1273.655) speed=-0.023807115852832794 heading_rad=-0.02982606366276741 bearing_rad=-0.19785404205322266 route_next=Some(365) gate=Vec3(2769.0564, 3.4061, -376.41574) aim=Vec3(1005.3676, 13.5897, -1285.6187)
2026-10-04T06:27:52.916856Z  INFO mm2_app::scripted: scripted player started a bounded escape after sustained low-speed throttle tick=75386 escapes=104 position=Vec3(1009.9341, 13.843476, -1273.3807) speed=0.009628785774111748 heading_rad=0.13582052290439606 bearing_rad=-0.22507572174072266 route_next=Some(365) gate=Vec3(2769.0564, 3.4061, -376.41574) aim=Vec3(1005.6927, 13.73278, -1284.6184)
2026-10-04T06:27:54.499748Z  INFO mm2_app::scripted: scripted player started a bounded escape after sustained low-speed throttle tick=76006 escapes=105 position=Vec3(1008.69934, 13.833787, -1273.9648) speed=0.002994419075548649 heading_rad=0.21063949167728424 bearing_rad=-0.0674891322851181 route_next=Some(365) gate=Vec3(2769.0564, 3.4061, -376.41574) aim=Vec3(1005.40216, 13.5897, -1285.5125)
2026-10-04T06:27:56.236148Z  INFO mm2_app::scripted: scripted player started a bounded escape after sustained low-speed throttle tick=76668 escapes=106 position=Vec3(1010.3424, 13.85273, -1273.4039) speed=0.002790694124996662 heading_rad=0.04988947510719299 bearing_rad=-0.34383898973464966 route_next=Some(365) gate=Vec3(2769.0564, 3.4061, -376.41574) aim=Vec3(1005.7252, 13.73278, -1284.5184)
2026-10-04T06:27:58.879357Z  INFO mm2_app::scripted: scripted player started a bounded escape after sustained low-speed throttle tick=77624 escapes=107 position=Vec3(1006.5032, 13.838136, -1273.6256) speed=-0.0034695803187787533 heading_rad=0.15915784239768982 bearing_rad=0.06030543893575668 route_next=Some(365) gate=Vec3(2769.0564, 3.4061, -376.41574) aim=Vec3(1005.2901, 13.5897, -1285.8572)
2026-10-04T06:28:00.442871Z  INFO mm2_app::scripted: scripted player started a bounded escape after sustained low-speed throttle tick=78180 escapes=108 position=Vec3(1006.38965, 13.828757, -1273.5779) speed=-0.002224978059530258 heading_rad=0.2221304476261139 bearing_rad=0.1330064833164215 route_next=Some(365) gate=Vec3(2769.0564, 3.4061, -376.41574) aim=Vec3(1005.2932, 13.5897, -1285.8477)
2026-10-04T06:28:01.986185Z  INFO mm2_app::scripted: scripted player started a bounded escape after sustained low-speed throttle tick=78774 escapes=109 position=Vec3(1008.10175, 13.834708, -1273.7526) speed=-0.00831552967429161 heading_rad=0.3918711245059967 bearing_rad=0.16633494198322296 route_next=Some(365) gate=Vec3(2769.0564, 3.4061, -376.41574) aim=Vec3(1005.4069, 13.5897, -1285.4978)
2026-10-04T06:28:03.941339Z  INFO mm2_app::scripted: scripted player started a bounded escape after sustained low-speed throttle tick=79546 escapes=110 position=Vec3(1011.4738, 14.078934, -1273.7439) speed=0.006469890475273132 heading_rad=0.12819528579711914 bearing_rad=-0.36235085129737854 route_next=Some(365) gate=Vec3(2769.0564, 3.4061, -376.41574) aim=Vec3(1005.73444, 13.73278, -1284.49)
2026-10-04T06:28:05.750266Z  INFO mm2_app::scripted: scripted player started a bounded escape after sustained low-speed throttle tick=80256 escapes=111 position=Vec3(1007.0651, 13.850873, -1273.6967) speed=0.012608972378075123 heading_rad=0.004896244034171104 bearing_rad=-0.13855524361133575 route_next=Some(365) gate=Vec3(2769.0564, 3.4061, -376.41574) aim=Vec3(1005.3234, 13.5897, -1285.7546)
2026-10-04T06:28:07.179925Z  INFO mm2_app::scripted: scripted player started a bounded escape after sustained low-speed throttle tick=80812 escapes=112 position=Vec3(1006.4496, 13.834259, -1273.6031) speed=-9.807944297790527e-5 heading_rad=0.18988139927387238 bearing_rad=0.09562642872333527 route_next=Some(365) gate=Vec3(2769.0564, 3.4061, -376.41574) aim=Vec3(1005.29156, 13.5897, -1285.8528)
2026-10-04T06:28:08.700125Z  INFO mm2_app::scripted: scripted player started a bounded escape after sustained low-speed throttle tick=81404 escapes=113 position=Vec3(1008.1681, 13.835134, -1273.7513) speed=0.026283005252480507 heading_rad=0.42765843868255615 bearing_rad=0.196939155459404 route_next=Some(365) gate=Vec3(2769.0564, 3.4061, -376.41574) aim=Vec3(1005.4137, 13.5897, -1285.477)
2026-10-04T06:28:10.390650Z  INFO mm2_app::scripted: scripted player started a bounded escape after sustained low-speed throttle tick=82060 escapes=114 position=Vec3(1008.5526, 13.880456, -1273.9249) speed=-0.006470004096627235 heading_rad=-0.007631964050233364 bearing_rad=-0.27312934398651123 route_next=Some(365) gate=Vec3(2769.0564, 3.4061, -376.41574) aim=Vec3(1005.3998, 13.5897, -1285.5198)
2026-10-04T06:28:11.853471Z  INFO mm2_app::scripted: scripted player started a bounded escape after sustained low-speed throttle tick=82626 escapes=115 position=Vec3(1008.13354, 13.834318, -1273.785) speed=-0.0028252312913537025 heading_rad=0.3346562683582306 bearing_rad=0.10579045116901398 route_next=Some(365) gate=Vec3(2769.0564, 3.4061, -376.41574) aim=Vec3(1005.40045, 13.5897, -1285.5177)
2026-10-04T06:28:13.872143Z  INFO mm2_app::scripted: scripted player started a bounded escape after sustained low-speed throttle tick=83412 escapes=116 position=Vec3(1012.19476, 14.256122, -1273.8224) speed=0.00432403851300478 heading_rad=0.309836745262146 bearing_rad=-0.23535951972007751 route_next=Some(365) gate=Vec3(2769.0564, 3.4061, -376.41574) aim=Vec3(1005.7457, 13.73278, -1284.4553)
2026-10-04T06:28:15.652195Z  INFO mm2_app::scripted: scripted player started a bounded escape after sustained low-speed throttle tick=84104 escapes=117 position=Vec3(1007.64996, 13.8339, -1273.7059) speed=-0.015502102673053741 heading_rad=-0.0503464937210083 bearing_rad=-0.23932382464408875 route_next=Some(365) gate=Vec3(2769.0564, 3.4061, -376.41574) aim=Vec3(1005.3771, 13.5897, -1285.5897)
2026-10-04T06:28:17.568500Z  INFO mm2_app::scripted: scripted player started a bounded escape after sustained low-speed throttle tick=84850 escapes=118 position=Vec3(1009.8833, 13.861655, -1273.3545) speed=0.02414575219154358 heading_rad=-0.18726029992103577 bearing_rad=-0.5434600114822388 route_next=Some(365) gate=Vec3(2769.0564, 3.4061, -376.41574) aim=Vec3(1005.69556, 13.73278, -1284.6097)
2026-10-04T06:28:19.054268Z  INFO mm2_app::scripted: scripted player started a bounded escape after sustained low-speed throttle tick=85430 escapes=119 position=Vec3(1009.82697, 13.84795, -1273.3735) speed=-0.00014061620458960533 heading_rad=0.09807907044887543 bearing_rad=-0.2541496455669403 route_next=Some(365) gate=Vec3(2769.0564, 3.4061, -376.41574) aim=Vec3(1005.6845, 13.73278, -1284.6438)
2026-10-04T06:28:20.824212Z  INFO mm2_app::scripted: scripted player re-anchored onto its route after a bounded stuck tick=86120 reanchors=10 position=Vec3(1011.8355, 14.201477, -1273.6919) speed=-0.36512085795402527 heading_rad=0.20296725630760193 route_next=362 gate=Vec3(2769.0564, 3.4061, -376.41574) landing=Vec3(1011.8457, 14.116508, -1265.4287)
2026-10-04T06:28:21.874756Z  INFO mm2_app::scripted: scripted player started a bounded escape after sustained low-speed throttle tick=86534 escapes=120 position=Vec3(1009.5099, 13.858623, -1273.4143) speed=0.005404211580753326 heading_rad=-0.19818688929080963 bearing_rad=-0.5263514518737793 route_next=Some(365) gate=Vec3(2769.0564, 3.4061, -376.41574) aim=Vec3(1005.64197, 13.73278, -1284.7747)
2026-10-04T06:28:23.572588Z  INFO mm2_app::scripted: scripted player started a bounded escape after sustained low-speed throttle tick=87218 escapes=121 position=Vec3(1006.215, 13.828336, -1273.4543) speed=-0.009960518218576908 heading_rad=0.33330038189888 bearing_rad=0.2602677345275879 route_next=Some(365) gate=Vec3(2769.0564, 3.4061, -376.41574) aim=Vec3(1005.3127, 13.5897, -1285.7877)
2026-10-04T06:28:25.080509Z  INFO mm2_app::scripted: scripted player started a bounded escape after sustained low-speed throttle tick=87818 escapes=122 position=Vec3(1007.60565, 13.833605, -1273.8087) speed=-0.002534531056880951 heading_rad=0.1669180542230606 bearing_rad=-0.02121237851679325 route_next=Some(365) gate=Vec3(2769.0564, 3.4061, -376.41574) aim=Vec3(1005.3426, 13.5897, -1285.6957)
2026-10-04T06:28:26.874575Z  INFO mm2_app::scripted: scripted player started a bounded escape after sustained low-speed throttle tick=88540 escapes=123 position=Vec3(1010.30566, 13.844041, -1273.2567) speed=0.037705421447753906 heading_rad=-0.24958105385303497 bearing_rad=-0.6362683773040771 route_next=Some(365) gate=Vec3(2769.0564, 3.4061, -376.41574) aim=Vec3(1005.7457, 13.73278, -1284.4553)
2026-10-04T06:28:28.455931Z  INFO mm2_app::scripted: scripted player started a bounded escape after sustained low-speed throttle tick=89162 escapes=124 position=Vec3(1008.44464, 13.834026, -1273.9476) speed=0.022586436942219734 heading_rad=0.17833617329597473 bearing_rad=-0.07921315729618073 route_next=Some(365) gate=Vec3(2769.0564, 3.4061, -376.41574) aim=Vec3(1005.3827, 13.5897, -1285.5724)
2026-10-04T06:28:30.245026Z  INFO mm2_app::scripted: scripted player started a bounded escape after sustained low-speed throttle tick=89844 escapes=125 position=Vec3(1007.5822, 13.829536, -1273.7488) speed=-0.01319983322173357 heading_rad=0.08662055432796478 bearing_rad=-0.09816370159387589 route_next=Some(365) gate=Vec3(2769.0564, 3.4061, -376.41574) aim=Vec3(1005.358, 13.5897, -1285.6484)
2026-10-04T06:28:31.721650Z  INFO mm2_app::scripted: scripted player started a bounded escape after sustained low-speed throttle tick=90414 escapes=126 position=Vec3(1008.51, 13.835119, -1273.8516) speed=-0.009989761747419834 heading_rad=0.33710333704948425 bearing_rad=0.07685454934835434 route_next=Some(365) gate=Vec3(2769.0564, 3.4061, -376.41574) aim=Vec3(1005.4172, 13.5897, -1285.4662)
2026-10-04T06:28:33.863576Z  INFO mm2_app::scripted: scripted player started a bounded escape after sustained low-speed throttle tick=91190 escapes=127 position=Vec3(1011.68616, 14.090432, -1273.689) speed=0.04798291623592377 heading_rad=0.1730567067861557 bearing_rad=-0.331135630607605 route_next=Some(365) gate=Vec3(2769.0564, 3.4061, -376.41574) aim=Vec3(1005.7457, 13.73278, -1284.4553)
2026-10-04T06:28:35.724128Z  INFO mm2_app::scripted: scripted player started a bounded escape after sustained low-speed throttle tick=91920 escapes=128 position=Vec3(1006.615, 13.838539, -1273.6412) speed=-0.004587513394653797 heading_rad=0.16450417041778564 bearing_rad=0.0568077377974987 route_next=Some(365) gate=Vec3(2769.0564, 3.4061, -376.41574) aim=Vec3(1005.2963, 13.5897, -1285.8381)
2026-10-04T06:28:37.120867Z  INFO mm2_app::scripted: scripted player started a bounded escape after sustained low-speed throttle tick=92466 escapes=129 position=Vec3(1006.37744, 13.828986, -1273.5684) speed=-1.8775463104248047e-6 heading_rad=0.22978951036930084 bearing_rad=0.14181406795978546 route_next=Some(365) gate=Vec3(2769.0564, 3.4061, -376.41574) aim=Vec3(1005.2948, 13.5897, -1285.8428)
2026-10-04T06:28:38.645322Z  INFO mm2_app::scripted: scripted player started a bounded escape after sustained low-speed throttle tick=93060 escapes=130 position=Vec3(1008.1176, 13.8343525, -1273.7501) speed=-0.024626128375530243 heading_rad=0.4046595096588135 bearing_rad=0.17793850600719452 route_next=Some(365) gate=Vec3(2769.0564, 3.4061, -376.41574) aim=Vec3(1005.4092, 13.5897, -1285.4908)
2026-10-04T06:28:40.407081Z  INFO mm2_app::scripted: scripted player started a bounded escape after sustained low-speed throttle tick=93748 escapes=131 position=Vec3(1009.90753, 13.853106, -1273.3802) speed=0.007349666673690081 heading_rad=0.012039661407470703 bearing_rad=-0.3467405438423157 route_next=Some(365) gate=Vec3(2769.0564, 3.4061, -376.41574) aim=Vec3(1005.6903, 13.73278, -1284.6259)
2026-10-04T06:28:41.992101Z  INFO mm2_app::scripted: scripted player started a bounded escape after sustained low-speed throttle tick=94368 escapes=132 position=Vec3(1008.04706, 13.828944, -1273.8081) speed=0.033498574048280716 heading_rad=-0.004847455304116011 bearing_rad=-0.22750216722488403 route_next=Some(365) gate=Vec3(2769.0564, 3.4061, -376.41574) aim=Vec3(1005.3854, 13.5897, -1285.5642)
2026-10-04T06:28:44.071371Z  INFO mm2_app::scripted: scripted player started a bounded escape after sustained low-speed throttle tick=95174 escapes=133 position=Vec3(1011.33417, 14.1868515, -1274.6116) speed=-0.01080385409295559 heading_rad=0.2159518003463745 bearing_rad=-0.28551265597343445 route_next=Some(365) gate=Vec3(2769.0564, 3.4061, -376.41574) aim=Vec3(1005.4662, 13.5897, -1285.3156)
2026-10-04T06:28:45.112235Z  INFO mm2_app::scripted: scripted player started a bounded escape after sustained low-speed throttle tick=95588 escapes=134 position=Vec3(1011.26013, 14.160711, -1274.602) speed=0.00040052272379398346 heading_rad=0.18530228734016418 bearing_rad=-0.3102497160434723 route_next=Some(365) gate=Vec3(2769.0564, 3.4061, -376.41574) aim=Vec3(1005.46185, 13.5897, -1285.3289)
2026-10-04T06:28:46.152533Z  INFO mm2_app::scripted: scripted player started a bounded escape after sustained low-speed throttle tick=96002 escapes=135 position=Vec3(1011.04224, 14.100328, -1274.4562) speed=0.002353193238377571 heading_rad=0.3010806739330292 bearing_rad=-0.1740368902683258 route_next=Some(365) gate=Vec3(2769.0564, 3.4061, -376.41574) aim=Vec3(1005.4837, 13.5897, -1285.2616)
2026-10-04T06:28:47.202198Z  INFO mm2_app::scripted: scripted player started a bounded escape after sustained low-speed throttle tick=96416 escapes=136 position=Vec3(1010.95575, 14.090066, -1274.4315) speed=0.013253409415483475 heading_rad=0.26812979578971863 bearing_rad=-0.1996781975030899 route_next=Some(365) gate=Vec3(2769.0564, 3.4061, -376.41574) aim=Vec3(1005.48254, 13.5897, -1285.265)
2026-10-04T06:28:48.072511Z  INFO mm2_app::scripted: scripted player re-anchored onto its route after a bounded stuck tick=96760 reanchors=11 position=Vec3(1010.639, 13.980551, -1274.1951) speed=0.02254839614033699 heading_rad=0.5543689727783203 route_next=363 gate=Vec3(2769.0564, 3.4061, -376.41574) landing=Vec3(1011.7436, 14.131488, -1266.1378)
2026-10-04T06:28:49.253332Z  INFO mm2_app::scripted: scripted player started a bounded escape after sustained low-speed throttle tick=97232 escapes=137 position=Vec3(1008.80896, 13.850633, -1273.9674) speed=0.02965479902923107 heading_rad=-0.04652843996882439 bearing_rad=-0.33339813351631165 route_next=Some(365) gate=Vec3(2769.0564, 3.4061, -376.41574) aim=Vec3(1005.412, 13.5897, -1285.4823)
2026-10-04T06:28:50.868037Z  INFO mm2_app::scripted: scripted player started a bounded escape after sustained low-speed throttle tick=97864 escapes=138 position=Vec3(1009.01056, 13.852966, -1273.431) speed=0.015337243676185608 heading_rad=-0.04732638970017433 bearing_rad=-0.3363589644432068 route_next=Some(365) gate=Vec3(2769.0564, 3.4061, -376.41574) aim=Vec3(1005.5889, 13.5897, -1284.9377)
2026-10-04T06:28:52.380225Z  INFO mm2_app::scripted: scripted player started a bounded escape after sustained low-speed throttle tick=98460 escapes=139 position=Vec3(1007.9569, 13.827816, -1273.8322) speed=-0.009183946065604687 heading_rad=0.08584259450435638 bearing_rad=-0.1303536295890808 route_next=Some(365) gate=Vec3(2769.0564, 3.4061, -376.41574) aim=Vec3(1005.36957, 13.5897, -1285.6127)
2026-10-04T06:28:54.200899Z  INFO mm2_app::scripted: scripted player started a bounded escape after sustained low-speed throttle tick=99170 escapes=140 position=Vec3(1010.09033, 13.861555, -1273.3505) speed=0.007784335874021053 heading_rad=-0.1252537965774536 bearing_rad=-0.4977196455001831 route_next=Some(365) gate=Vec3(2769.0564, 3.4061, -376.41574) aim=Vec3(1005.7167, 13.73278, -1284.5448)
2026-10-04T06:28:55.889500Z  INFO mm2_app::scripted: scripted player started a bounded escape after sustained low-speed throttle tick=99832 escapes=141 position=Vec3(1006.78705, 13.850301, -1273.6926) speed=-0.0006276926724240184 heading_rad=0.09991111606359482 bearing_rad=-0.0221390463411808 route_next=Some(365) gate=Vec3(2769.0564, 3.4061, -376.41574) aim=Vec3(1005.29785, 13.5897, -1285.8335)
2026-10-04T06:28:57.450040Z  INFO mm2_app::scripted: scripted player started a bounded escape after sustained low-speed throttle tick=100394 escapes=142 position=Vec3(1006.404, 13.8300905, -1273.5835) speed=0.006130673922598362 heading_rad=0.21562634408473969 bearing_rad=0.12528817355632782 route_next=Some(365) gate=Vec3(2769.0564, 3.4061, -376.41574) aim=Vec3(1005.29297, 13.5897, -1285.8485)
2026-10-04T06:28:58.960739Z  INFO mm2_app::scripted: scripted player started a bounded escape after sustained low-speed throttle tick=100988 escapes=143 position=Vec3(1008.0726, 13.834373, -1273.7471) speed=0.016157662495970726 heading_rad=0.39377889037132263 bearing_rad=0.17067308723926544 route_next=Some(365) gate=Vec3(2769.0564, 3.4061, -376.41574) aim=Vec3(1005.4057, 13.5897, -1285.5015)
2026-10-04T06:29:00.579693Z  INFO mm2_app::scripted: scripted player started a bounded escape after sustained low-speed throttle tick=101656 escapes=144 position=Vec3(1009.3207, 13.85239, -1273.3948) speed=0.01345822773873806 heading_rad=-0.029697922989726067 bearing_rad=-0.34236574172973633 route_next=Some(365) gate=Vec3(2769.0564, 3.4061, -376.41574) aim=Vec3(1005.62946, 13.73278, -1284.8131)
smoke=headless-physics world=city/stockholm.psdl status=pass updates=51198 ticks=102036 driver=scripted diff=professional phase=playing impacts=435 dropped=0 peak=30.1m/s travel=3638.8m sim=850.30s resets=11 controls=77986t/21016b/87104s finite=true moved=1188m wheels=4/4 final=(1008,13.7,-1270) race=Running cp=1/5 results=5 pos=6/6 opp=5/5 opp_rec=10 opp_drv=35654m/20.0mps/5.3ipk/1.5xpk/0.5apk/0.22hpk opps=0:sthlm_racer/5c/F/22e/8r/900w,1:sthlm_racer/5c/F/3e/576w,2:sthlm_racer/5c/F/8e/1r/900w,3:sthlm_racer/5c/F/8e/838w,4:sthlm_racer/5c/F/3e/1r/900w p_rec=11r/144e env=lt04(noon) fog=none sky=none wtr=0.2/1698r map=inset/north/z1200/hudmap_stockholm.pkg/1t/12m dash=absent:missing-spec+pkg trk=sized ind=on/5m/5b tmr=22g/14:10:30 arr=hudarrow01/ahead sta=10g/p6of6/-/c1of5 bng=3241d/0a/1s/0b bng_ev=1a/1s/0b rcv=8w/0f/8r wfx=0r/0e/0x+8f+ut aud=0h/0v/0s/0l/0a/0r+6x
