   Compiling mm2_app v0.0.0 (/private/tmp/mm2-sthlm-race-engine/crates/mm2_app)
    Finished `test` profile [optimized + debuginfo] target(s) in 19.23s
     Running tests/app.rs (target/debug/deps/app-9c89f8ad2fddc28c)

running 2 tests

thread 'opponents::native_dense_route_keeps_the_corner_ahead_for_speed_planning' (113569142) panicked at crates/mm2_app/tests/opponents.rs:2898:5:
assertion `left == right` failed: dense anchors must not discard a turn 12 m ahead
  left: 5
 right: 2
note: run with `RUST_BACKTRACE=1` environment variable to display a backtrace
test opponents::native_dense_route_keeps_the_corner_ahead_for_speed_planning ... FAILED
physical native dense AI worst_lateral=6.377264

thread 'opponents::native_dense_opponent_physically_drives_two_tight_laps_without_recovery' (113569141) panicked at crates/mm2_app/tests/opponents.rs:3005:5:
dense line lost at a corner: 6.377264
test opponents::native_dense_opponent_physically_drives_two_tight_laps_without_recovery ... FAILED

failures:

failures:
    opponents::native_dense_opponent_physically_drives_two_tight_laps_without_recovery
    opponents::native_dense_route_keeps_the_corner_ahead_for_speed_planning

test result: FAILED. 0 passed; 2 failed; 0 ignored; 0 measured; 718 filtered out; finished in 1.58s

error: test failed, to rerun pass `-p mm2_app --test app`
