mm2-smoke commit=1a822c1cc472f6c04a25a6832e346b162bbb0ff5
2026-10-04T06:12:34.322949Z  WARN mm2: wheel part whl0 geometry authored in place; recentring onto origin car=Some("sthlm_racer")
2026-10-04T06:12:34.322973Z  WARN mm2: wheel part whl1 geometry authored in place; recentring onto origin car=Some("sthlm_racer")
2026-10-04T06:12:34.322977Z  WARN mm2: wheel part whl2 geometry authored in place; recentring onto origin car=Some("sthlm_racer")
2026-10-04T06:12:34.322980Z  WARN mm2: wheel part whl3 geometry authored in place; recentring onto origin car=Some("sthlm_racer")
2026-10-04T06:12:35.016518Z  WARN mm2_app::city: water refs resolved no rooms; deadly water off path=city/stockholm.parts/part_-3_0.water skipped=0
2026-10-04T06:12:35.366111Z  WARN mm2_app::city: water refs resolved no rooms; deadly water off path=city/stockholm.parts/part_-2_2.water skipped=0
2026-10-04T06:12:35.369168Z  WARN mm2_app::city: water refs resolved no rooms; deadly water off path=city/stockholm.parts/part_-2_3.water skipped=0
2026-10-04T06:12:35.521220Z  WARN mm2_app::city: water refs resolved no rooms; deadly water off path=city/stockholm.parts/part_-1_0.water skipped=0
2026-10-04T06:12:35.649971Z  WARN mm2_app::city: water refs resolved no rooms; deadly water off path=city/stockholm.parts/part_-1_2.water skipped=0
2026-10-04T06:12:35.695997Z  WARN mm2_app::city: water refs resolved no rooms; deadly water off path=city/stockholm.parts/part_-1_3.water skipped=0
2026-10-04T06:12:35.808924Z  WARN mm2_app::city: water refs resolved no rooms; deadly water off path=city/stockholm.parts/part_0_-2.water skipped=0
2026-10-04T06:12:36.053701Z  WARN mm2_app::city: water refs resolved no rooms; deadly water off path=city/stockholm.parts/part_0_2.water skipped=0
2026-10-04T06:12:36.107629Z  WARN mm2_app::city: water refs resolved no rooms; deadly water off path=city/stockholm.parts/part_0_3.water skipped=0
2026-10-04T06:12:36.193487Z  WARN mm2_app::city: water refs resolved no rooms; deadly water off path=city/stockholm.parts/part_1_-3.water skipped=0
2026-10-04T06:12:36.279638Z  WARN mm2_app::city: water refs resolved no rooms; deadly water off path=city/stockholm.parts/part_1_-2.water skipped=0
2026-10-04T06:12:36.340263Z  WARN mm2_app::city: water refs resolved no rooms; deadly water off path=city/stockholm.parts/part_1_-1.water skipped=0
2026-10-04T06:12:36.551834Z  WARN mm2_app::city: water refs resolved no rooms; deadly water off path=city/stockholm.parts/part_1_1.water skipped=0
2026-10-04T06:12:36.627252Z  WARN mm2_app::city: water refs resolved no rooms; deadly water off path=city/stockholm.parts/part_1_2.water skipped=0
2026-10-04T06:12:36.684119Z  WARN mm2_app::city: water refs resolved no rooms; deadly water off path=city/stockholm.parts/part_1_3.water skipped=0
2026-10-04T06:12:36.803426Z  WARN mm2_app::city: water refs resolved no rooms; deadly water off path=city/stockholm.parts/part_2_-3.water skipped=0
2026-10-04T06:12:36.934471Z  WARN mm2_app::city: water refs resolved no rooms; deadly water off path=city/stockholm.parts/part_2_-1.water skipped=0
2026-10-04T06:12:37.053567Z  WARN mm2_app::city: water refs resolved no rooms; deadly water off path=city/stockholm.parts/part_2_1.water skipped=0
2026-10-04T06:12:37.106705Z  WARN mm2_app::city: water refs resolved no rooms; deadly water off path=city/stockholm.parts/part_2_2.water skipped=0
2026-10-04T06:12:37.128479Z  WARN mm2_app::city: water refs resolved no rooms; deadly water off path=city/stockholm.parts/part_2_3.water skipped=0
2026-10-04T06:12:37.403014Z  WARN mm2_app::city: water refs resolved no rooms; deadly water off path=city/stockholm.parts/part_3_1.water skipped=0
2026-10-04T06:12:37.449764Z  WARN mm2_app::city: water refs resolved no rooms; deadly water off path=city/stockholm.parts/part_3_2.water skipped=0
2026-10-04T06:12:37.488895Z  WARN mm2_app::city: water refs resolved no rooms; deadly water off path=city/stockholm.parts/part_3_3.water skipped=0
2026-10-04T06:12:37.654673Z  WARN mm2_app::city: water refs resolved no rooms; deadly water off path=city/stockholm.parts/part_4_1.water skipped=0
2026-10-04T06:12:37.690232Z  WARN mm2_app::city: water refs resolved no rooms; deadly water off path=city/stockholm.parts/part_4_2.water skipped=0
2026-10-04T06:12:37.967086Z  WARN mm2_app::city: water refs resolved no rooms; deadly water off path=city/stockholm.parts/part_6_1.water skipped=0
2026-10-04T06:12:38.193241Z  WARN mm2_app::object_sound: object sound table unreadable path=aud/ambient/ferry.csv error=asset not found: aud/ambient/ferry.csv
2026-10-04T06:12:38.193266Z  WARN mm2_app::object_sound: object sound table unreadable path=aud/ambient/subwaycar.csv error=asset not found: aud/ambient/subwaycar.csv
2026-10-04T06:12:38.193787Z  WARN mm2_app::environment: lighting preset validation issue path=city/stockholm.lt04 issue=OffGridName("noon")
2026-10-04T06:12:38.193800Z  WARN mm2_app::environment: fog table unavailable path=city/stockholm_fog.csv error=asset not found: city/stockholm_fog.csv
2026-10-04T06:12:38.193806Z  WARN mm2_app::environment: sky definition unavailable path=city/stockholm.sky error=asset not found: city/stockholm.sky
2026-10-04T06:12:38.212535Z  WARN mm2_app::damage_fx: smoke atlas unresolved — untextured puffs texture="fxpt2"
2026-10-04T06:12:38.212562Z  WARN mm2_app::spark_fx: spark texture unresolved — untextured streaks texture="spark"
2026-10-04T06:12:38.212569Z  WARN mm2_app::wheel_fx: wheel effect unavailable rule="dirt" path=tune/effects/dirt.asbirthrule
2026-10-04T06:12:38.212572Z  WARN mm2_app::wheel_fx: wheel effect unavailable rule="dust" path=tune/effects/dust.asbirthrule
2026-10-04T06:12:38.212575Z  WARN mm2_app::wheel_fx: wheel effect unavailable rule="grass" path=tune/effects/grass.asbirthrule
2026-10-04T06:12:38.212580Z  WARN mm2_app::wheel_fx: wheel effect unavailable rule="leaf" path=tune/effects/leaf.asbirthrule
2026-10-04T06:12:38.212582Z  WARN mm2_app::wheel_fx: wheel effect unavailable rule="smoke" path=tune/effects/smoke.asbirthrule
2026-10-04T06:12:38.212584Z  WARN mm2_app::wheel_fx: wheel effect unavailable rule="snow" path=tune/effects/snow.asbirthrule
2026-10-04T06:12:38.212587Z  WARN mm2_app::wheel_fx: wheel effect unavailable rule="splash" path=tune/effects/splash.asbirthrule
2026-10-04T06:12:38.212589Z  WARN mm2_app::wheel_fx: wheel effect unavailable rule="rock" path=tune/effects/rock.asbirthrule
2026-10-04T06:12:38.212592Z  WARN mm2_app::wheel_fx: wheel atlas unresolved — untextured puffs texture="ptx_wheel"
2026-10-04T06:12:38.212827Z  WARN mm2_app::audio: audio: aud/cardata/player/default_impacts.csv: asset not found: aud/cardata/player/default_impacts.csv
2026-10-04T06:12:38.212836Z  WARN mm2_app::audio: audio: aud/cardata/player/default_surfacedry.csv: asset not found: aud/cardata/player/default_surfacedry.csv
2026-10-04T06:12:38.212841Z  WARN mm2_app::audio: audio: aud/cardata/player/stockholmpolicesiren.csv: asset not found: aud/cardata/player/stockholmpolicesiren.csv
2026-10-04T06:12:38.212844Z  WARN mm2_app::audio: audio: aud/cardata/opponent/policesiren.csv: asset not found: aud/cardata/opponent/policesiren.csv
2026-10-04T06:12:38.213812Z  WARN mm2_app::session: nav graph failed to load — opponent routes stay verbatim error=city/stockholm.bai: not found in the VFS
2026-10-04T06:12:38.222320Z  INFO mm2_app::opponents: opponent roster spawned opponents=6
2026-10-04T06:12:38.653821Z  WARN mm2_app::race_audio: audio: race cue startracelow: no wave matches stem "startracelow"
2026-10-04T06:12:38.653868Z  WARN mm2_app::audio: audio: aud/spchdata/stockholm.csv: asset not found: aud/spchdata/stockholm.csv
2026-10-04T06:12:38.952492Z  WARN mm2_app::race_audio: audio: race cue startracelow: no wave matches stem "startracelow"
2026-10-04T06:12:39.142139Z  WARN mm2_app::race_audio: audio: race cue startracelow: no wave matches stem "startracelow"
2026-10-04T06:12:39.329000Z  WARN mm2_app::race_audio: audio: race cue startracehigh: no wave matches stem "startracehigh"
2026-10-04T06:12:53.258461Z  WARN mm2_app::race_audio: audio: race cue waypoint: no wave matches stem "waypoint"
2026-10-04T06:13:06.142213Z  INFO mm2_app::opponents: opponent re-anchored onto its route after a bounded stuck vehicle=sthlm_racer reanchors=1 from=Vec3(1023.59064, 0.69882816, -2.8226967) to=Vec3(1053.6752, 6.2972484, 24.30351)
2026-10-04T06:13:07.145928Z  INFO mm2_app::opponents: opponent re-anchored onto its route after a bounded stuck vehicle=sthlm_racer reanchors=1 from=Vec3(1030.3423, 4.7096677, -12.519463) to=Vec3(1017.7997, 4.6774845, -19.968536)
2026-10-04T06:13:07.647357Z  WARN mm2_app::race_audio: audio: race cue waypoint: no wave matches stem "waypoint"
2026-10-04T06:13:07.753286Z  INFO mm2_app::opponents: opponent re-anchored onto its route after a bounded stuck vehicle=sthlm_racer reanchors=1 from=Vec3(1020.98724, 0.85740066, -4.9498806) to=Vec3(1019.7356, 4.74723, -17.203632)
2026-10-04T06:13:11.201626Z  INFO mm2_app::opponents: opponent re-anchored onto its route after a bounded stuck vehicle=sthlm_racer reanchors=1 from=Vec3(1022.52106, 0.8414519, -5.505995) to=Vec3(1030.1672, 5.2147684, -4.26621)
2026-10-04T06:13:16.147565Z  INFO mm2_app::opponents: opponent re-anchored onto its route after a bounded stuck vehicle=sthlm_racer reanchors=1 from=Vec3(1013.28235, 0.7537915, -3.3446424) to=Vec3(1171.6754, 4.780755, 171.03595)
2026-10-04T06:13:17.060937Z  INFO mm2_app::opponents: opponent re-anchored onto its route after a bounded stuck vehicle=sthlm_racer reanchors=2 from=Vec3(1096.4003, 0.6098696, 85.873886) to=Vec3(1116.0596, 6.7600784, 100.33693)
2026-10-04T06:13:17.352542Z  INFO mm2_app::opponents: opponent re-anchored onto its route after a bounded stuck vehicle=sthlm_racer reanchors=2 from=Vec3(1091.4108, 0.6994984, 83.31581) to=Vec3(1109.9935, 7.262311, 92.894554)
2026-10-04T06:13:17.740773Z  INFO mm2_app::opponents: opponent re-anchored onto its route after a bounded stuck vehicle=sthlm_racer reanchors=1 from=Vec3(1022.15985, 0.81476885, -4.8506527) to=Vec3(1041.9211, 5.7560105, 10.018702)
2026-10-04T06:13:17.847869Z  INFO mm2_app::opponents: opponent re-anchored onto its route after a bounded stuck vehicle=sthlm_racer reanchors=2 from=Vec3(1099.8486, 1.6623375, 86.45733) to=Vec3(1100.8944, 8.015638, 81.73112)
2026-10-04T06:13:20.551047Z  WARN mm2_app::race_audio: audio: race cue waypoint: no wave matches stem "waypoint"
2026-10-04T06:13:21.383908Z  INFO mm2_app::opponents: opponent re-anchored onto its route after a bounded stuck vehicle=sthlm_racer reanchors=2 from=Vec3(1088.8303, 0.6684046, 74.61593) to=Vec3(1094.814, 8.191599, 74.30052)
2026-10-04T06:13:26.473380Z  INFO mm2_app::opponents: opponent re-anchored onto its route after a bounded stuck vehicle=sthlm_racer reanchors=3 from=Vec3(1099.1873, 7.339157, 86.17509) to=Vec3(1097.3348, 8.307678, 77.36418)
2026-10-04T06:13:29.751571Z  INFO mm2_app::opponents: opponent re-anchored onto its route after a bounded stuck vehicle=sthlm_racer reanchors=2 from=Vec3(1214.1956, 9.068966, 282.47443) to=Vec3(1194.1495, 14.784517, 291.0548)
2026-10-04T06:13:30.102250Z  INFO mm2_app::opponents: opponent re-anchored onto its route after a bounded stuck vehicle=sthlm_racer reanchors=3 from=Vec3(1255.4786, 3.1308465, 459.436) to=Vec3(1246.7654, 3.4875667, 454.6394)
2026-10-04T06:13:31.025885Z  INFO mm2_app::opponents: opponent re-anchored onto its route after a bounded stuck vehicle=sthlm_racer reanchors=4 from=Vec3(1103.8175, 7.2757783, 89.422356) to=Vec3(1099.3789, 8.141108, 79.87181)
2026-10-04T06:13:32.769455Z  INFO mm2_app::scripted: scripted player started a bounded escape after sustained low-speed throttle tick=25624 escapes=1 position=Vec3(1093.2933, 7.967878, 72.51627) speed=-0.003850167617201805 heading_rad=-2.3939833641052246 bearing_rad=0.05790947377681732 route_next=Some(563) gate=Vec3(1155.1301, 3.5537, 148.72284) aim=Vec3(1100.929, 7.70752, 81.77346)
2026-10-04T06:13:33.635140Z  INFO mm2_app::scripted: scripted player started a bounded escape after sustained low-speed throttle tick=26038 escapes=2 position=Vec3(1092.4001, 7.8949075, 71.36897) speed=0.7749789953231812 heading_rad=-2.192551612854004 bearing_rad=0.2620553970336914 route_next=Some(563) gate=Vec3(1155.1301, 3.5537, 148.72284) aim=Vec3(1100.0106, 7.95863, 80.64686)
2026-10-04T06:13:34.834726Z  INFO mm2_app::scripted: scripted player started a bounded escape after sustained low-speed throttle tick=26600 escapes=3 position=Vec3(1091.4941, 7.783134, 70.26621) speed=0.010183459147810936 heading_rad=-2.4715754985809326 bearing_rad=-0.017430515959858894 route_next=Some(563) gate=Vec3(1155.1301, 3.5537, 148.72284) aim=Vec3(1099.1089, 7.95863, 79.540565)
2026-10-04T06:13:36.135409Z  INFO mm2_app::scripted: scripted player started a bounded escape after sustained low-speed throttle tick=27168 escapes=4 position=Vec3(1091.3799, 7.785175, 70.49875) speed=-0.01572365313768387 heading_rad=-2.3216958045959473 bearing_rad=0.11282525956630707 route_next=Some(563) gate=Vec3(1155.1301, 3.5537, 148.72284) aim=Vec3(1099.1765, 7.95863, 79.62349)
2026-10-04T06:13:36.264658Z  INFO mm2_app::scripted: scripted player re-anchored onto its route after a bounded stuck tick=27228 reanchors=1 position=Vec3(1090.5466, 7.7124515, 69.96859) speed=-3.549121856689453 heading_rad=-2.5257081985473633 route_next=560 gate=Vec3(1155.1301, 3.5537, 148.72284) landing=Vec3(1083.8539, 7.6869154, 60.980507)
2026-10-04T06:13:37.382345Z  INFO mm2_app::scripted: scripted player started a bounded escape after sustained low-speed throttle tick=27688 escapes=5 position=Vec3(1091.4293, 7.7759047, 70.37215) speed=0.010245706886053085 heading_rad=-2.4034218788146973 bearing_rad=0.04095490649342537 route_next=Some(563) gate=Vec3(1155.1301, 3.5537, 148.72284) aim=Vec3(1099.1346, 7.95863, 79.57209)
2026-10-04T06:13:39.052151Z  INFO mm2_app::scripted: scripted player started a bounded escape after sustained low-speed throttle tick=28402 escapes=6 position=Vec3(1085.6747, 7.5339346, 68.164246) speed=0.15732170641422272 heading_rad=-2.7055442333221436 bearing_rad=-0.43236520886421204 route_next=Some(563) gate=Vec3(1155.1301, 3.5537, 148.72284) aim=Vec3(1099.0933, 7.95863, 79.521324)
2026-10-04T06:13:41.424727Z  INFO mm2_app::scripted: scripted player started a bounded escape after sustained low-speed throttle tick=29522 escapes=7 position=Vec3(1091.8451, 7.8067117, 70.00883) speed=0.009796912781894207 heading_rad=-2.4819157123565674 bearing_rad=0.008431605994701385 route_next=Some(563) gate=Vec3(1155.1301, 3.5537, 148.72284) aim=Vec3(1099.1243, 7.95863, 79.5594)
2026-10-04T06:13:41.734218Z  INFO mm2_app::opponents: opponent re-anchored onto its route after a bounded stuck vehicle=sthlm_racer reanchors=3 from=Vec3(1589.8553, 3.9855378, -24.416147) to=Vec3(1589.2642, 4.2763543, -14.439523)
2026-10-04T06:13:42.127460Z  INFO mm2_app::opponents: opponent re-anchored onto its route after a bounded stuck vehicle=sthlm_racer reanchors=2 from=Vec3(1588.8224, 3.7466688, -38.076187) to=Vec3(1590.4423, 4.480437, -27.672705)
2026-10-04T06:13:42.441450Z  INFO mm2_app::scripted: scripted player started a bounded escape after sustained low-speed throttle tick=30002 escapes=8 position=Vec3(1091.8575, 7.805934, 70.00143) speed=0.006634850054979324 heading_rad=-2.4782817363739014 bearing_rad=0.01325951050966978 route_next=Some(563) gate=Vec3(1155.1301, 3.5537, 148.72284) aim=Vec3(1099.1256, 7.95863, 79.56108)
2026-10-04T06:13:44.634566Z  INFO mm2_app::scripted: scripted player started a bounded escape after sustained low-speed throttle tick=31026 escapes=9 position=Vec3(1111.8766, 6.728458, 95.98066) speed=-0.004940379876643419 heading_rad=-2.342163562774658 bearing_rad=0.07611649483442307 route_next=Some(570) gate=Vec3(1155.1301, 3.5537, 148.72284) aim=Vec3(1120.1022, 6.20085, 105.29673)
2026-10-04T06:13:45.521067Z  INFO mm2_app::scripted: scripted player started a bounded escape after sustained low-speed throttle tick=31440 escapes=10 position=Vec3(1111.8802, 6.720079, 95.97149) speed=-0.04356685280799866 heading_rad=-2.3521111011505127 bearing_rad=0.06687795370817184 route_next=Some(570) gate=Vec3(1155.1301, 3.5537, 148.72284) aim=Vec3(1120.1022, 6.20085, 105.29673)
2026-10-04T06:13:46.541506Z  INFO mm2_app::scripted: scripted player started a bounded escape after sustained low-speed throttle tick=31918 escapes=11 position=Vec3(1109.9143, 6.7334557, 97.13298) speed=0.007499304134398699 heading_rad=-3.010998010635376 bearing_rad=-0.7646558880805969 route_next=Some(570) gate=Vec3(1155.1301, 3.5537, 148.72284) aim=Vec3(1120.1022, 6.20085, 105.29673)
2026-10-04T06:13:47.415908Z  INFO mm2_app::opponents: opponent re-anchored onto its route after a bounded stuck vehicle=sthlm_racer reanchors=5 from=Vec3(1099.1892, 0.6996211, 89.69619) to=Vec3(1102.9178, 7.848119, 84.21356)
2026-10-04T06:13:47.867452Z  INFO mm2_app::opponents: opponent re-anchored onto its route after a bounded stuck vehicle=sthlm_racer reanchors=3 from=Vec3(1590.9493, 3.6318653, -56.116726) to=Vec3(1592.7635, 5.138269, -47.85529)
2026-10-04T06:13:51.080078Z  WARN mm2_app::race_audio: audio: race cue waypoint: no wave matches stem "waypoint"
2026-10-04T06:13:54.976762Z  INFO mm2_app::opponents: opponent re-anchored onto its route after a bounded stuck vehicle=sthlm_racer reanchors=4 from=Vec3(1594.7952, 3.435944, -110.03218) to=Vec3(1597.2874, 6.4202585, -87.18734)
2026-10-04T06:13:56.439394Z  INFO mm2_app::opponents: opponent re-anchored onto its route after a bounded stuck vehicle=sthlm_racer reanchors=3 from=Vec3(1589.1571, 3.767848, -35.888874) to=Vec3(1590.4423, 4.480437, -27.672705)
2026-10-04T06:14:01.214785Z  INFO mm2_app::scripted: scripted player started a bounded escape after sustained low-speed throttle tick=37896 escapes=12 position=Vec3(1244.5194, 3.282902, 449.34277) speed=0.07663147151470184 heading_rad=3.0058701038360596 bearing_rad=-0.5429208278656006 route_next=Some(668) gate=Vec3(1460.5228, 2.30435, 600.4462) aim=Vec3(1249.2821, 3.12654, 460.3853)
2026-10-04T06:14:03.095754Z  INFO mm2_app::opponents: opponent re-anchored onto its route after a bounded stuck vehicle=sthlm_racer reanchors=4 from=Vec3(1594.6785, 4.21681, -74.78187) to=Vec3(1594.931, 5.752496, -66.70007)
2026-10-04T06:14:07.241303Z  INFO mm2_app::opponents: opponent re-anchored onto its route after a bounded stuck vehicle=sthlm_racer reanchors=4 from=Vec3(1596.9221, 3.3161306, -106.7965) to=Vec3(1597.4926, 6.478409, -88.97139)
2026-10-04T06:14:10.608952Z  WARN mm2_app::race_audio: audio: race cue waypoint: no wave matches stem "waypoint"
2026-10-04T06:14:12.810535Z  INFO mm2_app::opponents: opponent re-anchored onto its route after a bounded stuck vehicle=sthlm_racer reanchors=5 from=Vec3(1594.3771, 3.2792473, -110.27082) to=Vec3(1598.4984, 6.7634883, -97.717636)
2026-10-04T06:14:19.696273Z  INFO mm2_app::opponents: opponent re-anchored onto its route after a bounded stuck vehicle=sthlm_racer reanchors=3 from=Vec3(1592.8702, 3.2973082, -102.05122) to=Vec3(1597.9496, 6.607933, -92.9452)
2026-10-04T06:14:22.418931Z  INFO mm2_app::opponents: opponent re-anchored onto its route after a bounded stuck vehicle=sthlm_racer reanchors=6 from=Vec3(1596.76, 3.2754576, -106.786446) to=Vec3(1598.5911, 6.789744, -98.52315)
2026-10-04T06:14:30.473744Z  WARN mm2_app::race_audio: audio: race cue waypoint: no wave matches stem "waypoint"
2026-10-04T06:14:31.550763Z  INFO mm2_app::opponents: opponent re-anchored onto its route after a bounded stuck vehicle=sthlm_racer reanchors=7 from=Vec3(1595.455, 3.4492674, -107.69269) to=Vec3(1598.4066, 6.7374573, -96.919)
2026-10-04T06:14:40.440164Z  INFO mm2_app::opponents: opponent re-anchored onto its route after a bounded stuck vehicle=sthlm_racer reanchors=8 from=Vec3(1595.4354, 3.3051703, -100.26705) to=Vec3(1597.8756, 6.5869875, -92.30259)
2026-10-04T06:14:41.120330Z  INFO mm2_app::scripted: scripted player started a bounded escape after sustained low-speed throttle tick=51670 escapes=13 position=Vec3(1590.6345, 4.003474, -28.445807) speed=0.0038508183788508177 heading_rad=0.09918730705976486 bearing_rad=0.2051452398300171 route_next=Some(960) gate=Vec3(1739.3563, 6.43538, -266.10925) aim=Vec3(1591.9037, 4.519, -40.378956)
2026-10-04T06:14:43.639227Z  INFO mm2_app::scripted: scripted player started a bounded escape after sustained low-speed throttle tick=52476 escapes=14 position=Vec3(1591.8665, 4.1598473, -37.198997) speed=-0.003502089064568281 heading_rad=0.02991989254951477 bearing_rad=0.11724833399057388 route_next=Some(962) gate=Vec3(1739.3563, 6.43538, -266.10925) aim=Vec3(1592.9135, 4.81994, -49.157692)
2026-10-04T06:14:46.619021Z  INFO mm2_app::scripted: scripted player started a bounded escape after sustained low-speed throttle tick=53458 escapes=15 position=Vec3(1596.9312, 5.2180514, -78.72766) speed=0.012873739935457706 heading_rad=0.2285206913948059 bearing_rad=0.29200804233551025 route_next=Some(971) gate=Vec3(1739.3563, 6.43538, -266.10925) aim=Vec3(1597.6935, 6.17415, -90.71909)
2026-10-04T06:14:47.923029Z  INFO mm2_app::scripted: scripted player started a bounded escape after sustained low-speed throttle tick=53872 escapes=16 position=Vec3(1596.8534, 5.180728, -78.63463) speed=0.12769638001918793 heading_rad=0.20326364040374756 bearing_rad=0.2722981572151184 route_next=Some(971) gate=Vec3(1739.3563, 6.43538, -266.10925) aim=Vec3(1597.682, 6.17415, -90.61844)
2026-10-04T06:14:49.893609Z  INFO mm2_app::opponents: opponent re-anchored onto its route after a bounded stuck vehicle=sthlm_racer reanchors=9 from=Vec3(1597.6124, 3.3448026, -106.71379) to=Vec3(1598.4066, 6.7374573, -96.919)
2026-10-04T06:14:50.179107Z  INFO mm2_app::scripted: scripted player started a bounded escape after sustained low-speed throttle tick=54628 escapes=17 position=Vec3(1597.7156, 5.237041, -87.42877) speed=-0.017076484858989716 heading_rad=0.12704402208328247 bearing_rad=0.20840829610824585 route_next=Some(973) gate=Vec3(1739.3563, 6.43538, -266.10925) aim=Vec3(1598.6914, 6.32462, -99.395645)
2026-10-04T06:14:51.419568Z  INFO mm2_app::scripted: scripted player started a bounded escape after sustained low-speed throttle tick=55042 escapes=18 position=Vec3(1597.408, 4.946912, -87.178215) speed=-0.00943775475025177 heading_rad=-0.03161214664578438 bearing_rad=0.07282035052776337 route_next=Some(973) gate=Vec3(1739.3563, 6.43538, -266.10925) aim=Vec3(1598.6589, 6.32462, -99.11344)
2026-10-04T06:14:55.229644Z  INFO mm2_app::scripted: scripted player started a bounded escape after sustained low-speed throttle tick=56278 escapes=19 position=Vec3(1599.724, 6.7360783, -110.95909) speed=-0.02717229165136814 heading_rad=0.4185781478881836 bearing_rad=0.5575843453407288 route_next=Some(978) gate=Vec3(1739.3563, 6.43538, -266.10925) aim=Vec3(1601.3872, 6.40215, -122.84692)
2026-10-04T06:14:56.610342Z  INFO mm2_app::scripted: scripted player started a bounded escape after sustained low-speed throttle tick=56700 escapes=20 position=Vec3(1599.5808, 5.1552544, -106.97849) speed=-0.003586414037272334 heading_rad=-0.005613268818706274 bearing_rad=0.10755357146263123 route_next=Some(978) gate=Vec3(1739.3563, 6.43538, -266.10925) aim=Vec3(1601.1473, 6.40215, -120.76199)
2026-10-04T06:14:58.367135Z  INFO mm2_app::scripted: scripted player started a bounded escape after sustained low-speed throttle tick=57288 escapes=21 position=Vec3(1597.5455, 3.277134, -106.7216) speed=0.0015913525130599737 heading_rad=-0.1978035569190979 bearing_rad=0.05331319198012352 route_next=Some(978) gate=Vec3(1739.3563, 6.43538, -266.10925) aim=Vec3(1601.1473, 6.40215, -120.76199)
2026-10-04T06:15:01.088493Z  INFO mm2_app::scripted: scripted player started a bounded escape after sustained low-speed throttle tick=58224 escapes=22 position=Vec3(1597.0626, 3.2524672, -130.94339) speed=0.2843751907348633 heading_rad=0.023649925366044044 bearing_rad=0.5486642122268677 route_next=Some(983) gate=Vec3(1739.3563, 6.43538, -266.10925) aim=Vec3(1603.6221, 4.46, -142.26764)
2026-10-04T06:15:02.988816Z  INFO mm2_app::scripted: scripted player started a bounded escape after sustained low-speed throttle tick=58858 escapes=23 position=Vec3(1597.654, 3.5462303, -131.64902) speed=0.7728956341743469 heading_rad=-0.1543309986591339 bearing_rad=0.33462607860565186 route_next=Some(983) gate=Vec3(1739.3563, 6.43538, -266.10925) aim=Vec3(1603.71, 4.46, -143.03125)
2026-10-04T06:15:04.570906Z  INFO mm2_app::scripted: scripted player started a bounded escape after sustained low-speed throttle tick=59380 escapes=24 position=Vec3(1597.668, 3.5653658, -131.7062) speed=0.00195364560931921 heading_rad=-0.1466725915670395 bearing_rad=0.34175339341163635 route_next=Some(983) gate=Vec3(1739.3563, 6.43538, -266.10925) aim=Vec3(1603.7166, 4.46, -143.08925)
