mm2-smoke commit=1a822c1cc472f6c04a25a6832e346b162bbb0ff5
2026-10-04T05:28:26.351928Z  WARN mm2: wheel part whl0 geometry authored in place; recentring onto origin car=Some("sthlm_racer")
2026-10-04T05:28:26.351957Z  WARN mm2: wheel part whl1 geometry authored in place; recentring onto origin car=Some("sthlm_racer")
2026-10-04T05:28:26.351961Z  WARN mm2: wheel part whl2 geometry authored in place; recentring onto origin car=Some("sthlm_racer")
2026-10-04T05:28:26.351964Z  WARN mm2: wheel part whl3 geometry authored in place; recentring onto origin car=Some("sthlm_racer")
2026-10-04T05:28:27.031200Z  WARN mm2_app::city: water refs resolved no rooms; deadly water off path=city/stockholm.parts/part_-3_0.water skipped=0
2026-10-04T05:28:27.363187Z  WARN mm2_app::city: water refs resolved no rooms; deadly water off path=city/stockholm.parts/part_-2_2.water skipped=0
2026-10-04T05:28:27.366129Z  WARN mm2_app::city: water refs resolved no rooms; deadly water off path=city/stockholm.parts/part_-2_3.water skipped=0
2026-10-04T05:28:27.512464Z  WARN mm2_app::city: water refs resolved no rooms; deadly water off path=city/stockholm.parts/part_-1_0.water skipped=0
2026-10-04T05:28:27.638527Z  WARN mm2_app::city: water refs resolved no rooms; deadly water off path=city/stockholm.parts/part_-1_2.water skipped=0
2026-10-04T05:28:27.683966Z  WARN mm2_app::city: water refs resolved no rooms; deadly water off path=city/stockholm.parts/part_-1_3.water skipped=0
2026-10-04T05:28:27.795503Z  WARN mm2_app::city: water refs resolved no rooms; deadly water off path=city/stockholm.parts/part_0_-2.water skipped=0
2026-10-04T05:28:28.032581Z  WARN mm2_app::city: water refs resolved no rooms; deadly water off path=city/stockholm.parts/part_0_2.water skipped=0
2026-10-04T05:28:28.084385Z  WARN mm2_app::city: water refs resolved no rooms; deadly water off path=city/stockholm.parts/part_0_3.water skipped=0
2026-10-04T05:28:28.168472Z  WARN mm2_app::city: water refs resolved no rooms; deadly water off path=city/stockholm.parts/part_1_-3.water skipped=0
2026-10-04T05:28:28.252164Z  WARN mm2_app::city: water refs resolved no rooms; deadly water off path=city/stockholm.parts/part_1_-2.water skipped=0
2026-10-04T05:28:28.311459Z  WARN mm2_app::city: water refs resolved no rooms; deadly water off path=city/stockholm.parts/part_1_-1.water skipped=0
2026-10-04T05:28:28.518179Z  WARN mm2_app::city: water refs resolved no rooms; deadly water off path=city/stockholm.parts/part_1_1.water skipped=0
2026-10-04T05:28:28.591266Z  WARN mm2_app::city: water refs resolved no rooms; deadly water off path=city/stockholm.parts/part_1_2.water skipped=0
2026-10-04T05:28:28.645809Z  WARN mm2_app::city: water refs resolved no rooms; deadly water off path=city/stockholm.parts/part_1_3.water skipped=0
2026-10-04T05:28:28.761226Z  WARN mm2_app::city: water refs resolved no rooms; deadly water off path=city/stockholm.parts/part_2_-3.water skipped=0
2026-10-04T05:28:28.889530Z  WARN mm2_app::city: water refs resolved no rooms; deadly water off path=city/stockholm.parts/part_2_-1.water skipped=0
2026-10-04T05:28:29.005664Z  WARN mm2_app::city: water refs resolved no rooms; deadly water off path=city/stockholm.parts/part_2_1.water skipped=0
2026-10-04T05:28:29.056668Z  WARN mm2_app::city: water refs resolved no rooms; deadly water off path=city/stockholm.parts/part_2_2.water skipped=0
2026-10-04T05:28:29.077583Z  WARN mm2_app::city: water refs resolved no rooms; deadly water off path=city/stockholm.parts/part_2_3.water skipped=0
2026-10-04T05:28:29.340564Z  WARN mm2_app::city: water refs resolved no rooms; deadly water off path=city/stockholm.parts/part_3_1.water skipped=0
2026-10-04T05:28:29.385202Z  WARN mm2_app::city: water refs resolved no rooms; deadly water off path=city/stockholm.parts/part_3_2.water skipped=0
2026-10-04T05:28:29.424233Z  WARN mm2_app::city: water refs resolved no rooms; deadly water off path=city/stockholm.parts/part_3_3.water skipped=0
2026-10-04T05:28:29.586508Z  WARN mm2_app::city: water refs resolved no rooms; deadly water off path=city/stockholm.parts/part_4_1.water skipped=0
2026-10-04T05:28:29.620563Z  WARN mm2_app::city: water refs resolved no rooms; deadly water off path=city/stockholm.parts/part_4_2.water skipped=0
2026-10-04T05:28:29.891253Z  WARN mm2_app::city: water refs resolved no rooms; deadly water off path=city/stockholm.parts/part_6_1.water skipped=0
2026-10-04T05:28:30.114688Z  WARN mm2_app::object_sound: object sound table unreadable path=aud/ambient/ferry.csv error=asset not found: aud/ambient/ferry.csv
2026-10-04T05:28:30.114706Z  WARN mm2_app::object_sound: object sound table unreadable path=aud/ambient/subwaycar.csv error=asset not found: aud/ambient/subwaycar.csv
2026-10-04T05:28:30.114744Z  WARN mm2_app::environment: lighting preset validation issue path=city/stockholm.lt04 issue=OffGridName("noon")
2026-10-04T05:28:30.114749Z  WARN mm2_app::environment: fog table unavailable path=city/stockholm_fog.csv error=asset not found: city/stockholm_fog.csv
2026-10-04T05:28:30.114753Z  WARN mm2_app::environment: sky definition unavailable path=city/stockholm.sky error=asset not found: city/stockholm.sky
2026-10-04T05:28:30.132511Z  WARN mm2_app::damage_fx: smoke atlas unresolved — untextured puffs texture="fxpt2"
2026-10-04T05:28:30.132522Z  WARN mm2_app::spark_fx: spark texture unresolved — untextured streaks texture="spark"
2026-10-04T05:28:30.132527Z  WARN mm2_app::wheel_fx: wheel effect unavailable rule="dirt" path=tune/effects/dirt.asbirthrule
2026-10-04T05:28:30.132531Z  WARN mm2_app::wheel_fx: wheel effect unavailable rule="dust" path=tune/effects/dust.asbirthrule
2026-10-04T05:28:30.132533Z  WARN mm2_app::wheel_fx: wheel effect unavailable rule="grass" path=tune/effects/grass.asbirthrule
2026-10-04T05:28:30.132536Z  WARN mm2_app::wheel_fx: wheel effect unavailable rule="leaf" path=tune/effects/leaf.asbirthrule
2026-10-04T05:28:30.132538Z  WARN mm2_app::wheel_fx: wheel effect unavailable rule="smoke" path=tune/effects/smoke.asbirthrule
2026-10-04T05:28:30.132540Z  WARN mm2_app::wheel_fx: wheel effect unavailable rule="snow" path=tune/effects/snow.asbirthrule
2026-10-04T05:28:30.132543Z  WARN mm2_app::wheel_fx: wheel effect unavailable rule="splash" path=tune/effects/splash.asbirthrule
2026-10-04T05:28:30.132545Z  WARN mm2_app::wheel_fx: wheel effect unavailable rule="rock" path=tune/effects/rock.asbirthrule
2026-10-04T05:28:30.132547Z  WARN mm2_app::wheel_fx: wheel atlas unresolved — untextured puffs texture="ptx_wheel"
2026-10-04T05:28:30.132766Z  WARN mm2_app::audio: audio: aud/cardata/player/default_impacts.csv: asset not found: aud/cardata/player/default_impacts.csv
2026-10-04T05:28:30.132773Z  WARN mm2_app::audio: audio: aud/cardata/player/default_surfacedry.csv: asset not found: aud/cardata/player/default_surfacedry.csv
2026-10-04T05:28:30.132777Z  WARN mm2_app::audio: audio: aud/cardata/player/stockholmpolicesiren.csv: asset not found: aud/cardata/player/stockholmpolicesiren.csv
2026-10-04T05:28:30.132779Z  WARN mm2_app::audio: audio: aud/cardata/opponent/policesiren.csv: asset not found: aud/cardata/opponent/policesiren.csv
2026-10-04T05:28:30.133554Z  WARN mm2_app::session: nav graph failed to load — opponent routes stay verbatim error=city/stockholm.bai: not found in the VFS
2026-10-04T05:28:30.135029Z  INFO mm2_app::opponents: opponent roster spawned opponents=4
2026-10-04T05:28:30.553254Z  WARN mm2_app::race_audio: audio: race cue startracelow: no wave matches stem "startracelow"
2026-10-04T05:28:30.553271Z  WARN mm2_app::audio: audio: aud/spchdata/stockholm.csv: asset not found: aud/spchdata/stockholm.csv
2026-10-04T05:28:30.849212Z  WARN mm2_app::race_audio: audio: race cue startracelow: no wave matches stem "startracelow"
2026-10-04T05:28:31.051602Z  WARN mm2_app::race_audio: audio: race cue startracelow: no wave matches stem "startracelow"
2026-10-04T05:28:31.239128Z  WARN mm2_app::race_audio: audio: race cue startracehigh: no wave matches stem "startracehigh"
2026-10-04T05:28:39.510082Z  WARN mm2_app::race_audio: audio: race cue waypoint: no wave matches stem "waypoint"
2026-10-04T05:28:47.026969Z  WARN mm2_app::race_audio: audio: race cue waypoint: no wave matches stem "waypoint"
2026-10-04T05:28:53.634812Z  WARN mm2_app::race_audio: audio: race cue waypoint: no wave matches stem "waypoint"
2026-10-04T05:29:01.648118Z  WARN mm2_app::race_audio: audio: race cue waypoint: no wave matches stem "waypoint"
2026-10-04T05:29:09.889052Z  WARN mm2_app::race_audio: audio: race cue waypoint: no wave matches stem "waypoint"
2026-10-04T05:29:13.562692Z  INFO mm2_app::opponents: opponent re-anchored onto its route after a bounded stuck vehicle=sthlm_racer reanchors=1 from=Vec3(1821.5052, 0.6707871, -469.32004) to=Vec3(1794.2969, 2.8103313, -477.7676)
2026-10-04T05:29:14.035307Z  INFO mm2_app::opponents: opponent re-anchored onto its route after a bounded stuck vehicle=sthlm_racer reanchors=1 from=Vec3(1819.6893, 0.6059406, -469.06094) to=Vec3(1798.6332, 2.8188367, -481.05167)
2026-10-04T05:29:17.107917Z  WARN mm2_app::race_audio: audio: race cue waypoint: no wave matches stem "waypoint"
2026-10-04T05:29:19.268547Z  INFO mm2_app::opponents: opponent re-anchored onto its route after a bounded stuck vehicle=sthlm_racer reanchors=1 from=Vec3(1813.8829, 1.0961697, -468.82043) to=Vec3(1798.6332, 2.8188367, -481.05167)
2026-10-04T05:29:24.268751Z  INFO mm2_app::opponents: opponent re-anchored onto its route after a bounded stuck vehicle=sthlm_racer reanchors=2 from=Vec3(1596.1697, 3.692123, -126.22125) to=Vec3(1599.0913, 3.3047237, -150.04326)
2026-10-04T05:29:24.886137Z  WARN mm2_app::race_audio: audio: race cue waypoint: no wave matches stem "waypoint"
2026-10-04T05:29:29.080912Z  INFO mm2_app::opponents: opponent re-anchored onto its route after a bounded stuck vehicle=sthlm_racer reanchors=2 from=Vec3(1593.9412, 3.183142, -125.97848) to=Vec3(1598.1112, 3.3651114, -141.60176)
2026-10-04T05:29:29.348412Z  INFO mm2_app::opponents: opponent re-anchored onto its route after a bounded stuck vehicle=sthlm_racer reanchors=3 from=Vec3(1595.3813, 3.2581735, -133.26918) to=Vec3(1598.9524, 3.3132777, -148.84769)
2026-10-04T05:29:32.369189Z  INFO mm2_app::opponents: opponent re-anchored onto its route after a bounded stuck vehicle=sthlm_racer reanchors=2 from=Vec3(1595.6611, 3.7388086, -125.611) to=Vec3(1598.5532, 3.3378706, -145.40955)
2026-10-04T05:29:33.805780Z  INFO mm2_app::opponents: opponent re-anchored onto its route after a bounded stuck vehicle=sthlm_racer reanchors=1 from=Vec3(1156.2091, 0.6157142, 135.09052) to=Vec3(1160.211, 3.9766314, 145.09239)
2026-10-04T05:29:34.616209Z  WARN mm2_app::race_audio: audio: race cue waypoint: no wave matches stem "waypoint"
2026-10-04T05:29:34.923402Z  INFO mm2_app::opponents: opponent re-anchored onto its route after a bounded stuck vehicle=sthlm_racer reanchors=4 from=Vec3(1595.8077, 3.562742, -134.27048) to=Vec3(1598.6006, 3.334959, -145.8166)
2026-10-04T05:29:40.258263Z  INFO mm2_app::opponents: opponent re-anchored onto its route after a bounded stuck vehicle=sthlm_racer reanchors=3 from=Vec3(1593.9844, 3.1948347, -125.97174) to=Vec3(1597.6498, 3.3935518, -137.62675)
2026-10-04T05:29:43.361239Z  WARN mm2_app::race_audio: audio: race cue waypoint: no wave matches stem "waypoint"
2026-10-04T05:29:44.212887Z  INFO mm2_app::opponents: opponent re-anchored onto its route after a bounded stuck vehicle=sthlm_racer reanchors=3 from=Vec3(1150.4338, 3.7530415, 138.01996) to=Vec3(1157.6251, 3.9693413, 143.06287)
2026-10-04T05:29:49.677000Z  INFO mm2_app::opponents: opponent re-anchored onto its route after a bounded stuck vehicle=sthlm_racer reanchors=4 from=Vec3(1159.2805, 3.4367428, 138.05821) to=Vec3(1165.2129, 3.992211, 146.65971)
2026-10-04T05:29:51.809836Z  WARN mm2_app::race_audio: audio: race cue waypoint: no wave matches stem "waypoint"
2026-10-04T05:29:53.739796Z  INFO mm2_app::scripted: scripted player started a bounded escape after sustained low-speed throttle tick=39920 escapes=1 position=Vec3(1816.8124, 2.4778328, -485.8533) speed=0.011644624173641205 heading_rad=1.518531084060669 bearing_rad=-0.22540803253650665 route_next=Some(883) gate=Vec3(1686.3007, 3.54726, -199.74055) aim=Vec3(1804.6384, 2.46953, -483.72415)
2026-10-04T05:29:54.187889Z  INFO mm2_app::opponents: opponent re-anchored onto its route after a bounded stuck vehicle=sthlm_racer reanchors=4 from=Vec3(1163.4285, 1.2974877, 132.81664) to=Vec3(1146.5194, 4.8718467, 129.74648)
2026-10-04T05:29:58.259727Z  INFO mm2_app::opponents: opponent re-anchored onto its route after a bounded stuck vehicle=sthlm_racer reanchors=5 from=Vec3(1146.5001, 5.012968, 129.61768) to=Vec3(1151.4988, 4.3841214, 135.86414)
2026-10-04T05:30:01.573912Z  INFO mm2_app::opponents: opponent re-anchored onto its route after a bounded stuck vehicle=sthlm_racer reanchors=2 from=Vec3(1034.8342, 4.9632616, -3.9402475) to=Vec3(1049.1006, 6.7494073, 10.230879)
2026-10-04T05:30:02.978382Z  WARN mm2_app::race_audio: audio: race cue waypoint: no wave matches stem "waypoint"
2026-10-04T05:30:04.159688Z  INFO mm2_app::opponents: opponent re-anchored onto its route after a bounded stuck vehicle=sthlm_racer reanchors=6 from=Vec3(1154.3918, 3.7622173, 132.28783) to=Vec3(1155.9653, 3.9639087, 141.32117)
2026-10-04T05:30:08.111055Z  INFO mm2_app::opponents: opponent re-anchored onto its route after a bounded stuck vehicle=sthlm_racer reanchors=5 from=Vec3(1034.3265, 4.9482546, -3.923874) to=Vec3(1041.315, 6.0841546, 0.69768524)
2026-10-04T05:30:09.348217Z  INFO mm2_app::opponents: opponent re-anchored onto its route after a bounded stuck vehicle=sthlm_racer reanchors=7 from=Vec3(1155.264, 3.7014935, 133.38715) to=Vec3(1156.9333, 3.9670773, 142.33698)
2026-10-04T05:30:11.525024Z  WARN mm2_app::race_audio: audio: race cue waypoint: no wave matches stem "waypoint"
2026-10-04T05:30:18.334871Z  INFO mm2_app::opponents: opponent re-anchored onto its route after a bounded stuck vehicle=sthlm_racer reanchors=8 from=Vec3(1155.7277, 3.6621795, 133.7843) to=Vec3(1157.1606, 3.9678211, 142.57545)
2026-10-04T05:30:19.598920Z  WARN mm2_app::race_audio: audio: race cue waypoint: no wave matches stem "waypoint"
2026-10-04T05:30:21.214985Z  INFO mm2_app::scripted: scripted player started a bounded escape after sustained low-speed throttle tick=52728 escapes=2 position=Vec3(1150.6986, 3.933376, 134.77637) speed=-0.0022692084312438965 heading_rad=0.9066229462623596 bearing_rad=0.21794188022613525 route_next=Some(1155) gate=Vec3(946.93915, 2.51694, -80.15003) aim=Vec3(1143.0723, 4.76918, 125.511215)
2026-10-04T05:30:23.410230Z  INFO mm2_app::scripted: scripted player started a bounded escape after sustained low-speed throttle tick=53740 escapes=3 position=Vec3(1135.1173, 4.992399, 119.70732) speed=0.07622209936380386 heading_rad=-0.10697590559720993 bearing_rad=-0.584295928478241 route_next=Some(1160) gate=Vec3(946.93915, 2.51694, -80.15003) aim=Vec3(1129.4856, 5.92501, 108.818665)
2026-10-04T05:30:24.368315Z  INFO mm2_app::scripted: scripted player started a bounded escape after sustained low-speed throttle tick=54190 escapes=4 position=Vec3(1134.0143, 5.1095743, 117.733284) speed=0.7406696081161499 heading_rad=0.2565145790576935 bearing_rad=-0.25219419598579407 route_next=Some(1160) gate=Vec3(946.93915, 2.51694, -80.15003) aim=Vec3(1128.0796, 6.21396, 107.09124)
2026-10-04T05:30:25.239099Z  INFO mm2_app::scripted: scripted player started a bounded escape after sustained low-speed throttle tick=54604 escapes=5 position=Vec3(1134.3794, 5.078754, 118.458664) speed=0.04309269040822983 heading_rad=0.11851543933153152 bearing_rad=-0.37610796093940735 route_next=Some(1160) gate=Vec3(946.93915, 2.51694, -80.15003) aim=Vec3(1128.5802, 6.21396, 107.70631)
2026-10-04T05:30:26.694359Z  INFO mm2_app::scripted: scripted player started a bounded escape after sustained low-speed throttle tick=55310 escapes=6 position=Vec3(1124.4133, 5.8874707, 106.5471) speed=0.07878275215625763 heading_rad=-0.08544851094484329 bearing_rad=-0.5632333755493164 route_next=Some(1163) gate=Vec3(946.93915, 2.51694, -80.15003) aim=Vec3(1118.7771, 7.08083, 95.66211)
2026-10-04T05:30:27.553054Z  INFO mm2_app::scripted: scripted player started a bounded escape after sustained low-speed throttle tick=55724 escapes=7 position=Vec3(1124.4011, 5.8847914, 106.53909) speed=-0.017676152288913727 heading_rad=-0.07785360515117645 bearing_rad=-0.555286169052124 route_next=Some(1163) gate=Vec3(946.93915, 2.51694, -80.15003) aim=Vec3(1118.7683, 7.08083, 95.65131)
2026-10-04T05:30:28.632467Z  INFO mm2_app::scripted: scripted player started a bounded escape after sustained low-speed throttle tick=56248 escapes=8 position=Vec3(1121.7361, 6.1470757, 102.288666) speed=0.10219039022922516 heading_rad=0.4364925026893616 bearing_rad=-0.09061703085899353 route_next=Some(1165) gate=Vec3(946.93915, 2.51694, -80.15003) aim=Vec3(1115.6254, 7.36979, 91.78989)
2026-10-04T05:30:28.649179Z  INFO mm2_app::opponents: opponent re-anchored onto its route after a bounded stuck vehicle=sthlm_racer reanchors=9 from=Vec3(1157.9725, 0.46718818, 134.47934) to=Vec3(1143.5693, 5.1608095, 126.121956)
2026-10-04T05:30:29.505971Z  INFO mm2_app::scripted: scripted player started a bounded escape after sustained low-speed throttle tick=56662 escapes=9 position=Vec3(1122.32, 6.0816708, 103.31175) speed=0.08823543041944504 heading_rad=0.28974631428718567 bearing_rad=-0.23390813171863556 route_next=Some(1165) gate=Vec3(946.93915, 2.51694, -80.15003) aim=Vec3(1115.7687, 7.36979, 91.96608)
2026-10-04T05:30:30.840655Z  INFO mm2_app::scripted: scripted player started a bounded escape after sustained low-speed throttle tick=57290 escapes=10 position=Vec3(1127.153, 5.695001, 108.98732) speed=0.3807886838912964 heading_rad=0.41295328736305237 bearing_rad=-0.1765439510345459 route_next=Some(1165) gate=Vec3(946.93915, 2.51694, -80.15003) aim=Vec3(1115.7687, 7.36979, 91.96608)
2026-10-04T05:30:31.707699Z  INFO mm2_app::scripted: scripted player started a bounded escape after sustained low-speed throttle tick=57704 escapes=11 position=Vec3(1127.7472, 5.6311016, 110.035645) speed=0.06430702656507492 heading_rad=0.26047372817993164 bearing_rad=-0.32492437958717346 route_next=Some(1165) gate=Vec3(946.93915, 2.51694, -80.15003) aim=Vec3(1115.7687, 7.36979, 91.96608)
2026-10-04T05:30:31.741341Z  INFO mm2_app::scripted: scripted player re-anchored onto its route after a bounded stuck tick=57720 reanchors=1 position=Vec3(1127.7511, 5.6273685, 110.095726) speed=-0.7140175700187683 heading_rad=0.26564693450927734 route_next=1160 gate=Vec3(946.93915, 2.51694, -80.15003) landing=Vec3(1135.9691, 5.9052453, 116.784294)
2026-10-04T05:30:32.431661Z  INFO mm2_app::opponents: opponent re-anchored onto its route after a bounded stuck vehicle=sthlm_racer reanchors=10 from=Vec3(1143.5304, 5.271588, 126.12517) to=Vec3(1148.6055, 4.6675153, 132.30943)
2026-10-04T05:30:35.535559Z  INFO mm2_app::scripted: scripted player re-anchored onto its route after a bounded stuck tick=59520 reanchors=2 position=Vec3(1135.5656, 5.9335246, 116.34204) speed=-0.00014119941624812782 heading_rad=0.8816344738006592 route_next=1156 gate=Vec3(946.93915, 2.51694, -80.15003) landing=Vec3(1147.7693, 4.7494106, 131.2822)
2026-10-04T05:30:36.575477Z  INFO mm2_app::scripted: scripted player started a bounded escape after sustained low-speed throttle tick=60008 escapes=12 position=Vec3(1143.8809, 4.8095036, 124.27369) speed=0.03686431050300598 heading_rad=0.6402274966239929 bearing_rad=-0.1597749888896942 route_next=Some(1158) gate=Vec3(946.93915, 2.51694, -80.15003) aim=Vec3(1135.2135, 5.34709, 115.855865)
2026-10-04T05:30:37.658809Z  INFO mm2_app::scripted: scripted player started a bounded escape after sustained low-speed throttle tick=60524 escapes=13 position=Vec3(1145.7571, 4.57228, 127.03376) speed=0.007722165435552597 heading_rad=1.1115148067474365 bearing_rad=0.3449518382549286 route_next=Some(1158) gate=Vec3(946.93915, 2.51694, -80.15003) aim=Vec3(1136.4192, 5.34709, 117.33731)
2026-10-04T05:30:38.327778Z  INFO mm2_app::opponents: opponent re-anchored onto its route after a bounded stuck vehicle=sthlm_racer reanchors=11 from=Vec3(1139.5349, 5.283662, 118.29267) to=Vec3(1143.1443, 5.2024393, 125.59977)
2026-10-04T05:30:38.776901Z  INFO mm2_app::scripted: scripted player started a bounded escape after sustained low-speed throttle tick=61056 escapes=14 position=Vec3(1151.1804, 4.051491, 133.61514) speed=0.0315476655960083 heading_rad=1.1815006732940674 bearing_rad=0.4449247717857361 route_next=Some(1158) gate=Vec3(946.93915, 2.51694, -80.15003) aim=Vec3(1136.4192, 5.34709, 117.33731)
2026-10-04T05:30:42.037702Z  INFO mm2_app::opponents: opponent re-anchored onto its route after a bounded stuck vehicle=sthlm_racer reanchors=12 from=Vec3(1143.109, 5.3101196, 125.61107) to=Vec3(1148.1858, 4.7086167, 131.79388)
2026-10-04T05:30:44.244709Z  INFO mm2_app::scripted: scripted player re-anchored onto its route after a bounded stuck tick=63614 reanchors=3 position=Vec3(1160.2986, 1.6380801, 135.85173) speed=0.0 heading_rad=-0.7758378982543945 route_next=1152 gate=Vec3(946.93915, 2.51694, -80.15003) landing=Vec3(1159.6204, 3.9752076, 144.7694)
2026-10-04T05:30:45.408814Z  INFO mm2_app::scripted: scripted player started a bounded escape after sustained low-speed throttle tick=64088 escapes=15 position=Vec3(1149.8577, 3.8875422, 135.4978) speed=0.007084537297487259 heading_rad=0.5804385542869568 bearing_rad=-0.016158778220415115 route_next=Some(1155) gate=Vec3(946.93915, 2.51694, -80.15003) aim=Vec3(1143.0903, 4.76918, 125.53343)
2026-10-04T05:30:47.277537Z  INFO mm2_app::scripted: scripted player started a bounded escape after sustained low-speed throttle tick=64968 escapes=16 position=Vec3(1141.9801, 4.8479624, 122.98477) speed=0.8673285245895386 heading_rad=0.8268694281578064 bearing_rad=0.08423569798469543 route_next=Some(1159) gate=Vec3(946.93915, 2.51694, -80.15003) aim=Vec3(1133.4691, 5.63605, 113.712845)
2026-10-04T05:30:48.304019Z  INFO mm2_app::scripted: scripted player started a bounded escape after sustained low-speed throttle tick=65492 escapes=17 position=Vec3(1143.1486, 5.058511, 121.063515) speed=0.026176584884524345 heading_rad=0.2221059799194336 bearing_rad=-0.6955833435058594 route_next=Some(1159) gate=Vec3(946.93915, 2.51694, -80.15003) aim=Vec3(1133.35, 5.63605, 113.56644)
2026-10-04T05:30:49.149367Z  INFO mm2_app::scripted: scripted player started a bounded escape after sustained low-speed throttle tick=65928 escapes=18 position=Vec3(1147.6449, 4.4396095, 128.64716) speed=0.005202062427997589 heading_rad=2.4361720085144043 bearing_rad=1.6768251657485962 route_next=Some(1159) gate=Vec3(946.93915, 2.51694, -80.15003) aim=Vec3(1133.4691, 5.63605, 113.712845)
2026-10-04T05:30:49.954933Z  INFO mm2_app::scripted: scripted player started a bounded escape after sustained low-speed throttle tick=66342 escapes=19 position=Vec3(1147.1129, 4.4910855, 127.93877) speed=0.003489963710308075 heading_rad=2.0114362239837646 bearing_rad=1.246922254562378 route_next=Some(1159) gate=Vec3(946.93915, 2.51694, -80.15003) aim=Vec3(1133.4691, 5.63605, 113.712845)
2026-10-04T05:30:50.341943Z  INFO mm2_app::scripted: scripted player re-anchored onto its route after a bounded stuck tick=66544 reanchors=4 position=Vec3(1147.3835, 4.517245, 127.78597) speed=1.8438950777053833 heading_rad=1.9738813638687134 route_next=1155 gate=Vec3(946.93915, 2.51694, -80.15003) landing=Vec3(1151.1444, 4.4188237, 135.42885)
2026-10-04T05:30:50.868777Z  INFO mm2_app::scripted: scripted player started a bounded escape after sustained low-speed throttle tick=66808 escapes=20 position=Vec3(1150.7231, 3.9363942, 134.82822) speed=0.01395583525300026 heading_rad=0.7176684737205505 bearing_rad=0.030128903687000275 route_next=Some(1155) gate=Vec3(946.93915, 2.51694, -80.15003) aim=Vec3(1143.1074, 4.76918, 125.55441)
2026-10-04T05:30:52.723921Z  INFO mm2_app::scripted: scripted player started a bounded escape after sustained low-speed throttle tick=67766 escapes=21 position=Vec3(1138.413, 5.1755567, 118.558914) speed=0.2277812361717224 heading_rad=0.829615592956543 bearing_rad=0.08193566650152206 route_next=Some(1160) gate=Vec3(946.93915, 2.51694, -80.15003) aim=Vec3(1130.2367, 5.92501, 109.74136)
2026-10-04T05:30:53.759301Z  INFO mm2_app::scripted: scripted player started a bounded escape after sustained low-speed throttle tick=68298 escapes=22 position=Vec3(1139.4556, 5.421831, 116.4692) speed=-0.008045853115618229 heading_rad=0.2556901276111603 bearing_rad=-0.6648386716842651 route_next=Some(1160) gate=Vec3(946.93915, 2.51694, -80.15003) aim=Vec3(1129.629, 5.92501, 108.99487)
2026-10-04T05:30:54.585116Z  INFO mm2_app::scripted: scripted player started a bounded escape after sustained low-speed throttle tick=68718 escapes=23 position=Vec3(1143.8278, 4.8080287, 123.90238) speed=0.03678712993860245 heading_rad=2.5224852561950684 bearing_rad=1.7557146549224854 route_next=Some(1160) gate=Vec3(946.93915, 2.51694, -80.15003) aim=Vec3(1130.519, 5.92501, 110.08838)
2026-10-04T05:30:55.481371Z  INFO mm2_app::scripted: scripted player started a bounded escape after sustained low-speed throttle tick=69132 escapes=24 position=Vec3(1143.0264, 4.8841543, 122.87817) speed=0.03318638354539871 heading_rad=1.9329947233200073 bearing_rad=1.158761978149414 route_next=Some(1160) gate=Vec3(946.93915, 2.51694, -80.15003) aim=Vec3(1130.519, 5.92501, 110.08838)
2026-10-04T05:30:55.952746Z  INFO mm2_app::scripted: scripted player re-anchored onto its route after a bounded stuck tick=69342 reanchors=5 position=Vec3(1143.1913, 4.897583, 122.82837) speed=2.1007204055786133 heading_rad=1.9422740936279297 route_next=1156 gate=Vec3(946.93915, 2.51694, -80.15003) landing=Vec3(1148.1943, 4.70778, 131.80438)
2026-10-04T05:30:59.486530Z  INFO mm2_app::scripted: scripted player re-anchored onto its route after a bounded stuck tick=71142 reanchors=6 position=Vec3(1148.592, 4.8021445, 131.9368) speed=-4.0220947994384915e-5 heading_rad=0.12005673348903656 route_next=1154 gate=Vec3(946.93915, 2.51694, -80.15003) landing=Vec3(1153.4678, 4.1912594, 138.28328)
2026-10-04T05:31:00.217886Z  INFO mm2_app::scripted: scripted player started a bounded escape after sustained low-speed throttle tick=71498 escapes=25 position=Vec3(1150.7622, 3.9431746, 134.74423) speed=0.01528802141547203 heading_rad=0.7962265610694885 bearing_rad=0.10174614191055298 route_next=Some(1155) gate=Vec3(946.93915, 2.51694, -80.15003) aim=Vec3(1143.0819, 4.76918, 125.52304)
2026-10-04T05:31:03.032381Z  INFO mm2_app::scripted: scripted player started a bounded escape after sustained low-speed throttle tick=72918 escapes=26 position=Vec3(1148.3806, 1.5303315, 127.577415) speed=-0.00041040527867153287 heading_rad=0.9176290035247803 bearing_rad=0.004216789733618498 route_next=Some(1157) gate=Vec3(946.93915, 2.51694, -80.15003) aim=Vec3(1138.624, 5.05813, 120.04609)
2026-10-04T05:31:05.050710Z  INFO mm2_app::scripted: scripted player re-anchored onto its route after a bounded stuck tick=73970 reanchors=7 position=Vec3(1150.8354, 0.69955224, 116.968506) speed=11.204105377197266 heading_rad=0.9566972255706787 route_next=1157 gate=Vec3(946.93915, 2.51694, -80.15003) landing=Vec3(1144.5084, 5.0688243, 127.27576)
2026-10-04T05:31:08.484405Z  INFO mm2_app::scripted: scripted player re-anchored onto its route after a bounded stuck tick=75770 reanchors=8 position=Vec3(1144.4822, 5.1924906, 127.28649) speed=-1.2764794519171119e-5 heading_rad=0.6669822931289673 route_next=1155 gate=Vec3(946.93915, 2.51694, -80.15003) landing=Vec3(1151.5695, 4.377194, 135.95103)
2026-10-04T05:31:08.688550Z  INFO mm2_app::opponents: opponent re-anchored onto its route after a bounded stuck vehicle=sthlm_racer reanchors=3 from=Vec3(1165.5294, 0.9212614, 130.81766) to=Vec3(1140.6193, 5.449761, 122.49749)
2026-10-04T05:31:09.038023Z  INFO mm2_app::scripted: scripted player started a bounded escape after sustained low-speed throttle tick=76060 escapes=27 position=Vec3(1150.7288, 3.9391804, 134.81487) speed=0.005628249607980251 heading_rad=0.7303359508514404 bearing_rad=0.041732266545295715 route_next=Some(1155) gate=Vec3(946.93915, 2.51694, -80.15003) aim=Vec3(1143.1031, 4.76918, 125.54914)
2026-10-04T05:31:12.116212Z  INFO mm2_app::opponents: opponent re-anchored onto its route after a bounded stuck vehicle=sthlm_racer reanchors=4 from=Vec3(1140.5916, 5.516654, 122.51306) to=Vec3(1145.6659, 4.9554462, 128.69786)
2026-10-04T05:31:12.388869Z  INFO mm2_app::opponents: opponent re-anchored onto its route after a bounded stuck vehicle=sthlm_racer reanchors=6 from=Vec3(1159.2727, 1.5233811, 133.28465) to=Vec3(1155.8647, 3.9635794, 141.21562)
2026-10-04T05:31:13.714898Z  INFO mm2_app::scripted: scripted player re-anchored onto its route after a bounded stuck tick=78502 reanchors=9 position=Vec3(1154.3805, 3.762991, 132.27321) speed=0.0025105122476816177 heading_rad=0.7153476476669312 route_next=1153 gate=Vec3(946.93915, 2.51694, -80.15003) landing=Vec3(1155.9525, 3.963867, 141.30777)
2026-10-04T05:31:14.536029Z  INFO mm2_app::scripted: scripted player started a bounded escape after sustained low-speed throttle tick=78920 escapes=28 position=Vec3(1150.5531, 3.9241247, 134.96632) speed=-0.003820560872554779 heading_rad=0.7536072134971619 bearing_rad=0.08432292193174362 route_next=Some(1155) gate=Vec3(946.93915, 2.51694, -80.15003) aim=Vec3(1143.1073, 4.76918, 125.554245)
2026-10-04T05:31:15.653008Z  INFO mm2_app::opponents: opponent re-anchored onto its route after a bounded stuck vehicle=sthlm_racer reanchors=5 from=Vec3(1143.886, 4.9286003, 122.81465) to=Vec3(1148.6194, 4.6661487, 132.32657)
2026-10-04T05:31:17.963535Z  INFO mm2_app::opponents: opponent re-anchored onto its route after a bounded stuck vehicle=sthlm_racer reanchors=7 from=Vec3(1093.0616, 8.613049, 69.331276) to=Vec3(1100.6886, 9.360954, 73.43845)
2026-10-04T05:31:20.028113Z  INFO mm2_app::scripted: scripted player re-anchored onto its route after a bounded stuck tick=81566 reanchors=10 position=Vec3(1155.8959, 0.8501938, 132.36397) speed=0.9814414978027344 heading_rad=-0.21271279454231262 route_next=1153 gate=Vec3(946.93915, 2.51694, -80.15003) landing=Vec3(1157.6251, 3.9693413, 143.06287)
2026-10-04T05:31:20.923034Z  INFO mm2_app::scripted: scripted player started a bounded escape after sustained low-speed throttle tick=82014 escapes=29 position=Vec3(1150.7053, 3.9339285, 134.78386) speed=-0.006287045776844025 heading_rad=0.8452005386352539 bearing_rad=0.15647973120212555 route_next=Some(1155) gate=Vec3(946.93915, 2.51694, -80.15003) aim=Vec3(1143.0786, 4.76918, 125.51901)
2026-10-04T05:31:24.972366Z  INFO mm2_app::scripted: scripted player re-anchored onto its route after a bounded stuck tick=84072 reanchors=11 position=Vec3(1156.4738, 3.6625085, 134.9657) speed=0.0608016774058342 heading_rad=0.5575510263442993 route_next=1153 gate=Vec3(946.93915, 2.51694, -80.15003) landing=Vec3(1158.0896, 3.9708617, 143.55028)
2026-10-04T05:31:25.847303Z  INFO mm2_app::scripted: scripted player started a bounded escape after sustained low-speed throttle tick=84520 escapes=30 position=Vec3(1150.7275, 3.9377158, 134.75023) speed=-0.006719212979078293 heading_rad=0.8696925044059753 bearing_rad=0.17776846885681152 route_next=Some(1155) gate=Vec3(946.93915, 2.51694, -80.15003) aim=Vec3(1143.071, 4.76918, 125.50968)
2026-10-04T05:31:32.283818Z  INFO mm2_app::opponents: opponent re-anchored onto its route after a bounded stuck vehicle=sthlm_racer reanchors=8 from=Vec3(1033.251, 4.881625, -6.038083) to=Vec3(1041.6018, 6.1086607, 1.0488583)
2026-10-04T05:31:51.679076Z  INFO mm2_app::opponents: opponent re-anchored onto its route after a bounded stuck vehicle=sthlm_racer reanchors=13 from=Vec3(1593.9912, 3.2112174, -125.85153) to=Vec3(1597.1748, 3.4228232, -133.53561)
2026-10-04T05:32:04.894849Z  INFO mm2_app::opponents: opponent re-anchored onto its route after a bounded stuck vehicle=sthlm_racer reanchors=14 from=Vec3(1163.1189, 0.65261525, 131.74347) to=Vec3(1143.5693, 5.1608095, 126.121956)
2026-10-04T05:32:08.429793Z  INFO mm2_app::opponents: opponent re-anchored onto its route after a bounded stuck vehicle=sthlm_racer reanchors=15 from=Vec3(1143.5304, 5.271588, 126.12517) to=Vec3(1151.1305, 4.4201903, 135.4117)
2026-10-04T05:32:14.302036Z  INFO mm2_app::opponents: opponent re-anchored onto its route after a bounded stuck vehicle=sthlm_racer reanchors=16 from=Vec3(1161.605, 1.6740732, 134.23067) to=Vec3(1155.3695, 4.004981, 140.6198)
2026-10-04T05:32:19.991516Z  INFO mm2_app::opponents: opponent re-anchored onto its route after a bounded stuck vehicle=sthlm_racer reanchors=17 from=Vec3(1158.7831, 2.2572596, 136.12894) to=Vec3(1146.5194, 4.8718467, 129.74648)
2026-10-04T05:32:23.496189Z  INFO mm2_app::opponents: opponent re-anchored onto its route after a bounded stuck vehicle=sthlm_racer reanchors=18 from=Vec3(1146.498, 5.013402, 129.6159) to=Vec3(1156.6171, 3.9660418, 142.00505)
2026-10-04T05:32:30.266973Z  INFO mm2_app::opponents: opponent re-anchored onto its route after a bounded stuck vehicle=sthlm_racer reanchors=19 from=Vec3(1158.8816, 3.151205, 135.48177) to=Vec3(1146.5194, 4.8718467, 129.74648)
2026-10-04T05:32:32.116825Z  INFO mm2_app::scripted: scripted player re-anchored onto its route after a bounded stuck tick=118958 reanchors=12 position=Vec3(1156.3314, 0.696979, 134.67819) speed=2.7401657104492188 heading_rad=-0.004406780935823917 route_next=1152 gate=Vec3(946.93915, 2.51694, -80.15003) landing=Vec3(1160.211, 3.9766314, 145.09239)
2026-10-04T05:32:33.033623Z  INFO mm2_app::scripted: scripted player started a bounded escape after sustained low-speed throttle tick=119436 escapes=31 position=Vec3(1149.8026, 3.882795, 135.50044) speed=0.002232074737548828 heading_rad=0.4616313576698303 bearing_rad=-0.13129733502864838 route_next=Some(1155) gate=Vec3(946.93915, 2.51694, -80.15003) aim=Vec3(1143.0697, 4.76918, 125.50808)
2026-10-04T05:32:33.685840Z  INFO mm2_app::opponents: opponent re-anchored onto its route after a bounded stuck vehicle=sthlm_racer reanchors=20 from=Vec3(1146.498, 5.013402, 129.6159) to=Vec3(1163.0898, 3.984377, 146.439)
2026-10-04T05:32:34.370681Z  INFO mm2_app::scripted: scripted player started a bounded escape after sustained low-speed throttle tick=120150 escapes=32 position=Vec3(1150.4268, 3.9133444, 135.0859) speed=-0.0013728626072406769 heading_rad=0.7299544215202332 bearing_rad=0.07511895149946213 route_next=Some(1155) gate=Vec3(946.93915, 2.51694, -80.15003) aim=Vec3(1143.1155, 4.76918, 125.56431)
2026-10-04T05:32:35.873979Z  INFO mm2_app::scripted: scripted player started a bounded escape after sustained low-speed throttle tick=120942 escapes=33 position=Vec3(1144.5259, 4.2230515, 131.1712) speed=0.012863930314779282 heading_rad=-0.04321473464369774 bearing_rad=-0.5253461599349976 route_next=Some(1157) gate=Vec3(946.93915, 2.51694, -80.15003) aim=Vec3(1138.8475, 5.05813, 120.32065)
2026-10-04T05:32:36.869989Z  INFO mm2_app::scripted: scripted player started a bounded escape after sustained low-speed throttle tick=121462 escapes=34 position=Vec3(1141.5652, 4.4955645, 126.8966) speed=0.004992945119738579 heading_rad=0.31832006573677063 bearing_rad=-0.19619610905647278 route_next=Some(1158) gate=Vec3(946.93915, 2.51694, -80.15003) aim=Vec3(1135.5748, 5.34709, 116.29988)
2026-10-04T05:32:37.672164Z  INFO mm2_app::scripted: scripted player started a bounded escape after sustained low-speed throttle tick=121876 escapes=35 position=Vec3(1143.1523, 4.3308506, 129.57115) speed=0.03178820013999939 heading_rad=-0.11198446899652481 bearing_rad=-0.6151126623153687 route_next=Some(1158) gate=Vec3(946.93915, 2.51694, -80.15003) aim=Vec3(1136.4192, 5.34709, 117.33731)
2026-10-04T05:32:38.464244Z  INFO mm2_app::scripted: scripted player started a bounded escape after sustained low-speed throttle tick=122290 escapes=36 position=Vec3(1142.6626, 4.3849163, 128.53075) speed=0.027677016332745552 heading_rad=0.16655869781970978 bearing_rad=-0.34223347902297974 route_next=Some(1158) gate=Vec3(946.93915, 2.51694, -80.15003) aim=Vec3(1136.4192, 5.34709, 117.33731)
2026-10-04T05:32:39.264637Z  INFO mm2_app::scripted: scripted player started a bounded escape after sustained low-speed throttle tick=122704 escapes=37 position=Vec3(1145.0754, 4.1675615, 131.94145) speed=0.020121116191148758 heading_rad=-0.12147537618875504 bearing_rad=-0.6565289497375488 route_next=Some(1158) gate=Vec3(946.93915, 2.51694, -80.15003) aim=Vec3(1136.4192, 5.34709, 117.33731)
2026-10-04T05:32:39.631562Z  INFO mm2_app::opponents: opponent re-anchored onto its route after a bounded stuck vehicle=sthlm_racer reanchors=21 from=Vec3(1135.4371, 4.7149363, 126.391304) to=Vec3(1153.0858, 4.2286744, 137.81398)
2026-10-04T05:32:40.075487Z  INFO mm2_app::scripted: scripted player re-anchored onto its route after a bounded stuck tick=123046 reanchors=13 position=Vec3(1144.7731, 4.208569, 131.27556) speed=0.011626778170466423 heading_rad=0.09102076292037964 route_next=1153 gate=Vec3(946.93915, 2.51694, -80.15003) landing=Vec3(1156.6962, 3.966301, 142.0881)
2026-10-04T05:32:40.893710Z  INFO mm2_app::scripted: scripted player started a bounded escape after sustained low-speed throttle tick=123476 escapes=38 position=Vec3(1150.6577, 3.9305892, 134.84718) speed=-0.0021538399159908295 heading_rad=0.8108168840408325 bearing_rad=0.12850147485733032 route_next=Some(1155) gate=Vec3(946.93915, 2.51694, -80.15003) aim=Vec3(1143.0906, 4.76918, 125.53376)
2026-10-04T05:32:45.435473Z  INFO mm2_app::scripted: scripted player re-anchored onto its route after a bounded stuck tick=125856 reanchors=14 position=Vec3(1077.9753, 1.5337933, 62.27144) speed=6.267175674438477 heading_rad=0.6551852822303772 route_next=1176 gate=Vec3(946.93915, 2.51694, -80.15003) landing=Vec3(1088.6798, 10.131285, 58.69367)
2026-10-04T05:32:45.889337Z  INFO mm2_app::scripted: scripted player started a bounded escape after sustained low-speed throttle tick=126084 escapes=39 position=Vec3(1088.721, 8.776159, 58.306747) speed=-0.030423691496253014 heading_rad=0.7641087770462036 bearing_rad=0.057933926582336426 route_next=Some(1177) gate=Vec3(946.93915, 2.51694, -80.15003) aim=Vec3(1080.3088, 9.20298, 48.44379)
2026-10-04T05:32:46.728851Z  INFO mm2_app::scripted: scripted player started a bounded escape after sustained low-speed throttle tick=126498 escapes=40 position=Vec3(1088.708, 8.807117, 58.311382) speed=0.0005362778902053833 heading_rad=0.7653287649154663 bearing_rad=0.06014575809240341 route_next=Some(1177) gate=Vec3(946.93915, 2.51694, -80.15003) aim=Vec3(1080.3088, 9.20298, 48.44379)
2026-10-04T05:32:47.556261Z  INFO mm2_app::scripted: scripted player started a bounded escape after sustained low-speed throttle tick=126912 escapes=41 position=Vec3(1088.7029, 8.810657, 58.307823) speed=0.00480649434030056 heading_rad=0.7655359506607056 bearing_rad=0.06047624349594116 route_next=Some(1177) gate=Vec3(946.93915, 2.51694, -80.15003) aim=Vec3(1080.3088, 9.20298, 48.44379)
2026-10-04T05:32:48.398876Z  INFO mm2_app::scripted: scripted player started a bounded escape after sustained low-speed throttle tick=127326 escapes=42 position=Vec3(1088.7032, 8.793937, 58.300346) speed=0.009582966566085815 heading_rad=0.7643319964408875 bearing_rad=0.058876510709524155 route_next=Some(1177) gate=Vec3(946.93915, 2.51694, -80.15003) aim=Vec3(1080.3088, 9.20298, 48.44379)
2026-10-04T05:32:49.095049Z  INFO mm2_app::scripted: scripted player re-anchored onto its route after a bounded stuck tick=127656 reanchors=15 position=Vec3(1088.7004, 8.791939, 58.296486) speed=0.009853251278400421 heading_rad=0.7642883062362671 route_next=1174 gate=Vec3(946.93915, 2.51694, -80.15003) landing=Vec3(1095.4806, 9.87107, 67.03996)
2026-10-04T05:32:54.651890Z  INFO mm2_app::scripted: scripted player started a bounded escape after sustained low-speed throttle tick=130466 escapes=43 position=Vec3(1043.0327, 5.3434963, 6.3329487) speed=1.4547922611236572 heading_rad=0.793674111366272 bearing_rad=0.29290443658828735 route_next=Some(1191) gate=Vec3(946.93915, 2.51694, -80.15003) aim=Vec3(1037.1725, 5.62169, -4.3745337)
2026-10-04T05:32:56.114372Z  INFO mm2_app::scripted: scripted player started a bounded escape after sustained low-speed throttle tick=131108 escapes=44 position=Vec3(1044.5594, 5.43311, 9.223202) speed=0.12970679998397827 heading_rad=1.176363468170166 bearing_rad=0.705224335193634 route_next=Some(1191) gate=Vec3(946.93915, 2.51694, -80.15003) aim=Vec3(1038.3958, 5.62169, -2.8767183)
2026-10-04T05:32:56.694136Z  INFO mm2_app::opponents: opponent re-anchored onto its route after a bounded stuck vehicle=sthlm_racer reanchors=22 from=Vec3(1044.8047, 5.4176965, 8.215349) to=Vec3(1055.6436, 7.3084607, 18.24224)
2026-10-04T05:32:57.812187Z  INFO mm2_app::scripted: scripted player re-anchored onto its route after a bounded stuck tick=131876 reanchors=16 position=Vec3(1044.1444, 5.381505, 7.104951) speed=1.433870553970337 heading_rad=0.660685658454895 route_next=1189 gate=Vec3(946.93915, 2.51694, -80.15003) landing=Vec3(1050.6465, 6.8814964, 12.123718)
2026-10-04T05:33:03.005937Z  WARN mm2_app::race_audio: audio: race cue waypoint: no wave matches stem "waypoint"
2026-10-04T05:33:10.076113Z  WARN mm2_app::race_audio: audio: race cue waypoint: no wave matches stem "waypoint"
2026-10-04T05:33:17.524535Z  WARN mm2_app::race_audio: audio: race cue waypoint: no wave matches stem "waypoint"
2026-10-04T05:33:24.539400Z  WARN mm2_app::race_audio: audio: race cue waypoint: no wave matches stem "waypoint"
2026-10-04T05:33:31.388195Z  WARN mm2_app::race_audio: audio: race cue waypoint: no wave matches stem "waypoint"
2026-10-04T05:33:39.063567Z  WARN mm2_app::race_audio: audio: race cue waypoint: no wave matches stem "waypoint"
2026-10-04T05:33:46.751026Z  WARN mm2_app::race_audio: audio: race cue waypoint: no wave matches stem "waypoint"
2026-10-04T05:33:53.197714Z  WARN mm2_app::race_audio: audio: race cue waypoint: no wave matches stem "waypoint"
2026-10-04T05:33:59.816709Z  WARN mm2_app::race_audio: audio: race cue waypoint: no wave matches stem "waypoint"
2026-10-04T05:34:07.990553Z  WARN mm2_app::race_audio: audio: race cue waypoint: no wave matches stem "waypoint"
2026-10-04T05:34:15.233361Z  WARN mm2_app::race_audio: audio: race cue waypoint: no wave matches stem "waypoint"
2026-10-04T05:34:22.490531Z  WARN mm2_app::race_audio: audio: race cue waypoint: no wave matches stem "waypoint"
2026-10-04T05:34:24.175977Z  INFO mm2_app::scripted: scripted player started a bounded escape after sustained low-speed throttle tick=178178 escapes=45 position=Vec3(1816.8082, 2.4774575, -485.86276) speed=0.005124972201883793 heading_rad=1.51213800907135 bearing_rad=-0.23261316120624542 route_next=Some(883) gate=Vec3(1686.3007, 3.54726, -199.74055) aim=Vec3(1804.6384, 2.46953, -483.72415)
smoke=headless-physics world=city/stockholm.psdl status=pass updates=90485 ticks=180610 driver=scripted diff=amateur phase=playing impacts=546 dropped=0 peak=12.1m/s travel=11668.7m sim=1505.08s resets=152 controls=133448t/45508b/90914s finite=true moved=1028m wheels=4/4 final=(1793,3.4,-339) race=Running cp=10/15 results=3 lap=2/2 pos=4/5 opp=3/4 opp_rec=39 cu=1 opp_drv=40287m/9.9mps/11.0ipk/4.3xpk/0.6apk/0.12hpk opps=0:sthlm_racer/15c/2l/F/41e/8r/900w/18d,1:sthlm_racer/15c/2l/F/18e/5r/900w/21d,2:sthlm_racer/15c/2l/F/62e/22r/900w/18d,3:sthlm_racer/13c/1l/14e/4r/900w/8d p_rec=16r/45e env=lt04(noon) fog=none sky=none wtr=0.2/1698r map=inset/north/z1200/hudmap_stockholm.pkg/1t/20m dash=absent:missing-spec+pkg trk=sized ind=on/4m/4b tmr=22g/25:05:08 arr=hudarrow01/off sta=10g/p4of5/l2of2/c10of15 bng=3240d/0a/2s/0b bng_ev=2a/2s/0b rcv=194w/705f/899r wfx=0r/0e/0x+8f+ut aud=0h/0v/0s/0l/0a/0r+30x
