mm2-smoke commit=1a822c1cc472f6c04a25a6832e346b162bbb0ff5
2026-10-04T05:39:27.681208Z  WARN mm2: wheel part whl0 geometry authored in place; recentring onto origin car=Some("sthlm_racer")
2026-10-04T05:39:27.681233Z  WARN mm2: wheel part whl1 geometry authored in place; recentring onto origin car=Some("sthlm_racer")
2026-10-04T05:39:27.681236Z  WARN mm2: wheel part whl2 geometry authored in place; recentring onto origin car=Some("sthlm_racer")
2026-10-04T05:39:27.681239Z  WARN mm2: wheel part whl3 geometry authored in place; recentring onto origin car=Some("sthlm_racer")
2026-10-04T05:39:28.400303Z  WARN mm2_app::city: water refs resolved no rooms; deadly water off path=city/stockholm.parts/part_-3_0.water skipped=0
2026-10-04T05:39:28.748751Z  WARN mm2_app::city: water refs resolved no rooms; deadly water off path=city/stockholm.parts/part_-2_2.water skipped=0
2026-10-04T05:39:28.751922Z  WARN mm2_app::city: water refs resolved no rooms; deadly water off path=city/stockholm.parts/part_-2_3.water skipped=0
2026-10-04T05:39:28.903406Z  WARN mm2_app::city: water refs resolved no rooms; deadly water off path=city/stockholm.parts/part_-1_0.water skipped=0
2026-10-04T05:39:29.051868Z  WARN mm2_app::city: water refs resolved no rooms; deadly water off path=city/stockholm.parts/part_-1_2.water skipped=0
2026-10-04T05:39:29.098414Z  WARN mm2_app::city: water refs resolved no rooms; deadly water off path=city/stockholm.parts/part_-1_3.water skipped=0
2026-10-04T05:39:29.214044Z  WARN mm2_app::city: water refs resolved no rooms; deadly water off path=city/stockholm.parts/part_0_-2.water skipped=0
2026-10-04T05:39:29.463483Z  WARN mm2_app::city: water refs resolved no rooms; deadly water off path=city/stockholm.parts/part_0_2.water skipped=0
2026-10-04T05:39:29.522244Z  WARN mm2_app::city: water refs resolved no rooms; deadly water off path=city/stockholm.parts/part_0_3.water skipped=0
2026-10-04T05:39:29.611870Z  WARN mm2_app::city: water refs resolved no rooms; deadly water off path=city/stockholm.parts/part_1_-3.water skipped=0
2026-10-04T05:39:29.708037Z  WARN mm2_app::city: water refs resolved no rooms; deadly water off path=city/stockholm.parts/part_1_-2.water skipped=0
2026-10-04T05:39:29.775644Z  WARN mm2_app::city: water refs resolved no rooms; deadly water off path=city/stockholm.parts/part_1_-1.water skipped=0
2026-10-04T05:39:30.004492Z  WARN mm2_app::city: water refs resolved no rooms; deadly water off path=city/stockholm.parts/part_1_1.water skipped=0
2026-10-04T05:39:30.085861Z  WARN mm2_app::city: water refs resolved no rooms; deadly water off path=city/stockholm.parts/part_1_2.water skipped=0
2026-10-04T05:39:30.143652Z  WARN mm2_app::city: water refs resolved no rooms; deadly water off path=city/stockholm.parts/part_1_3.water skipped=0
2026-10-04T05:39:30.271301Z  WARN mm2_app::city: water refs resolved no rooms; deadly water off path=city/stockholm.parts/part_2_-3.water skipped=0
2026-10-04T05:39:30.407549Z  WARN mm2_app::city: water refs resolved no rooms; deadly water off path=city/stockholm.parts/part_2_-1.water skipped=0
2026-10-04T05:39:30.535994Z  WARN mm2_app::city: water refs resolved no rooms; deadly water off path=city/stockholm.parts/part_2_1.water skipped=0
2026-10-04T05:39:30.590484Z  WARN mm2_app::city: water refs resolved no rooms; deadly water off path=city/stockholm.parts/part_2_2.water skipped=0
2026-10-04T05:39:30.614112Z  WARN mm2_app::city: water refs resolved no rooms; deadly water off path=city/stockholm.parts/part_2_3.water skipped=0
2026-10-04T05:39:30.893973Z  WARN mm2_app::city: water refs resolved no rooms; deadly water off path=city/stockholm.parts/part_3_1.water skipped=0
2026-10-04T05:39:30.941906Z  WARN mm2_app::city: water refs resolved no rooms; deadly water off path=city/stockholm.parts/part_3_2.water skipped=0
2026-10-04T05:39:30.985219Z  WARN mm2_app::city: water refs resolved no rooms; deadly water off path=city/stockholm.parts/part_3_3.water skipped=0
2026-10-04T05:39:31.175717Z  WARN mm2_app::city: water refs resolved no rooms; deadly water off path=city/stockholm.parts/part_4_1.water skipped=0
2026-10-04T05:39:31.214895Z  WARN mm2_app::city: water refs resolved no rooms; deadly water off path=city/stockholm.parts/part_4_2.water skipped=0
2026-10-04T05:39:31.530487Z  WARN mm2_app::city: water refs resolved no rooms; deadly water off path=city/stockholm.parts/part_6_1.water skipped=0
2026-10-04T05:39:31.784390Z  WARN mm2_app::object_sound: object sound table unreadable path=aud/ambient/ferry.csv error=asset not found: aud/ambient/ferry.csv
2026-10-04T05:39:31.784417Z  WARN mm2_app::object_sound: object sound table unreadable path=aud/ambient/subwaycar.csv error=asset not found: aud/ambient/subwaycar.csv
2026-10-04T05:39:31.784462Z  WARN mm2_app::environment: lighting preset validation issue path=city/stockholm.lt04 issue=OffGridName("noon")
2026-10-04T05:39:31.784469Z  WARN mm2_app::environment: fog table unavailable path=city/stockholm_fog.csv error=asset not found: city/stockholm_fog.csv
2026-10-04T05:39:31.784472Z  WARN mm2_app::environment: sky definition unavailable path=city/stockholm.sky error=asset not found: city/stockholm.sky
2026-10-04T05:39:31.803478Z  WARN mm2_app::damage_fx: smoke atlas unresolved — untextured puffs texture="fxpt2"
2026-10-04T05:39:31.803520Z  WARN mm2_app::spark_fx: spark texture unresolved — untextured streaks texture="spark"
2026-10-04T05:39:31.803536Z  WARN mm2_app::wheel_fx: wheel effect unavailable rule="dirt" path=tune/effects/dirt.asbirthrule
2026-10-04T05:39:31.803541Z  WARN mm2_app::wheel_fx: wheel effect unavailable rule="dust" path=tune/effects/dust.asbirthrule
2026-10-04T05:39:31.803544Z  WARN mm2_app::wheel_fx: wheel effect unavailable rule="grass" path=tune/effects/grass.asbirthrule
2026-10-04T05:39:31.803547Z  WARN mm2_app::wheel_fx: wheel effect unavailable rule="leaf" path=tune/effects/leaf.asbirthrule
2026-10-04T05:39:31.803550Z  WARN mm2_app::wheel_fx: wheel effect unavailable rule="smoke" path=tune/effects/smoke.asbirthrule
2026-10-04T05:39:31.803553Z  WARN mm2_app::wheel_fx: wheel effect unavailable rule="snow" path=tune/effects/snow.asbirthrule
2026-10-04T05:39:31.803555Z  WARN mm2_app::wheel_fx: wheel effect unavailable rule="splash" path=tune/effects/splash.asbirthrule
2026-10-04T05:39:31.803557Z  WARN mm2_app::wheel_fx: wheel effect unavailable rule="rock" path=tune/effects/rock.asbirthrule
2026-10-04T05:39:31.803560Z  WARN mm2_app::wheel_fx: wheel atlas unresolved — untextured puffs texture="ptx_wheel"
2026-10-04T05:39:31.803802Z  WARN mm2_app::audio: audio: aud/cardata/player/default_impacts.csv: asset not found: aud/cardata/player/default_impacts.csv
2026-10-04T05:39:31.803812Z  WARN mm2_app::audio: audio: aud/cardata/player/default_surfacedry.csv: asset not found: aud/cardata/player/default_surfacedry.csv
2026-10-04T05:39:31.803817Z  WARN mm2_app::audio: audio: aud/cardata/player/stockholmpolicesiren.csv: asset not found: aud/cardata/player/stockholmpolicesiren.csv
2026-10-04T05:39:31.803820Z  WARN mm2_app::audio: audio: aud/cardata/opponent/policesiren.csv: asset not found: aud/cardata/opponent/policesiren.csv
2026-10-04T05:39:31.804760Z  WARN mm2_app::session: nav graph failed to load — opponent routes stay verbatim error=city/stockholm.bai: not found in the VFS
2026-10-04T05:39:31.806816Z  INFO mm2_app::opponents: opponent roster spawned opponents=5
2026-10-04T05:39:32.248471Z  WARN mm2_app::race_audio: audio: race cue startracelow: no wave matches stem "startracelow"
2026-10-04T05:39:32.248516Z  WARN mm2_app::audio: audio: aud/spchdata/stockholm.csv: asset not found: aud/spchdata/stockholm.csv
2026-10-04T05:39:32.556628Z  WARN mm2_app::race_audio: audio: race cue startracelow: no wave matches stem "startracelow"
2026-10-04T05:39:32.758527Z  WARN mm2_app::race_audio: audio: race cue startracelow: no wave matches stem "startracelow"
2026-10-04T05:39:32.959828Z  WARN mm2_app::race_audio: audio: race cue startracehigh: no wave matches stem "startracehigh"
2026-10-04T05:39:41.904687Z  WARN mm2_app::race_audio: audio: race cue waypoint: no wave matches stem "waypoint"
2026-10-04T05:39:50.712895Z  WARN mm2_app::race_audio: audio: race cue waypoint: no wave matches stem "waypoint"
2026-10-04T05:39:59.802373Z  WARN mm2_app::race_audio: audio: race cue waypoint: no wave matches stem "waypoint"
2026-10-04T05:40:06.924064Z  INFO mm2_app::opponents: opponent re-anchored onto its route after a bounded stuck vehicle=sthlm_racer reanchors=1 from=Vec3(4952.536, 1.9171932, -173.56552) to=Vec3(4949.367, 3.4272356, -183.9654)
2026-10-04T05:40:08.095144Z  WARN mm2_app::race_audio: audio: race cue waypoint: no wave matches stem "waypoint"
2026-10-04T05:40:16.880659Z  WARN mm2_app::race_audio: audio: race cue waypoint: no wave matches stem "waypoint"
2026-10-04T05:40:26.963748Z  WARN mm2_app::race_audio: audio: race cue waypoint: no wave matches stem "waypoint"
2026-10-04T05:40:31.312729Z  INFO mm2_app::opponents: opponent re-anchored onto its route after a bounded stuck vehicle=sthlm_racer reanchors=1 from=Vec3(2780.273, 0.056071103, -374.48718) to=Vec3(2768.1812, 3.9396253, -368.07632)
2026-10-04T05:40:31.407456Z  INFO mm2_app::opponents: opponent re-anchored onto its route after a bounded stuck vehicle=sthlm_racer reanchors=1 from=Vec3(2772.7566, 3.6302266, -360.74615) to=Vec3(2764.8813, 3.7740715, -383.31522)
2026-10-04T05:40:33.615756Z  INFO mm2_app::opponents: opponent re-anchored onto its route after a bounded stuck vehicle=sthlm_racer reanchors=1 from=Vec3(2784.5188, 0.37074864, -379.02338) to=Vec3(2765.6494, 3.7569835, -376.61655)
2026-10-04T05:40:35.607752Z  INFO mm2_app::opponents: opponent re-anchored onto its route after a bounded stuck vehicle=sthlm_racer reanchors=2 from=Vec3(2769.8667, 3.46248, -362.02737) to=Vec3(2765.5571, 3.759039, -377.42053)
2026-10-04T05:40:36.732227Z  INFO mm2_app::opponents: opponent re-anchored onto its route after a bounded stuck vehicle=sthlm_racer reanchors=2 from=Vec3(2769.268, 3.3298123, -369.65738) to=Vec3(2764.9856, 3.7717576, -382.40472)
2026-10-04T05:40:36.749507Z  WARN mm2_app::race_audio: audio: race cue waypoint: no wave matches stem "waypoint"
2026-10-04T05:40:40.557482Z  INFO mm2_app::opponents: opponent re-anchored onto its route after a bounded stuck vehicle=sthlm_racer reanchors=1 from=Vec3(2770.308, 0.3767857, -375.48642) to=Vec3(2774.532, 4.4072843, -347.19464)
2026-10-04T05:40:45.009969Z  INFO mm2_app::opponents: opponent re-anchored onto its route after a bounded stuck vehicle=sthlm_racer reanchors=3 from=Vec3(2758.4163, 0.12583566, -371.84256) to=Vec3(2767.384, 3.880934, -370.697)
2026-10-04T05:40:45.302116Z  INFO mm2_app::opponents: opponent re-anchored onto its route after a bounded stuck vehicle=sthlm_racer reanchors=2 from=Vec3(2766.116, 3.6630554, -353.45804) to=Vec3(2770.509, 4.111038, -360.4225)
2026-10-04T05:40:45.638162Z  WARN mm2_app::race_audio: audio: race cue waypoint: no wave matches stem "waypoint"
2026-10-04T05:40:45.924338Z  INFO mm2_app::opponents: opponent re-anchored onto its route after a bounded stuck vehicle=sthlm_racer reanchors=3 from=Vec3(2772.2922, 3.8861082, -347.08453) to=Vec3(2766.2258, 3.795631, -374.5059)
2026-10-04T05:40:49.809109Z  INFO mm2_app::opponents: opponent re-anchored onto its route after a bounded stuck vehicle=sthlm_racer reanchors=4 from=Vec3(2768.0493, 3.3041625, -367.44965) to=Vec3(2765.4414, 3.7616217, -378.4308)
2026-10-04T05:40:54.056558Z  INFO mm2_app::opponents: opponent re-anchored onto its route after a bounded stuck vehicle=sthlm_racer reanchors=5 from=Vec3(2765.0352, 3.102382, -373.98486) to=Vec3(2764.9856, 3.7717576, -382.40472)
2026-10-04T05:40:54.901687Z  WARN mm2_app::race_audio: audio: race cue waypoint: no wave matches stem "waypoint"
2026-10-04T05:41:00.454208Z  INFO mm2_app::opponents: opponent re-anchored onto its route after a bounded stuck vehicle=sthlm_racer reanchors=6 from=Vec3(2770.577, 3.5459387, -359.22125) to=Vec3(2768.5215, 3.964673, -366.95792)
2026-10-04T05:41:04.271183Z  WARN mm2_app::race_audio: audio: race cue waypoint: no wave matches stem "waypoint"
2026-10-04T05:41:07.786976Z  INFO mm2_app::opponents: opponent re-anchored onto its route after a bounded stuck vehicle=sthlm_racer reanchors=7 from=Vec3(2772.4612, 3.7239592, -353.26605) to=Vec3(2769.345, 4.025332, -364.2494)
2026-10-04T05:41:12.767098Z  WARN mm2_app::race_audio: audio: race cue waypoint: no wave matches stem "waypoint"
2026-10-04T05:41:13.225056Z  INFO mm2_app::opponents: opponent re-anchored onto its route after a bounded stuck vehicle=sthlm_racer reanchors=8 from=Vec3(2772.34, 3.7104516, -353.35486) to=Vec3(2769.345, 4.025332, -364.2494)
2026-10-04T05:41:18.246666Z  INFO mm2_app::opponents: opponent re-anchored onto its route after a bounded stuck vehicle=sthlm_racer reanchors=9 from=Vec3(2772.34, 3.7104516, -353.35486) to=Vec3(2769.345, 4.025332, -364.2494)
2026-10-04T05:41:22.311844Z  WARN mm2_app::race_audio: audio: race cue waypoint: no wave matches stem "waypoint"
2026-10-04T05:41:23.308773Z  INFO mm2_app::opponents: opponent re-anchored onto its route after a bounded stuck vehicle=sthlm_racer reanchors=10 from=Vec3(2772.34, 3.7104516, -353.35486) to=Vec3(2769.345, 4.025332, -364.2494)
2026-10-04T05:41:28.331082Z  INFO mm2_app::opponents: opponent re-anchored onto its route after a bounded stuck vehicle=sthlm_racer reanchors=11 from=Vec3(2772.34, 3.7104516, -353.35486) to=Vec3(2769.345, 4.025332, -364.2494)
2026-10-04T05:41:29.529763Z  WARN mm2_app::race_audio: audio: race cue waypoint: no wave matches stem "waypoint"
2026-10-04T05:41:32.702879Z  INFO mm2_app::scripted: scripted player started a bounded escape after sustained low-speed throttle tick=57474 escapes=1 position=Vec3(2767.6223, 3.2864292, -368.34766) speed=-0.003705783747136593 heading_rad=-2.0007553100585938 bearing_rad=0.8076300621032715 route_next=Some(1271) gate=Vec3(2877.0417, 4.90325, -100.47697) aim=Vec3(2771.55, 3.82718, -356.9995)
2026-10-04T05:41:33.353952Z  INFO mm2_app::opponents: opponent re-anchored onto its route after a bounded stuck vehicle=sthlm_racer reanchors=12 from=Vec3(2772.34, 3.7104516, -353.35486) to=Vec3(2769.345, 4.025332, -364.2494)
2026-10-04T05:41:34.232218Z  INFO mm2_app::scripted: scripted player started a bounded escape after sustained low-speed throttle tick=58268 escapes=2 position=Vec3(2763.302, 3.3877604, -362.98383) speed=0.019325369969010353 heading_rad=-2.357052803039551 bearing_rad=0.015697645023465157 route_next=Some(1272) gate=Vec3(2877.0417, 4.90325, -100.47697) aim=Vec3(2772.6777, 3.82718, -353.2924)
2026-10-04T05:41:35.436582Z  INFO mm2_app::scripted: scripted player started a bounded escape after sustained low-speed throttle tick=58880 escapes=3 position=Vec3(2765.9744, 3.6299353, -354.98373) speed=-0.013740085065364838 heading_rad=-2.529177188873291 bearing_rad=-0.14120322465896606 route_next=Some(1274) gate=Vec3(2877.0417, 4.90325, -100.47697) aim=Vec3(2775.1309, 4.03772, -345.22595)
2026-10-04T05:41:36.262778Z  INFO mm2_app::scripted: scripted player started a bounded escape after sustained low-speed throttle tick=59294 escapes=4 position=Vec3(2765.2583, 3.5811198, -356.25934) speed=0.037281256169080734 heading_rad=-2.2926502227783203 bearing_rad=0.0951906368136406 route_next=Some(1274) gate=Vec3(2877.0417, 4.90325, -100.47697) aim=Vec3(2774.899, 4.03772, -345.98837)
2026-10-04T05:41:37.262913Z  INFO mm2_app::scripted: scripted player started a bounded escape after sustained low-speed throttle tick=59798 escapes=5 position=Vec3(2766.8118, 3.7176375, -352.06424) speed=0.007754211314022541 heading_rad=-2.4952471256256104 bearing_rad=-0.11051373928785324 route_next=Some(1274) gate=Vec3(2877.0417, 4.90325, -100.47697) aim=Vec3(2776.0146, 4.14299, -342.3205)
2026-10-04T05:41:38.081512Z  INFO mm2_app::scripted: scripted player started a bounded escape after sustained low-speed throttle tick=60212 escapes=6 position=Vec3(2766.1926, 3.6656148, -353.10663) speed=0.015005487017333508 heading_rad=-2.274118661880493 bearing_rad=0.09149765223264694 route_next=Some(1274) gate=Vec3(2877.0417, 4.90325, -100.47697) aim=Vec3(2775.6719, 4.03772, -343.44705)
2026-10-04T05:41:38.502244Z  INFO mm2_app::opponents: opponent re-anchored onto its route after a bounded stuck vehicle=sthlm_racer reanchors=13 from=Vec3(2772.34, 3.7104516, -353.35486) to=Vec3(2769.345, 4.025332, -364.2494)
2026-10-04T05:41:38.552387Z  INFO mm2_app::scripted: scripted player re-anchored onto its route after a bounded stuck tick=60456 reanchors=1 position=Vec3(2766.4675, 3.7045465, -352.13986) speed=2.803830862045288 heading_rad=-2.602348804473877 route_next=1270 gate=Vec3(2877.0417, 4.90325, -100.47697) landing=Vec3(2766.653, 3.8270957, -373.10095)
2026-10-04T05:41:39.037211Z  INFO mm2_app::opponents: opponent re-anchored onto its route after a bounded stuck vehicle=sthlm_racer reanchors=2 from=Vec3(2760.0442, 0.7285724, -365.46725) to=Vec3(2777.3914, 4.6178226, -337.7938)
2026-10-04T05:41:40.713059Z  INFO mm2_app::opponents: opponent re-anchored onto its route after a bounded stuck vehicle=sthlm_racer reanchors=2 from=Vec3(2758.1865, -0.058135867, -370.23212) to=Vec3(2772.2043, 4.2358713, -354.8485)
2026-10-04T05:41:43.985587Z  INFO mm2_app::opponents: opponent re-anchored onto its route after a bounded stuck vehicle=sthlm_racer reanchors=3 from=Vec3(2758.1563, 0.12085557, -371.76532) to=Vec3(2774.532, 4.4072843, -347.19464)
2026-10-04T05:41:47.792322Z  WARN mm2_app::race_audio: audio: race cue waypoint: no wave matches stem "waypoint"
2026-10-04T05:41:51.069769Z  INFO mm2_app::opponents: opponent re-anchored onto its route after a bounded stuck vehicle=sthlm_racer reanchors=4 from=Vec3(2761.9983, 0.119130075, -371.92798) to=Vec3(2773.1025, 4.302013, -351.89517)
2026-10-04T05:41:55.566990Z  WARN mm2_app::race_audio: audio: race cue waypoint: no wave matches stem "waypoint"
2026-10-04T05:42:03.733258Z  WARN mm2_app::race_audio: audio: race cue waypoint: no wave matches stem "waypoint"
2026-10-04T05:42:11.844872Z  WARN mm2_app::race_audio: audio: race cue waypoint: no wave matches stem "waypoint"
2026-10-04T05:42:20.739352Z  WARN mm2_app::race_audio: audio: race cue waypoint: no wave matches stem "waypoint"
2026-10-04T05:42:28.558119Z  WARN mm2_app::race_audio: audio: race cue waypoint: no wave matches stem "waypoint"
2026-10-04T05:42:36.964577Z  WARN mm2_app::race_audio: audio: race cue waypoint: no wave matches stem "waypoint"
2026-10-04T05:42:39.666945Z  INFO mm2_app::opponents: opponent re-anchored onto its route after a bounded stuck vehicle=sthlm_racer reanchors=14 from=Vec3(2766.2898, 3.6924155, -352.51324) to=Vec3(2770.0256, 4.0754533, -362.0114)
2026-10-04T05:42:43.239783Z  INFO mm2_app::opponents: opponent re-anchored onto its route after a bounded stuck vehicle=sthlm_racer reanchors=15 from=Vec3(2771.5308, 3.6278877, -356.2963) to=Vec3(2769.4163, 4.0305805, -364.01505)
2026-10-04T05:42:46.015488Z  WARN mm2_app::race_audio: audio: race cue waypoint: no wave matches stem "waypoint"
2026-10-04T05:42:47.832971Z  INFO mm2_app::opponents: opponent re-anchored onto its route after a bounded stuck vehicle=sthlm_racer reanchors=16 from=Vec3(2772.3528, 3.7091827, -353.38046) to=Vec3(2769.345, 4.025332, -364.2494)
2026-10-04T05:42:53.345853Z  INFO mm2_app::opponents: opponent re-anchored onto its route after a bounded stuck vehicle=sthlm_racer reanchors=17 from=Vec3(2772.34, 3.7104516, -353.35486) to=Vec3(2769.345, 4.025332, -364.2494)
2026-10-04T05:42:54.782508Z  WARN mm2_app::race_audio: audio: race cue waypoint: no wave matches stem "waypoint"
2026-10-04T05:42:58.887890Z  INFO mm2_app::opponents: opponent re-anchored onto its route after a bounded stuck vehicle=sthlm_racer reanchors=18 from=Vec3(2772.34, 3.7104516, -353.35486) to=Vec3(2769.345, 4.025332, -364.2494)
2026-10-04T05:43:03.414603Z  WARN mm2_app::race_audio: audio: race cue waypoint: no wave matches stem "waypoint"
2026-10-04T05:43:04.351103Z  INFO mm2_app::opponents: opponent re-anchored onto its route after a bounded stuck vehicle=sthlm_racer reanchors=19 from=Vec3(2772.34, 3.7104516, -353.35486) to=Vec3(2769.345, 4.025332, -364.2494)
2026-10-04T05:43:09.860713Z  INFO mm2_app::opponents: opponent re-anchored onto its route after a bounded stuck vehicle=sthlm_racer reanchors=20 from=Vec3(2772.34, 3.7104516, -353.35486) to=Vec3(2769.345, 4.025332, -364.2494)
2026-10-04T05:43:12.561089Z  WARN mm2_app::race_audio: audio: race cue waypoint: no wave matches stem "waypoint"
2026-10-04T05:43:15.318754Z  INFO mm2_app::opponents: opponent re-anchored onto its route after a bounded stuck vehicle=sthlm_racer reanchors=21 from=Vec3(2772.34, 3.7104516, -353.35486) to=Vec3(2769.345, 4.025332, -364.2494)
2026-10-04T05:43:20.780179Z  INFO mm2_app::opponents: opponent re-anchored onto its route after a bounded stuck vehicle=sthlm_racer reanchors=22 from=Vec3(2772.34, 3.7104516, -353.35486) to=Vec3(2769.345, 4.025332, -364.2494)
2026-10-04T05:43:21.763039Z  WARN mm2_app::race_audio: audio: race cue waypoint: no wave matches stem "waypoint"
2026-10-04T05:43:26.185942Z  INFO mm2_app::opponents: opponent re-anchored onto its route after a bounded stuck vehicle=sthlm_racer reanchors=23 from=Vec3(2772.34, 3.7104516, -353.35486) to=Vec3(2769.345, 4.025332, -364.2494)
2026-10-04T05:43:29.815158Z  WARN mm2_app::race_audio: audio: race cue waypoint: no wave matches stem "waypoint"
2026-10-04T05:43:31.319698Z  INFO mm2_app::opponents: opponent re-anchored onto its route after a bounded stuck vehicle=sthlm_racer reanchors=24 from=Vec3(2772.34, 3.7104516, -353.35486) to=Vec3(2769.345, 4.025332, -364.2494)
2026-10-04T05:43:36.454993Z  INFO mm2_app::opponents: opponent re-anchored onto its route after a bounded stuck vehicle=sthlm_racer reanchors=25 from=Vec3(2772.34, 3.7104516, -353.35486) to=Vec3(2769.345, 4.025332, -364.2494)
2026-10-04T05:43:39.555198Z  WARN mm2_app::race_audio: audio: race cue waypoint: no wave matches stem "waypoint"
2026-10-04T05:43:41.593757Z  INFO mm2_app::opponents: opponent re-anchored onto its route after a bounded stuck vehicle=sthlm_racer reanchors=26 from=Vec3(2772.34, 3.7104516, -353.35486) to=Vec3(2769.345, 4.025332, -364.2494)
2026-10-04T05:43:46.717778Z  INFO mm2_app::opponents: opponent re-anchored onto its route after a bounded stuck vehicle=sthlm_racer reanchors=27 from=Vec3(2772.34, 3.7104516, -353.35486) to=Vec3(2769.345, 4.025332, -364.2494)
2026-10-04T05:43:46.928291Z  WARN mm2_app::race_audio: audio: race cue waypoint: no wave matches stem "waypoint"
2026-10-04T05:43:50.152231Z  INFO mm2_app::scripted: scripted player started a bounded escape after sustained low-speed throttle tick=126356 escapes=7 position=Vec3(2767.6785, 3.2834194, -368.48804) speed=0.0034283287823200226 heading_rad=-2.060229778289795 bearing_rad=0.7560343742370605 route_next=Some(1271) gate=Vec3(2877.0417, 4.90325, -100.47697) aim=Vec3(2771.5156, 3.82718, -357.1124)
2026-10-04T05:43:51.817877Z  INFO mm2_app::opponents: opponent re-anchored onto its route after a bounded stuck vehicle=sthlm_racer reanchors=28 from=Vec3(2772.34, 3.7104516, -353.35486) to=Vec3(2767.0173, 3.8539193, -371.90323)
2026-10-04T05:43:51.992262Z  INFO mm2_app::scripted: scripted player started a bounded escape after sustained low-speed throttle tick=127300 escapes=8 position=Vec3(2764.4746, 3.4570706, -361.02176) speed=0.05003894865512848 heading_rad=-2.7245466709136963 bearing_rad=-0.31474700570106506 route_next=Some(1272) gate=Vec3(2877.0417, 4.90325, -100.47697) aim=Vec3(2773.323, 3.93245, -351.16998)
2026-10-04T05:43:53.664840Z  INFO mm2_app::scripted: scripted player started a bounded escape after sustained low-speed throttle tick=128132 escapes=9 position=Vec3(2757.3594, 0.086304486, -371.40707) speed=-0.0027800295501947403 heading_rad=0.7085619568824768 bearing_rad=3.108293056488037 route_next=Some(1272) gate=Vec3(2877.0417, 4.90325, -100.47697) aim=Vec3(2772.0398, 3.82718, -355.3893)
2026-10-04T05:43:54.987908Z  INFO mm2_app::scripted: scripted player started a bounded escape after sustained low-speed throttle tick=128732 escapes=10 position=Vec3(2757.3594, 0.086304486, -371.40707) speed=-0.0027800295501947403 heading_rad=0.7085619568824768 bearing_rad=3.108293056488037 route_next=Some(1272) gate=Vec3(2877.0417, 4.90325, -100.47697) aim=Vec3(2772.0398, 3.82718, -355.3893)
2026-10-04T05:43:55.628814Z  INFO mm2_app::opponents: opponent re-anchored onto its route after a bounded stuck vehicle=sthlm_racer reanchors=29 from=Vec3(2768.9443, 3.3754683, -365.03317) to=Vec3(2766.7651, 3.8353539, -372.7322)
2026-10-04T05:43:56.302119Z  INFO mm2_app::scripted: scripted player re-anchored onto its route after a bounded stuck tick=129312 reanchors=2 position=Vec3(2757.3591, 0.08630997, -371.4067) speed=-0.002862676978111267 heading_rad=0.7083141207695007 route_next=1270 gate=Vec3(2877.0417, 4.90325, -100.47697) landing=Vec3(2766.2202, 3.795227, -374.52393)
2026-10-04T05:43:57.208444Z  INFO mm2_app::scripted: scripted player started a bounded escape after sustained low-speed throttle tick=129752 escapes=11 position=Vec3(2769.0713, 3.3696477, -365.59695) speed=-0.0007332935929298401 heading_rad=-2.9224042892456055 bearing_rad=-0.06521300971508026 route_next=Some(1272) gate=Vec3(2877.0417, 4.90325, -100.47697) aim=Vec3(2772.4385, 3.82718, -354.07834)
2026-10-04T05:43:58.034816Z  INFO mm2_app::scripted: scripted player started a bounded escape after sustained low-speed throttle tick=130166 escapes=12 position=Vec3(2769.0903, 3.3663964, -365.60513) speed=-0.053004197776317596 heading_rad=-2.913012981414795 bearing_rad=-0.05412045121192932 route_next=Some(1272) gate=Vec3(2877.0417, 4.90325, -100.47697) aim=Vec3(2772.438, 3.82718, -354.08057)
2026-10-04T05:43:58.839724Z  INFO mm2_app::scripted: scripted player started a bounded escape after sustained low-speed throttle tick=130580 escapes=13 position=Vec3(2769.0354, 3.368085, -365.56866) speed=-0.0643586665391922 heading_rad=-2.947211503982544 bearing_rad=-0.09357097744941711 route_next=Some(1272) gate=Vec3(2877.0417, 4.90325, -100.47697) aim=Vec3(2772.4434, 3.82718, -354.06244)
2026-10-04T05:43:59.653195Z  INFO mm2_app::scripted: scripted player started a bounded escape after sustained low-speed throttle tick=130994 escapes=14 position=Vec3(2769.0703, 3.3668375, -365.59106) speed=-0.08422616869211197 heading_rad=-2.9258570671081543 bearing_rad=-0.06889913976192474 route_next=Some(1272) gate=Vec3(2877.0417, 4.90325, -100.47697) aim=Vec3(2772.4402, 3.82718, -354.07324)
2026-10-04T05:43:59.769356Z  INFO mm2_app::opponents: opponent re-anchored onto its route after a bounded stuck vehicle=sthlm_racer reanchors=30 from=Vec3(2769.8408, 3.465502, -361.92798) to=Vec3(2766.5415, 3.818891, -373.4673)
2026-10-04T05:44:00.354624Z  INFO mm2_app::scripted: scripted player re-anchored onto its route after a bounded stuck tick=131356 reanchors=3 position=Vec3(2769.065, 3.3957596, -364.692) speed=-0.03574550896883011 heading_rad=-2.9824740886688232 route_next=1269 gate=Vec3(2877.0417, 4.90325, -100.47697) landing=Vec3(2765.2402, 3.7661066, -380.18503)
2026-10-04T05:44:01.143266Z  INFO mm2_app::scripted: scripted player started a bounded escape after sustained low-speed throttle tick=131774 escapes=15 position=Vec3(2767.398, 3.1875217, -372.42743) speed=-0.1719004213809967 heading_rad=3.058328866958618 bearing_rad=-0.33796361088752747 route_next=Some(1271) gate=Vec3(2877.0417, 4.90325, -100.47697) aim=Vec3(2770.61, 3.72191, -360.08978)
2026-10-04T05:44:02.951940Z  INFO mm2_app::scripted: scripted player started a bounded escape after sustained low-speed throttle tick=132696 escapes=16 position=Vec3(2767.9958, 3.517099, -359.52902) speed=0.1579039990901947 heading_rad=-2.535799741744995 bearing_rad=0.0920604020357132 route_next=Some(1273) gate=Vec3(2877.0417, 4.90325, -100.47697) aim=Vec3(2774.0366, 3.93245, -348.82355)
2026-10-04T05:44:04.161530Z  INFO mm2_app::scripted: scripted player started a bounded escape after sustained low-speed throttle tick=133318 escapes=17 position=Vec3(2766.6006, 3.3052373, -367.1227) speed=0.002795085310935974 heading_rad=-2.3600754737854004 bearing_rad=0.3856130540370941 route_next=Some(1273) gate=Vec3(2877.0417, 4.90325, -100.47697) aim=Vec3(2773.4695, 3.93245, -350.6889)
2026-10-04T05:44:04.957328Z  INFO mm2_app::opponents: opponent re-anchored onto its route after a bounded stuck vehicle=sthlm_racer reanchors=31 from=Vec3(2770.5918, 3.5474982, -359.16568) to=Vec3(2768.538, 3.9659052, -366.9029)
2026-10-04T05:44:08.300093Z  INFO mm2_app::scripted: scripted player started a bounded escape after sustained low-speed throttle tick=135448 escapes=18 position=Vec3(2773.2363, 2.2981968, -314.73764) speed=0.0008501964621245861 heading_rad=-2.1005916595458984 bearing_rad=0.06945838034152985 route_next=Some(1282) gate=Vec3(2877.0417, 4.90325, -100.47697) aim=Vec3(2786.444, 4.58314, -305.7162)
2026-10-04T05:44:09.348611Z  INFO mm2_app::opponents: opponent re-anchored onto its route after a bounded stuck vehicle=sthlm_racer reanchors=32 from=Vec3(2770.6558, 3.5547016, -359.01102) to=Vec3(2768.5867, 3.9694743, -366.74353)
2026-10-04T05:44:09.504143Z  INFO mm2_app::scripted: scripted player started a bounded escape after sustained low-speed throttle tick=136064 escapes=19 position=Vec3(2768.447, 0.3500713, -320.8582) speed=1.2694076299667358 heading_rad=0.47953900694847107 bearing_rad=2.6791205406188965 route_next=Some(1282) gate=Vec3(2877.0417, 4.90325, -100.47697) aim=Vec3(2785.803, 4.61057, -308.23596)
2026-10-04T05:44:09.606541Z  INFO mm2_app::scripted: scripted player re-anchored onto its route after a bounded stuck tick=136118 reanchors=4 position=Vec3(2768.7483, -0.031571567, -320.8794) speed=-2.5135536193847656 heading_rad=0.47790345549583435 route_next=1281 gate=Vec3(2877.0417, 4.90325, -100.47697) landing=Vec3(2781.6802, 4.933643, -323.69238)
2026-10-04T05:44:14.462055Z  INFO mm2_app::opponents: opponent re-anchored onto its route after a bounded stuck vehicle=sthlm_racer reanchors=33 from=Vec3(2771.487, 3.627261, -356.16443) to=Vec3(2769.4492, 4.0330114, -363.9065)
2026-10-04T05:44:15.090238Z  WARN mm2_app::race_audio: audio: race cue lastwaypoint: no wave matches stem "lastwaypoint"
2026-10-04T05:44:19.525011Z  INFO mm2_app::opponents: opponent re-anchored onto its route after a bounded stuck vehicle=sthlm_racer reanchors=34 from=Vec3(2771.4976, 3.6373127, -356.157) to=Vec3(2769.4524, 4.033229, -363.8968)
2026-10-04T05:44:22.991714Z  WARN mm2_app::race_audio: audio: race cue endofracetag: no wave matches stem "endofracetag"
2026-10-04T05:44:23.789367Z  INFO mm2_app::opponents: opponent re-anchored onto its route after a bounded stuck vehicle=sthlm_racer reanchors=35 from=Vec3(2773.2983, 3.8062952, -350.41385) to=Vec3(2771.2036, 4.1621876, -358.13858)
smoke=headless-physics world=city/stockholm.psdl status=pass updates=99550 ticks=143039 driver=scripted diff=professional phase=results impacts=347 dropped=0 peak=14.5m/s travel=12976.7m sim=1191.99s resets=10 controls=86607t/55678b/32220s finite=true moved=18m wheels=4/4 final=(2933,3.9,253) race=Complete cp=15/15 results=6 lap=2/2 pos=5/6 outcome=finished place=5 opp=5/5 opp_rec=46 opp_drv=63159m/18.4mps/4.9ipk/4.4xpk/0.2apk/0.05hpk opps=0:sthlm_racer/15c/2l/F/20e/3r/900w/22d,1:sthlm_racer/15c/2l/F/9e/2r/900w/21d,2:sthlm_racer/15c/2l/F/26e/4r/900w/19d,3:sthlm_racer/15c/2l/F/7e/2r/900w/22d,4:sthlm_racer/15c/2l/F/173e/35r/900w/19d p_rec=4r/19e env=lt04(noon) fog=none sky=none wtr=0.2/1698r map=inset/north/z1200/hudmap_stockholm.pkg/1t/21m dash=absent:missing-spec+pkg trk=sized ind=on/5m/5b tmr=22g/off arr=hudarrow01/off sta=10g/-/-/- bng=3240d/0a/2s/0b bng_ev=2a/2s/0b rcv=54w/0f/54r wfx=0r/0e/0x+8f+ut aud=0h/0v/0s/0l/0a/0r+35x
