mm2-smoke commit=1a822c1cc472f6c04a25a6832e346b162bbb0ff5
2026-10-04T05:40:39.294190Z  WARN mm2: wheel part whl0 geometry authored in place; recentring onto origin car=Some("sthlm_racer")
2026-10-04T05:40:39.294212Z  WARN mm2: wheel part whl1 geometry authored in place; recentring onto origin car=Some("sthlm_racer")
2026-10-04T05:40:39.294216Z  WARN mm2: wheel part whl2 geometry authored in place; recentring onto origin car=Some("sthlm_racer")
2026-10-04T05:40:39.294219Z  WARN mm2: wheel part whl3 geometry authored in place; recentring onto origin car=Some("sthlm_racer")
2026-10-04T05:40:39.994368Z  WARN mm2_app::city: water refs resolved no rooms; deadly water off path=city/stockholm.parts/part_-3_0.water skipped=0
2026-10-04T05:40:40.337988Z  WARN mm2_app::city: water refs resolved no rooms; deadly water off path=city/stockholm.parts/part_-2_2.water skipped=0
2026-10-04T05:40:40.340942Z  WARN mm2_app::city: water refs resolved no rooms; deadly water off path=city/stockholm.parts/part_-2_3.water skipped=0
2026-10-04T05:40:40.493806Z  WARN mm2_app::city: water refs resolved no rooms; deadly water off path=city/stockholm.parts/part_-1_0.water skipped=0
2026-10-04T05:40:40.625616Z  WARN mm2_app::city: water refs resolved no rooms; deadly water off path=city/stockholm.parts/part_-1_2.water skipped=0
2026-10-04T05:40:40.671865Z  WARN mm2_app::city: water refs resolved no rooms; deadly water off path=city/stockholm.parts/part_-1_3.water skipped=0
2026-10-04T05:40:40.786314Z  WARN mm2_app::city: water refs resolved no rooms; deadly water off path=city/stockholm.parts/part_0_-2.water skipped=0
2026-10-04T05:40:41.033697Z  WARN mm2_app::city: water refs resolved no rooms; deadly water off path=city/stockholm.parts/part_0_2.water skipped=0
2026-10-04T05:40:41.088244Z  WARN mm2_app::city: water refs resolved no rooms; deadly water off path=city/stockholm.parts/part_0_3.water skipped=0
2026-10-04T05:40:41.175636Z  WARN mm2_app::city: water refs resolved no rooms; deadly water off path=city/stockholm.parts/part_1_-3.water skipped=0
2026-10-04T05:40:41.263716Z  WARN mm2_app::city: water refs resolved no rooms; deadly water off path=city/stockholm.parts/part_1_-2.water skipped=0
2026-10-04T05:40:41.324785Z  WARN mm2_app::city: water refs resolved no rooms; deadly water off path=city/stockholm.parts/part_1_-1.water skipped=0
2026-10-04T05:40:41.541911Z  WARN mm2_app::city: water refs resolved no rooms; deadly water off path=city/stockholm.parts/part_1_1.water skipped=0
2026-10-04T05:40:41.617519Z  WARN mm2_app::city: water refs resolved no rooms; deadly water off path=city/stockholm.parts/part_1_2.water skipped=0
2026-10-04T05:40:41.674133Z  WARN mm2_app::city: water refs resolved no rooms; deadly water off path=city/stockholm.parts/part_1_3.water skipped=0
2026-10-04T05:40:41.794877Z  WARN mm2_app::city: water refs resolved no rooms; deadly water off path=city/stockholm.parts/part_2_-3.water skipped=0
2026-10-04T05:40:41.927909Z  WARN mm2_app::city: water refs resolved no rooms; deadly water off path=city/stockholm.parts/part_2_-1.water skipped=0
2026-10-04T05:40:42.049296Z  WARN mm2_app::city: water refs resolved no rooms; deadly water off path=city/stockholm.parts/part_2_1.water skipped=0
2026-10-04T05:40:42.103168Z  WARN mm2_app::city: water refs resolved no rooms; deadly water off path=city/stockholm.parts/part_2_2.water skipped=0
2026-10-04T05:40:42.125341Z  WARN mm2_app::city: water refs resolved no rooms; deadly water off path=city/stockholm.parts/part_2_3.water skipped=0
2026-10-04T05:40:42.400887Z  WARN mm2_app::city: water refs resolved no rooms; deadly water off path=city/stockholm.parts/part_3_1.water skipped=0
2026-10-04T05:40:42.447638Z  WARN mm2_app::city: water refs resolved no rooms; deadly water off path=city/stockholm.parts/part_3_2.water skipped=0
2026-10-04T05:40:42.487296Z  WARN mm2_app::city: water refs resolved no rooms; deadly water off path=city/stockholm.parts/part_3_3.water skipped=0
2026-10-04T05:40:42.656255Z  WARN mm2_app::city: water refs resolved no rooms; deadly water off path=city/stockholm.parts/part_4_1.water skipped=0
2026-10-04T05:40:42.691720Z  WARN mm2_app::city: water refs resolved no rooms; deadly water off path=city/stockholm.parts/part_4_2.water skipped=0
2026-10-04T05:40:42.984803Z  WARN mm2_app::city: water refs resolved no rooms; deadly water off path=city/stockholm.parts/part_6_1.water skipped=0
2026-10-04T05:40:43.210399Z  WARN mm2_app::object_sound: object sound table unreadable path=aud/ambient/ferry.csv error=asset not found: aud/ambient/ferry.csv
2026-10-04T05:40:43.210424Z  WARN mm2_app::object_sound: object sound table unreadable path=aud/ambient/subwaycar.csv error=asset not found: aud/ambient/subwaycar.csv
2026-10-04T05:40:43.210471Z  WARN mm2_app::environment: lighting preset validation issue path=city/stockholm.lt04 issue=OffGridName("noon")
2026-10-04T05:40:43.210476Z  WARN mm2_app::environment: fog table unavailable path=city/stockholm_fog.csv error=asset not found: city/stockholm_fog.csv
2026-10-04T05:40:43.210480Z  WARN mm2_app::environment: sky definition unavailable path=city/stockholm.sky error=asset not found: city/stockholm.sky
2026-10-04T05:40:43.228710Z  WARN mm2_app::damage_fx: smoke atlas unresolved — untextured puffs texture="fxpt2"
2026-10-04T05:40:43.228740Z  WARN mm2_app::spark_fx: spark texture unresolved — untextured streaks texture="spark"
2026-10-04T05:40:43.228748Z  WARN mm2_app::wheel_fx: wheel effect unavailable rule="dirt" path=tune/effects/dirt.asbirthrule
2026-10-04T05:40:43.228752Z  WARN mm2_app::wheel_fx: wheel effect unavailable rule="dust" path=tune/effects/dust.asbirthrule
2026-10-04T05:40:43.228755Z  WARN mm2_app::wheel_fx: wheel effect unavailable rule="grass" path=tune/effects/grass.asbirthrule
2026-10-04T05:40:43.228757Z  WARN mm2_app::wheel_fx: wheel effect unavailable rule="leaf" path=tune/effects/leaf.asbirthrule
2026-10-04T05:40:43.228759Z  WARN mm2_app::wheel_fx: wheel effect unavailable rule="smoke" path=tune/effects/smoke.asbirthrule
2026-10-04T05:40:43.228760Z  WARN mm2_app::wheel_fx: wheel effect unavailable rule="snow" path=tune/effects/snow.asbirthrule
2026-10-04T05:40:43.228762Z  WARN mm2_app::wheel_fx: wheel effect unavailable rule="splash" path=tune/effects/splash.asbirthrule
2026-10-04T05:40:43.228764Z  WARN mm2_app::wheel_fx: wheel effect unavailable rule="rock" path=tune/effects/rock.asbirthrule
2026-10-04T05:40:43.228767Z  WARN mm2_app::wheel_fx: wheel atlas unresolved — untextured puffs texture="ptx_wheel"
2026-10-04T05:40:43.228986Z  WARN mm2_app::audio: audio: aud/cardata/player/default_impacts.csv: asset not found: aud/cardata/player/default_impacts.csv
2026-10-04T05:40:43.228994Z  WARN mm2_app::audio: audio: aud/cardata/player/default_surfacedry.csv: asset not found: aud/cardata/player/default_surfacedry.csv
2026-10-04T05:40:43.229000Z  WARN mm2_app::audio: audio: aud/cardata/player/stockholmpolicesiren.csv: asset not found: aud/cardata/player/stockholmpolicesiren.csv
2026-10-04T05:40:43.229002Z  WARN mm2_app::audio: audio: aud/cardata/opponent/policesiren.csv: asset not found: aud/cardata/opponent/policesiren.csv
2026-10-04T05:40:43.229937Z  WARN mm2_app::session: nav graph failed to load — opponent routes stay verbatim error=city/stockholm.bai: not found in the VFS
2026-10-04T05:40:43.232508Z  INFO mm2_app::opponents: opponent roster spawned opponents=5
2026-10-04T05:40:43.668335Z  WARN mm2_app::race_audio: audio: race cue startracelow: no wave matches stem "startracelow"
2026-10-04T05:40:43.668371Z  WARN mm2_app::audio: audio: aud/spchdata/stockholm.csv: asset not found: aud/spchdata/stockholm.csv
2026-10-04T05:40:44.009332Z  WARN mm2_app::race_audio: audio: race cue startracelow: no wave matches stem "startracelow"
2026-10-04T05:40:44.229101Z  WARN mm2_app::race_audio: audio: race cue startracelow: no wave matches stem "startracelow"
2026-10-04T05:40:44.447293Z  WARN mm2_app::race_audio: audio: race cue startracehigh: no wave matches stem "startracehigh"
2026-10-04T05:40:55.994515Z  WARN mm2_app::race_audio: audio: race cue waypoint: no wave matches stem "waypoint"
2026-10-04T05:41:06.392030Z  WARN mm2_app::race_audio: audio: race cue waypoint: no wave matches stem "waypoint"
2026-10-04T05:41:07.186745Z  INFO mm2_app::scripted: scripted player started a bounded escape after sustained low-speed throttle tick=10574 escapes=1 position=Vec3(-1189.9175, 16.959347, -418.60782) speed=-0.004167080856859684 heading_rad=0.07180609554052353 bearing_rad=1.5844779014587402 route_next=Some(219) gate=Vec3(-814.9728, 21.93222, -367.25412) aim=Vec3(-1186.9224, 16.94167, -418.7821)
2026-10-04T05:41:10.806093Z  INFO mm2_app::opponents: opponent re-anchored onto its route after a bounded stuck vehicle=sthlm_racer reanchors=1 from=Vec3(-1225.916, 13.786588, -312.29312) to=Vec3(-1232.8911, 14.9526825, -306.3885)
2026-10-04T05:41:17.608684Z  WARN mm2_app::race_audio: audio: race cue waypoint: no wave matches stem "waypoint"
2026-10-04T05:41:26.864928Z  INFO mm2_app::opponents: opponent re-anchored onto its route after a bounded stuck vehicle=sthlm_racer reanchors=1 from=Vec3(618.2071, 3.470185, -23.45187) to=Vec3(613.86414, 4.734905, -16.359482)
2026-10-04T05:41:27.785903Z  WARN mm2_app::race_audio: audio: race cue waypoint: no wave matches stem "waypoint"
2026-10-04T05:41:29.337349Z  INFO mm2_app::opponents: opponent re-anchored onto its route after a bounded stuck vehicle=sthlm_racer reanchors=1 from=Vec3(621.61615, 1.7018901, -24.336967) to=Vec3(617.8061, 4.747257, -17.037985)
2026-10-04T05:41:30.326082Z  INFO mm2_app::opponents: opponent re-anchored onto its route after a bounded stuck vehicle=sthlm_racer reanchors=1 from=Vec3(630.85895, 0.6999522, -27.13871) to=Vec3(644.10767, 4.6158338, -21.816097)
2026-10-04T05:41:32.918952Z  INFO mm2_app::opponents: opponent re-anchored onto its route after a bounded stuck vehicle=sthlm_racer reanchors=2 from=Vec3(616.5414, 1.4047577, -24.508028) to=Vec3(621.74164, 4.7275934, -17.752947)
2026-10-04T05:41:36.932352Z  WARN mm2_app::race_audio: audio: race cue waypoint: no wave matches stem "waypoint"
2026-10-04T05:41:40.905104Z  INFO mm2_app::opponents: opponent re-anchored onto its route after a bounded stuck vehicle=sthlm_racer reanchors=2 from=Vec3(642.9161, 4.285431, -15.110912) to=Vec3(633.9038, 4.6668267, -19.962397)
2026-10-04T05:41:41.948366Z  INFO mm2_app::opponents: opponent re-anchored onto its route after a bounded stuck vehicle=sthlm_racer reanchors=2 from=Vec3(1092.6003, 7.6202154, 66.03708) to=Vec3(1086.6846, 9.960797, 56.250595)
2026-10-04T05:41:45.847197Z  INFO mm2_app::opponents: opponent re-anchored onto its route after a bounded stuck vehicle=sthlm_racer reanchors=3 from=Vec3(1085.1547, 8.085362, 56.361763) to=Vec3(1081.0665, 9.480754, 49.371544)
2026-10-04T05:41:47.567363Z  WARN mm2_app::race_audio: audio: race cue waypoint: no wave matches stem "waypoint"
2026-10-04T05:41:49.597550Z  INFO mm2_app::opponents: opponent re-anchored onto its route after a bounded stuck vehicle=sthlm_racer reanchors=4 from=Vec3(1081.6152, 8.344218, 49.78341) to=Vec3(1066.7307, 8.255823, 31.818062)
2026-10-04T05:41:49.818831Z  INFO mm2_app::opponents: opponent re-anchored onto its route after a bounded stuck vehicle=sthlm_racer reanchors=3 from=Vec3(1091.3442, 7.572668, 65.279205) to=Vec3(1086.2587, 9.924407, 55.72912)
2026-10-04T05:41:51.763974Z  INFO mm2_app::opponents: opponent re-anchored onto its route after a bounded stuck vehicle=sthlm_racer reanchors=3 from=Vec3(1072.0214, 6.674776, 41.439457) to=Vec3(1063.2733, 7.9603977, 27.584597)
2026-10-04T05:41:53.506349Z  INFO mm2_app::opponents: opponent re-anchored onto its route after a bounded stuck vehicle=sthlm_racer reanchors=4 from=Vec3(1086.6196, 8.657369, 55.724136) to=Vec3(1081.3403, 9.504146, 49.706757)
2026-10-04T05:41:53.911096Z  INFO mm2_app::opponents: opponent re-anchored onto its route after a bounded stuck vehicle=sthlm_racer reanchors=5 from=Vec3(1074.0667, 7.943692, 39.562614) to=Vec3(1058.279, 7.5336614, 21.469366)
2026-10-04T05:41:55.311362Z  INFO mm2_app::opponents: opponent re-anchored onto its route after a bounded stuck vehicle=sthlm_racer reanchors=2 from=Vec3(1248.4586, 3.1807709, 453.8542) to=Vec3(1244.0364, 3.502671, 446.93338)
2026-10-04T05:41:55.571058Z  INFO mm2_app::opponents: opponent re-anchored onto its route after a bounded stuck vehicle=sthlm_racer reanchors=4 from=Vec3(1064.8263, 7.154397, 31.229137) to=Vec3(1060.6199, 7.7336755, 24.335558)
2026-10-04T05:41:56.700347Z  INFO mm2_app::scripted: scripted player started a bounded escape after sustained low-speed throttle tick=35294 escapes=2 position=Vec3(625.2507, 4.356744, -18.62123) speed=0.050727203488349915 heading_rad=-1.5314830541610718 bearing_rad=-0.1220693364739418 route_next=Some(753) gate=Vec3(704.6251, 3.80736, -32.81699) aim=Vec3(637.484, 4.31323, -20.612797)
2026-10-04T05:41:57.653677Z  INFO mm2_app::scripted: scripted player started a bounded escape after sustained low-speed throttle tick=35744 escapes=3 position=Vec3(615.9257, 4.2150793, -20.79358) speed=0.5810384750366211 heading_rad=-1.174353003501892 bearing_rad=0.40482884645462036 route_next=Some(753) gate=Vec3(704.6251, 3.80736, -32.81699) aim=Vec3(637.484, 4.31323, -20.612797)
2026-10-04T05:41:59.725303Z  INFO mm2_app::opponents: opponent re-anchored onto its route after a bounded stuck vehicle=sthlm_racer reanchors=6 from=Vec3(1079.2874, 8.415163, 44.903603) to=Vec3(1065.5148, 8.151925, 30.329208)
2026-10-04T05:42:00.004249Z  INFO mm2_app::scripted: scripted player re-anchored onto its route after a bounded stuck tick=36872 reanchors=1 position=Vec3(623.02625, 0.6998802, -22.833754) speed=7.202610492706299 heading_rad=-1.3652592897415161 route_next=750 gate=Vec3(704.6251, 3.80736, -32.81699) landing=Vec3(613.86414, 4.734905, -16.359482)
2026-10-04T05:42:00.963349Z  INFO mm2_app::scripted: scripted player started a bounded escape after sustained low-speed throttle tick=37316 escapes=4 position=Vec3(625.8466, 4.364169, -19.352291) speed=-0.011256574653089046 heading_rad=-2.1652274131774902 bearing_rad=-0.7042626142501831 route_next=Some(753) gate=Vec3(704.6251, 3.80736, -32.81699) aim=Vec3(637.8035, 4.31323, -20.670843)
2026-10-04T05:42:01.855453Z  INFO mm2_app::scripted: scripted player started a bounded escape after sustained low-speed throttle tick=37730 escapes=5 position=Vec3(616.87274, 4.290535, -20.986715) speed=-0.02281923219561577 heading_rad=0.8563511967658997 bearing_rad=2.445286989212036 route_next=Some(753) gate=Vec3(704.6251, 3.80736, -32.81699) aim=Vec3(637.484, 4.31323, -20.612797)
2026-10-04T05:42:02.747446Z  INFO mm2_app::scripted: scripted player started a bounded escape after sustained low-speed throttle tick=38144 escapes=6 position=Vec3(616.86786, 4.236749, -21.004549) speed=0.005800236947834492 heading_rad=0.8286343812942505 bearing_rad=2.4184305667877197 route_next=Some(753) gate=Vec3(704.6251, 3.80736, -32.81699) aim=Vec3(637.484, 4.31323, -20.612797)
2026-10-04T05:42:03.579825Z  INFO mm2_app::opponents: opponent re-anchored onto its route after a bounded stuck vehicle=sthlm_racer reanchors=7 from=Vec3(1066.8611, 7.2486343, 33.463257) to=Vec3(1062.5286, 7.8967624, 26.672667)
2026-10-04T05:42:03.628261Z  INFO mm2_app::scripted: scripted player started a bounded escape after sustained low-speed throttle tick=38558 escapes=7 position=Vec3(616.8691, 4.2401314, -21.00799) speed=-0.0003850281937047839 heading_rad=0.834827184677124 bearing_rad=2.4247915744781494 route_next=Some(753) gate=Vec3(704.6251, 3.80736, -32.81699) aim=Vec3(637.484, 4.31323, -20.612797)
2026-10-04T05:42:04.347511Z  INFO mm2_app::scripted: scripted player re-anchored onto its route after a bounded stuck tick=38896 reanchors=2 position=Vec3(616.87006, 4.2413807, -21.00882) speed=0.005053711123764515 heading_rad=0.8370553255081177 route_next=749 gate=Vec3(704.6251, 3.80736, -32.81699) landing=Vec3(609.91974, 4.710995, -15.694684)
2026-10-04T05:42:05.372177Z  INFO mm2_app::scripted: scripted player started a bounded escape after sustained low-speed throttle tick=39382 escapes=8 position=Vec3(626.005, 4.3630924, -19.449608) speed=-0.0048384517431259155 heading_rad=-2.3465113639831543 bearing_rad=-0.8799561262130737 route_next=Some(753) gate=Vec3(704.6251, 3.80736, -32.81699) aim=Vec3(637.97394, 4.31323, -20.701801)
2026-10-04T05:42:07.370414Z  INFO mm2_app::opponents: opponent re-anchored onto its route after a bounded stuck vehicle=sthlm_racer reanchors=8 from=Vec3(1065.2429, 7.176664, 30.965973) to=Vec3(1060.6576, 7.7369027, 24.381804)
2026-10-04T05:42:10.220387Z  INFO mm2_app::scripted: scripted player re-anchored onto its route after a bounded stuck tick=41702 reanchors=3 position=Vec3(618.54285, 3.7014587, -23.153015) speed=-8.24988164822571e-5 heading_rad=0.04861502721905708 route_next=750 gate=Vec3(704.6251, 3.80736, -32.81699) landing=Vec3(613.86414, 4.734905, -16.359482)
2026-10-04T05:42:11.142360Z  INFO mm2_app::scripted: scripted player started a bounded escape after sustained low-speed throttle tick=42146 escapes=9 position=Vec3(625.8466, 4.364169, -19.352291) speed=-0.011256574653089046 heading_rad=-2.1652274131774902 bearing_rad=-0.7042626142501831 route_next=Some(753) gate=Vec3(704.6251, 3.80736, -32.81699) aim=Vec3(637.8035, 4.31323, -20.670843)
2026-10-04T05:42:11.991024Z  INFO mm2_app::scripted: scripted player started a bounded escape after sustained low-speed throttle tick=42560 escapes=10 position=Vec3(616.87274, 4.290535, -20.986715) speed=-0.02281923219561577 heading_rad=0.8563511967658997 bearing_rad=2.445286989212036 route_next=Some(753) gate=Vec3(704.6251, 3.80736, -32.81699) aim=Vec3(637.484, 4.31323, -20.612797)
2026-10-04T05:42:12.839900Z  INFO mm2_app::scripted: scripted player started a bounded escape after sustained low-speed throttle tick=42974 escapes=11 position=Vec3(616.86786, 4.236749, -21.004549) speed=0.005800236947834492 heading_rad=0.8286343812942505 bearing_rad=2.4184305667877197 route_next=Some(753) gate=Vec3(704.6251, 3.80736, -32.81699) aim=Vec3(637.484, 4.31323, -20.612797)
2026-10-04T05:42:13.288777Z  INFO mm2_app::opponents: opponent re-anchored onto its route after a bounded stuck vehicle=sthlm_racer reanchors=9 from=Vec3(1072.875, 7.8225446, 38.212276) to=Vec3(1065.3398, 8.13698, 30.115038)
2026-10-04T05:42:13.702254Z  INFO mm2_app::scripted: scripted player started a bounded escape after sustained low-speed throttle tick=43388 escapes=12 position=Vec3(616.8691, 4.2401314, -21.00799) speed=-0.0003850281937047839 heading_rad=0.834827184677124 bearing_rad=2.4247915744781494 route_next=Some(753) gate=Vec3(704.6251, 3.80736, -32.81699) aim=Vec3(637.484, 4.31323, -20.612797)
2026-10-04T05:42:14.473291Z  INFO mm2_app::scripted: scripted player re-anchored onto its route after a bounded stuck tick=43726 reanchors=4 position=Vec3(616.87006, 4.2413807, -21.00882) speed=0.005053711123764515 heading_rad=0.8370553255081177 route_next=749 gate=Vec3(704.6251, 3.80736, -32.81699) landing=Vec3(609.91974, 4.710995, -15.694684)
2026-10-04T05:42:15.554876Z  INFO mm2_app::scripted: scripted player started a bounded escape after sustained low-speed throttle tick=44212 escapes=13 position=Vec3(626.005, 4.3630924, -19.449608) speed=-0.0048384517431259155 heading_rad=-2.3465113639831543 bearing_rad=-0.8799561262130737 route_next=Some(753) gate=Vec3(704.6251, 3.80736, -32.81699) aim=Vec3(637.97394, 4.31323, -20.701801)
2026-10-04T05:42:20.374250Z  INFO mm2_app::opponents: opponent re-anchored onto its route after a bounded stuck vehicle=sthlm_racer reanchors=10 from=Vec3(1091.9612, 7.664577, 66.84185) to=Vec3(1088.9271, 10.152411, 58.99641)
2026-10-04T05:42:20.566750Z  INFO mm2_app::scripted: scripted player re-anchored onto its route after a bounded stuck tick=46532 reanchors=5 position=Vec3(618.54285, 3.7014587, -23.153015) speed=-8.24988164822571e-5 heading_rad=0.04861502721905708 route_next=750 gate=Vec3(704.6251, 3.80736, -32.81699) landing=Vec3(613.86414, 4.734905, -16.359482)
2026-10-04T05:42:21.476977Z  INFO mm2_app::scripted: scripted player started a bounded escape after sustained low-speed throttle tick=46976 escapes=14 position=Vec3(625.8466, 4.364169, -19.352291) speed=-0.011256574653089046 heading_rad=-2.1652274131774902 bearing_rad=-0.7042626142501831 route_next=Some(753) gate=Vec3(704.6251, 3.80736, -32.81699) aim=Vec3(637.8035, 4.31323, -20.670843)
2026-10-04T05:42:22.339824Z  INFO mm2_app::scripted: scripted player started a bounded escape after sustained low-speed throttle tick=47390 escapes=15 position=Vec3(616.87274, 4.290535, -20.986715) speed=-0.02281923219561577 heading_rad=0.8563511967658997 bearing_rad=2.445286989212036 route_next=Some(753) gate=Vec3(704.6251, 3.80736, -32.81699) aim=Vec3(637.484, 4.31323, -20.612797)
2026-10-04T05:42:23.187948Z  INFO mm2_app::scripted: scripted player started a bounded escape after sustained low-speed throttle tick=47804 escapes=16 position=Vec3(616.86786, 4.236749, -21.004549) speed=0.005800236947834492 heading_rad=0.8286343812942505 bearing_rad=2.4184305667877197 route_next=Some(753) gate=Vec3(704.6251, 3.80736, -32.81699) aim=Vec3(637.484, 4.31323, -20.612797)
2026-10-04T05:42:24.072034Z  INFO mm2_app::scripted: scripted player started a bounded escape after sustained low-speed throttle tick=48218 escapes=17 position=Vec3(616.8691, 4.2401314, -21.00799) speed=-0.0003850281937047839 heading_rad=0.834827184677124 bearing_rad=2.4247915744781494 route_next=Some(753) gate=Vec3(704.6251, 3.80736, -32.81699) aim=Vec3(637.484, 4.31323, -20.612797)
2026-10-04T05:42:24.120478Z  INFO mm2_app::opponents: opponent re-anchored onto its route after a bounded stuck vehicle=sthlm_racer reanchors=11 from=Vec3(1089.2036, 8.8544655, 58.973667) to=Vec3(1083.9662, 9.728519, 52.922054)
2026-10-04T05:42:24.778929Z  INFO mm2_app::scripted: scripted player re-anchored onto its route after a bounded stuck tick=48556 reanchors=6 position=Vec3(616.87006, 4.2413807, -21.00882) speed=0.005053711123764515 heading_rad=0.8370553255081177 route_next=749 gate=Vec3(704.6251, 3.80736, -32.81699) landing=Vec3(609.91974, 4.710995, -15.694684)
2026-10-04T05:42:25.789654Z  INFO mm2_app::scripted: scripted player started a bounded escape after sustained low-speed throttle tick=49042 escapes=18 position=Vec3(626.005, 4.3630924, -19.449608) speed=-0.0048384517431259155 heading_rad=-2.3465113639831543 bearing_rad=-0.8799561262130737 route_next=Some(753) gate=Vec3(704.6251, 3.80736, -32.81699) aim=Vec3(637.97394, 4.31323, -20.701801)
2026-10-04T05:42:26.438204Z  INFO mm2_app::opponents: opponent re-anchored onto its route after a bounded stuck vehicle=sthlm_racer reanchors=5 from=Vec3(1588.3394, 0.61579686, 850.1247) to=Vec3(1594.46, 10.045107, 858.04)
2026-10-04T05:42:29.645236Z  INFO mm2_app::opponents: opponent re-anchored onto its route after a bounded stuck vehicle=sthlm_racer reanchors=5 from=Vec3(1593.527, 0.92532545, 852.27026) to=Vec3(1597.3004, 9.899353, 856.264)
2026-10-04T05:42:30.502615Z  INFO mm2_app::opponents: opponent re-anchored onto its route after a bounded stuck vehicle=sthlm_racer reanchors=12 from=Vec3(1105.3663, 8.12948, 81.22764) to=Vec3(1101.316, 9.299499, 74.20933)
2026-10-04T05:42:30.562971Z  INFO mm2_app::scripted: scripted player re-anchored onto its route after a bounded stuck tick=51362 reanchors=7 position=Vec3(618.54285, 3.7014587, -23.153015) speed=-8.24988164822571e-5 heading_rad=0.04861502721905708 route_next=750 gate=Vec3(704.6251, 3.80736, -32.81699) landing=Vec3(613.86414, 4.734905, -16.359482)
2026-10-04T05:42:31.455207Z  INFO mm2_app::scripted: scripted player started a bounded escape after sustained low-speed throttle tick=51806 escapes=19 position=Vec3(625.8466, 4.364169, -19.352291) speed=-0.011256574653089046 heading_rad=-2.1652274131774902 bearing_rad=-0.7042626142501831 route_next=Some(753) gate=Vec3(704.6251, 3.80736, -32.81699) aim=Vec3(637.8035, 4.31323, -20.670843)
2026-10-04T05:42:32.283482Z  INFO mm2_app::scripted: scripted player started a bounded escape after sustained low-speed throttle tick=52220 escapes=20 position=Vec3(616.87274, 4.290535, -20.986715) speed=-0.02281923219561577 heading_rad=0.8563511967658997 bearing_rad=2.445286989212036 route_next=Some(753) gate=Vec3(704.6251, 3.80736, -32.81699) aim=Vec3(637.484, 4.31323, -20.612797)
2026-10-04T05:42:33.130558Z  INFO mm2_app::scripted: scripted player started a bounded escape after sustained low-speed throttle tick=52634 escapes=21 position=Vec3(616.86786, 4.236749, -21.004549) speed=0.005800236947834492 heading_rad=0.8286343812942505 bearing_rad=2.4184305667877197 route_next=Some(753) gate=Vec3(704.6251, 3.80736, -32.81699) aim=Vec3(637.484, 4.31323, -20.612797)
2026-10-04T05:42:33.964888Z  INFO mm2_app::scripted: scripted player started a bounded escape after sustained low-speed throttle tick=53048 escapes=22 position=Vec3(616.8691, 4.2401314, -21.00799) speed=-0.0003850281937047839 heading_rad=0.834827184677124 bearing_rad=2.4247915744781494 route_next=Some(753) gate=Vec3(704.6251, 3.80736, -32.81699) aim=Vec3(637.484, 4.31323, -20.612797)
2026-10-04T05:42:34.645035Z  INFO mm2_app::scripted: scripted player re-anchored onto its route after a bounded stuck tick=53386 reanchors=8 position=Vec3(616.87006, 4.2413807, -21.00882) speed=0.005053711123764515 heading_rad=0.8370553255081177 route_next=749 gate=Vec3(704.6251, 3.80736, -32.81699) landing=Vec3(609.91974, 4.710995, -15.694684)
2026-10-04T05:42:35.596925Z  INFO mm2_app::scripted: scripted player started a bounded escape after sustained low-speed throttle tick=53872 escapes=23 position=Vec3(626.005, 4.3630924, -19.449608) speed=-0.0048384517431259155 heading_rad=-2.3465113639831543 bearing_rad=-0.8799561262130737 route_next=Some(753) gate=Vec3(704.6251, 3.80736, -32.81699) aim=Vec3(637.97394, 4.31323, -20.701801)
2026-10-04T05:42:40.364467Z  INFO mm2_app::scripted: scripted player re-anchored onto its route after a bounded stuck tick=56192 reanchors=9 position=Vec3(618.54285, 3.7014587, -23.153015) speed=-8.24988164822571e-5 heading_rad=0.04861502721905708 route_next=750 gate=Vec3(704.6251, 3.80736, -32.81699) landing=Vec3(613.86414, 4.734905, -16.359482)
2026-10-04T05:42:41.264802Z  INFO mm2_app::scripted: scripted player started a bounded escape after sustained low-speed throttle tick=56636 escapes=24 position=Vec3(625.8466, 4.364169, -19.352291) speed=-0.011256574653089046 heading_rad=-2.1652274131774902 bearing_rad=-0.7042626142501831 route_next=Some(753) gate=Vec3(704.6251, 3.80736, -32.81699) aim=Vec3(637.8035, 4.31323, -20.670843)
2026-10-04T05:42:42.076830Z  INFO mm2_app::scripted: scripted player started a bounded escape after sustained low-speed throttle tick=57050 escapes=25 position=Vec3(616.87274, 4.290535, -20.986715) speed=-0.02281923219561577 heading_rad=0.8563511967658997 bearing_rad=2.445286989212036 route_next=Some(753) gate=Vec3(704.6251, 3.80736, -32.81699) aim=Vec3(637.484, 4.31323, -20.612797)
2026-10-04T05:42:42.875134Z  INFO mm2_app::scripted: scripted player started a bounded escape after sustained low-speed throttle tick=57464 escapes=26 position=Vec3(616.86786, 4.236749, -21.004549) speed=0.005800236947834492 heading_rad=0.8286343812942505 bearing_rad=2.4184305667877197 route_next=Some(753) gate=Vec3(704.6251, 3.80736, -32.81699) aim=Vec3(637.484, 4.31323, -20.612797)
2026-10-04T05:42:43.700143Z  INFO mm2_app::scripted: scripted player started a bounded escape after sustained low-speed throttle tick=57878 escapes=27 position=Vec3(616.8691, 4.2401314, -21.00799) speed=-0.0003850281937047839 heading_rad=0.834827184677124 bearing_rad=2.4247915744781494 route_next=Some(753) gate=Vec3(704.6251, 3.80736, -32.81699) aim=Vec3(637.484, 4.31323, -20.612797)
2026-10-04T05:42:44.361288Z  INFO mm2_app::scripted: scripted player re-anchored onto its route after a bounded stuck tick=58216 reanchors=10 position=Vec3(616.87006, 4.2413807, -21.00882) speed=0.005053711123764515 heading_rad=0.8370553255081177 route_next=749 gate=Vec3(704.6251, 3.80736, -32.81699) landing=Vec3(609.91974, 4.710995, -15.694684)
2026-10-04T05:42:45.314104Z  INFO mm2_app::scripted: scripted player started a bounded escape after sustained low-speed throttle tick=58702 escapes=28 position=Vec3(626.005, 4.3630924, -19.449608) speed=-0.0048384517431259155 heading_rad=-2.3465113639831543 bearing_rad=-0.8799561262130737 route_next=Some(753) gate=Vec3(704.6251, 3.80736, -32.81699) aim=Vec3(637.97394, 4.31323, -20.701801)
2026-10-04T05:42:50.325915Z  INFO mm2_app::scripted: scripted player re-anchored onto its route after a bounded stuck tick=61022 reanchors=11 position=Vec3(618.54285, 3.7014587, -23.153015) speed=-8.24988164822571e-5 heading_rad=0.04861502721905708 route_next=750 gate=Vec3(704.6251, 3.80736, -32.81699) landing=Vec3(613.86414, 4.734905, -16.359482)
2026-10-04T05:42:51.213125Z  INFO mm2_app::scripted: scripted player started a bounded escape after sustained low-speed throttle tick=61466 escapes=29 position=Vec3(625.8466, 4.364169, -19.352291) speed=-0.011256574653089046 heading_rad=-2.1652274131774902 bearing_rad=-0.7042626142501831 route_next=Some(753) gate=Vec3(704.6251, 3.80736, -32.81699) aim=Vec3(637.8035, 4.31323, -20.670843)
2026-10-04T05:42:52.044467Z  INFO mm2_app::scripted: scripted player started a bounded escape after sustained low-speed throttle tick=61880 escapes=30 position=Vec3(616.87274, 4.290535, -20.986715) speed=-0.02281923219561577 heading_rad=0.8563511967658997 bearing_rad=2.445286989212036 route_next=Some(753) gate=Vec3(704.6251, 3.80736, -32.81699) aim=Vec3(637.484, 4.31323, -20.612797)
2026-10-04T05:42:52.874171Z  INFO mm2_app::scripted: scripted player started a bounded escape after sustained low-speed throttle tick=62294 escapes=31 position=Vec3(616.86786, 4.236749, -21.004549) speed=0.005800236947834492 heading_rad=0.8286343812942505 bearing_rad=2.4184305667877197 route_next=Some(753) gate=Vec3(704.6251, 3.80736, -32.81699) aim=Vec3(637.484, 4.31323, -20.612797)
2026-10-04T05:42:53.553222Z  INFO mm2_app::opponents: opponent re-anchored onto its route after a bounded stuck vehicle=sthlm_racer reanchors=13 from=Vec3(1589.7954, 0.7057464, 850.9691) to=Vec3(1595.4788, 9.992829, 857.40295)
2026-10-04T05:42:53.695171Z  INFO mm2_app::scripted: scripted player started a bounded escape after sustained low-speed throttle tick=62708 escapes=32 position=Vec3(616.8691, 4.2401314, -21.00799) speed=-0.0003850281937047839 heading_rad=0.834827184677124 bearing_rad=2.4247915744781494 route_next=Some(753) gate=Vec3(704.6251, 3.80736, -32.81699) aim=Vec3(637.484, 4.31323, -20.612797)
2026-10-04T05:42:54.503925Z  INFO mm2_app::scripted: scripted player re-anchored onto its route after a bounded stuck tick=63046 reanchors=12 position=Vec3(616.87006, 4.2413807, -21.00882) speed=0.005053711123764515 heading_rad=0.8370553255081177 route_next=749 gate=Vec3(704.6251, 3.80736, -32.81699) landing=Vec3(609.91974, 4.710995, -15.694684)
2026-10-04T05:42:55.541486Z  INFO mm2_app::scripted: scripted player started a bounded escape after sustained low-speed throttle tick=63532 escapes=33 position=Vec3(626.005, 4.3630924, -19.449608) speed=-0.0048384517431259155 heading_rad=-2.3465113639831543 bearing_rad=-0.8799561262130737 route_next=Some(753) gate=Vec3(704.6251, 3.80736, -32.81699) aim=Vec3(637.97394, 4.31323, -20.701801)
2026-10-04T05:43:00.329049Z  INFO mm2_app::scripted: scripted player re-anchored onto its route after a bounded stuck tick=65852 reanchors=13 position=Vec3(618.54285, 3.7014587, -23.153015) speed=-8.24988164822571e-5 heading_rad=0.04861502721905708 route_next=750 gate=Vec3(704.6251, 3.80736, -32.81699) landing=Vec3(613.86414, 4.734905, -16.359482)
2026-10-04T05:43:01.251616Z  INFO mm2_app::scripted: scripted player started a bounded escape after sustained low-speed throttle tick=66296 escapes=34 position=Vec3(625.8466, 4.364169, -19.352291) speed=-0.011256574653089046 heading_rad=-2.1652274131774902 bearing_rad=-0.7042626142501831 route_next=Some(753) gate=Vec3(704.6251, 3.80736, -32.81699) aim=Vec3(637.8035, 4.31323, -20.670843)
2026-10-04T05:43:02.106925Z  INFO mm2_app::scripted: scripted player started a bounded escape after sustained low-speed throttle tick=66710 escapes=35 position=Vec3(616.87274, 4.290535, -20.986715) speed=-0.02281923219561577 heading_rad=0.8563511967658997 bearing_rad=2.445286989212036 route_next=Some(753) gate=Vec3(704.6251, 3.80736, -32.81699) aim=Vec3(637.484, 4.31323, -20.612797)
2026-10-04T05:43:02.999839Z  INFO mm2_app::scripted: scripted player started a bounded escape after sustained low-speed throttle tick=67124 escapes=36 position=Vec3(616.86786, 4.236749, -21.004549) speed=0.005800236947834492 heading_rad=0.8286343812942505 bearing_rad=2.4184305667877197 route_next=Some(753) gate=Vec3(704.6251, 3.80736, -32.81699) aim=Vec3(637.484, 4.31323, -20.612797)
2026-10-04T05:43:03.858514Z  INFO mm2_app::scripted: scripted player started a bounded escape after sustained low-speed throttle tick=67538 escapes=37 position=Vec3(616.8691, 4.2401314, -21.00799) speed=-0.0003850281937047839 heading_rad=0.834827184677124 bearing_rad=2.4247915744781494 route_next=Some(753) gate=Vec3(704.6251, 3.80736, -32.81699) aim=Vec3(637.484, 4.31323, -20.612797)
2026-10-04T05:43:04.586872Z  INFO mm2_app::scripted: scripted player re-anchored onto its route after a bounded stuck tick=67876 reanchors=14 position=Vec3(616.87006, 4.2413807, -21.00882) speed=0.005053711123764515 heading_rad=0.8370553255081177 route_next=749 gate=Vec3(704.6251, 3.80736, -32.81699) landing=Vec3(609.91974, 4.710995, -15.694684)
2026-10-04T05:43:05.583111Z  INFO mm2_app::scripted: scripted player started a bounded escape after sustained low-speed throttle tick=68362 escapes=38 position=Vec3(626.005, 4.3630924, -19.449608) speed=-0.0048384517431259155 heading_rad=-2.3465113639831543 bearing_rad=-0.8799561262130737 route_next=Some(753) gate=Vec3(704.6251, 3.80736, -32.81699) aim=Vec3(637.97394, 4.31323, -20.701801)
2026-10-04T05:43:10.490122Z  INFO mm2_app::scripted: scripted player re-anchored onto its route after a bounded stuck tick=70682 reanchors=15 position=Vec3(618.54285, 3.7014587, -23.153015) speed=-8.24988164822571e-5 heading_rad=0.04861502721905708 route_next=750 gate=Vec3(704.6251, 3.80736, -32.81699) landing=Vec3(613.86414, 4.734905, -16.359482)
2026-10-04T05:43:11.432267Z  INFO mm2_app::scripted: scripted player started a bounded escape after sustained low-speed throttle tick=71126 escapes=39 position=Vec3(625.8466, 4.364169, -19.352291) speed=-0.011256574653089046 heading_rad=-2.1652274131774902 bearing_rad=-0.7042626142501831 route_next=Some(753) gate=Vec3(704.6251, 3.80736, -32.81699) aim=Vec3(637.8035, 4.31323, -20.670843)
2026-10-04T05:43:12.284758Z  INFO mm2_app::scripted: scripted player started a bounded escape after sustained low-speed throttle tick=71540 escapes=40 position=Vec3(616.87274, 4.290535, -20.986715) speed=-0.02281923219561577 heading_rad=0.8563511967658997 bearing_rad=2.445286989212036 route_next=Some(753) gate=Vec3(704.6251, 3.80736, -32.81699) aim=Vec3(637.484, 4.31323, -20.612797)
2026-10-04T05:43:13.159763Z  INFO mm2_app::scripted: scripted player started a bounded escape after sustained low-speed throttle tick=71954 escapes=41 position=Vec3(616.86786, 4.236749, -21.004549) speed=0.005800236947834492 heading_rad=0.8286343812942505 bearing_rad=2.4184305667877197 route_next=Some(753) gate=Vec3(704.6251, 3.80736, -32.81699) aim=Vec3(637.484, 4.31323, -20.612797)
2026-10-04T05:43:14.006681Z  INFO mm2_app::scripted: scripted player started a bounded escape after sustained low-speed throttle tick=72368 escapes=42 position=Vec3(616.8691, 4.2401314, -21.00799) speed=-0.0003850281937047839 heading_rad=0.834827184677124 bearing_rad=2.4247915744781494 route_next=Some(753) gate=Vec3(704.6251, 3.80736, -32.81699) aim=Vec3(637.484, 4.31323, -20.612797)
2026-10-04T05:43:14.689238Z  INFO mm2_app::scripted: scripted player re-anchored onto its route after a bounded stuck tick=72706 reanchors=16 position=Vec3(616.87006, 4.2413807, -21.00882) speed=0.005053711123764515 heading_rad=0.8370553255081177 route_next=749 gate=Vec3(704.6251, 3.80736, -32.81699) landing=Vec3(609.91974, 4.710995, -15.694684)
2026-10-04T05:43:15.736276Z  INFO mm2_app::scripted: scripted player started a bounded escape after sustained low-speed throttle tick=73192 escapes=43 position=Vec3(626.005, 4.3630924, -19.449608) speed=-0.0048384517431259155 heading_rad=-2.3465113639831543 bearing_rad=-0.8799561262130737 route_next=Some(753) gate=Vec3(704.6251, 3.80736, -32.81699) aim=Vec3(637.97394, 4.31323, -20.701801)
2026-10-04T05:43:20.566043Z  INFO mm2_app::scripted: scripted player re-anchored onto its route after a bounded stuck tick=75512 reanchors=17 position=Vec3(618.54285, 3.7014587, -23.153015) speed=-8.24988164822571e-5 heading_rad=0.04861502721905708 route_next=750 gate=Vec3(704.6251, 3.80736, -32.81699) landing=Vec3(613.86414, 4.734905, -16.359482)
2026-10-04T05:43:21.488533Z  INFO mm2_app::scripted: scripted player started a bounded escape after sustained low-speed throttle tick=75956 escapes=44 position=Vec3(625.8466, 4.364169, -19.352291) speed=-0.011256574653089046 heading_rad=-2.1652274131774902 bearing_rad=-0.7042626142501831 route_next=Some(753) gate=Vec3(704.6251, 3.80736, -32.81699) aim=Vec3(637.8035, 4.31323, -20.670843)
2026-10-04T05:43:22.425828Z  INFO mm2_app::scripted: scripted player started a bounded escape after sustained low-speed throttle tick=76370 escapes=45 position=Vec3(616.87274, 4.290535, -20.986715) speed=-0.02281923219561577 heading_rad=0.8563511967658997 bearing_rad=2.445286989212036 route_next=Some(753) gate=Vec3(704.6251, 3.80736, -32.81699) aim=Vec3(637.484, 4.31323, -20.612797)
2026-10-04T05:43:23.329459Z  INFO mm2_app::scripted: scripted player started a bounded escape after sustained low-speed throttle tick=76784 escapes=46 position=Vec3(616.86786, 4.236749, -21.004549) speed=0.005800236947834492 heading_rad=0.8286343812942505 bearing_rad=2.4184305667877197 route_next=Some(753) gate=Vec3(704.6251, 3.80736, -32.81699) aim=Vec3(637.484, 4.31323, -20.612797)
2026-10-04T05:43:24.192036Z  INFO mm2_app::scripted: scripted player started a bounded escape after sustained low-speed throttle tick=77198 escapes=47 position=Vec3(616.8691, 4.2401314, -21.00799) speed=-0.0003850281937047839 heading_rad=0.834827184677124 bearing_rad=2.4247915744781494 route_next=Some(753) gate=Vec3(704.6251, 3.80736, -32.81699) aim=Vec3(637.484, 4.31323, -20.612797)
2026-10-04T05:43:24.878046Z  INFO mm2_app::scripted: scripted player re-anchored onto its route after a bounded stuck tick=77536 reanchors=18 position=Vec3(616.87006, 4.2413807, -21.00882) speed=0.005053711123764515 heading_rad=0.8370553255081177 route_next=749 gate=Vec3(704.6251, 3.80736, -32.81699) landing=Vec3(609.91974, 4.710995, -15.694684)
2026-10-04T05:43:25.866732Z  INFO mm2_app::scripted: scripted player started a bounded escape after sustained low-speed throttle tick=78022 escapes=48 position=Vec3(626.005, 4.3630924, -19.449608) speed=-0.0048384517431259155 heading_rad=-2.3465113639831543 bearing_rad=-0.8799561262130737 route_next=Some(753) gate=Vec3(704.6251, 3.80736, -32.81699) aim=Vec3(637.97394, 4.31323, -20.701801)
2026-10-04T05:43:30.601328Z  INFO mm2_app::scripted: scripted player re-anchored onto its route after a bounded stuck tick=80342 reanchors=19 position=Vec3(618.54285, 3.7014587, -23.153015) speed=-8.24988164822571e-5 heading_rad=0.04861502721905708 route_next=750 gate=Vec3(704.6251, 3.80736, -32.81699) landing=Vec3(613.86414, 4.734905, -16.359482)
2026-10-04T05:43:31.522253Z  INFO mm2_app::scripted: scripted player started a bounded escape after sustained low-speed throttle tick=80786 escapes=49 position=Vec3(625.8466, 4.364169, -19.352291) speed=-0.011256574653089046 heading_rad=-2.1652274131774902 bearing_rad=-0.7042626142501831 route_next=Some(753) gate=Vec3(704.6251, 3.80736, -32.81699) aim=Vec3(637.8035, 4.31323, -20.670843)
2026-10-04T05:43:32.374554Z  INFO mm2_app::scripted: scripted player started a bounded escape after sustained low-speed throttle tick=81200 escapes=50 position=Vec3(616.87274, 4.290535, -20.986715) speed=-0.02281923219561577 heading_rad=0.8563511967658997 bearing_rad=2.445286989212036 route_next=Some(753) gate=Vec3(704.6251, 3.80736, -32.81699) aim=Vec3(637.484, 4.31323, -20.612797)
2026-10-04T05:43:33.222389Z  INFO mm2_app::scripted: scripted player started a bounded escape after sustained low-speed throttle tick=81614 escapes=51 position=Vec3(616.86786, 4.236749, -21.004549) speed=0.005800236947834492 heading_rad=0.8286343812942505 bearing_rad=2.4184305667877197 route_next=Some(753) gate=Vec3(704.6251, 3.80736, -32.81699) aim=Vec3(637.484, 4.31323, -20.612797)
2026-10-04T05:43:34.071266Z  INFO mm2_app::scripted: scripted player started a bounded escape after sustained low-speed throttle tick=82028 escapes=52 position=Vec3(616.8691, 4.2401314, -21.00799) speed=-0.0003850281937047839 heading_rad=0.834827184677124 bearing_rad=2.4247915744781494 route_next=Some(753) gate=Vec3(704.6251, 3.80736, -32.81699) aim=Vec3(637.484, 4.31323, -20.612797)
2026-10-04T05:43:34.779408Z  INFO mm2_app::scripted: scripted player re-anchored onto its route after a bounded stuck tick=82366 reanchors=20 position=Vec3(616.87006, 4.2413807, -21.00882) speed=0.005053711123764515 heading_rad=0.8370553255081177 route_next=749 gate=Vec3(704.6251, 3.80736, -32.81699) landing=Vec3(609.91974, 4.710995, -15.694684)
2026-10-04T05:43:35.780196Z  INFO mm2_app::scripted: scripted player started a bounded escape after sustained low-speed throttle tick=82852 escapes=53 position=Vec3(626.005, 4.3630924, -19.449608) speed=-0.0048384517431259155 heading_rad=-2.3465113639831543 bearing_rad=-0.8799561262130737 route_next=Some(753) gate=Vec3(704.6251, 3.80736, -32.81699) aim=Vec3(637.97394, 4.31323, -20.701801)
2026-10-04T05:43:40.539944Z  INFO mm2_app::scripted: scripted player re-anchored onto its route after a bounded stuck tick=85172 reanchors=21 position=Vec3(618.54285, 3.7014587, -23.153015) speed=-8.24988164822571e-5 heading_rad=0.04861502721905708 route_next=750 gate=Vec3(704.6251, 3.80736, -32.81699) landing=Vec3(613.86414, 4.734905, -16.359482)
2026-10-04T05:43:41.459082Z  INFO mm2_app::scripted: scripted player started a bounded escape after sustained low-speed throttle tick=85616 escapes=54 position=Vec3(625.8466, 4.364169, -19.352291) speed=-0.011256574653089046 heading_rad=-2.1652274131774902 bearing_rad=-0.7042626142501831 route_next=Some(753) gate=Vec3(704.6251, 3.80736, -32.81699) aim=Vec3(637.8035, 4.31323, -20.670843)
2026-10-04T05:43:42.323032Z  INFO mm2_app::scripted: scripted player started a bounded escape after sustained low-speed throttle tick=86030 escapes=55 position=Vec3(616.87274, 4.290535, -20.986715) speed=-0.02281923219561577 heading_rad=0.8563511967658997 bearing_rad=2.445286989212036 route_next=Some(753) gate=Vec3(704.6251, 3.80736, -32.81699) aim=Vec3(637.484, 4.31323, -20.612797)
2026-10-04T05:43:43.196390Z  INFO mm2_app::scripted: scripted player started a bounded escape after sustained low-speed throttle tick=86444 escapes=56 position=Vec3(616.86786, 4.236749, -21.004549) speed=0.005800236947834492 heading_rad=0.8286343812942505 bearing_rad=2.4184305667877197 route_next=Some(753) gate=Vec3(704.6251, 3.80736, -32.81699) aim=Vec3(637.484, 4.31323, -20.612797)
2026-10-04T05:43:44.056217Z  INFO mm2_app::scripted: scripted player started a bounded escape after sustained low-speed throttle tick=86858 escapes=57 position=Vec3(616.8691, 4.2401314, -21.00799) speed=-0.0003850281937047839 heading_rad=0.834827184677124 bearing_rad=2.4247915744781494 route_next=Some(753) gate=Vec3(704.6251, 3.80736, -32.81699) aim=Vec3(637.484, 4.31323, -20.612797)
2026-10-04T05:43:44.752890Z  INFO mm2_app::scripted: scripted player re-anchored onto its route after a bounded stuck tick=87196 reanchors=22 position=Vec3(616.87006, 4.2413807, -21.00882) speed=0.005053711123764515 heading_rad=0.8370553255081177 route_next=749 gate=Vec3(704.6251, 3.80736, -32.81699) landing=Vec3(609.91974, 4.710995, -15.694684)
2026-10-04T05:43:45.764706Z  INFO mm2_app::scripted: scripted player started a bounded escape after sustained low-speed throttle tick=87682 escapes=58 position=Vec3(626.005, 4.3630924, -19.449608) speed=-0.0048384517431259155 heading_rad=-2.3465113639831543 bearing_rad=-0.8799561262130737 route_next=Some(753) gate=Vec3(704.6251, 3.80736, -32.81699) aim=Vec3(637.97394, 4.31323, -20.701801)
2026-10-04T05:43:50.681971Z  INFO mm2_app::scripted: scripted player re-anchored onto its route after a bounded stuck tick=90002 reanchors=23 position=Vec3(618.54285, 3.7014587, -23.153015) speed=-8.24988164822571e-5 heading_rad=0.04861502721905708 route_next=750 gate=Vec3(704.6251, 3.80736, -32.81699) landing=Vec3(613.86414, 4.734905, -16.359482)
2026-10-04T05:43:51.619166Z  INFO mm2_app::scripted: scripted player started a bounded escape after sustained low-speed throttle tick=90446 escapes=59 position=Vec3(625.8466, 4.364169, -19.352291) speed=-0.011256574653089046 heading_rad=-2.1652274131774902 bearing_rad=-0.7042626142501831 route_next=Some(753) gate=Vec3(704.6251, 3.80736, -32.81699) aim=Vec3(637.8035, 4.31323, -20.670843)
2026-10-04T05:43:52.488797Z  INFO mm2_app::scripted: scripted player started a bounded escape after sustained low-speed throttle tick=90860 escapes=60 position=Vec3(616.87274, 4.290535, -20.986715) speed=-0.02281923219561577 heading_rad=0.8563511967658997 bearing_rad=2.445286989212036 route_next=Some(753) gate=Vec3(704.6251, 3.80736, -32.81699) aim=Vec3(637.484, 4.31323, -20.612797)
2026-10-04T05:43:53.404635Z  INFO mm2_app::scripted: scripted player started a bounded escape after sustained low-speed throttle tick=91274 escapes=61 position=Vec3(616.86786, 4.236749, -21.004549) speed=0.005800236947834492 heading_rad=0.8286343812942505 bearing_rad=2.4184305667877197 route_next=Some(753) gate=Vec3(704.6251, 3.80736, -32.81699) aim=Vec3(637.484, 4.31323, -20.612797)
2026-10-04T05:43:54.399838Z  INFO mm2_app::scripted: scripted player started a bounded escape after sustained low-speed throttle tick=91688 escapes=62 position=Vec3(616.8691, 4.2401314, -21.00799) speed=-0.0003850281937047839 heading_rad=0.834827184677124 bearing_rad=2.4247915744781494 route_next=Some(753) gate=Vec3(704.6251, 3.80736, -32.81699) aim=Vec3(637.484, 4.31323, -20.612797)
2026-10-04T05:43:55.245596Z  INFO mm2_app::scripted: scripted player re-anchored onto its route after a bounded stuck tick=92026 reanchors=24 position=Vec3(616.87006, 4.2413807, -21.00882) speed=0.005053711123764515 heading_rad=0.8370553255081177 route_next=749 gate=Vec3(704.6251, 3.80736, -32.81699) landing=Vec3(609.91974, 4.710995, -15.694684)
2026-10-04T05:43:56.472447Z  INFO mm2_app::scripted: scripted player started a bounded escape after sustained low-speed throttle tick=92512 escapes=63 position=Vec3(626.005, 4.3630924, -19.449608) speed=-0.0048384517431259155 heading_rad=-2.3465113639831543 bearing_rad=-0.8799561262130737 route_next=Some(753) gate=Vec3(704.6251, 3.80736, -32.81699) aim=Vec3(637.97394, 4.31323, -20.701801)
2026-10-04T05:44:01.639515Z  INFO mm2_app::scripted: scripted player re-anchored onto its route after a bounded stuck tick=94832 reanchors=25 position=Vec3(618.54285, 3.7014587, -23.153015) speed=-8.24988164822571e-5 heading_rad=0.04861502721905708 route_next=750 gate=Vec3(704.6251, 3.80736, -32.81699) landing=Vec3(613.86414, 4.734905, -16.359482)
2026-10-04T05:44:02.640985Z  INFO mm2_app::scripted: scripted player started a bounded escape after sustained low-speed throttle tick=95276 escapes=64 position=Vec3(625.8466, 4.364169, -19.352291) speed=-0.011256574653089046 heading_rad=-2.1652274131774902 bearing_rad=-0.7042626142501831 route_next=Some(753) gate=Vec3(704.6251, 3.80736, -32.81699) aim=Vec3(637.8035, 4.31323, -20.670843)
2026-10-04T05:44:03.557947Z  INFO mm2_app::scripted: scripted player started a bounded escape after sustained low-speed throttle tick=95690 escapes=65 position=Vec3(616.87274, 4.290535, -20.986715) speed=-0.02281923219561577 heading_rad=0.8563511967658997 bearing_rad=2.445286989212036 route_next=Some(753) gate=Vec3(704.6251, 3.80736, -32.81699) aim=Vec3(637.484, 4.31323, -20.612797)
2026-10-04T05:44:04.487888Z  INFO mm2_app::scripted: scripted player started a bounded escape after sustained low-speed throttle tick=96104 escapes=66 position=Vec3(616.86786, 4.236749, -21.004549) speed=0.005800236947834492 heading_rad=0.8286343812942505 bearing_rad=2.4184305667877197 route_next=Some(753) gate=Vec3(704.6251, 3.80736, -32.81699) aim=Vec3(637.484, 4.31323, -20.612797)
2026-10-04T05:44:05.404825Z  INFO mm2_app::scripted: scripted player started a bounded escape after sustained low-speed throttle tick=96518 escapes=67 position=Vec3(616.8691, 4.2401314, -21.00799) speed=-0.0003850281937047839 heading_rad=0.834827184677124 bearing_rad=2.4247915744781494 route_next=Some(753) gate=Vec3(704.6251, 3.80736, -32.81699) aim=Vec3(637.484, 4.31323, -20.612797)
2026-10-04T05:44:06.156932Z  INFO mm2_app::scripted: scripted player re-anchored onto its route after a bounded stuck tick=96856 reanchors=26 position=Vec3(616.87006, 4.2413807, -21.00882) speed=0.005053711123764515 heading_rad=0.8370553255081177 route_next=749 gate=Vec3(704.6251, 3.80736, -32.81699) landing=Vec3(609.91974, 4.710995, -15.694684)
2026-10-04T05:44:07.233086Z  INFO mm2_app::scripted: scripted player started a bounded escape after sustained low-speed throttle tick=97342 escapes=68 position=Vec3(626.005, 4.3630924, -19.449608) speed=-0.0048384517431259155 heading_rad=-2.3465113639831543 bearing_rad=-0.8799561262130737 route_next=Some(753) gate=Vec3(704.6251, 3.80736, -32.81699) aim=Vec3(637.97394, 4.31323, -20.701801)
2026-10-04T05:44:12.375720Z  INFO mm2_app::scripted: scripted player re-anchored onto its route after a bounded stuck tick=99662 reanchors=27 position=Vec3(618.54285, 3.7014587, -23.153015) speed=-8.24988164822571e-5 heading_rad=0.04861502721905708 route_next=750 gate=Vec3(704.6251, 3.80736, -32.81699) landing=Vec3(613.86414, 4.734905, -16.359482)
2026-10-04T05:44:13.355358Z  INFO mm2_app::scripted: scripted player started a bounded escape after sustained low-speed throttle tick=100106 escapes=69 position=Vec3(625.8466, 4.364169, -19.352291) speed=-0.011256574653089046 heading_rad=-2.1652274131774902 bearing_rad=-0.7042626142501831 route_next=Some(753) gate=Vec3(704.6251, 3.80736, -32.81699) aim=Vec3(637.8035, 4.31323, -20.670843)
2026-10-04T05:44:14.261969Z  INFO mm2_app::scripted: scripted player started a bounded escape after sustained low-speed throttle tick=100520 escapes=70 position=Vec3(616.87274, 4.290535, -20.986715) speed=-0.02281923219561577 heading_rad=0.8563511967658997 bearing_rad=2.445286989212036 route_next=Some(753) gate=Vec3(704.6251, 3.80736, -32.81699) aim=Vec3(637.484, 4.31323, -20.612797)
2026-10-04T05:44:15.178644Z  INFO mm2_app::scripted: scripted player started a bounded escape after sustained low-speed throttle tick=100934 escapes=71 position=Vec3(616.86786, 4.236749, -21.004549) speed=0.005800236947834492 heading_rad=0.8286343812942505 bearing_rad=2.4184305667877197 route_next=Some(753) gate=Vec3(704.6251, 3.80736, -32.81699) aim=Vec3(637.484, 4.31323, -20.612797)
2026-10-04T05:44:16.089540Z  INFO mm2_app::scripted: scripted player started a bounded escape after sustained low-speed throttle tick=101348 escapes=72 position=Vec3(616.8691, 4.2401314, -21.00799) speed=-0.0003850281937047839 heading_rad=0.834827184677124 bearing_rad=2.4247915744781494 route_next=Some(753) gate=Vec3(704.6251, 3.80736, -32.81699) aim=Vec3(637.484, 4.31323, -20.612797)
2026-10-04T05:44:16.824525Z  INFO mm2_app::scripted: scripted player re-anchored onto its route after a bounded stuck tick=101686 reanchors=28 position=Vec3(616.87006, 4.2413807, -21.00882) speed=0.005053711123764515 heading_rad=0.8370553255081177 route_next=749 gate=Vec3(704.6251, 3.80736, -32.81699) landing=Vec3(609.91974, 4.710995, -15.694684)
2026-10-04T05:44:17.894086Z  INFO mm2_app::scripted: scripted player started a bounded escape after sustained low-speed throttle tick=102172 escapes=73 position=Vec3(626.005, 4.3630924, -19.449608) speed=-0.0048384517431259155 heading_rad=-2.3465113639831543 bearing_rad=-0.8799561262130737 route_next=Some(753) gate=Vec3(704.6251, 3.80736, -32.81699) aim=Vec3(637.97394, 4.31323, -20.701801)
2026-10-04T05:44:22.942232Z  INFO mm2_app::scripted: scripted player re-anchored onto its route after a bounded stuck tick=104492 reanchors=29 position=Vec3(618.54285, 3.7014587, -23.153015) speed=-8.24988164822571e-5 heading_rad=0.04861502721905708 route_next=750 gate=Vec3(704.6251, 3.80736, -32.81699) landing=Vec3(613.86414, 4.734905, -16.359482)
2026-10-04T05:44:23.918589Z  INFO mm2_app::scripted: scripted player started a bounded escape after sustained low-speed throttle tick=104936 escapes=74 position=Vec3(625.8466, 4.364169, -19.352291) speed=-0.011256574653089046 heading_rad=-2.1652274131774902 bearing_rad=-0.7042626142501831 route_next=Some(753) gate=Vec3(704.6251, 3.80736, -32.81699) aim=Vec3(637.8035, 4.31323, -20.670843)
2026-10-04T05:44:24.838267Z  INFO mm2_app::scripted: scripted player started a bounded escape after sustained low-speed throttle tick=105350 escapes=75 position=Vec3(616.87274, 4.290535, -20.986715) speed=-0.02281923219561577 heading_rad=0.8563511967658997 bearing_rad=2.445286989212036 route_next=Some(753) gate=Vec3(704.6251, 3.80736, -32.81699) aim=Vec3(637.484, 4.31323, -20.612797)
2026-10-04T05:44:25.741560Z  INFO mm2_app::scripted: scripted player started a bounded escape after sustained low-speed throttle tick=105764 escapes=76 position=Vec3(616.86786, 4.236749, -21.004549) speed=0.005800236947834492 heading_rad=0.8286343812942505 bearing_rad=2.4184305667877197 route_next=Some(753) gate=Vec3(704.6251, 3.80736, -32.81699) aim=Vec3(637.484, 4.31323, -20.612797)
2026-10-04T05:44:26.664354Z  INFO mm2_app::scripted: scripted player started a bounded escape after sustained low-speed throttle tick=106178 escapes=77 position=Vec3(616.8691, 4.2401314, -21.00799) speed=-0.0003850281937047839 heading_rad=0.834827184677124 bearing_rad=2.4247915744781494 route_next=Some(753) gate=Vec3(704.6251, 3.80736, -32.81699) aim=Vec3(637.484, 4.31323, -20.612797)
2026-10-04T05:44:27.448484Z  INFO mm2_app::scripted: scripted player re-anchored onto its route after a bounded stuck tick=106516 reanchors=30 position=Vec3(616.87006, 4.2413807, -21.00882) speed=0.005053711123764515 heading_rad=0.8370553255081177 route_next=749 gate=Vec3(704.6251, 3.80736, -32.81699) landing=Vec3(609.91974, 4.710995, -15.694684)
2026-10-04T05:44:28.622405Z  INFO mm2_app::scripted: scripted player started a bounded escape after sustained low-speed throttle tick=107002 escapes=78 position=Vec3(626.005, 4.3630924, -19.449608) speed=-0.0048384517431259155 heading_rad=-2.3465113639831543 bearing_rad=-0.8799561262130737 route_next=Some(753) gate=Vec3(704.6251, 3.80736, -32.81699) aim=Vec3(637.97394, 4.31323, -20.701801)
2026-10-04T05:44:33.750846Z  INFO mm2_app::scripted: scripted player re-anchored onto its route after a bounded stuck tick=109322 reanchors=31 position=Vec3(618.54285, 3.7014587, -23.153015) speed=-8.24988164822571e-5 heading_rad=0.04861502721905708 route_next=750 gate=Vec3(704.6251, 3.80736, -32.81699) landing=Vec3(613.86414, 4.734905, -16.359482)
2026-10-04T05:44:34.774709Z  INFO mm2_app::scripted: scripted player started a bounded escape after sustained low-speed throttle tick=109766 escapes=79 position=Vec3(625.8466, 4.364169, -19.352291) speed=-0.011256574653089046 heading_rad=-2.1652274131774902 bearing_rad=-0.7042626142501831 route_next=Some(753) gate=Vec3(704.6251, 3.80736, -32.81699) aim=Vec3(637.8035, 4.31323, -20.670843)
2026-10-04T05:44:35.737512Z  INFO mm2_app::scripted: scripted player started a bounded escape after sustained low-speed throttle tick=110180 escapes=80 position=Vec3(616.87274, 4.290535, -20.986715) speed=-0.02281923219561577 heading_rad=0.8563511967658997 bearing_rad=2.445286989212036 route_next=Some(753) gate=Vec3(704.6251, 3.80736, -32.81699) aim=Vec3(637.484, 4.31323, -20.612797)
2026-10-04T05:44:36.715986Z  INFO mm2_app::scripted: scripted player started a bounded escape after sustained low-speed throttle tick=110594 escapes=81 position=Vec3(616.86786, 4.236749, -21.004549) speed=0.005800236947834492 heading_rad=0.8286343812942505 bearing_rad=2.4184305667877197 route_next=Some(753) gate=Vec3(704.6251, 3.80736, -32.81699) aim=Vec3(637.484, 4.31323, -20.612797)
2026-10-04T05:44:37.670287Z  INFO mm2_app::scripted: scripted player started a bounded escape after sustained low-speed throttle tick=111008 escapes=82 position=Vec3(616.8691, 4.2401314, -21.00799) speed=-0.0003850281937047839 heading_rad=0.834827184677124 bearing_rad=2.4247915744781494 route_next=Some(753) gate=Vec3(704.6251, 3.80736, -32.81699) aim=Vec3(637.484, 4.31323, -20.612797)
2026-10-04T05:44:38.499253Z  INFO mm2_app::scripted: scripted player re-anchored onto its route after a bounded stuck tick=111346 reanchors=32 position=Vec3(616.87006, 4.2413807, -21.00882) speed=0.005053711123764515 heading_rad=0.8370553255081177 route_next=749 gate=Vec3(704.6251, 3.80736, -32.81699) landing=Vec3(609.91974, 4.710995, -15.694684)
2026-10-04T05:44:39.612251Z  INFO mm2_app::scripted: scripted player started a bounded escape after sustained low-speed throttle tick=111832 escapes=83 position=Vec3(626.005, 4.3630924, -19.449608) speed=-0.0048384517431259155 heading_rad=-2.3465113639831543 bearing_rad=-0.8799561262130737 route_next=Some(753) gate=Vec3(704.6251, 3.80736, -32.81699) aim=Vec3(637.97394, 4.31323, -20.701801)
2026-10-04T05:44:44.966709Z  INFO mm2_app::scripted: scripted player re-anchored onto its route after a bounded stuck tick=114152 reanchors=33 position=Vec3(618.54285, 3.7014587, -23.153015) speed=-8.24988164822571e-5 heading_rad=0.04861502721905708 route_next=750 gate=Vec3(704.6251, 3.80736, -32.81699) landing=Vec3(613.86414, 4.734905, -16.359482)
2026-10-04T05:44:45.972000Z  INFO mm2_app::scripted: scripted player started a bounded escape after sustained low-speed throttle tick=114596 escapes=84 position=Vec3(625.8466, 4.364169, -19.352291) speed=-0.011256574653089046 heading_rad=-2.1652274131774902 bearing_rad=-0.7042626142501831 route_next=Some(753) gate=Vec3(704.6251, 3.80736, -32.81699) aim=Vec3(637.8035, 4.31323, -20.670843)
2026-10-04T05:44:46.924182Z  INFO mm2_app::scripted: scripted player started a bounded escape after sustained low-speed throttle tick=115010 escapes=85 position=Vec3(616.87274, 4.290535, -20.986715) speed=-0.02281923219561577 heading_rad=0.8563511967658997 bearing_rad=2.445286989212036 route_next=Some(753) gate=Vec3(704.6251, 3.80736, -32.81699) aim=Vec3(637.484, 4.31323, -20.612797)
2026-10-04T05:44:47.879252Z  INFO mm2_app::scripted: scripted player started a bounded escape after sustained low-speed throttle tick=115424 escapes=86 position=Vec3(616.86786, 4.236749, -21.004549) speed=0.005800236947834492 heading_rad=0.8286343812942505 bearing_rad=2.4184305667877197 route_next=Some(753) gate=Vec3(704.6251, 3.80736, -32.81699) aim=Vec3(637.484, 4.31323, -20.612797)
2026-10-04T05:44:48.821440Z  INFO mm2_app::scripted: scripted player started a bounded escape after sustained low-speed throttle tick=115838 escapes=87 position=Vec3(616.8691, 4.2401314, -21.00799) speed=-0.0003850281937047839 heading_rad=0.834827184677124 bearing_rad=2.4247915744781494 route_next=Some(753) gate=Vec3(704.6251, 3.80736, -32.81699) aim=Vec3(637.484, 4.31323, -20.612797)
2026-10-04T05:44:49.616076Z  INFO mm2_app::scripted: scripted player re-anchored onto its route after a bounded stuck tick=116176 reanchors=34 position=Vec3(616.87006, 4.2413807, -21.00882) speed=0.005053711123764515 heading_rad=0.8370553255081177 route_next=749 gate=Vec3(704.6251, 3.80736, -32.81699) landing=Vec3(609.91974, 4.710995, -15.694684)
2026-10-04T05:44:50.717206Z  INFO mm2_app::scripted: scripted player started a bounded escape after sustained low-speed throttle tick=116662 escapes=88 position=Vec3(626.005, 4.3630924, -19.449608) speed=-0.0048384517431259155 heading_rad=-2.3465113639831543 bearing_rad=-0.8799561262130737 route_next=Some(753) gate=Vec3(704.6251, 3.80736, -32.81699) aim=Vec3(637.97394, 4.31323, -20.701801)
2026-10-04T05:44:56.170468Z  INFO mm2_app::scripted: scripted player re-anchored onto its route after a bounded stuck tick=118982 reanchors=35 position=Vec3(618.54285, 3.7014587, -23.153015) speed=-8.24988164822571e-5 heading_rad=0.04861502721905708 route_next=750 gate=Vec3(704.6251, 3.80736, -32.81699) landing=Vec3(613.86414, 4.734905, -16.359482)
2026-10-04T05:44:57.148380Z  INFO mm2_app::scripted: scripted player started a bounded escape after sustained low-speed throttle tick=119426 escapes=89 position=Vec3(625.8466, 4.364169, -19.352291) speed=-0.011256574653089046 heading_rad=-2.1652274131774902 bearing_rad=-0.7042626142501831 route_next=Some(753) gate=Vec3(704.6251, 3.80736, -32.81699) aim=Vec3(637.8035, 4.31323, -20.670843)
2026-10-04T05:44:58.093216Z  INFO mm2_app::scripted: scripted player started a bounded escape after sustained low-speed throttle tick=119840 escapes=90 position=Vec3(616.87274, 4.290535, -20.986715) speed=-0.02281923219561577 heading_rad=0.8563511967658997 bearing_rad=2.445286989212036 route_next=Some(753) gate=Vec3(704.6251, 3.80736, -32.81699) aim=Vec3(637.484, 4.31323, -20.612797)
2026-10-04T05:44:58.987032Z  INFO mm2_app::scripted: scripted player started a bounded escape after sustained low-speed throttle tick=120254 escapes=91 position=Vec3(616.86786, 4.236749, -21.004549) speed=0.005800236947834492 heading_rad=0.8286343812942505 bearing_rad=2.4184305667877197 route_next=Some(753) gate=Vec3(704.6251, 3.80736, -32.81699) aim=Vec3(637.484, 4.31323, -20.612797)
2026-10-04T05:44:59.965155Z  INFO mm2_app::scripted: scripted player started a bounded escape after sustained low-speed throttle tick=120668 escapes=92 position=Vec3(616.8691, 4.2401314, -21.00799) speed=-0.0003850281937047839 heading_rad=0.834827184677124 bearing_rad=2.4247915744781494 route_next=Some(753) gate=Vec3(704.6251, 3.80736, -32.81699) aim=Vec3(637.484, 4.31323, -20.612797)
2026-10-04T05:45:00.717503Z  INFO mm2_app::scripted: scripted player re-anchored onto its route after a bounded stuck tick=121006 reanchors=36 position=Vec3(616.87006, 4.2413807, -21.00882) speed=0.005053711123764515 heading_rad=0.8370553255081177 route_next=749 gate=Vec3(704.6251, 3.80736, -32.81699) landing=Vec3(609.91974, 4.710995, -15.694684)
2026-10-04T05:45:01.978962Z  INFO mm2_app::scripted: scripted player started a bounded escape after sustained low-speed throttle tick=121492 escapes=93 position=Vec3(626.005, 4.3630924, -19.449608) speed=-0.0048384517431259155 heading_rad=-2.3465113639831543 bearing_rad=-0.8799561262130737 route_next=Some(753) gate=Vec3(704.6251, 3.80736, -32.81699) aim=Vec3(637.97394, 4.31323, -20.701801)
2026-10-04T05:45:07.070443Z  INFO mm2_app::scripted: scripted player re-anchored onto its route after a bounded stuck tick=123812 reanchors=37 position=Vec3(618.54285, 3.7014587, -23.153015) speed=-8.24988164822571e-5 heading_rad=0.04861502721905708 route_next=750 gate=Vec3(704.6251, 3.80736, -32.81699) landing=Vec3(613.86414, 4.734905, -16.359482)
2026-10-04T05:45:08.039500Z  INFO mm2_app::scripted: scripted player started a bounded escape after sustained low-speed throttle tick=124256 escapes=94 position=Vec3(625.8466, 4.364169, -19.352291) speed=-0.011256574653089046 heading_rad=-2.1652274131774902 bearing_rad=-0.7042626142501831 route_next=Some(753) gate=Vec3(704.6251, 3.80736, -32.81699) aim=Vec3(637.8035, 4.31323, -20.670843)
2026-10-04T05:45:08.960431Z  INFO mm2_app::scripted: scripted player started a bounded escape after sustained low-speed throttle tick=124670 escapes=95 position=Vec3(616.87274, 4.290535, -20.986715) speed=-0.02281923219561577 heading_rad=0.8563511967658997 bearing_rad=2.445286989212036 route_next=Some(753) gate=Vec3(704.6251, 3.80736, -32.81699) aim=Vec3(637.484, 4.31323, -20.612797)
2026-10-04T05:45:09.856620Z  INFO mm2_app::scripted: scripted player started a bounded escape after sustained low-speed throttle tick=125084 escapes=96 position=Vec3(616.86786, 4.236749, -21.004549) speed=0.005800236947834492 heading_rad=0.8286343812942505 bearing_rad=2.4184305667877197 route_next=Some(753) gate=Vec3(704.6251, 3.80736, -32.81699) aim=Vec3(637.484, 4.31323, -20.612797)
2026-10-04T05:45:10.768006Z  INFO mm2_app::scripted: scripted player started a bounded escape after sustained low-speed throttle tick=125498 escapes=97 position=Vec3(616.8691, 4.2401314, -21.00799) speed=-0.0003850281937047839 heading_rad=0.834827184677124 bearing_rad=2.4247915744781494 route_next=Some(753) gate=Vec3(704.6251, 3.80736, -32.81699) aim=Vec3(637.484, 4.31323, -20.612797)
2026-10-04T05:45:11.493290Z  INFO mm2_app::scripted: scripted player re-anchored onto its route after a bounded stuck tick=125836 reanchors=38 position=Vec3(616.87006, 4.2413807, -21.00882) speed=0.005053711123764515 heading_rad=0.8370553255081177 route_next=749 gate=Vec3(704.6251, 3.80736, -32.81699) landing=Vec3(609.91974, 4.710995, -15.694684)
2026-10-04T05:45:12.553692Z  INFO mm2_app::scripted: scripted player started a bounded escape after sustained low-speed throttle tick=126322 escapes=98 position=Vec3(626.005, 4.3630924, -19.449608) speed=-0.0048384517431259155 heading_rad=-2.3465113639831543 bearing_rad=-0.8799561262130737 route_next=Some(753) gate=Vec3(704.6251, 3.80736, -32.81699) aim=Vec3(637.97394, 4.31323, -20.701801)
2026-10-04T05:45:17.609470Z  INFO mm2_app::scripted: scripted player re-anchored onto its route after a bounded stuck tick=128642 reanchors=39 position=Vec3(618.54285, 3.7014587, -23.153015) speed=-8.24988164822571e-5 heading_rad=0.04861502721905708 route_next=750 gate=Vec3(704.6251, 3.80736, -32.81699) landing=Vec3(613.86414, 4.734905, -16.359482)
2026-10-04T05:45:18.571240Z  INFO mm2_app::scripted: scripted player started a bounded escape after sustained low-speed throttle tick=129086 escapes=99 position=Vec3(625.8466, 4.364169, -19.352291) speed=-0.011256574653089046 heading_rad=-2.1652274131774902 bearing_rad=-0.7042626142501831 route_next=Some(753) gate=Vec3(704.6251, 3.80736, -32.81699) aim=Vec3(637.8035, 4.31323, -20.670843)
2026-10-04T05:45:19.473498Z  INFO mm2_app::scripted: scripted player started a bounded escape after sustained low-speed throttle tick=129500 escapes=100 position=Vec3(616.87274, 4.290535, -20.986715) speed=-0.02281923219561577 heading_rad=0.8563511967658997 bearing_rad=2.445286989212036 route_next=Some(753) gate=Vec3(704.6251, 3.80736, -32.81699) aim=Vec3(637.484, 4.31323, -20.612797)
2026-10-04T05:45:20.365976Z  INFO mm2_app::scripted: scripted player started a bounded escape after sustained low-speed throttle tick=129914 escapes=101 position=Vec3(616.86786, 4.236749, -21.004549) speed=0.005800236947834492 heading_rad=0.8286343812942505 bearing_rad=2.4184305667877197 route_next=Some(753) gate=Vec3(704.6251, 3.80736, -32.81699) aim=Vec3(637.484, 4.31323, -20.612797)
2026-10-04T05:45:21.276651Z  INFO mm2_app::scripted: scripted player started a bounded escape after sustained low-speed throttle tick=130328 escapes=102 position=Vec3(616.8691, 4.2401314, -21.00799) speed=-0.0003850281937047839 heading_rad=0.834827184677124 bearing_rad=2.4247915744781494 route_next=Some(753) gate=Vec3(704.6251, 3.80736, -32.81699) aim=Vec3(637.484, 4.31323, -20.612797)
2026-10-04T05:45:22.013076Z  INFO mm2_app::scripted: scripted player re-anchored onto its route after a bounded stuck tick=130666 reanchors=40 position=Vec3(616.87006, 4.2413807, -21.00882) speed=0.005053711123764515 heading_rad=0.8370553255081177 route_next=749 gate=Vec3(704.6251, 3.80736, -32.81699) landing=Vec3(609.91974, 4.710995, -15.694684)
2026-10-04T05:45:23.064857Z  INFO mm2_app::scripted: scripted player started a bounded escape after sustained low-speed throttle tick=131152 escapes=103 position=Vec3(626.005, 4.3630924, -19.449608) speed=-0.0048384517431259155 heading_rad=-2.3465113639831543 bearing_rad=-0.8799561262130737 route_next=Some(753) gate=Vec3(704.6251, 3.80736, -32.81699) aim=Vec3(637.97394, 4.31323, -20.701801)
2026-10-04T05:45:28.150516Z  INFO mm2_app::scripted: scripted player re-anchored onto its route after a bounded stuck tick=133472 reanchors=41 position=Vec3(618.54285, 3.7014587, -23.153015) speed=-8.24988164822571e-5 heading_rad=0.04861502721905708 route_next=750 gate=Vec3(704.6251, 3.80736, -32.81699) landing=Vec3(613.86414, 4.734905, -16.359482)
2026-10-04T05:45:29.123894Z  INFO mm2_app::scripted: scripted player started a bounded escape after sustained low-speed throttle tick=133916 escapes=104 position=Vec3(625.8466, 4.364169, -19.352291) speed=-0.011256574653089046 heading_rad=-2.1652274131774902 bearing_rad=-0.7042626142501831 route_next=Some(753) gate=Vec3(704.6251, 3.80736, -32.81699) aim=Vec3(637.8035, 4.31323, -20.670843)
2026-10-04T05:45:30.043571Z  INFO mm2_app::scripted: scripted player started a bounded escape after sustained low-speed throttle tick=134330 escapes=105 position=Vec3(616.87274, 4.290535, -20.986715) speed=-0.02281923219561577 heading_rad=0.8563511967658997 bearing_rad=2.445286989212036 route_next=Some(753) gate=Vec3(704.6251, 3.80736, -32.81699) aim=Vec3(637.484, 4.31323, -20.612797)
2026-10-04T05:45:30.960193Z  INFO mm2_app::scripted: scripted player started a bounded escape after sustained low-speed throttle tick=134744 escapes=106 position=Vec3(616.86786, 4.236749, -21.004549) speed=0.005800236947834492 heading_rad=0.8286343812942505 bearing_rad=2.4184305667877197 route_next=Some(753) gate=Vec3(704.6251, 3.80736, -32.81699) aim=Vec3(637.484, 4.31323, -20.612797)
2026-10-04T05:45:31.894438Z  INFO mm2_app::scripted: scripted player started a bounded escape after sustained low-speed throttle tick=135158 escapes=107 position=Vec3(616.8691, 4.2401314, -21.00799) speed=-0.0003850281937047839 heading_rad=0.834827184677124 bearing_rad=2.4247915744781494 route_next=Some(753) gate=Vec3(704.6251, 3.80736, -32.81699) aim=Vec3(637.484, 4.31323, -20.612797)
2026-10-04T05:45:32.706438Z  INFO mm2_app::scripted: scripted player re-anchored onto its route after a bounded stuck tick=135496 reanchors=42 position=Vec3(616.87006, 4.2413807, -21.00882) speed=0.005053711123764515 heading_rad=0.8370553255081177 route_next=749 gate=Vec3(704.6251, 3.80736, -32.81699) landing=Vec3(609.91974, 4.710995, -15.694684)
2026-10-04T05:45:33.914696Z  INFO mm2_app::scripted: scripted player started a bounded escape after sustained low-speed throttle tick=135982 escapes=108 position=Vec3(626.005, 4.3630924, -19.449608) speed=-0.0048384517431259155 heading_rad=-2.3465113639831543 bearing_rad=-0.8799561262130737 route_next=Some(753) gate=Vec3(704.6251, 3.80736, -32.81699) aim=Vec3(637.97394, 4.31323, -20.701801)
2026-10-04T05:45:39.342218Z  INFO mm2_app::scripted: scripted player re-anchored onto its route after a bounded stuck tick=138302 reanchors=43 position=Vec3(618.54285, 3.7014587, -23.153015) speed=-8.24988164822571e-5 heading_rad=0.04861502721905708 route_next=750 gate=Vec3(704.6251, 3.80736, -32.81699) landing=Vec3(613.86414, 4.734905, -16.359482)
2026-10-04T05:45:40.358954Z  INFO mm2_app::scripted: scripted player started a bounded escape after sustained low-speed throttle tick=138746 escapes=109 position=Vec3(625.8466, 4.364169, -19.352291) speed=-0.011256574653089046 heading_rad=-2.1652274131774902 bearing_rad=-0.7042626142501831 route_next=Some(753) gate=Vec3(704.6251, 3.80736, -32.81699) aim=Vec3(637.8035, 4.31323, -20.670843)
2026-10-04T05:45:41.289140Z  INFO mm2_app::scripted: scripted player started a bounded escape after sustained low-speed throttle tick=139160 escapes=110 position=Vec3(616.87274, 4.290535, -20.986715) speed=-0.02281923219561577 heading_rad=0.8563511967658997 bearing_rad=2.445286989212036 route_next=Some(753) gate=Vec3(704.6251, 3.80736, -32.81699) aim=Vec3(637.484, 4.31323, -20.612797)
2026-10-04T05:45:42.218364Z  INFO mm2_app::scripted: scripted player started a bounded escape after sustained low-speed throttle tick=139574 escapes=111 position=Vec3(616.86786, 4.236749, -21.004549) speed=0.005800236947834492 heading_rad=0.8286343812942505 bearing_rad=2.4184305667877197 route_next=Some(753) gate=Vec3(704.6251, 3.80736, -32.81699) aim=Vec3(637.484, 4.31323, -20.612797)
2026-10-04T05:45:43.160427Z  INFO mm2_app::scripted: scripted player started a bounded escape after sustained low-speed throttle tick=139988 escapes=112 position=Vec3(616.8691, 4.2401314, -21.00799) speed=-0.0003850281937047839 heading_rad=0.834827184677124 bearing_rad=2.4247915744781494 route_next=Some(753) gate=Vec3(704.6251, 3.80736, -32.81699) aim=Vec3(637.484, 4.31323, -20.612797)
2026-10-04T05:45:43.915342Z  INFO mm2_app::scripted: scripted player re-anchored onto its route after a bounded stuck tick=140326 reanchors=44 position=Vec3(616.87006, 4.2413807, -21.00882) speed=0.005053711123764515 heading_rad=0.8370553255081177 route_next=749 gate=Vec3(704.6251, 3.80736, -32.81699) landing=Vec3(609.91974, 4.710995, -15.694684)
2026-10-04T05:45:45.046563Z  INFO mm2_app::scripted: scripted player started a bounded escape after sustained low-speed throttle tick=140812 escapes=113 position=Vec3(626.005, 4.3630924, -19.449608) speed=-0.0048384517431259155 heading_rad=-2.3465113639831543 bearing_rad=-0.8799561262130737 route_next=Some(753) gate=Vec3(704.6251, 3.80736, -32.81699) aim=Vec3(637.97394, 4.31323, -20.701801)
2026-10-04T05:45:50.280551Z  INFO mm2_app::scripted: scripted player re-anchored onto its route after a bounded stuck tick=143132 reanchors=45 position=Vec3(618.54285, 3.7014587, -23.153015) speed=-8.24988164822571e-5 heading_rad=0.04861502721905708 route_next=750 gate=Vec3(704.6251, 3.80736, -32.81699) landing=Vec3(613.86414, 4.734905, -16.359482)
2026-10-04T05:45:51.293002Z  INFO mm2_app::scripted: scripted player started a bounded escape after sustained low-speed throttle tick=143576 escapes=114 position=Vec3(625.8466, 4.364169, -19.352291) speed=-0.011256574653089046 heading_rad=-2.1652274131774902 bearing_rad=-0.7042626142501831 route_next=Some(753) gate=Vec3(704.6251, 3.80736, -32.81699) aim=Vec3(637.8035, 4.31323, -20.670843)
2026-10-04T05:45:52.218306Z  INFO mm2_app::scripted: scripted player started a bounded escape after sustained low-speed throttle tick=143990 escapes=115 position=Vec3(616.87274, 4.290535, -20.986715) speed=-0.02281923219561577 heading_rad=0.8563511967658997 bearing_rad=2.445286989212036 route_next=Some(753) gate=Vec3(704.6251, 3.80736, -32.81699) aim=Vec3(637.484, 4.31323, -20.612797)
2026-10-04T05:45:53.156766Z  INFO mm2_app::scripted: scripted player started a bounded escape after sustained low-speed throttle tick=144404 escapes=116 position=Vec3(616.86786, 4.236749, -21.004549) speed=0.005800236947834492 heading_rad=0.8286343812942505 bearing_rad=2.4184305667877197 route_next=Some(753) gate=Vec3(704.6251, 3.80736, -32.81699) aim=Vec3(637.484, 4.31323, -20.612797)
2026-10-04T05:45:54.094302Z  INFO mm2_app::scripted: scripted player started a bounded escape after sustained low-speed throttle tick=144818 escapes=117 position=Vec3(616.8691, 4.2401314, -21.00799) speed=-0.0003850281937047839 heading_rad=0.834827184677124 bearing_rad=2.4247915744781494 route_next=Some(753) gate=Vec3(704.6251, 3.80736, -32.81699) aim=Vec3(637.484, 4.31323, -20.612797)
2026-10-04T05:45:54.840309Z  INFO mm2_app::scripted: scripted player re-anchored onto its route after a bounded stuck tick=145156 reanchors=46 position=Vec3(616.87006, 4.2413807, -21.00882) speed=0.005053711123764515 heading_rad=0.8370553255081177 route_next=749 gate=Vec3(704.6251, 3.80736, -32.81699) landing=Vec3(609.91974, 4.710995, -15.694684)
2026-10-04T05:45:56.041081Z  INFO mm2_app::scripted: scripted player started a bounded escape after sustained low-speed throttle tick=145642 escapes=118 position=Vec3(626.005, 4.3630924, -19.449608) speed=-0.0048384517431259155 heading_rad=-2.3465113639831543 bearing_rad=-0.8799561262130737 route_next=Some(753) gate=Vec3(704.6251, 3.80736, -32.81699) aim=Vec3(637.97394, 4.31323, -20.701801)
2026-10-04T05:46:01.063007Z  INFO mm2_app::scripted: scripted player re-anchored onto its route after a bounded stuck tick=147962 reanchors=47 position=Vec3(618.54285, 3.7014587, -23.153015) speed=-8.24988164822571e-5 heading_rad=0.04861502721905708 route_next=750 gate=Vec3(704.6251, 3.80736, -32.81699) landing=Vec3(613.86414, 4.734905, -16.359482)
2026-10-04T05:46:02.057648Z  INFO mm2_app::scripted: scripted player started a bounded escape after sustained low-speed throttle tick=148406 escapes=119 position=Vec3(625.8466, 4.364169, -19.352291) speed=-0.011256574653089046 heading_rad=-2.1652274131774902 bearing_rad=-0.7042626142501831 route_next=Some(753) gate=Vec3(704.6251, 3.80736, -32.81699) aim=Vec3(637.8035, 4.31323, -20.670843)
2026-10-04T05:46:02.978430Z  INFO mm2_app::scripted: scripted player started a bounded escape after sustained low-speed throttle tick=148820 escapes=120 position=Vec3(616.87274, 4.290535, -20.986715) speed=-0.02281923219561577 heading_rad=0.8563511967658997 bearing_rad=2.445286989212036 route_next=Some(753) gate=Vec3(704.6251, 3.80736, -32.81699) aim=Vec3(637.484, 4.31323, -20.612797)
2026-10-04T05:46:03.913426Z  INFO mm2_app::scripted: scripted player started a bounded escape after sustained low-speed throttle tick=149234 escapes=121 position=Vec3(616.86786, 4.236749, -21.004549) speed=0.005800236947834492 heading_rad=0.8286343812942505 bearing_rad=2.4184305667877197 route_next=Some(753) gate=Vec3(704.6251, 3.80736, -32.81699) aim=Vec3(637.484, 4.31323, -20.612797)
2026-10-04T05:46:04.870816Z  INFO mm2_app::scripted: scripted player started a bounded escape after sustained low-speed throttle tick=149648 escapes=122 position=Vec3(616.8691, 4.2401314, -21.00799) speed=-0.0003850281937047839 heading_rad=0.834827184677124 bearing_rad=2.4247915744781494 route_next=Some(753) gate=Vec3(704.6251, 3.80736, -32.81699) aim=Vec3(637.484, 4.31323, -20.612797)
2026-10-04T05:46:05.671565Z  INFO mm2_app::scripted: scripted player re-anchored onto its route after a bounded stuck tick=149986 reanchors=48 position=Vec3(616.87006, 4.2413807, -21.00882) speed=0.005053711123764515 heading_rad=0.8370553255081177 route_next=749 gate=Vec3(704.6251, 3.80736, -32.81699) landing=Vec3(609.91974, 4.710995, -15.694684)
2026-10-04T05:46:06.958618Z  INFO mm2_app::scripted: scripted player started a bounded escape after sustained low-speed throttle tick=150472 escapes=123 position=Vec3(626.005, 4.3630924, -19.449608) speed=-0.0048384517431259155 heading_rad=-2.3465113639831543 bearing_rad=-0.8799561262130737 route_next=Some(753) gate=Vec3(704.6251, 3.80736, -32.81699) aim=Vec3(637.97394, 4.31323, -20.701801)
2026-10-04T05:46:12.248444Z  INFO mm2_app::scripted: scripted player re-anchored onto its route after a bounded stuck tick=152792 reanchors=49 position=Vec3(618.54285, 3.7014587, -23.153015) speed=-8.24988164822571e-5 heading_rad=0.04861502721905708 route_next=750 gate=Vec3(704.6251, 3.80736, -32.81699) landing=Vec3(613.86414, 4.734905, -16.359482)
2026-10-04T05:46:13.288748Z  INFO mm2_app::scripted: scripted player started a bounded escape after sustained low-speed throttle tick=153236 escapes=124 position=Vec3(625.8466, 4.364169, -19.352291) speed=-0.011256574653089046 heading_rad=-2.1652274131774902 bearing_rad=-0.7042626142501831 route_next=Some(753) gate=Vec3(704.6251, 3.80736, -32.81699) aim=Vec3(637.8035, 4.31323, -20.670843)
2026-10-04T05:46:14.302415Z  INFO mm2_app::scripted: scripted player started a bounded escape after sustained low-speed throttle tick=153650 escapes=125 position=Vec3(616.87274, 4.290535, -20.986715) speed=-0.02281923219561577 heading_rad=0.8563511967658997 bearing_rad=2.445286989212036 route_next=Some(753) gate=Vec3(704.6251, 3.80736, -32.81699) aim=Vec3(637.484, 4.31323, -20.612797)
2026-10-04T05:46:15.337705Z  INFO mm2_app::scripted: scripted player started a bounded escape after sustained low-speed throttle tick=154064 escapes=126 position=Vec3(616.86786, 4.236749, -21.004549) speed=0.005800236947834492 heading_rad=0.8286343812942505 bearing_rad=2.4184305667877197 route_next=Some(753) gate=Vec3(704.6251, 3.80736, -32.81699) aim=Vec3(637.484, 4.31323, -20.612797)
2026-10-04T05:46:16.360905Z  INFO mm2_app::scripted: scripted player started a bounded escape after sustained low-speed throttle tick=154478 escapes=127 position=Vec3(616.8691, 4.2401314, -21.00799) speed=-0.0003850281937047839 heading_rad=0.834827184677124 bearing_rad=2.4247915744781494 route_next=Some(753) gate=Vec3(704.6251, 3.80736, -32.81699) aim=Vec3(637.484, 4.31323, -20.612797)
2026-10-04T05:46:17.222137Z  INFO mm2_app::scripted: scripted player re-anchored onto its route after a bounded stuck tick=154816 reanchors=50 position=Vec3(616.87006, 4.2413807, -21.00882) speed=0.005053711123764515 heading_rad=0.8370553255081177 route_next=749 gate=Vec3(704.6251, 3.80736, -32.81699) landing=Vec3(609.91974, 4.710995, -15.694684)
2026-10-04T05:46:18.413675Z  INFO mm2_app::scripted: scripted player started a bounded escape after sustained low-speed throttle tick=155302 escapes=128 position=Vec3(626.005, 4.3630924, -19.449608) speed=-0.0048384517431259155 heading_rad=-2.3465113639831543 bearing_rad=-0.8799561262130737 route_next=Some(753) gate=Vec3(704.6251, 3.80736, -32.81699) aim=Vec3(637.97394, 4.31323, -20.701801)
2026-10-04T05:46:24.276061Z  INFO mm2_app::scripted: scripted player re-anchored onto its route after a bounded stuck tick=157622 reanchors=51 position=Vec3(618.54285, 3.7014587, -23.153015) speed=-8.24988164822571e-5 heading_rad=0.04861502721905708 route_next=750 gate=Vec3(704.6251, 3.80736, -32.81699) landing=Vec3(613.86414, 4.734905, -16.359482)
2026-10-04T05:46:25.446813Z  INFO mm2_app::scripted: scripted player started a bounded escape after sustained low-speed throttle tick=158066 escapes=129 position=Vec3(625.8466, 4.364169, -19.352291) speed=-0.011256574653089046 heading_rad=-2.1652274131774902 bearing_rad=-0.7042626142501831 route_next=Some(753) gate=Vec3(704.6251, 3.80736, -32.81699) aim=Vec3(637.8035, 4.31323, -20.670843)
2026-10-04T05:46:26.481619Z  INFO mm2_app::scripted: scripted player started a bounded escape after sustained low-speed throttle tick=158480 escapes=130 position=Vec3(616.87274, 4.290535, -20.986715) speed=-0.02281923219561577 heading_rad=0.8563511967658997 bearing_rad=2.445286989212036 route_next=Some(753) gate=Vec3(704.6251, 3.80736, -32.81699) aim=Vec3(637.484, 4.31323, -20.612797)
2026-10-04T05:46:27.541359Z  INFO mm2_app::scripted: scripted player started a bounded escape after sustained low-speed throttle tick=158894 escapes=131 position=Vec3(616.86786, 4.236749, -21.004549) speed=0.005800236947834492 heading_rad=0.8286343812942505 bearing_rad=2.4184305667877197 route_next=Some(753) gate=Vec3(704.6251, 3.80736, -32.81699) aim=Vec3(637.484, 4.31323, -20.612797)
2026-10-04T05:46:28.586210Z  INFO mm2_app::scripted: scripted player started a bounded escape after sustained low-speed throttle tick=159308 escapes=132 position=Vec3(616.8691, 4.2401314, -21.00799) speed=-0.0003850281937047839 heading_rad=0.834827184677124 bearing_rad=2.4247915744781494 route_next=Some(753) gate=Vec3(704.6251, 3.80736, -32.81699) aim=Vec3(637.484, 4.31323, -20.612797)
2026-10-04T05:46:29.457239Z  INFO mm2_app::scripted: scripted player re-anchored onto its route after a bounded stuck tick=159646 reanchors=52 position=Vec3(616.87006, 4.2413807, -21.00882) speed=0.005053711123764515 heading_rad=0.8370553255081177 route_next=749 gate=Vec3(704.6251, 3.80736, -32.81699) landing=Vec3(609.91974, 4.710995, -15.694684)
2026-10-04T05:46:30.789535Z  INFO mm2_app::scripted: scripted player started a bounded escape after sustained low-speed throttle tick=160132 escapes=133 position=Vec3(626.005, 4.3630924, -19.449608) speed=-0.0048384517431259155 heading_rad=-2.3465113639831543 bearing_rad=-0.8799561262130737 route_next=Some(753) gate=Vec3(704.6251, 3.80736, -32.81699) aim=Vec3(637.97394, 4.31323, -20.701801)
2026-10-04T05:46:36.642498Z  INFO mm2_app::scripted: scripted player re-anchored onto its route after a bounded stuck tick=162452 reanchors=53 position=Vec3(618.54285, 3.7014587, -23.153015) speed=-8.24988164822571e-5 heading_rad=0.04861502721905708 route_next=750 gate=Vec3(704.6251, 3.80736, -32.81699) landing=Vec3(613.86414, 4.734905, -16.359482)
2026-10-04T05:46:37.757998Z  INFO mm2_app::scripted: scripted player started a bounded escape after sustained low-speed throttle tick=162896 escapes=134 position=Vec3(625.8466, 4.364169, -19.352291) speed=-0.011256574653089046 heading_rad=-2.1652274131774902 bearing_rad=-0.7042626142501831 route_next=Some(753) gate=Vec3(704.6251, 3.80736, -32.81699) aim=Vec3(637.8035, 4.31323, -20.670843)
2026-10-04T05:46:38.838297Z  INFO mm2_app::scripted: scripted player started a bounded escape after sustained low-speed throttle tick=163310 escapes=135 position=Vec3(616.87274, 4.290535, -20.986715) speed=-0.02281923219561577 heading_rad=0.8563511967658997 bearing_rad=2.445286989212036 route_next=Some(753) gate=Vec3(704.6251, 3.80736, -32.81699) aim=Vec3(637.484, 4.31323, -20.612797)
2026-10-04T05:46:40.020008Z  INFO mm2_app::scripted: scripted player started a bounded escape after sustained low-speed throttle tick=163724 escapes=136 position=Vec3(616.86786, 4.236749, -21.004549) speed=0.005800236947834492 heading_rad=0.8286343812942505 bearing_rad=2.4184305667877197 route_next=Some(753) gate=Vec3(704.6251, 3.80736, -32.81699) aim=Vec3(637.484, 4.31323, -20.612797)
2026-10-04T05:46:41.031913Z  INFO mm2_app::scripted: scripted player started a bounded escape after sustained low-speed throttle tick=164138 escapes=137 position=Vec3(616.8691, 4.2401314, -21.00799) speed=-0.0003850281937047839 heading_rad=0.834827184677124 bearing_rad=2.4247915744781494 route_next=Some(753) gate=Vec3(704.6251, 3.80736, -32.81699) aim=Vec3(637.484, 4.31323, -20.612797)
2026-10-04T05:46:41.835757Z  INFO mm2_app::scripted: scripted player re-anchored onto its route after a bounded stuck tick=164476 reanchors=54 position=Vec3(616.87006, 4.2413807, -21.00882) speed=0.005053711123764515 heading_rad=0.8370553255081177 route_next=749 gate=Vec3(704.6251, 3.80736, -32.81699) landing=Vec3(609.91974, 4.710995, -15.694684)
2026-10-04T05:46:43.004899Z  INFO mm2_app::scripted: scripted player started a bounded escape after sustained low-speed throttle tick=164962 escapes=138 position=Vec3(626.005, 4.3630924, -19.449608) speed=-0.0048384517431259155 heading_rad=-2.3465113639831543 bearing_rad=-0.8799561262130737 route_next=Some(753) gate=Vec3(704.6251, 3.80736, -32.81699) aim=Vec3(637.97394, 4.31323, -20.701801)
2026-10-04T05:46:48.509117Z  INFO mm2_app::scripted: scripted player re-anchored onto its route after a bounded stuck tick=167282 reanchors=55 position=Vec3(618.54285, 3.7014587, -23.153015) speed=-8.24988164822571e-5 heading_rad=0.04861502721905708 route_next=750 gate=Vec3(704.6251, 3.80736, -32.81699) landing=Vec3(613.86414, 4.734905, -16.359482)
2026-10-04T05:46:49.571370Z  INFO mm2_app::scripted: scripted player started a bounded escape after sustained low-speed throttle tick=167726 escapes=139 position=Vec3(625.8466, 4.364169, -19.352291) speed=-0.011256574653089046 heading_rad=-2.1652274131774902 bearing_rad=-0.7042626142501831 route_next=Some(753) gate=Vec3(704.6251, 3.80736, -32.81699) aim=Vec3(637.8035, 4.31323, -20.670843)
2026-10-04T05:46:50.556979Z  INFO mm2_app::scripted: scripted player started a bounded escape after sustained low-speed throttle tick=168140 escapes=140 position=Vec3(616.87274, 4.290535, -20.986715) speed=-0.02281923219561577 heading_rad=0.8563511967658997 bearing_rad=2.445286989212036 route_next=Some(753) gate=Vec3(704.6251, 3.80736, -32.81699) aim=Vec3(637.484, 4.31323, -20.612797)
2026-10-04T05:46:51.543529Z  INFO mm2_app::scripted: scripted player started a bounded escape after sustained low-speed throttle tick=168554 escapes=141 position=Vec3(616.86786, 4.236749, -21.004549) speed=0.005800236947834492 heading_rad=0.8286343812942505 bearing_rad=2.4184305667877197 route_next=Some(753) gate=Vec3(704.6251, 3.80736, -32.81699) aim=Vec3(637.484, 4.31323, -20.612797)
2026-10-04T05:46:52.518391Z  INFO mm2_app::scripted: scripted player started a bounded escape after sustained low-speed throttle tick=168968 escapes=142 position=Vec3(616.8691, 4.2401314, -21.00799) speed=-0.0003850281937047839 heading_rad=0.834827184677124 bearing_rad=2.4247915744781494 route_next=Some(753) gate=Vec3(704.6251, 3.80736, -32.81699) aim=Vec3(637.484, 4.31323, -20.612797)
2026-10-04T05:46:53.321316Z  INFO mm2_app::scripted: scripted player re-anchored onto its route after a bounded stuck tick=169306 reanchors=56 position=Vec3(616.87006, 4.2413807, -21.00882) speed=0.005053711123764515 heading_rad=0.8370553255081177 route_next=749 gate=Vec3(704.6251, 3.80736, -32.81699) landing=Vec3(609.91974, 4.710995, -15.694684)
2026-10-04T05:46:54.479293Z  INFO mm2_app::scripted: scripted player started a bounded escape after sustained low-speed throttle tick=169792 escapes=143 position=Vec3(626.005, 4.3630924, -19.449608) speed=-0.0048384517431259155 heading_rad=-2.3465113639831543 bearing_rad=-0.8799561262130737 route_next=Some(753) gate=Vec3(704.6251, 3.80736, -32.81699) aim=Vec3(637.97394, 4.31323, -20.701801)
2026-10-04T05:47:00.352084Z  INFO mm2_app::scripted: scripted player re-anchored onto its route after a bounded stuck tick=172112 reanchors=57 position=Vec3(618.54285, 3.7014587, -23.153015) speed=-8.24988164822571e-5 heading_rad=0.04861502721905708 route_next=750 gate=Vec3(704.6251, 3.80736, -32.81699) landing=Vec3(613.86414, 4.734905, -16.359482)
2026-10-04T05:47:01.460373Z  INFO mm2_app::scripted: scripted player started a bounded escape after sustained low-speed throttle tick=172556 escapes=144 position=Vec3(625.8466, 4.364169, -19.352291) speed=-0.011256574653089046 heading_rad=-2.1652274131774902 bearing_rad=-0.7042626142501831 route_next=Some(753) gate=Vec3(704.6251, 3.80736, -32.81699) aim=Vec3(637.8035, 4.31323, -20.670843)
2026-10-04T05:47:02.491123Z  INFO mm2_app::scripted: scripted player started a bounded escape after sustained low-speed throttle tick=172970 escapes=145 position=Vec3(616.87274, 4.290535, -20.986715) speed=-0.02281923219561577 heading_rad=0.8563511967658997 bearing_rad=2.445286989212036 route_next=Some(753) gate=Vec3(704.6251, 3.80736, -32.81699) aim=Vec3(637.484, 4.31323, -20.612797)
2026-10-04T05:47:03.542206Z  INFO mm2_app::scripted: scripted player started a bounded escape after sustained low-speed throttle tick=173384 escapes=146 position=Vec3(616.86786, 4.236749, -21.004549) speed=0.005800236947834492 heading_rad=0.8286343812942505 bearing_rad=2.4184305667877197 route_next=Some(753) gate=Vec3(704.6251, 3.80736, -32.81699) aim=Vec3(637.484, 4.31323, -20.612797)
2026-10-04T05:47:04.562063Z  INFO mm2_app::scripted: scripted player started a bounded escape after sustained low-speed throttle tick=173798 escapes=147 position=Vec3(616.8691, 4.2401314, -21.00799) speed=-0.0003850281937047839 heading_rad=0.834827184677124 bearing_rad=2.4247915744781494 route_next=Some(753) gate=Vec3(704.6251, 3.80736, -32.81699) aim=Vec3(637.484, 4.31323, -20.612797)
2026-10-04T05:47:05.403877Z  INFO mm2_app::scripted: scripted player re-anchored onto its route after a bounded stuck tick=174136 reanchors=58 position=Vec3(616.87006, 4.2413807, -21.00882) speed=0.005053711123764515 heading_rad=0.8370553255081177 route_next=749 gate=Vec3(704.6251, 3.80736, -32.81699) landing=Vec3(609.91974, 4.710995, -15.694684)
2026-10-04T05:47:06.707489Z  INFO mm2_app::scripted: scripted player started a bounded escape after sustained low-speed throttle tick=174622 escapes=148 position=Vec3(626.005, 4.3630924, -19.449608) speed=-0.0048384517431259155 heading_rad=-2.3465113639831543 bearing_rad=-0.8799561262130737 route_next=Some(753) gate=Vec3(704.6251, 3.80736, -32.81699) aim=Vec3(637.97394, 4.31323, -20.701801)
2026-10-04T05:47:12.996421Z  INFO mm2_app::scripted: scripted player re-anchored onto its route after a bounded stuck tick=176942 reanchors=59 position=Vec3(618.54285, 3.7014587, -23.153015) speed=-8.24988164822571e-5 heading_rad=0.04861502721905708 route_next=750 gate=Vec3(704.6251, 3.80736, -32.81699) landing=Vec3(613.86414, 4.734905, -16.359482)
2026-10-04T05:47:14.171605Z  INFO mm2_app::scripted: scripted player started a bounded escape after sustained low-speed throttle tick=177386 escapes=149 position=Vec3(625.8466, 4.364169, -19.352291) speed=-0.011256574653089046 heading_rad=-2.1652274131774902 bearing_rad=-0.7042626142501831 route_next=Some(753) gate=Vec3(704.6251, 3.80736, -32.81699) aim=Vec3(637.8035, 4.31323, -20.670843)
2026-10-04T05:47:15.255846Z  INFO mm2_app::scripted: scripted player started a bounded escape after sustained low-speed throttle tick=177800 escapes=150 position=Vec3(616.87274, 4.290535, -20.986715) speed=-0.02281923219561577 heading_rad=0.8563511967658997 bearing_rad=2.445286989212036 route_next=Some(753) gate=Vec3(704.6251, 3.80736, -32.81699) aim=Vec3(637.484, 4.31323, -20.612797)
2026-10-04T05:47:16.364461Z  INFO mm2_app::scripted: scripted player started a bounded escape after sustained low-speed throttle tick=178214 escapes=151 position=Vec3(616.86786, 4.236749, -21.004549) speed=0.005800236947834492 heading_rad=0.8286343812942505 bearing_rad=2.4184305667877197 route_next=Some(753) gate=Vec3(704.6251, 3.80736, -32.81699) aim=Vec3(637.484, 4.31323, -20.612797)
2026-10-04T05:47:17.456257Z  INFO mm2_app::scripted: scripted player started a bounded escape after sustained low-speed throttle tick=178628 escapes=152 position=Vec3(616.8691, 4.2401314, -21.00799) speed=-0.0003850281937047839 heading_rad=0.834827184677124 bearing_rad=2.4247915744781494 route_next=Some(753) gate=Vec3(704.6251, 3.80736, -32.81699) aim=Vec3(637.484, 4.31323, -20.612797)
2026-10-04T05:47:18.337503Z  INFO mm2_app::scripted: scripted player re-anchored onto its route after a bounded stuck tick=178966 reanchors=60 position=Vec3(616.87006, 4.2413807, -21.00882) speed=0.005053711123764515 heading_rad=0.8370553255081177 route_next=749 gate=Vec3(704.6251, 3.80736, -32.81699) landing=Vec3(609.91974, 4.710995, -15.694684)
smoke=headless-physics world=city/stockholm.psdl status=pass updates=89764 ticks=179168 driver=scripted diff=amateur phase=playing impacts=608 dropped=0 peak=12.1m/s travel=5601.0m sim=1493.07s resets=118 controls=142598t/36092b/132846s finite=true moved=1647m wheels=4/4 final=(616,4.4,-17) race=Running cp=6/23 results=4 lap=1/1 pos=5/6 opp=4/5 opp_rec=25 cu=1 opp_drv=45688m/11.1mps/7.6ipk/3.1xpk/0.4apk/0.11hpk opps=0:sthlm_racer/23c/1l/F/50e/13r/900w/16d,1:sthlm_racer/1c/1l/3e/412w/1d,2:sthlm_racer/23c/1l/F/27e/5r/900w/14d,3:sthlm_racer/23c/1l/F/10e/2r/900w/14d,4:sthlm_racer/23c/1l/F/27e/5r/900w/16d p_rec=60r/152e env=lt04(noon) fog=none sky=none wtr=0.2/1698r map=inset/north/z1200/hudmap_stockholm.pkg/1t/29m dash=absent:missing-spec+pkg trk=sized ind=on/5m/5b tmr=22g/24:53:06 arr=hudarrow01/off sta=10g/p5of6/l1of1/c6of23 bng=3239d/0a/3s/0b bng_ev=3a/3s/0b rcv=79w/883f/962r wfx=0r/0e/0x+8f+ut aud=0h/0v/0s/0l/0a/0r+11x
