mm2-smoke commit=1a822c1cc472f6c04a25a6832e346b162bbb0ff5
2026-10-04T05:33:37.149323Z  WARN mm2: wheel part whl0 geometry authored in place; recentring onto origin car=Some("sthlm_racer")
2026-10-04T05:33:37.149348Z  WARN mm2: wheel part whl1 geometry authored in place; recentring onto origin car=Some("sthlm_racer")
2026-10-04T05:33:37.149351Z  WARN mm2: wheel part whl2 geometry authored in place; recentring onto origin car=Some("sthlm_racer")
2026-10-04T05:33:37.149354Z  WARN mm2: wheel part whl3 geometry authored in place; recentring onto origin car=Some("sthlm_racer")
2026-10-04T05:33:37.838560Z  WARN mm2_app::city: water refs resolved no rooms; deadly water off path=city/stockholm.parts/part_-3_0.water skipped=0
2026-10-04T05:33:38.183176Z  WARN mm2_app::city: water refs resolved no rooms; deadly water off path=city/stockholm.parts/part_-2_2.water skipped=0
2026-10-04T05:33:38.186138Z  WARN mm2_app::city: water refs resolved no rooms; deadly water off path=city/stockholm.parts/part_-2_3.water skipped=0
2026-10-04T05:33:38.334753Z  WARN mm2_app::city: water refs resolved no rooms; deadly water off path=city/stockholm.parts/part_-1_0.water skipped=0
2026-10-04T05:33:38.463748Z  WARN mm2_app::city: water refs resolved no rooms; deadly water off path=city/stockholm.parts/part_-1_2.water skipped=0
2026-10-04T05:33:38.509816Z  WARN mm2_app::city: water refs resolved no rooms; deadly water off path=city/stockholm.parts/part_-1_3.water skipped=0
2026-10-04T05:33:38.623052Z  WARN mm2_app::city: water refs resolved no rooms; deadly water off path=city/stockholm.parts/part_0_-2.water skipped=0
2026-10-04T05:33:38.866025Z  WARN mm2_app::city: water refs resolved no rooms; deadly water off path=city/stockholm.parts/part_0_2.water skipped=0
2026-10-04T05:33:38.919591Z  WARN mm2_app::city: water refs resolved no rooms; deadly water off path=city/stockholm.parts/part_0_3.water skipped=0
2026-10-04T05:33:39.007108Z  WARN mm2_app::city: water refs resolved no rooms; deadly water off path=city/stockholm.parts/part_1_-3.water skipped=0
2026-10-04T05:33:39.095102Z  WARN mm2_app::city: water refs resolved no rooms; deadly water off path=city/stockholm.parts/part_1_-2.water skipped=0
2026-10-04T05:33:39.156538Z  WARN mm2_app::city: water refs resolved no rooms; deadly water off path=city/stockholm.parts/part_1_-1.water skipped=0
2026-10-04T05:33:39.368908Z  WARN mm2_app::city: water refs resolved no rooms; deadly water off path=city/stockholm.parts/part_1_1.water skipped=0
2026-10-04T05:33:39.443054Z  WARN mm2_app::city: water refs resolved no rooms; deadly water off path=city/stockholm.parts/part_1_2.water skipped=0
2026-10-04T05:33:39.499258Z  WARN mm2_app::city: water refs resolved no rooms; deadly water off path=city/stockholm.parts/part_1_3.water skipped=0
2026-10-04T05:33:39.618349Z  WARN mm2_app::city: water refs resolved no rooms; deadly water off path=city/stockholm.parts/part_2_-3.water skipped=0
2026-10-04T05:33:39.748582Z  WARN mm2_app::city: water refs resolved no rooms; deadly water off path=city/stockholm.parts/part_2_-1.water skipped=0
2026-10-04T05:33:39.868034Z  WARN mm2_app::city: water refs resolved no rooms; deadly water off path=city/stockholm.parts/part_2_1.water skipped=0
2026-10-04T05:33:39.921447Z  WARN mm2_app::city: water refs resolved no rooms; deadly water off path=city/stockholm.parts/part_2_2.water skipped=0
2026-10-04T05:33:39.943285Z  WARN mm2_app::city: water refs resolved no rooms; deadly water off path=city/stockholm.parts/part_2_3.water skipped=0
2026-10-04T05:33:40.219083Z  WARN mm2_app::city: water refs resolved no rooms; deadly water off path=city/stockholm.parts/part_3_1.water skipped=0
2026-10-04T05:33:40.264876Z  WARN mm2_app::city: water refs resolved no rooms; deadly water off path=city/stockholm.parts/part_3_2.water skipped=0
2026-10-04T05:33:40.304702Z  WARN mm2_app::city: water refs resolved no rooms; deadly water off path=city/stockholm.parts/part_3_3.water skipped=0
2026-10-04T05:33:40.469471Z  WARN mm2_app::city: water refs resolved no rooms; deadly water off path=city/stockholm.parts/part_4_1.water skipped=0
2026-10-04T05:33:40.504405Z  WARN mm2_app::city: water refs resolved no rooms; deadly water off path=city/stockholm.parts/part_4_2.water skipped=0
2026-10-04T05:33:40.779036Z  WARN mm2_app::city: water refs resolved no rooms; deadly water off path=city/stockholm.parts/part_6_1.water skipped=0
2026-10-04T05:33:41.003747Z  WARN mm2_app::object_sound: object sound table unreadable path=aud/ambient/ferry.csv error=asset not found: aud/ambient/ferry.csv
2026-10-04T05:33:41.003772Z  WARN mm2_app::object_sound: object sound table unreadable path=aud/ambient/subwaycar.csv error=asset not found: aud/ambient/subwaycar.csv
2026-10-04T05:33:41.003818Z  WARN mm2_app::environment: lighting preset validation issue path=city/stockholm.lt04 issue=OffGridName("noon")
2026-10-04T05:33:41.003824Z  WARN mm2_app::environment: fog table unavailable path=city/stockholm_fog.csv error=asset not found: city/stockholm_fog.csv
2026-10-04T05:33:41.003829Z  WARN mm2_app::environment: sky definition unavailable path=city/stockholm.sky error=asset not found: city/stockholm.sky
2026-10-04T05:33:41.022373Z  WARN mm2_app::damage_fx: smoke atlas unresolved — untextured puffs texture="fxpt2"
2026-10-04T05:33:41.022402Z  WARN mm2_app::spark_fx: spark texture unresolved — untextured streaks texture="spark"
2026-10-04T05:33:41.022408Z  WARN mm2_app::wheel_fx: wheel effect unavailable rule="dirt" path=tune/effects/dirt.asbirthrule
2026-10-04T05:33:41.022412Z  WARN mm2_app::wheel_fx: wheel effect unavailable rule="dust" path=tune/effects/dust.asbirthrule
2026-10-04T05:33:41.022414Z  WARN mm2_app::wheel_fx: wheel effect unavailable rule="grass" path=tune/effects/grass.asbirthrule
2026-10-04T05:33:41.022417Z  WARN mm2_app::wheel_fx: wheel effect unavailable rule="leaf" path=tune/effects/leaf.asbirthrule
2026-10-04T05:33:41.022419Z  WARN mm2_app::wheel_fx: wheel effect unavailable rule="smoke" path=tune/effects/smoke.asbirthrule
2026-10-04T05:33:41.022421Z  WARN mm2_app::wheel_fx: wheel effect unavailable rule="snow" path=tune/effects/snow.asbirthrule
2026-10-04T05:33:41.022423Z  WARN mm2_app::wheel_fx: wheel effect unavailable rule="splash" path=tune/effects/splash.asbirthrule
2026-10-04T05:33:41.022426Z  WARN mm2_app::wheel_fx: wheel effect unavailable rule="rock" path=tune/effects/rock.asbirthrule
2026-10-04T05:33:41.022429Z  WARN mm2_app::wheel_fx: wheel atlas unresolved — untextured puffs texture="ptx_wheel"
2026-10-04T05:33:41.022657Z  WARN mm2_app::audio: audio: aud/cardata/player/default_impacts.csv: asset not found: aud/cardata/player/default_impacts.csv
2026-10-04T05:33:41.022665Z  WARN mm2_app::audio: audio: aud/cardata/player/default_surfacedry.csv: asset not found: aud/cardata/player/default_surfacedry.csv
2026-10-04T05:33:41.022670Z  WARN mm2_app::audio: audio: aud/cardata/player/stockholmpolicesiren.csv: asset not found: aud/cardata/player/stockholmpolicesiren.csv
2026-10-04T05:33:41.022673Z  WARN mm2_app::audio: audio: aud/cardata/opponent/policesiren.csv: asset not found: aud/cardata/opponent/policesiren.csv
2026-10-04T05:33:41.023587Z  WARN mm2_app::session: nav graph failed to load — opponent routes stay verbatim error=city/stockholm.bai: not found in the VFS
2026-10-04T05:33:41.025524Z  INFO mm2_app::opponents: opponent roster spawned opponents=5
2026-10-04T05:33:41.454699Z  WARN mm2_app::race_audio: audio: race cue startracelow: no wave matches stem "startracelow"
2026-10-04T05:33:41.454739Z  WARN mm2_app::audio: audio: aud/spchdata/stockholm.csv: asset not found: aud/spchdata/stockholm.csv
2026-10-04T05:33:41.740410Z  WARN mm2_app::race_audio: audio: race cue startracelow: no wave matches stem "startracelow"
2026-10-04T05:33:41.925178Z  WARN mm2_app::race_audio: audio: race cue startracelow: no wave matches stem "startracelow"
2026-10-04T05:33:42.112771Z  WARN mm2_app::race_audio: audio: race cue startracehigh: no wave matches stem "startracehigh"
2026-10-04T05:33:49.920153Z  WARN mm2_app::race_audio: audio: race cue waypoint: no wave matches stem "waypoint"
2026-10-04T05:33:57.096640Z  WARN mm2_app::race_audio: audio: race cue waypoint: no wave matches stem "waypoint"
2026-10-04T05:34:04.015228Z  WARN mm2_app::race_audio: audio: race cue waypoint: no wave matches stem "waypoint"
2026-10-04T05:34:12.086359Z  WARN mm2_app::race_audio: audio: race cue waypoint: no wave matches stem "waypoint"
2026-10-04T05:34:19.995969Z  WARN mm2_app::race_audio: audio: race cue waypoint: no wave matches stem "waypoint"
2026-10-04T05:34:22.377421Z  INFO mm2_app::opponents: opponent re-anchored onto its route after a bounded stuck vehicle=sthlm_racer reanchors=1 from=Vec3(1830.0349, 1.0116463, -472.58673) to=Vec3(1820.4266, 2.8320055, -489.91064)
2026-10-04T05:34:26.062759Z  INFO mm2_app::opponents: opponent re-anchored onto its route after a bounded stuck vehicle=sthlm_racer reanchors=1 from=Vec3(1795.461, -0.002064526, -452.5839) to=Vec3(1765.2911, 2.8608196, -438.56326)
2026-10-04T05:34:26.630927Z  WARN mm2_app::race_audio: audio: race cue waypoint: no wave matches stem "waypoint"
2026-10-04T05:34:29.128392Z  INFO mm2_app::opponents: opponent re-anchored onto its route after a bounded stuck vehicle=sthlm_racer reanchors=1 from=Vec3(1593.695, 3.6319776, -123.668526) to=Vec3(1596.9208, 3.438477, -131.34775)
2026-10-04T05:34:31.431861Z  INFO mm2_app::opponents: opponent re-anchored onto its route after a bounded stuck vehicle=sthlm_racer reanchors=2 from=Vec3(1595.6553, 2.6281803, -158.76439) to=Vec3(1600.278, 3.2457657, -165.52281)
2026-10-04T05:34:33.079848Z  INFO mm2_app::opponents: opponent re-anchored onto its route after a bounded stuck vehicle=sthlm_racer reanchors=1 from=Vec3(1584.1056, 0.850077, -156.01784) to=Vec3(1595.9658, 3.4973114, -123.12333)
2026-10-04T05:34:33.117787Z  WARN mm2_app::race_audio: audio: race cue waypoint: no wave matches stem "waypoint"
2026-10-04T05:34:34.543051Z  INFO mm2_app::opponents: opponent re-anchored onto its route after a bounded stuck vehicle=sthlm_racer reanchors=2 from=Vec3(1594.8118, 3.059523, -138.49107) to=Vec3(1599.4138, 3.2848494, -152.82098)
2026-10-04T05:34:35.796860Z  INFO mm2_app::opponents: opponent re-anchored onto its route after a bounded stuck vehicle=sthlm_racer reanchors=3 from=Vec3(1596.5396, 3.126081, -144.61375) to=Vec3(1600.1042, 3.244548, -159.62822)
2026-10-04T05:34:38.404948Z  INFO mm2_app::opponents: opponent re-anchored onto its route after a bounded stuck vehicle=sthlm_racer reanchors=3 from=Vec3(1599.0024, 2.8905416, -160.70547) to=Vec3(1599.3901, 3.2863116, -152.61662)
2026-10-04T05:34:38.754758Z  INFO mm2_app::opponents: opponent re-anchored onto its route after a bounded stuck vehicle=sthlm_racer reanchors=2 from=Vec3(1594.4843, 3.233969, -126.30579) to=Vec3(1597.2404, 3.418778, -134.10101)
2026-10-04T05:34:39.488862Z  INFO mm2_app::opponents: opponent re-anchored onto its route after a bounded stuck vehicle=sthlm_racer reanchors=1 from=Vec3(1590.8182, 0.5467698, -155.49495) to=Vec3(1511.982, 6.46681, 31.31523)
2026-10-04T05:34:39.585936Z  INFO mm2_app::opponents: opponent re-anchored onto its route after a bounded stuck vehicle=sthlm_racer reanchors=2 from=Vec3(1585.6741, 0.9680895, -156.4789) to=Vec3(1597.5686, 3.398553, -136.92775)
2026-10-04T05:34:40.968662Z  INFO mm2_app::opponents: opponent re-anchored onto its route after a bounded stuck vehicle=sthlm_racer reanchors=4 from=Vec3(1599.1823, 5.658974, -125.172005) to=Vec3(1598.5498, 3.3380833, -145.37984)
2026-10-04T05:34:42.116717Z  WARN mm2_app::race_audio: audio: race cue waypoint: no wave matches stem "waypoint"
2026-10-04T05:34:44.730297Z  INFO mm2_app::opponents: opponent re-anchored onto its route after a bounded stuck vehicle=sthlm_racer reanchors=5 from=Vec3(1596.3082, 3.2750702, -138.23701) to=Vec3(1600.0083, 3.248211, -157.94177)
2026-10-04T05:34:45.434030Z  INFO mm2_app::opponents: opponent re-anchored onto its route after a bounded stuck vehicle=sthlm_racer reanchors=4 from=Vec3(1598.9613, 4.9349008, -130.4311) to=Vec3(1597.7655, 3.3864188, -138.62367)
2026-10-04T05:34:48.505569Z  INFO mm2_app::opponents: opponent re-anchored onto its route after a bounded stuck vehicle=sthlm_racer reanchors=3 from=Vec3(1594.301, -0.000121593475, -153.55988) to=Vec3(1598.2487, 3.3566415, -142.78554)
2026-10-04T05:34:48.875232Z  INFO mm2_app::opponents: opponent re-anchored onto its route after a bounded stuck vehicle=sthlm_racer reanchors=2 from=Vec3(1153.0356, 1.5246041, 131.86304) to=Vec3(1155.2024, 4.0213523, 140.41446)
2026-10-04T05:34:49.869315Z  WARN mm2_app::race_audio: audio: race cue waypoint: no wave matches stem "waypoint"
2026-10-04T05:34:55.097989Z  INFO mm2_app::opponents: opponent re-anchored onto its route after a bounded stuck vehicle=sthlm_racer reanchors=3 from=Vec3(1164.5226, 0.986681, 131.86746) to=Vec3(1140.6193, 5.449761, 122.49749)
2026-10-04T05:34:56.962000Z  INFO mm2_app::opponents: opponent re-anchored onto its route after a bounded stuck vehicle=sthlm_racer reanchors=3 from=Vec3(1138.9594, 0.6996178, 112.72655) to=Vec3(1131.769, 6.31664, 111.62411)
2026-10-04T05:34:57.560495Z  WARN mm2_app::race_audio: audio: race cue waypoint: no wave matches stem "waypoint"
2026-10-04T05:34:58.752934Z  INFO mm2_app::opponents: opponent re-anchored onto its route after a bounded stuck vehicle=sthlm_racer reanchors=4 from=Vec3(1140.5906, 5.5167685, 122.51581) to=Vec3(1145.6669, 4.955353, 128.69904)
2026-10-04T05:35:00.478723Z  INFO mm2_app::opponents: opponent re-anchored onto its route after a bounded stuck vehicle=sthlm_racer reanchors=4 from=Vec3(1131.7384, 6.2461615, 111.63263) to=Vec3(1141.8612, 5.3281164, 124.02333)
2026-10-04T05:35:01.391994Z  INFO mm2_app::opponents: opponent re-anchored onto its route after a bounded stuck vehicle=sthlm_racer reanchors=4 from=Vec3(1172.0105, 0.8172891, 125.10453) to=Vec3(1179.6377, 3.9442835, 144.24683)
2026-10-04T05:35:02.116836Z  INFO mm2_app::opponents: opponent re-anchored onto its route after a bounded stuck vehicle=sthlm_racer reanchors=5 from=Vec3(1166.2612, 0.69962, 123.639565) to=Vec3(1148.1943, 4.70778, 131.80438)
2026-10-04T05:35:04.080409Z  INFO mm2_app::opponents: opponent re-anchored onto its route after a bounded stuck vehicle=sthlm_racer reanchors=5 from=Vec3(1141.1527, 5.309584, 125.30173) to=Vec3(1152.3049, 4.3051605, 136.85458)
2026-10-04T05:35:06.305037Z  WARN mm2_app::race_audio: audio: race cue waypoint: no wave matches stem "waypoint"
2026-10-04T05:35:10.106911Z  INFO mm2_app::opponents: opponent re-anchored onto its route after a bounded stuck vehicle=sthlm_racer reanchors=6 from=Vec3(1164.1362, 1.1627986, 132.17636) to=Vec3(1137.6692, 5.738721, 118.87303)
2026-10-04T05:35:13.222307Z  INFO mm2_app::scripted: scripted player started a bounded escape after sustained low-speed throttle tick=46610 escapes=1 position=Vec3(1588.5317, 3.6096036, -57.156143) speed=0.02322440966963768 heading_rad=3.0826570987701416 bearing_rad=0.0752531886100769 route_next=Some(1017) gate=Vec3(1501.0798, 6.51969, 38.06013) aim=Vec3(1586.926, 3.70325, -45.261974)
2026-10-04T05:35:13.817188Z  INFO mm2_app::opponents: opponent re-anchored onto its route after a bounded stuck vehicle=sthlm_racer reanchors=7 from=Vec3(1137.6306, 5.7628746, 118.88104) to=Vec3(1142.7079, 5.245191, 125.06351)
2026-10-04T05:35:17.280828Z  WARN mm2_app::race_audio: audio: race cue waypoint: no wave matches stem "waypoint"
2026-10-04T05:35:17.400453Z  INFO mm2_app::opponents: opponent re-anchored onto its route after a bounded stuck vehicle=sthlm_racer reanchors=8 from=Vec3(1142.6799, 5.3417397, 125.073616) to=Vec3(1147.7517, 4.751138, 131.26053)
2026-10-04T05:35:19.742000Z  INFO mm2_app::opponents: opponent re-anchored onto its route after a bounded stuck vehicle=sthlm_racer reanchors=5 from=Vec3(1035.9156, 5.014526, -2.5296428) to=Vec3(1044.5956, 6.364465, 4.714608)
2026-10-04T05:35:24.889081Z  WARN mm2_app::race_audio: audio: race cue waypoint: no wave matches stem "waypoint"
2026-10-04T05:35:26.423086Z  INFO mm2_app::scripted: scripted player started a bounded escape after sustained low-speed throttle tick=53336 escapes=2 position=Vec3(1150.6858, 3.931138, 134.79338) speed=-0.0015454571694135666 heading_rad=0.9013511538505554 bearing_rad=0.21439149975776672 route_next=Some(1155) gate=Vec3(946.93915, 2.51694, -80.15003) aim=Vec3(1143.0754, 4.76918, 125.51515)
2026-10-04T05:35:26.824320Z  INFO mm2_app::opponents: opponent re-anchored onto its route after a bounded stuck vehicle=sthlm_racer reanchors=9 from=Vec3(1094.2546, 8.571977, 70.65688) to=Vec3(1101.813, 9.250823, 74.81989)
2026-10-04T05:35:28.251026Z  INFO mm2_app::scripted: scripted player started a bounded escape after sustained low-speed throttle tick=54270 escapes=3 position=Vec3(1141.4095, 4.4948683, 126.87971) speed=-0.02450655773282051 heading_rad=0.2410571575164795 bearing_rad=-0.2645619809627533 route_next=Some(1158) gate=Vec3(946.93915, 2.51694, -80.15003) aim=Vec3(1135.5045, 5.34709, 116.21352)
2026-10-04T05:35:29.383551Z  INFO mm2_app::scripted: scripted player started a bounded escape after sustained low-speed throttle tick=54858 escapes=4 position=Vec3(1146.4596, 4.102414, 132.47038) speed=0.761468768119812 heading_rad=0.4748333692550659 bearing_rad=-0.11095593124628067 route_next=Some(1158) gate=Vec3(946.93915, 2.51694, -80.15003) aim=Vec3(1136.4192, 5.34709, 117.33731)
2026-10-04T05:35:30.193609Z  INFO mm2_app::scripted: scripted player started a bounded escape after sustained low-speed throttle tick=55272 escapes=5 position=Vec3(1145.8048, 4.167556, 131.39986) speed=1.3974199295043945 heading_rad=0.5720012187957764 bearing_rad=-0.016522541642189026 route_next=Some(1158) gate=Vec3(946.93915, 2.51694, -80.15003) aim=Vec3(1136.4192, 5.34709, 117.33731)
2026-10-04T05:35:31.633376Z  INFO mm2_app::scripted: scripted player started a bounded escape after sustained low-speed throttle tick=56018 escapes=6 position=Vec3(1133.5165, 5.132509, 117.74821) speed=0.045787326991558075 heading_rad=-0.11183706670999527 bearing_rad=-0.5887666344642639 route_next=Some(1160) gate=Vec3(946.93915, 2.51694, -80.15003) aim=Vec3(1127.8885, 6.21396, 106.856445)
2026-10-04T05:35:32.441930Z  INFO mm2_app::scripted: scripted player started a bounded escape after sustained low-speed throttle tick=56432 escapes=7 position=Vec3(1133.5153, 5.1298246, 117.72002) speed=0.00212054792791605 heading_rad=-0.07988879084587097 bearing_rad=-0.5581636428833008 route_next=Some(1160) gate=Vec3(946.93915, 2.51694, -80.15003) aim=Vec3(1127.8743, 6.21396, 106.8389)
2026-10-04T05:35:33.473439Z  INFO mm2_app::scripted: scripted player started a bounded escape after sustained low-speed throttle tick=56960 escapes=8 position=Vec3(1130.8258, 5.3882084, 113.39632) speed=0.5560460686683655 heading_rad=0.44448891282081604 bearing_rad=-0.08570652455091476 route_next=Some(1161) gate=Vec3(946.93915, 2.51694, -80.15003) aim=Vec3(1124.6857, 6.50292, 102.92148)
2026-10-04T05:35:34.290013Z  INFO mm2_app::scripted: scripted player started a bounded escape after sustained low-speed throttle tick=57374 escapes=9 position=Vec3(1130.5625, 5.423791, 112.839676) speed=0.6092920899391174 heading_rad=0.5217565298080444 bearing_rad=-0.02043989486992359 route_next=Some(1162) gate=Vec3(946.93915, 2.51694, -80.15003) aim=Vec3(1124.3082, 6.50292, 102.45775)
2026-10-04T05:35:35.118439Z  INFO mm2_app::scripted: scripted player started a bounded escape after sustained low-speed throttle tick=57794 escapes=10 position=Vec3(1131.231, 5.303329, 115.271805) speed=0.06879295408725739 heading_rad=1.29146409034729 bearing_rad=0.8026673793792725 route_next=Some(1162) gate=Vec3(946.93915, 2.51694, -80.15003) aim=Vec3(1124.6189, 6.50292, 102.83946)
2026-10-04T05:35:36.022377Z  INFO mm2_app::scripted: scripted player started a bounded escape after sustained low-speed throttle tick=58252 escapes=11 position=Vec3(1131.0691, 5.3863077, 113.45109) speed=0.3907543420791626 heading_rad=0.5411779880523682 bearing_rad=-0.004987992811948061 route_next=Some(1162) gate=Vec3(946.93915, 2.51694, -80.15003) aim=Vec3(1124.6189, 6.50292, 102.83946)
2026-10-04T05:35:36.586114Z  INFO mm2_app::scripted: scripted player re-anchored onto its route after a bounded stuck tick=58542 reanchors=1 position=Vec3(1132.9381, 5.150345, 117.53485) speed=0.4418826103210449 heading_rad=1.2085044384002686 route_next=1158 gate=Vec3(946.93915, 2.51694, -80.15003) landing=Vec3(1142.2943, 5.2856984, 124.555405)
2026-10-04T05:35:40.198545Z  INFO mm2_app::scripted: scripted player re-anchored onto its route after a bounded stuck tick=60342 reanchors=2 position=Vec3(1142.2607, 5.379621, 124.55213) speed=7.48192542232573e-6 heading_rad=0.6879744529724121 route_next=1156 gate=Vec3(946.93915, 2.51694, -80.15003) landing=Vec3(1147.3293, 4.792508, 130.74162)
2026-10-04T05:35:42.302335Z  INFO mm2_app::scripted: scripted player started a bounded escape after sustained low-speed throttle tick=61356 escapes=12 position=Vec3(1129.3235, 6.013713, 107.40156) speed=0.004609259311109781 heading_rad=0.8115279674530029 bearing_rad=0.0643705353140831 route_next=Some(1163) gate=Vec3(946.93915, 2.51694, -80.15003) aim=Vec3(1121.1521, 6.79188, 98.58003)
2026-10-04T05:35:43.150128Z  INFO mm2_app::scripted: scripted player started a bounded escape after sustained low-speed throttle tick=61770 escapes=13 position=Vec3(1129.3099, 6.0015154, 107.467094) speed=0.0028561425860971212 heading_rad=0.7903003692626953 bearing_rad=0.047443609684705734 route_next=Some(1163) gate=Vec3(946.93915, 2.51694, -80.15003) aim=Vec3(1121.1787, 6.79188, 98.61285)
2026-10-04T05:35:44.788090Z  INFO mm2_app::scripted: scripted player started a bounded escape after sustained low-speed throttle tick=62634 escapes=14 position=Vec3(1110.7289, 7.751839, 84.55611) speed=1.3609185218811035 heading_rad=0.8235635757446289 bearing_rad=0.07640701532363892 route_next=Some(1169) gate=Vec3(946.93915, 2.51694, -80.15003) aim=Vec3(1102.5575, 8.81458, 75.734566)
2026-10-04T05:35:54.044263Z  INFO mm2_app::scripted: scripted player started a bounded escape after sustained low-speed throttle tick=67132 escapes=15 position=Vec3(1061.0076, 6.1577535, 27.598915) speed=1.4008139371871948 heading_rad=0.6611166000366211 bearing_rad=0.12222851812839508 route_next=Some(1185) gate=Vec3(946.93915, 2.51694, -80.15003) aim=Vec3(1054.7832, 6.90072, 17.188871)
2026-10-04T05:36:00.167520Z  INFO mm2_app::scripted: scripted player started a bounded escape after sustained low-speed throttle tick=70006 escapes=16 position=Vec3(1044.1261, 5.380495, 7.07679) speed=1.4438550472259521 heading_rad=0.6625708341598511 bearing_rad=0.1313353329896927 route_next=Some(1191) gate=Vec3(946.93915, 2.51694, -80.15003) aim=Vec3(1037.9745, 5.62169, -3.3926508)
2026-10-04T05:36:01.000591Z  INFO mm2_app::scripted: scripted player started a bounded escape after sustained low-speed throttle tick=70420 escapes=17 position=Vec3(1045.2809, 5.4568844, 9.890691) speed=0.11834593862295151 heading_rad=1.2827316522598267 bearing_rad=0.7881606817245483 route_next=Some(1191) gate=Vec3(946.93915, 2.51694, -80.15003) aim=Vec3(1038.3958, 5.62169, -2.8767183)
2026-10-04T05:36:02.301214Z  INFO mm2_app::scripted: scripted player started a bounded escape after sustained low-speed throttle tick=71044 escapes=18 position=Vec3(1037.4517, 5.0976505, 0.14470693) speed=0.05131065100431442 heading_rad=0.18388640880584717 bearing_rad=-0.2842065393924713 route_next=Some(1193) gate=Vec3(946.93915, 2.51694, -80.15003) aim=Vec3(1031.9077, 5.11008, -10.821046)
2026-10-04T05:36:03.713958Z  INFO mm2_app::scripted: scripted player started a bounded escape after sustained low-speed throttle tick=71704 escapes=19 position=Vec3(1032.4667, 4.8557115, -6.566657) speed=1.269031286239624 heading_rad=0.46515020728111267 bearing_rad=0.009810085408389568 route_next=Some(1194) gate=Vec3(946.93915, 2.51694, -80.15003) aim=Vec3(1027.0569, 4.32324, -17.614748)
2026-10-04T05:36:05.192721Z  INFO mm2_app::scripted: scripted player started a bounded escape after sustained low-speed throttle tick=72358 escapes=20 position=Vec3(1030.891, 4.7745633, -8.858964) speed=1.4314796924591064 heading_rad=0.595049262046814 bearing_rad=0.15186139941215515 route_next=Some(1195) gate=Vec3(946.93915, 2.51694, -80.15003) aim=Vec3(1025.6118, 4.32324, -19.98049)
2026-10-04T05:36:06.097219Z  INFO mm2_app::scripted: scripted player started a bounded escape after sustained low-speed throttle tick=72772 escapes=21 position=Vec3(1032.0541, 4.8587656, -6.2180448) speed=0.08900534361600876 heading_rad=1.2098320722579956 bearing_rad=0.7931939363479614 route_next=Some(1195) gate=Vec3(946.93915, 2.51694, -80.15003) aim=Vec3(1026.8884, 4.32324, -17.890606)
2026-10-04T05:36:09.803667Z  WARN mm2_app::race_audio: audio: race cue waypoint: no wave matches stem "waypoint"
2026-10-04T05:36:12.329217Z  INFO mm2_app::opponents: opponent re-anchored onto its route after a bounded stuck vehicle=sthlm_racer reanchors=5 from=Vec3(1593.0017, 3.7245061, -118.35959) to=Vec3(1596.3033, 3.4765186, -126.030014)
2026-10-04T05:36:17.057138Z  INFO mm2_app::opponents: opponent re-anchored onto its route after a bounded stuck vehicle=sthlm_racer reanchors=6 from=Vec3(1590.1957, 0.09284848, -126.13456) to=Vec3(1597.1567, 3.4239366, -133.37999)
2026-10-04T05:36:18.010185Z  WARN mm2_app::race_audio: audio: race cue waypoint: no wave matches stem "waypoint"
2026-10-04T05:36:18.021703Z  INFO mm2_app::opponents: opponent re-anchored onto its route after a bounded stuck vehicle=sthlm_racer reanchors=6 from=Vec3(1158.2361, 3.520791, 137.06758) to=Vec3(1161.3925, 3.9794793, 145.73848)
2026-10-04T05:36:21.496119Z  INFO mm2_app::opponents: opponent re-anchored onto its route after a bounded stuck vehicle=sthlm_racer reanchors=6 from=Vec3(1161.3362, 0.77270794, 135.08846) to=Vec3(1134.7191, 6.027681, 115.24857)
2026-10-04T05:36:22.776760Z  INFO mm2_app::opponents: opponent re-anchored onto its route after a bounded stuck vehicle=sthlm_racer reanchors=6 from=Vec3(1165.1123, 1.0674756, 131.60959) to=Vec3(1140.6193, 5.449761, 122.49749)
2026-10-04T05:36:23.551818Z  INFO mm2_app::scripted: scripted player started a bounded escape after sustained low-speed throttle tick=81052 escapes=22 position=Vec3(666.2449, 4.6141987, -606.7724) speed=2.0001083612442017e-5 heading_rad=0.5720140337944031 bearing_rad=0.11817791312932968 route_next=Some(57) gate=Vec3(603.0055, 4.5233, -743.1244) aim=Vec3(660.60986, 4.71861, -618.3244)
2026-10-04T05:36:25.225691Z  INFO mm2_app::opponents: opponent re-anchored onto its route after a bounded stuck vehicle=sthlm_racer reanchors=7 from=Vec3(1134.6865, 6.0035896, 115.25244) to=Vec3(1147.3333, 4.792129, 130.74637)
2026-10-04T05:36:26.559105Z  INFO mm2_app::opponents: opponent re-anchored onto its route after a bounded stuck vehicle=sthlm_racer reanchors=7 from=Vec3(1140.5908, 5.517054, 122.5161) to=Vec3(1145.6671, 4.9553294, 128.69934)
2026-10-04T05:36:27.931725Z  WARN mm2_app::race_audio: audio: race cue waypoint: no wave matches stem "waypoint"
2026-10-04T05:36:30.464838Z  INFO mm2_app::opponents: opponent re-anchored onto its route after a bounded stuck vehicle=sthlm_racer reanchors=8 from=Vec3(1143.8965, 4.934749, 122.71376) to=Vec3(1147.0812, 4.8168206, 130.43668)
2026-10-04T05:36:35.977420Z  WARN mm2_app::race_audio: audio: race cue waypoint: no wave matches stem "waypoint"
2026-10-04T05:36:42.533229Z  INFO mm2_app::opponents: opponent re-anchored onto its route after a bounded stuck vehicle=sthlm_racer reanchors=9 from=Vec3(1051.5283, 5.7294865, 16.562153) to=Vec3(1059.1008, 7.6038833, 22.475643)
2026-10-04T05:36:42.901581Z  WARN mm2_app::race_audio: audio: race cue waypoint: no wave matches stem "waypoint"
2026-10-04T05:36:51.285462Z  WARN mm2_app::race_audio: audio: race cue waypoint: no wave matches stem "waypoint"
2026-10-04T05:36:59.293591Z  WARN mm2_app::race_audio: audio: race cue waypoint: no wave matches stem "waypoint"
2026-10-04T05:37:05.513019Z  INFO mm2_app::opponents: opponent re-anchored onto its route after a bounded stuck vehicle=sthlm_racer reanchors=10 from=Vec3(1593.3545, 3.2607145, -121.25549) to=Vec3(1596.6398, 3.4557912, -128.92781)
2026-10-04T05:37:06.005710Z  WARN mm2_app::race_audio: audio: race cue waypoint: no wave matches stem "waypoint"
2026-10-04T05:37:12.505391Z  WARN mm2_app::race_audio: audio: race cue waypoint: no wave matches stem "waypoint"
2026-10-04T05:37:18.663521Z  INFO mm2_app::opponents: opponent re-anchored onto its route after a bounded stuck vehicle=sthlm_racer reanchors=11 from=Vec3(1162.5055, 0.17683649, 135.74522) to=Vec3(1155.3695, 4.004981, 140.6198)
2026-10-04T05:37:20.663322Z  WARN mm2_app::race_audio: audio: race cue waypoint: no wave matches stem "waypoint"
2026-10-04T05:37:26.325668Z  INFO mm2_app::opponents: opponent re-anchored onto its route after a bounded stuck vehicle=sthlm_racer reanchors=12 from=Vec3(1155.5209, 2.2853663, 132.22989) to=Vec3(1131.769, 6.31664, 111.62411)
2026-10-04T05:37:27.881966Z  WARN mm2_app::race_audio: audio: race cue waypoint: no wave matches stem "waypoint"
2026-10-04T05:37:29.700519Z  INFO mm2_app::opponents: opponent re-anchored onto its route after a bounded stuck vehicle=sthlm_racer reanchors=13 from=Vec3(1131.7389, 6.246315, 111.63242) to=Vec3(1136.8112, 5.822762, 117.818886)
2026-10-04T05:37:33.069372Z  INFO mm2_app::opponents: opponent re-anchored onto its route after a bounded stuck vehicle=sthlm_racer reanchors=14 from=Vec3(1136.782, 5.832179, 117.81954) to=Vec3(1141.85, 5.329217, 124.00953)
2026-10-04T05:37:35.273937Z  WARN mm2_app::race_audio: audio: race cue waypoint: no wave matches stem "waypoint"
2026-10-04T05:37:36.460967Z  INFO mm2_app::opponents: opponent re-anchored onto its route after a bounded stuck vehicle=sthlm_racer reanchors=15 from=Vec3(1141.8108, 5.4141254, 124.01192) to=Vec3(1146.8856, 4.8359766, 130.1964)
2026-10-04T05:37:43.708667Z  WARN mm2_app::race_audio: audio: race cue waypoint: no wave matches stem "waypoint"
2026-10-04T05:37:51.362458Z  WARN mm2_app::race_audio: audio: race cue waypoint: no wave matches stem "waypoint"
2026-10-04T05:37:59.256743Z  WARN mm2_app::race_audio: audio: race cue waypoint: no wave matches stem "waypoint"
2026-10-04T05:38:00.766287Z  INFO mm2_app::scripted: scripted player started a bounded escape after sustained low-speed throttle tick=130936 escapes=23 position=Vec3(1150.6699, 3.9288201, 134.81543) speed=-0.005909948609769344 heading_rad=0.8867393136024475 bearing_rad=0.20196688175201416 route_next=Some(1155) gate=Vec3(946.93915, 2.51694, -80.15003) aim=Vec3(1143.08, 4.76918, 125.52067)
2026-10-04T05:38:02.184437Z  INFO mm2_app::scripted: scripted player started a bounded escape after sustained low-speed throttle tick=131676 escapes=24 position=Vec3(1149.0304, 3.8870382, 135.72661) speed=-0.0062375967390835285 heading_rad=0.26361578702926636 bearing_rad=-0.26842308044433594 route_next=Some(1155) gate=Vec3(946.93915, 2.51694, -80.15003) aim=Vec3(1142.8727, 4.76918, 125.26603)
2026-10-04T05:38:02.240796Z  INFO mm2_app::opponents: opponent re-anchored onto its route after a bounded stuck vehicle=sthlm_racer reanchors=16 from=Vec3(1032.7253, 4.866202, -6.2531476) to=Vec3(1039.5332, 5.931903, -1.4840765)
2026-10-04T05:38:04.185546Z  INFO mm2_app::scripted: scripted player started a bounded escape after sustained low-speed throttle tick=132724 escapes=25 position=Vec3(1134.7836, 5.511707, 114.068275) speed=0.2824617028236389 heading_rad=0.8328433036804199 bearing_rad=0.08350466191768646 route_next=Some(1161) gate=Vec3(946.93915, 2.51694, -80.15003) aim=Vec3(1126.5918, 6.21396, 105.26334)
2026-10-04T05:38:05.844727Z  INFO mm2_app::scripted: scripted player started a bounded escape after sustained low-speed throttle tick=133592 escapes=26 position=Vec3(1116.488, 7.196835, 91.65967) speed=1.0305695533752441 heading_rad=0.7952677011489868 bearing_rad=0.04957066848874092 route_next=Some(1167) gate=Vec3(946.93915, 2.51694, -80.15003) aim=Vec3(1108.3303, 8.23666, 82.827065)
2026-10-04T05:38:12.114040Z  INFO mm2_app::scripted: scripted player re-anchored onto its route after a bounded stuck tick=136854 reanchors=3 position=Vec3(1091.3481, 8.361038, 63.766243) speed=0.0001609122264198959 heading_rad=0.7688338756561279 route_next=1173 gate=Vec3(946.93915, 2.51694, -80.15003) landing=Vec3(1097.2813, 9.694705, 69.25214)
2026-10-04T05:38:14.345857Z  INFO mm2_app::scripted: scripted player started a bounded escape after sustained low-speed throttle tick=138022 escapes=27 position=Vec3(1085.3043, 7.279597, 57.338936) speed=1.3441410064697266 heading_rad=0.5827353000640869 bearing_rad=0.04332100227475166 route_next=Some(1177) gate=Vec3(946.93915, 2.51694, -80.15003) aim=Vec3(1079.075, 9.20298, 46.932957)
2026-10-04T05:38:15.168452Z  INFO mm2_app::scripted: scripted player started a bounded escape after sustained low-speed throttle tick=138436 escapes=28 position=Vec3(1086.0903, 7.3305607, 59.09145) speed=0.5208358764648438 heading_rad=1.006218433380127 bearing_rad=0.5073124766349792 route_next=Some(1177) gate=Vec3(946.93915, 2.51694, -80.15003) aim=Vec3(1080.248, 9.20298, 48.369354)
2026-10-04T05:38:18.769125Z  INFO mm2_app::scripted: scripted player started a bounded escape after sustained low-speed throttle tick=140304 escapes=29 position=Vec3(1076.0197, 6.84917, 45.85416) speed=1.3826754093170166 heading_rad=0.6579146981239319 bearing_rad=0.1125011146068573 route_next=Some(1180) gate=Vec3(946.93915, 2.51694, -80.15003) aim=Vec3(1069.7334, 8.17976, 35.49469)
2026-10-04T05:38:19.552496Z  INFO mm2_app::scripted: scripted player started a bounded escape after sustained low-speed throttle tick=140718 escapes=30 position=Vec3(1076.806, 6.905158, 47.78048) speed=1.2189693450927734 heading_rad=0.951977550983429 bearing_rad=0.45598477125167847 route_next=Some(1180) gate=Vec3(946.93915, 2.51694, -80.15003) aim=Vec3(1070.9918, 8.43556, 37.035526)
2026-10-04T05:38:20.673578Z  INFO mm2_app::scripted: scripted player re-anchored onto its route after a bounded stuck tick=141302 reanchors=4 position=Vec3(1077.5352, 6.9186945, 47.666534) speed=2.1275124549865723 heading_rad=0.658684492111206 route_next=1178 gate=Vec3(946.93915, 2.51694, -80.15003) landing=Vec3(1083.8787, 9.721034, 52.814785)
2026-10-04T05:38:25.713030Z  INFO mm2_app::scripted: scripted player started a bounded escape after sustained low-speed throttle tick=143786 escapes=31 position=Vec3(1032.7516, 4.838312, -5.4477787) speed=0.37715718150138855 heading_rad=1.191288948059082 bearing_rad=0.7677187919616699 route_next=Some(1194) gate=Vec3(946.93915, 2.51694, -80.15003) aim=Vec3(1027.6537, 4.58876, -16.754799)
2026-10-04T05:38:29.320688Z  WARN mm2_app::race_audio: audio: race cue lastwaypoint: no wave matches stem "lastwaypoint"
2026-10-04T05:38:36.714729Z  WARN mm2_app::race_audio: audio: race cue endofracetag: no wave matches stem "endofracetag"
smoke=headless-physics world=city/stockholm.psdl status=pass updates=90485 ticks=149442 driver=scripted diff=professional phase=results impacts=662 dropped=0 peak=12.2m/s travel=11770.9m sim=1245.35s resets=7 controls=98544t/49078b/48734s finite=true moved=38m wheels=4/4 final=(741,4.6,-406) race=Complete cp=15/15 results=6 lap=2/2 pos=6/6 outcome=finished place=6 opp=5/5 opp_rec=44 opp_drv=59131m/14.4mps/10.0ipk/3.7xpk/0.6apk/0.19hpk opps=0:sthlm_racer/15c/2l/F/66e/16r/900w/19d,1:sthlm_racer/15c/2l/F/25e/6r/900w/17d,2:sthlm_racer/15c/2l/F/29e/6r/900w/21d,3:sthlm_racer/15c/2l/F/24e/7r/900w/17d,4:sthlm_racer/15c/2l/F/32e/9r/900w/19d p_rec=4r/31e env=lt04(noon) fog=none sky=none wtr=0.2/1698r map=inset/north/z1200/hudmap_stockholm.pkg/1t/21m dash=absent:missing-spec+pkg trk=sized ind=on/5m/5b tmr=22g/off arr=hudarrow01/off sta=10g/-/-/- bng=3235d/0a/7s/0b bng_ev=7a/7s/0b rcv=94w/3f/97r wfx=0r/0e/0x+8f+ut aud=0h/0v/0s/0l/0a/0r+35x
