mm2-smoke commit=1a822c1cc472f6c04a25a6832e346b162bbb0ff5
2026-10-04T05:47:19.016663Z  WARN mm2: wheel part whl0 geometry authored in place; recentring onto origin car=Some("sthlm_racer")
2026-10-04T05:47:19.016692Z  WARN mm2: wheel part whl1 geometry authored in place; recentring onto origin car=Some("sthlm_racer")
2026-10-04T05:47:19.016696Z  WARN mm2: wheel part whl2 geometry authored in place; recentring onto origin car=Some("sthlm_racer")
2026-10-04T05:47:19.016699Z  WARN mm2: wheel part whl3 geometry authored in place; recentring onto origin car=Some("sthlm_racer")
2026-10-04T05:47:19.724549Z  WARN mm2_app::city: water refs resolved no rooms; deadly water off path=city/stockholm.parts/part_-3_0.water skipped=0
2026-10-04T05:47:20.071535Z  WARN mm2_app::city: water refs resolved no rooms; deadly water off path=city/stockholm.parts/part_-2_2.water skipped=0
2026-10-04T05:47:20.074574Z  WARN mm2_app::city: water refs resolved no rooms; deadly water off path=city/stockholm.parts/part_-2_3.water skipped=0
2026-10-04T05:47:20.226075Z  WARN mm2_app::city: water refs resolved no rooms; deadly water off path=city/stockholm.parts/part_-1_0.water skipped=0
2026-10-04T05:47:20.357676Z  WARN mm2_app::city: water refs resolved no rooms; deadly water off path=city/stockholm.parts/part_-1_2.water skipped=0
2026-10-04T05:47:20.405715Z  WARN mm2_app::city: water refs resolved no rooms; deadly water off path=city/stockholm.parts/part_-1_3.water skipped=0
2026-10-04T05:47:20.526959Z  WARN mm2_app::city: water refs resolved no rooms; deadly water off path=city/stockholm.parts/part_0_-2.water skipped=0
2026-10-04T05:47:20.782241Z  WARN mm2_app::city: water refs resolved no rooms; deadly water off path=city/stockholm.parts/part_0_2.water skipped=0
2026-10-04T05:47:20.837016Z  WARN mm2_app::city: water refs resolved no rooms; deadly water off path=city/stockholm.parts/part_0_3.water skipped=0
2026-10-04T05:47:20.926128Z  WARN mm2_app::city: water refs resolved no rooms; deadly water off path=city/stockholm.parts/part_1_-3.water skipped=0
2026-10-04T05:47:21.015524Z  WARN mm2_app::city: water refs resolved no rooms; deadly water off path=city/stockholm.parts/part_1_-2.water skipped=0
2026-10-04T05:47:21.079152Z  WARN mm2_app::city: water refs resolved no rooms; deadly water off path=city/stockholm.parts/part_1_-1.water skipped=0
2026-10-04T05:47:21.295889Z  WARN mm2_app::city: water refs resolved no rooms; deadly water off path=city/stockholm.parts/part_1_1.water skipped=0
2026-10-04T05:47:21.373299Z  WARN mm2_app::city: water refs resolved no rooms; deadly water off path=city/stockholm.parts/part_1_2.water skipped=0
2026-10-04T05:47:21.431399Z  WARN mm2_app::city: water refs resolved no rooms; deadly water off path=city/stockholm.parts/part_1_3.water skipped=0
2026-10-04T05:47:21.557813Z  WARN mm2_app::city: water refs resolved no rooms; deadly water off path=city/stockholm.parts/part_2_-3.water skipped=0
2026-10-04T05:47:21.693074Z  WARN mm2_app::city: water refs resolved no rooms; deadly water off path=city/stockholm.parts/part_2_-1.water skipped=0
2026-10-04T05:47:21.816956Z  WARN mm2_app::city: water refs resolved no rooms; deadly water off path=city/stockholm.parts/part_2_1.water skipped=0
2026-10-04T05:47:21.870650Z  WARN mm2_app::city: water refs resolved no rooms; deadly water off path=city/stockholm.parts/part_2_2.water skipped=0
2026-10-04T05:47:21.893120Z  WARN mm2_app::city: water refs resolved no rooms; deadly water off path=city/stockholm.parts/part_2_3.water skipped=0
2026-10-04T05:47:22.171859Z  WARN mm2_app::city: water refs resolved no rooms; deadly water off path=city/stockholm.parts/part_3_1.water skipped=0
2026-10-04T05:47:22.218544Z  WARN mm2_app::city: water refs resolved no rooms; deadly water off path=city/stockholm.parts/part_3_2.water skipped=0
2026-10-04T05:47:22.258616Z  WARN mm2_app::city: water refs resolved no rooms; deadly water off path=city/stockholm.parts/part_3_3.water skipped=0
2026-10-04T05:47:22.429245Z  WARN mm2_app::city: water refs resolved no rooms; deadly water off path=city/stockholm.parts/part_4_1.water skipped=0
2026-10-04T05:47:22.466350Z  WARN mm2_app::city: water refs resolved no rooms; deadly water off path=city/stockholm.parts/part_4_2.water skipped=0
2026-10-04T05:47:22.762407Z  WARN mm2_app::city: water refs resolved no rooms; deadly water off path=city/stockholm.parts/part_6_1.water skipped=0
2026-10-04T05:47:22.995572Z  WARN mm2_app::object_sound: object sound table unreadable path=aud/ambient/ferry.csv error=asset not found: aud/ambient/ferry.csv
2026-10-04T05:47:22.995601Z  WARN mm2_app::object_sound: object sound table unreadable path=aud/ambient/subwaycar.csv error=asset not found: aud/ambient/subwaycar.csv
2026-10-04T05:47:23.000401Z  WARN mm2_app::environment: fog table unavailable path=city/stockholm_fog.csv error=asset not found: city/stockholm_fog.csv
2026-10-04T05:47:23.000426Z  WARN mm2_app::environment: sky definition unavailable path=city/stockholm.sky error=asset not found: city/stockholm.sky
2026-10-04T05:47:23.018913Z  WARN mm2_app::damage_fx: smoke atlas unresolved — untextured puffs texture="fxpt2"
2026-10-04T05:47:23.018940Z  WARN mm2_app::spark_fx: spark texture unresolved — untextured streaks texture="spark"
2026-10-04T05:47:23.018947Z  WARN mm2_app::wheel_fx: wheel effect unavailable rule="dirt" path=tune/effects/dirt.asbirthrule
2026-10-04T05:47:23.018951Z  WARN mm2_app::wheel_fx: wheel effect unavailable rule="dust" path=tune/effects/dust.asbirthrule
2026-10-04T05:47:23.018953Z  WARN mm2_app::wheel_fx: wheel effect unavailable rule="grass" path=tune/effects/grass.asbirthrule
2026-10-04T05:47:23.018956Z  WARN mm2_app::wheel_fx: wheel effect unavailable rule="leaf" path=tune/effects/leaf.asbirthrule
2026-10-04T05:47:23.018957Z  WARN mm2_app::wheel_fx: wheel effect unavailable rule="smoke" path=tune/effects/smoke.asbirthrule
2026-10-04T05:47:23.018959Z  WARN mm2_app::wheel_fx: wheel effect unavailable rule="snow" path=tune/effects/snow.asbirthrule
2026-10-04T05:47:23.018961Z  WARN mm2_app::wheel_fx: wheel effect unavailable rule="splash" path=tune/effects/splash.asbirthrule
2026-10-04T05:47:23.018963Z  WARN mm2_app::wheel_fx: wheel effect unavailable rule="rock" path=tune/effects/rock.asbirthrule
2026-10-04T05:47:23.018966Z  WARN mm2_app::wheel_fx: wheel atlas unresolved — untextured puffs texture="ptx_wheel"
2026-10-04T05:47:23.019199Z  WARN mm2_app::audio: audio: aud/cardata/player/default_impacts.csv: asset not found: aud/cardata/player/default_impacts.csv
2026-10-04T05:47:23.019208Z  WARN mm2_app::audio: audio: aud/cardata/player/default_surfacedry.csv: asset not found: aud/cardata/player/default_surfacedry.csv
2026-10-04T05:47:23.019214Z  WARN mm2_app::audio: audio: aud/cardata/player/stockholmpolicesiren.csv: asset not found: aud/cardata/player/stockholmpolicesiren.csv
2026-10-04T05:47:23.019216Z  WARN mm2_app::audio: audio: aud/cardata/opponent/policesiren.csv: asset not found: aud/cardata/opponent/policesiren.csv
2026-10-04T05:47:23.020149Z  WARN mm2_app::session: nav graph failed to load — opponent routes stay verbatim error=city/stockholm.bai: not found in the VFS
2026-10-04T05:47:23.023018Z  INFO mm2_app::opponents: opponent roster spawned opponents=5
2026-10-04T05:47:23.460179Z  WARN mm2_app::race_audio: audio: race cue startracelow: no wave matches stem "startracelow"
2026-10-04T05:47:23.460223Z  WARN mm2_app::audio: audio: aud/spchdata/stockholm.csv: asset not found: aud/spchdata/stockholm.csv
2026-10-04T05:47:23.774700Z  WARN mm2_app::race_audio: audio: race cue startracelow: no wave matches stem "startracelow"
2026-10-04T05:47:23.991613Z  WARN mm2_app::race_audio: audio: race cue startracelow: no wave matches stem "startracelow"
2026-10-04T05:47:24.215059Z  WARN mm2_app::race_audio: audio: race cue startracehigh: no wave matches stem "startracehigh"
2026-10-04T05:47:33.388880Z  INFO mm2_app::opponents: opponent re-anchored onto its route after a bounded stuck vehicle=sthlm_racer reanchors=1 from=Vec3(-703.7925, 24.424116, -332.5532) to=Vec3(-714.3784, 24.135342, -310.17758)
2026-10-04T05:47:35.905922Z  WARN mm2_app::race_audio: audio: race cue waypoint: no wave matches stem "waypoint"
2026-10-04T05:47:44.351030Z  INFO mm2_app::opponents: opponent re-anchored onto its route after a bounded stuck vehicle=sthlm_racer reanchors=2 from=Vec3(-558.20795, 16.276505, -1069.4283) to=Vec3(-562.61957, 16.669641, -1062.5891)
2026-10-04T05:47:47.006903Z  WARN mm2_app::race_audio: audio: race cue waypoint: no wave matches stem "waypoint"
2026-10-04T05:47:59.573046Z  WARN mm2_app::race_audio: audio: race cue waypoint: no wave matches stem "waypoint"
2026-10-04T05:48:05.670631Z  INFO mm2_app::opponents: opponent re-anchored onto its route after a bounded stuck vehicle=sthlm_racer reanchors=1 from=Vec3(-540.27234, 7.1299872, -1097.8629) to=Vec3(-546.0217, 16.38183, -1103.1985)
2026-10-04T05:48:10.717138Z  WARN mm2_app::race_audio: audio: race cue waypoint: no wave matches stem "waypoint"
2026-10-04T05:48:22.023883Z  WARN mm2_app::race_audio: audio: race cue waypoint: no wave matches stem "waypoint"
2026-10-04T05:48:33.438052Z  WARN mm2_app::race_audio: audio: race cue waypoint: no wave matches stem "waypoint"
2026-10-04T05:48:38.900809Z  INFO mm2_app::opponents: opponent re-anchored onto its route after a bounded stuck vehicle=sthlm_racer reanchors=1 from=Vec3(1598.2372, 4.754796, -127.497604) to=Vec3(1602.7888, 5.381644, -135.02664)
2026-10-04T05:48:45.276110Z  WARN mm2_app::race_audio: audio: race cue waypoint: no wave matches stem "waypoint"
2026-10-04T05:48:48.575101Z  INFO mm2_app::opponents: opponent re-anchored onto its route after a bounded stuck vehicle=sthlm_racer reanchors=1 from=Vec3(1594.8, 3.8093348, -85.25027) to=Vec3(1597.949, 6.6077914, -92.940865)
2026-10-04T05:48:52.712603Z  INFO mm2_app::opponents: opponent re-anchored onto its route after a bounded stuck vehicle=sthlm_racer reanchors=1 from=Vec3(1639.1246, 0.8233863, 778.18427) to=Vec3(1612.4797, 10.325164, 835.84155)
2026-10-04T05:48:56.111424Z  INFO mm2_app::opponents: opponent re-anchored onto its route after a bounded stuck vehicle=sthlm_racer reanchors=2 from=Vec3(1642.7494, 0.9054963, 779.2421) to=Vec3(1614.612, 10.567604, 831.4611)
2026-10-04T05:48:56.467840Z  WARN mm2_app::race_audio: audio: race cue waypoint: no wave matches stem "waypoint"
2026-10-04T05:48:58.089956Z  INFO mm2_app::opponents: opponent re-anchored onto its route after a bounded stuck vehicle=sthlm_racer reanchors=3 from=Vec3(1638.314, 1.0698123, 778.03107) to=Vec3(1614.612, 10.567604, 831.4611)
2026-10-04T05:48:58.970239Z  INFO mm2_app::opponents: opponent re-anchored onto its route after a bounded stuck vehicle=sthlm_racer reanchors=2 from=Vec3(1594.5061, 4.272691, -72.63868) to=Vec3(1596.9012, 6.3108425, -83.83045)
2026-10-04T05:49:09.546948Z  WARN mm2_app::race_audio: audio: race cue waypoint: no wave matches stem "waypoint"
2026-10-04T05:49:15.802907Z  INFO mm2_app::opponents: opponent re-anchored onto its route after a bounded stuck vehicle=sthlm_racer reanchors=3 from=Vec3(1638.0734, -0.17325288, 777.2289) to=Vec3(1612.4797, 10.325164, 835.84155)
2026-10-04T05:49:20.424086Z  WARN mm2_app::race_audio: audio: race cue waypoint: no wave matches stem "waypoint"
2026-10-04T05:49:32.231008Z  WARN mm2_app::race_audio: audio: race cue waypoint: no wave matches stem "waypoint"
2026-10-04T05:49:43.954228Z  WARN mm2_app::race_audio: audio: race cue waypoint: no wave matches stem "waypoint"
2026-10-04T05:49:54.952889Z  WARN mm2_app::race_audio: audio: race cue waypoint: no wave matches stem "waypoint"
2026-10-04T05:49:56.039614Z  INFO mm2_app::scripted: scripted player started a bounded escape after sustained low-speed throttle tick=72824 escapes=1 position=Vec3(1596.0148, 3.3344212, -96.75505) speed=0.012124789878726006 heading_rad=-2.942492961883545 bearing_rad=0.11963152140378952 route_next=Some(1587) gate=Vec3(1737.772, 2.5551, 403.63333) aim=Vec3(1596.9856, 6.02368, -84.56425)
2026-10-04T05:49:57.035999Z  INFO mm2_app::scripted: scripted player started a bounded escape after sustained low-speed throttle tick=73238 escapes=2 position=Vec3(1595.9415, 3.3245502, -97.63474) speed=0.06187818571925163 heading_rad=-2.8228471279144287 bearing_rad=0.22541473805904388 route_next=Some(1587) gate=Vec3(1737.772, 2.5551, 403.63333) aim=Vec3(1597.0845, 6.02368, -85.42416)
2026-10-04T05:49:58.491782Z  INFO mm2_app::scripted: scripted player started a bounded escape after sustained low-speed throttle tick=73818 escapes=3 position=Vec3(1596.7224, 3.2673173, -106.139984) speed=0.0223514623939991 heading_rad=-2.657473564147949 bearing_rad=0.4504091143608093 route_next=Some(1587) gate=Vec3(1737.772, 2.5551, 403.63333) aim=Vec3(1597.3447, 6.17415, -87.68616)
2026-10-04T05:50:00.938773Z  INFO mm2_app::scripted: scripted player started a bounded escape after sustained low-speed throttle tick=74892 escapes=4 position=Vec3(1594.5902, 3.4415448, -82.20368) speed=0.040815215557813644 heading_rad=-3.1010935306549072 bearing_rad=-0.019038036465644836 route_next=Some(1590) gate=Vec3(1737.772, 2.5551, 403.63333) aim=Vec3(1595.3152, 5.57228, -70.041214)
2026-10-04T05:50:03.138792Z  INFO mm2_app::scripted: scripted player started a bounded escape after sustained low-speed throttle tick=75936 escapes=5 position=Vec3(1593.583, 3.5046759, -73.38373) speed=0.03570694848895073 heading_rad=-3.11084246635437 bearing_rad=-0.0282105952501297 route_next=Some(1592) gate=Vec3(1737.772, 2.5551, 403.63333) aim=Vec3(1594.3009, 5.27134, -61.222027)
2026-10-04T05:50:04.085131Z  INFO mm2_app::scripted: scripted player started a bounded escape after sustained low-speed throttle tick=76350 escapes=6 position=Vec3(1593.5891, 3.501562, -73.3878) speed=0.037801969796419144 heading_rad=-3.114107131958008 bearing_rad=-0.031028257682919502 route_next=Some(1592) gate=Vec3(1737.772, 2.5551, 403.63333) aim=Vec3(1594.3015, 5.27134, -61.22675)
2026-10-04T05:50:05.101048Z  INFO mm2_app::scripted: scripted player started a bounded escape after sustained low-speed throttle tick=76764 escapes=7 position=Vec3(1593.8375, 3.4596987, -78.1953) speed=0.4700707495212555 heading_rad=2.80775785446167 bearing_rad=-0.3964708745479584 route_next=Some(1592) gate=Vec3(1737.772, 2.5551, 403.63333) aim=Vec3(1594.69, 5.42181, -64.60406)
2026-10-04T05:50:06.283286Z  INFO mm2_app::scripted: scripted player re-anchored onto its route after a bounded stuck tick=77288 reanchors=1 position=Vec3(1594.43, 3.4624996, -79.33793) speed=0.02048524282872677 heading_rad=3.0866410732269287 route_next=1589 gate=Vec3(1737.772, 2.5551, 403.63333) landing=Vec3(1597.4321, 6.4613123, -88.44688)
2026-10-04T05:50:06.947575Z  INFO mm2_app::scripted: scripted player started a bounded escape after sustained low-speed throttle tick=77574 escapes=8 position=Vec3(1597.5381, 4.988674, -87.88862) speed=-0.03909565508365631 heading_rad=2.947598695755005 bearing_rad=-0.06539729237556458 route_next=Some(1589) gate=Vec3(1737.772, 2.5551, 403.63333) aim=Vec3(1595.999, 5.72275, -75.98653)
2026-10-04T05:50:07.898912Z  INFO mm2_app::scripted: scripted player started a bounded escape after sustained low-speed throttle tick=77988 escapes=9 position=Vec3(1598.142, 5.40217, -90.475464) speed=0.07651042938232422 heading_rad=-2.9350688457489014 bearing_rad=0.3599507510662079 route_next=Some(1589) gate=Vec3(1737.772, 2.5551, 403.63333) aim=Vec3(1596.2828, 5.87321, -78.45332)
2026-10-04T05:50:10.151083Z  INFO mm2_app::scripted: scripted player started a bounded escape after sustained low-speed throttle tick=78982 escapes=10 position=Vec3(1594.0823, 4.5412865, -55.425224) speed=-0.026088204234838486 heading_rad=2.878430128097534 bearing_rad=-0.11157362908124924 route_next=Some(1596) gate=Vec3(1737.772, 2.5551, 403.63333) aim=Vec3(1592.2689, 4.66947, -43.554676)
2026-10-04T05:50:11.774505Z  INFO mm2_app::scripted: scripted player started a bounded escape after sustained low-speed throttle tick=79692 escapes=11 position=Vec3(1593.8528, 4.4480786, -55.6025) speed=-0.03900142386555672 heading_rad=3.0166046619415283 bearing_rad=0.005932542961090803 route_next=Some(1596) gate=Vec3(1737.772, 2.5551, 403.63333) aim=Vec3(1592.286, 4.66947, -43.703598)
2026-10-04T05:50:12.710788Z  INFO mm2_app::scripted: scripted player started a bounded escape after sustained low-speed throttle tick=80106 escapes=12 position=Vec3(1593.8379, 4.4430637, -55.615776) speed=0.01612021028995514 heading_rad=3.023791551589966 bearing_rad=0.011757798492908478 route_next=Some(1596) gate=Vec3(1737.772, 2.5551, 403.63333) aim=Vec3(1592.2874, 4.66947, -43.714996)
2026-10-04T05:50:13.830610Z  INFO mm2_app::scripted: scripted player re-anchored onto its route after a bounded stuck tick=80594 reanchors=2 position=Vec3(1594.0002, 4.6463184, -49.45462) speed=8.696619033813477 heading_rad=3.0394227504730225 route_next=1596 gate=Vec3(1737.772, 2.5551, 403.63333) landing=Vec3(1593.8754, 5.4533415, -57.521706)
2026-10-04T05:50:15.068229Z  INFO mm2_app::scripted: scripted player started a bounded escape after sustained low-speed throttle tick=81130 escapes=13 position=Vec3(1593.525, 4.4034367, -52.651455) speed=0.009747153148055077 heading_rad=3.0101141929626465 bearing_rad=0.0004041874490212649 route_next=Some(1597) gate=Vec3(1737.772, 2.5551, 403.63333) aim=Vec3(1591.9468, 4.66947, -40.75386)
2026-10-04T05:50:26.788815Z  WARN mm2_app::race_audio: audio: race cue waypoint: no wave matches stem "waypoint"
2026-10-04T05:50:38.163062Z  WARN mm2_app::race_audio: audio: race cue waypoint: no wave matches stem "waypoint"
2026-10-04T05:50:50.490701Z  WARN mm2_app::race_audio: audio: race cue waypoint: no wave matches stem "waypoint"
2026-10-04T05:51:01.802311Z  WARN mm2_app::race_audio: audio: race cue waypoint: no wave matches stem "waypoint"
2026-10-04T05:51:12.841146Z  WARN mm2_app::race_audio: audio: race cue waypoint: no wave matches stem "waypoint"
2026-10-04T05:51:23.210780Z  WARN mm2_app::race_audio: audio: race cue waypoint: no wave matches stem "waypoint"
2026-10-04T05:51:35.903125Z  WARN mm2_app::race_audio: audio: race cue waypoint: no wave matches stem "waypoint"
2026-10-04T05:51:43.085164Z  WARN mm2_app::race_audio: audio: race cue waypoint: no wave matches stem "waypoint"
2026-10-04T05:51:56.356376Z  WARN mm2_app::race_audio: audio: race cue waypoint: no wave matches stem "waypoint"
2026-10-04T05:52:03.114922Z  INFO mm2_app::scripted: scripted player started a bounded escape after sustained low-speed throttle tick=134918 escapes=14 position=Vec3(-1190.2723, 16.963417, -418.58795) speed=0.011791138909757137 heading_rad=0.10082736611366272 bearing_rad=1.6121971607208252 route_next=Some(2747) gate=Vec3(-967.3199, 19.11448, -442.48383) aim=Vec3(-1187.2773, 16.95664, -418.76614)
2026-10-04T05:52:08.507547Z  WARN mm2_app::race_audio: audio: race cue waypoint: no wave matches stem "waypoint"
2026-10-04T05:52:19.068501Z  WARN mm2_app::race_audio: audio: race cue waypoint: no wave matches stem "waypoint"
2026-10-04T05:52:28.902288Z  WARN mm2_app::race_audio: audio: race cue lastwaypoint: no wave matches stem "lastwaypoint"
2026-10-04T05:52:38.904109Z  INFO mm2_app::scripted: scripted player started a bounded escape after sustained low-speed throttle tick=153612 escapes=15 position=Vec3(-216.8264, 8.364263, -97.72205) speed=0.01664997823536396 heading_rad=-1.047196626663208 bearing_rad=-0.6711467504501343 route_next=Some(3142) gate=Vec3(-260.78107, 9.19056, -152.51883) aim=Vec3(-212.37744, 8.39324, -108.989815)
2026-10-04T05:52:39.761809Z  INFO mm2_app::scripted: scripted player started a bounded escape after sustained low-speed throttle tick=154026 escapes=16 position=Vec3(-216.95358, 8.358652, -97.75258) speed=0.01592097245156765 heading_rad=-0.9273384809494019 bearing_rad=-0.5406098961830139 route_next=Some(3142) gate=Vec3(-260.78107, 9.19056, -152.51883) aim=Vec3(-212.37753, 8.39324, -108.98943)
2026-10-04T05:52:40.626403Z  INFO mm2_app::scripted: scripted player started a bounded escape after sustained low-speed throttle tick=154440 escapes=17 position=Vec3(-216.86975, 8.34965, -97.71182) speed=0.009192504920065403 heading_rad=-0.9415873885154724 bearing_rad=-0.5622929930686951 route_next=Some(3142) gate=Vec3(-260.78107, 9.19056, -152.51883) aim=Vec3(-212.38222, 8.39324, -108.97021)
2026-10-04T05:52:41.541145Z  INFO mm2_app::scripted: scripted player started a bounded escape after sustained low-speed throttle tick=154854 escapes=18 position=Vec3(-217.28606, 8.3526945, -97.47404) speed=0.007053300738334656 heading_rad=-0.8820281028747559 bearing_rad=-0.4743995666503906 route_next=Some(3142) gate=Vec3(-260.78107, 9.19056, -152.51883) aim=Vec3(-212.46007, 8.39324, -108.6501)
2026-10-04T05:52:42.315007Z  INFO mm2_app::scripted: scripted player re-anchored onto its route after a bounded stuck tick=155224 reanchors=3 position=Vec3(-216.82855, 8.353462, -97.693245) speed=0.021233711391687393 heading_rad=-0.9235427975654602 route_next=3140 gate=Vec3(-260.78107, 9.19056, -152.51883) landing=Vec3(-217.11081, 8.559606, -89.52867)
2026-10-04T05:52:43.291809Z  INFO mm2_app::scripted: scripted player started a bounded escape after sustained low-speed throttle tick=155634 escapes=19 position=Vec3(-215.69655, 8.333518, -97.26626) speed=-0.011722037568688393 heading_rad=-0.5774779915809631 bearing_rad=-0.30103766918182373 route_next=Some(3142) gate=Vec3(-260.78107, 9.19056, -152.51883) aim=Vec3(-212.419, 8.39324, -108.81893)
2026-10-04T05:52:44.318008Z  INFO mm2_app::scripted: scripted player started a bounded escape after sustained low-speed throttle tick=156048 escapes=20 position=Vec3(-217.26817, 8.288918, -96.28567) speed=0.0036865444853901863 heading_rad=0.1025187224149704 bearing_rad=0.485903263092041 route_next=Some(3142) gate=Vec3(-260.78107, 9.19056, -152.51883) aim=Vec3(-212.73196, 8.39324, -107.53221)
2026-10-04T05:52:45.167675Z  INFO mm2_app::scripted: scripted player started a bounded escape after sustained low-speed throttle tick=156462 escapes=21 position=Vec3(-217.0627, 8.291911, -96.2333) speed=-0.008777490817010403 heading_rad=-0.00014632723468821496 bearing_rad=0.3658948242664337 route_next=Some(3142) gate=Vec3(-260.78107, 9.19056, -152.51883) aim=Vec3(-212.73251, 8.39324, -107.52995)
2026-10-04T05:52:45.996249Z  INFO mm2_app::scripted: scripted player started a bounded escape after sustained low-speed throttle tick=156876 escapes=22 position=Vec3(-217.04478, 8.292032, -96.254814) speed=0.0011097844690084457 heading_rad=0.026763347908854485 bearing_rad=0.3917939066886902 route_next=Some(3142) gate=Vec3(-260.78107, 9.19056, -152.51883) aim=Vec3(-212.72658, 8.39324, -107.554375)
2026-10-04T05:52:46.290016Z  INFO mm2_app::scripted: scripted player re-anchored onto its route after a bounded stuck tick=157024 reanchors=4 position=Vec3(-217.03099, 8.316844, -96.016014) speed=0.007943082600831985 heading_rad=-0.02301090955734253 route_next=3140 gate=Vec3(-260.78107, 9.19056, -152.51883) landing=Vec3(-217.50728, 8.539585, -87.89863)
2026-10-04T05:52:47.178395Z  INFO mm2_app::scripted: scripted player started a bounded escape after sustained low-speed throttle tick=157452 escapes=23 position=Vec3(-215.83118, 8.332556, -97.29439) speed=0.020115377381443977 heading_rad=-0.6568317413330078 bearing_rad=-0.3689587712287903 route_next=Some(3142) gate=Vec3(-260.78107, 9.19056, -152.51883) aim=Vec3(-212.42007, 8.39324, -108.814575)
2026-10-04T05:52:48.029521Z  INFO mm2_app::scripted: scripted player started a bounded escape after sustained low-speed throttle tick=157874 escapes=24 position=Vec3(-216.46974, 8.3246, -97.0663) speed=0.04147477447986603 heading_rad=-0.3909904360771179 bearing_rad=-0.0561615489423275 route_next=Some(3142) gate=Vec3(-260.78107, 9.19056, -152.51883) aim=Vec3(-212.50812, 8.39324, -108.45259)
2026-10-04T05:52:48.964138Z  INFO mm2_app::scripted: scripted player started a bounded escape after sustained low-speed throttle tick=158338 escapes=25 position=Vec3(-214.8936, 8.36725, -96.6902) speed=-0.015105199068784714 heading_rad=-0.8845247626304626 bearing_rad=-0.6844101548194885 route_next=Some(3142) gate=Vec3(-260.78107, 9.19056, -152.51883) aim=Vec3(-212.50645, 8.39324, -108.459435)
2026-10-04T05:52:49.893978Z  INFO mm2_app::scripted: scripted player started a bounded escape after sustained low-speed throttle tick=158798 escapes=26 position=Vec3(-216.04083, 8.338382, -97.44881) speed=-0.004828532692044973 heading_rad=-0.42066431045532227 bearing_rad=-0.1128440648317337 route_next=Some(3142) gate=Vec3(-260.78107, 9.19056, -152.51883) aim=Vec3(-212.39632, 8.39324, -108.912224)
2026-10-04T05:52:50.408251Z  INFO mm2_app::scripted: scripted player re-anchored onto its route after a bounded stuck tick=159054 reanchors=5 position=Vec3(-215.55887, 8.3171215, -96.43891) speed=2.5678482055664063 heading_rad=-0.9395530223846436 route_next=3140 gate=Vec3(-260.78107, 9.19056, -152.51883) landing=Vec3(-217.32794, 8.548641, -88.63596)
2026-10-04T05:52:51.257234Z  INFO mm2_app::scripted: scripted player started a bounded escape after sustained low-speed throttle tick=159474 escapes=27 position=Vec3(-215.73396, 8.332835, -97.27346) speed=-0.0019868002273142338 heading_rad=-0.5986523628234863 bearing_rad=-0.31904610991477966 route_next=Some(3142) gate=Vec3(-260.78107, 9.19056, -152.51883) aim=Vec3(-212.41945, 8.39324, -108.81714)
2026-10-04T05:52:52.118897Z  INFO mm2_app::scripted: scripted player started a bounded escape after sustained low-speed throttle tick=159888 escapes=28 position=Vec3(-217.16512, 8.289855, -96.24617) speed=-0.008649934083223343 heading_rad=0.01698528416454792 bearing_rad=0.39142462611198425 route_next=Some(3142) gate=Vec3(-260.78107, 9.19056, -152.51883) aim=Vec3(-212.73529, 8.39324, -107.518585)
2026-10-04T05:52:52.944106Z  INFO mm2_app::scripted: scripted player started a bounded escape after sustained low-speed throttle tick=160302 escapes=29 position=Vec3(-216.87373, 8.37425, -96.62448) speed=-0.0009774677455425262 heading_rad=-0.20061911642551422 bearing_rad=0.15793989598751068 route_next=Some(3142) gate=Vec3(-260.78107, 9.19056, -152.51883) aim=Vec3(-212.63214, 8.39324, -107.94268)
2026-10-04T05:52:53.777259Z  INFO mm2_app::scripted: scripted player started a bounded escape after sustained low-speed throttle tick=160716 escapes=30 position=Vec3(-216.99887, 8.308168, -95.64774) speed=0.009462145157158375 heading_rad=0.0715741440653801 bearing_rad=0.421151340007782 route_next=Some(3142) gate=Vec3(-260.78107, 9.19056, -152.51883) aim=Vec3(-212.86342, 8.39324, -106.99175)
2026-10-04T05:52:54.534538Z  INFO mm2_app::scripted: scripted player re-anchored onto its route after a bounded stuck tick=161088 reanchors=6 position=Vec3(-212.43811, 8.285923, -94.89242) speed=6.932336330413818 heading_rad=-0.6418457627296448 route_next=3140 gate=Vec3(-260.78107, 9.19056, -152.51883) landing=Vec3(-217.50877, 8.53951, -87.89248)
2026-10-04T05:52:55.433176Z  INFO mm2_app::scripted: scripted player started a bounded escape after sustained low-speed throttle tick=161516 escapes=31 position=Vec3(-215.84932, 8.3328085, -97.29788) speed=0.013670608401298523 heading_rad=-0.6690122485160828 bearing_rad=-0.37960439920425415 route_next=Some(3142) gate=Vec3(-260.78107, 9.19056, -152.51883) aim=Vec3(-212.42027, 8.39324, -108.81371)
2026-10-04T05:52:56.502433Z  INFO mm2_app::scripted: scripted player started a bounded escape after sustained low-speed throttle tick=161984 escapes=32 position=Vec3(-216.32016, 8.338635, -97.61337) speed=0.002625584602355957 heading_rad=-0.4406736195087433 bearing_rad=-0.10716994106769562 route_next=Some(3142) gate=Vec3(-260.78107, 9.19056, -152.51883) aim=Vec3(-212.37413, 8.39324, -109.003456)
2026-10-04T05:52:57.424433Z  INFO mm2_app::scripted: scripted player started a bounded escape after sustained low-speed throttle tick=162444 escapes=33 position=Vec3(-215.29369, 8.328547, -96.91736) speed=0.03308369219303131 heading_rad=-0.8484116792678833 bearing_rad=-0.6114453077316284 route_next=Some(3142) gate=Vec3(-260.78107, 9.19056, -152.51883) aim=Vec3(-212.47662, 8.39324, -108.58203)
2026-10-04T05:52:58.319707Z  INFO mm2_app::scripted: scripted player started a bounded escape after sustained low-speed throttle tick=162870 escapes=34 position=Vec3(-216.27773, 8.333279, -97.34914) speed=1.2015330791473389 heading_rad=-0.3481319546699524 bearing_rad=-0.02319718711078167 route_next=Some(3142) gate=Vec3(-260.78107, 9.19056, -152.51883) aim=Vec3(-212.43243, 8.39324, -108.763725)
2026-10-04T05:52:58.841989Z  INFO mm2_app::scripted: scripted player re-anchored onto its route after a bounded stuck tick=163118 reanchors=7 position=Vec3(-215.5311, 8.312087, -96.0293) speed=2.4528298377990723 heading_rad=-1.0673991441726685 route_next=3140 gate=Vec3(-260.78107, 9.19056, -152.51883) landing=Vec3(-217.42046, 8.543969, -88.2556)
2026-10-04T05:52:59.757845Z  INFO mm2_app::scripted: scripted player started a bounded escape after sustained low-speed throttle tick=163542 escapes=35 position=Vec3(-215.84322, 8.332766, -97.29834) speed=0.015346527099609375 heading_rad=-0.663052499294281 bearing_rad=-0.3741288185119629 route_next=Some(3142) gate=Vec3(-260.78107, 9.19056, -152.51883) aim=Vec3(-212.41983, 8.39324, -108.815544)
2026-10-04T05:53:00.658746Z  INFO mm2_app::scripted: scripted player started a bounded escape after sustained low-speed throttle tick=163964 escapes=36 position=Vec3(-216.31651, 8.336621, -97.6024) speed=-0.012319358065724373 heading_rad=-0.4309461712837219 bearing_rad=-0.09794957935810089 route_next=Some(3142) gate=Vec3(-260.78107, 9.19056, -152.51883) aim=Vec3(-212.37645, 8.39324, -108.993935)
2026-10-04T05:53:01.625648Z  INFO mm2_app::scripted: scripted player started a bounded escape after sustained low-speed throttle tick=164424 escapes=37 position=Vec3(-215.24553, 8.327168, -96.89023) speed=0.0329129621386528 heading_rad=-0.8558005094528198 bearing_rad=-0.6232677102088928 route_next=Some(3142) gate=Vec3(-260.78107, 9.19056, -152.51883) aim=Vec3(-212.48016, 8.39324, -108.567474)
2026-10-04T05:53:02.699412Z  INFO mm2_app::scripted: scripted player started a bounded escape after sustained low-speed throttle tick=164910 escapes=38 position=Vec3(-216.26758, 8.337495, -97.541885) speed=0.030348362401127815 heading_rad=-0.3834502696990967 bearing_rad=-0.05556381493806839 route_next=Some(3142) gate=Vec3(-260.78107, 9.19056, -152.51883) aim=Vec3(-212.3876, 8.39324, -108.94804)
2026-10-04T05:53:03.204883Z  INFO mm2_app::scripted: scripted player re-anchored onto its route after a bounded stuck tick=165148 reanchors=8 position=Vec3(-215.90263, 8.313775, -96.18718) speed=2.0177741050720215 heading_rad=-0.990840494632721 route_next=3140 gate=Vec3(-260.78107, 9.19056, -152.51883) landing=Vec3(-217.40494, 8.544752, -88.31935)
2026-10-04T05:53:04.113241Z  INFO mm2_app::scripted: scripted player started a bounded escape after sustained low-speed throttle tick=165572 escapes=39 position=Vec3(-215.78258, 8.332287, -97.28267) speed=0.0013610073365271091 heading_rad=-0.6282833218574524 bearing_rad=-0.34456658363342285 route_next=Some(3142) gate=Vec3(-260.78107, 9.19056, -152.51883) aim=Vec3(-212.42004, 8.39324, -108.814674)
2026-10-04T05:53:05.017197Z  INFO mm2_app::scripted: scripted player started a bounded escape after sustained low-speed throttle tick=165992 escapes=40 position=Vec3(-216.48499, 8.321368, -96.96411) speed=0.053258173167705536 heading_rad=-0.3325655162334442 bearing_rad=0.0014931600308045745 route_next=Some(3142) gate=Vec3(-260.78107, 9.19056, -152.51883) aim=Vec3(-212.53242, 8.39324, -108.35261)
2026-10-04T05:53:06.010122Z  INFO mm2_app::scripted: scripted player started a bounded escape after sustained low-speed throttle tick=166454 escapes=41 position=Vec3(-214.84093, 8.319779, -96.685356) speed=-0.006118170451372862 heading_rad=-0.8022862672805786 bearing_rad=-0.6065248847007751 route_next=Some(3142) gate=Vec3(-260.78107, 9.19056, -152.51883) aim=Vec3(-212.50462, 8.39324, -108.46696)
2026-10-04T05:53:07.054996Z  INFO mm2_app::scripted: scripted player started a bounded escape after sustained low-speed throttle tick=166940 escapes=42 position=Vec3(-215.67361, 8.33247, -97.288086) speed=-0.007569676265120506 heading_rad=-0.46678072214126587 bearing_rad=-0.19176620244979858 route_next=Some(3142) gate=Vec3(-260.78107, 9.19056, -152.51883) aim=Vec3(-212.41272, 8.39324, -108.84481)
2026-10-04T05:53:07.583043Z  INFO mm2_app::scripted: scripted player re-anchored onto its route after a bounded stuck tick=167180 reanchors=9 position=Vec3(-215.57669, 8.311592, -95.95499) speed=2.128326892852783 heading_rad=-0.9603247046470642 route_next=3140 gate=Vec3(-260.78107, 9.19056, -152.51883) landing=Vec3(-217.44006, 8.542979, -88.17497)
2026-10-04T05:53:08.558424Z  INFO mm2_app::scripted: scripted player started a bounded escape after sustained low-speed throttle tick=167606 escapes=43 position=Vec3(-215.83646, 8.332629, -97.29622) speed=0.020944958552718163 heading_rad=-0.6594269871711731 bearing_rad=-0.37109073996543884 route_next=Some(3142) gate=Vec3(-260.78107, 9.19056, -152.51883) aim=Vec3(-212.41994, 8.39324, -108.815094)
2026-10-04T05:53:09.492186Z  INFO mm2_app::scripted: scripted player started a bounded escape after sustained low-speed throttle tick=168026 escapes=44 position=Vec3(-216.31783, 8.33663, -97.60332) speed=0.027703091502189636 heading_rad=-0.43141183257102966 bearing_rad=-0.09829209744930267 route_next=Some(3142) gate=Vec3(-260.78107, 9.19056, -152.51883) aim=Vec3(-212.37631, 8.39324, -108.9945)
2026-10-04T05:53:10.539055Z  INFO mm2_app::scripted: scripted player started a bounded escape after sustained low-speed throttle tick=168486 escapes=45 position=Vec3(-215.24608, 8.327136, -96.890915) speed=0.03291134536266327 heading_rad=-0.8522287011146545 bearing_rad=-0.6196382641792297 route_next=Some(3142) gate=Vec3(-260.78107, 9.19056, -152.51883) aim=Vec3(-212.48004, 8.39324, -108.56799)
2026-10-04T05:53:11.664854Z  INFO mm2_app::scripted: scripted player started a bounded escape after sustained low-speed throttle tick=168984 escapes=46 position=Vec3(-216.26411, 8.3374605, -97.53768) speed=-0.008298620581626892 heading_rad=-0.38007593154907227 bearing_rad=-0.052550308406353 route_next=Some(3142) gate=Vec3(-260.78107, 9.19056, -152.51883) aim=Vec3(-212.38838, 8.39324, -108.94486)
2026-10-04T05:53:12.173733Z  INFO mm2_app::scripted: scripted player re-anchored onto its route after a bounded stuck tick=169210 reanchors=10 position=Vec3(-216.06224, 8.309756, -96.1003) speed=1.8013906478881836 heading_rad=-0.9593914151191711 route_next=3140 gate=Vec3(-260.78107, 9.19056, -152.51883) landing=Vec3(-217.4338, 8.543295, -88.20067)
2026-10-04T05:53:13.141068Z  INFO mm2_app::scripted: scripted player started a bounded escape after sustained low-speed throttle tick=169634 escapes=47 position=Vec3(-215.79282, 8.332966, -97.28832) speed=-0.008171198889613152 heading_rad=-0.6307740807533264 bearing_rad=-0.34611955285072327 route_next=Some(3142) gate=Vec3(-260.78107, 9.19056, -152.51883) aim=Vec3(-212.41933, 8.39324, -108.81766)
2026-10-04T05:53:14.076809Z  INFO mm2_app::scripted: scripted player started a bounded escape after sustained low-speed throttle tick=170052 escapes=48 position=Vec3(-216.51315, 8.321334, -96.94619) speed=0.026095286011695862 heading_rad=-0.3345192074775696 bearing_rad=0.0014490842586383224 route_next=Some(3142) gate=Vec3(-260.78107, 9.19056, -152.51883) aim=Vec3(-212.53812, 8.39324, -108.32922)
2026-10-04T05:53:15.207452Z  INFO mm2_app::scripted: scripted player started a bounded escape after sustained low-speed throttle tick=170514 escapes=49 position=Vec3(-214.89337, 8.320672, -96.715485) speed=0.033915720880031586 heading_rad=-0.7933275699615479 bearing_rad=-0.5927334427833557 route_next=Some(3142) gate=Vec3(-260.78107, 9.19056, -152.51883) aim=Vec3(-212.50063, 8.39324, -108.48336)
2026-10-04T05:53:16.389963Z  INFO mm2_app::scripted: scripted player started a bounded escape after sustained low-speed throttle tick=170992 escapes=50 position=Vec3(-215.75772, 8.333653, -97.33167) speed=0.008582603186368942 heading_rad=-0.4650932848453522 bearing_rad=-0.18242254853248596 route_next=Some(3142) gate=Vec3(-260.78107, 9.19056, -152.51883) aim=Vec3(-212.40741, 8.39324, -108.866646)
2026-10-04T05:53:17.033563Z  INFO mm2_app::scripted: scripted player re-anchored onto its route after a bounded stuck tick=171240 reanchors=11 position=Vec3(-215.5138, 8.312967, -96.121025) speed=2.39459228515625 heading_rad=-0.9636639952659607 route_next=3140 gate=Vec3(-260.78107, 9.19056, -152.51883) landing=Vec3(-217.39842, 8.545082, -88.346176)
2026-10-04T05:53:18.013591Z  INFO mm2_app::scripted: scripted player started a bounded escape after sustained low-speed throttle tick=171664 escapes=51 position=Vec3(-215.81567, 8.332378, -97.2911) speed=0.017241783440113068 heading_rad=-0.6469579339027405 bearing_rad=-0.36040106415748596 route_next=Some(3142) gate=Vec3(-260.78107, 9.19056, -152.51883) aim=Vec3(-212.41995, 8.39324, -108.81503)
2026-10-04T05:53:18.964277Z  INFO mm2_app::scripted: scripted player started a bounded escape after sustained low-speed throttle tick=172084 escapes=52 position=Vec3(-216.50076, 8.322325, -97.006546) speed=0.05036550015211105 heading_rad=-0.3692306876182556 bearing_rad=-0.033078327775001526 route_next=Some(3142) gate=Vec3(-260.78107, 9.19056, -152.51883) aim=Vec3(-212.52356, 8.39324, -108.38905)
2026-10-04T05:53:20.005095Z  INFO mm2_app::scripted: scripted player started a bounded escape after sustained low-speed throttle tick=172546 escapes=53 position=Vec3(-214.90024, 8.320821, -96.711716) speed=0.03353080898523331 heading_rad=-0.8262147307395935 bearing_rad=-0.6251398324966431 route_next=Some(3142) gate=Vec3(-260.78107, 9.19056, -152.51883) aim=Vec3(-212.50188, 8.39324, -108.478226)
2026-10-04T05:53:21.117066Z  INFO mm2_app::scripted: scripted player started a bounded escape after sustained low-speed throttle tick=173032 escapes=54 position=Vec3(-215.7806, 8.335747, -97.33398) speed=0.008764315396547318 heading_rad=-0.48238712549209595 bearing_rad=-0.19782282412052155 route_next=Some(3142) gate=Vec3(-260.78107, 9.19056, -152.51883) aim=Vec3(-212.40816, 8.39324, -108.86357)
2026-10-04T05:53:21.654782Z  INFO mm2_app::scripted: scripted player re-anchored onto its route after a bounded stuck tick=173272 reanchors=12 position=Vec3(-215.6606, 8.312127, -95.97218) speed=2.1003191471099854 heading_rad=-0.9997217059135437 route_next=3140 gate=Vec3(-260.78107, 9.19056, -152.51883) landing=Vec3(-217.4408, 8.542942, -88.171936)
2026-10-04T05:53:22.595643Z  INFO mm2_app::scripted: scripted player started a bounded escape after sustained low-speed throttle tick=173696 escapes=55 position=Vec3(-215.82385, 8.332518, -97.27837) speed=0.012555254623293877 heading_rad=-0.668315589427948 bearing_rad=-0.38134869933128357 route_next=Some(3142) gate=Vec3(-260.78107, 9.19056, -152.51883) aim=Vec3(-212.42334, 8.39324, -108.80114)
2026-10-04T05:53:23.566061Z  INFO mm2_app::scripted: scripted player started a bounded escape after sustained low-speed throttle tick=174116 escapes=56 position=Vec3(-216.50157, 8.323194, -97.035675) speed=-0.002866897266358137 heading_rad=-0.3880792558193207 bearing_rad=-0.0512942336499691 route_next=Some(3142) gate=Vec3(-260.78107, 9.19056, -152.51883) aim=Vec3(-212.51692, 8.39324, -108.41637)
2026-10-04T05:53:24.623077Z  INFO mm2_app::scripted: scripted player started a bounded escape after sustained low-speed throttle tick=174578 escapes=57 position=Vec3(-214.90512, 8.320673, -96.71108) speed=0.035147521644830704 heading_rad=-0.8436769843101501 bearing_rad=-0.6422191262245178 route_next=Some(3142) gate=Vec3(-260.78107, 9.19056, -152.51883) aim=Vec3(-212.50229, 8.39324, -108.47651)
2026-10-04T05:53:25.709326Z  INFO mm2_app::scripted: scripted player started a bounded escape after sustained low-speed throttle tick=175060 escapes=58 position=Vec3(-215.78961, 8.33726, -97.33535) speed=0.02123587764799595 heading_rad=-0.4890768826007843 bearing_rad=-0.2037564218044281 route_next=Some(3142) gate=Vec3(-260.78107, 9.19056, -152.51883) aim=Vec3(-212.40834, 8.39324, -108.86279)
2026-10-04T05:53:26.251898Z  INFO mm2_app::scripted: scripted player re-anchored onto its route after a bounded stuck tick=175302 reanchors=13 position=Vec3(-215.62883, 8.312291, -96.00619) speed=2.198967456817627 heading_rad=-1.0047389268875122 route_next=3140 gate=Vec3(-260.78107, 9.19056, -152.51883) landing=Vec3(-217.43121, 8.543426, -88.21134)
2026-10-04T05:53:27.203410Z  INFO mm2_app::scripted: scripted player started a bounded escape after sustained low-speed throttle tick=175726 escapes=59 position=Vec3(-215.77078, 8.332129, -97.27789) speed=0.030579514801502228 heading_rad=-0.6238228678703308 bearing_rad=-0.3411535620689392 route_next=Some(3142) gate=Vec3(-260.78107, 9.19056, -152.51883) aim=Vec3(-212.42049, 8.39324, -108.812874)
2026-10-04T05:53:28.158080Z  INFO mm2_app::scripted: scripted player started a bounded escape after sustained low-speed throttle tick=176146 escapes=60 position=Vec3(-216.48631, 8.32236, -96.94042) speed=0.030157867819070816 heading_rad=-0.31456759572029114 bearing_rad=0.019134381785988808 route_next=Some(3142) gate=Vec3(-260.78107, 9.19056, -152.51883) aim=Vec3(-212.53795, 8.39324, -108.32994)
2026-10-04T05:53:29.151000Z  INFO mm2_app::scripted: scripted player started a bounded escape after sustained low-speed throttle tick=176608 escapes=61 position=Vec3(-214.86076, 8.319978, -96.69988) speed=0.034260980784893036 heading_rad=-0.7863976359367371 bearing_rad=-0.5887473225593567 route_next=Some(3142) gate=Vec3(-260.78107, 9.19056, -152.51883) aim=Vec3(-212.5024, 8.39324, -108.47612)
2026-10-04T05:53:30.234128Z  INFO mm2_app::scripted: scripted player started a bounded escape after sustained low-speed throttle tick=177098 escapes=62 position=Vec3(-215.661, 8.33242, -97.28158) speed=-0.004303866997361183 heading_rad=-0.46709397435188293 bearing_rad=-0.19322817027568817 route_next=Some(3142) gate=Vec3(-260.78107, 9.19056, -152.51883) aim=Vec3(-212.41351, 8.39324, -108.84156)
2026-10-04T05:53:30.731501Z  INFO mm2_app::scripted: scripted player re-anchored onto its route after a bounded stuck tick=177332 reanchors=14 position=Vec3(-215.66916, 8.309668, -95.91197) speed=1.9626730680465698 heading_rad=-0.9316486120223999 route_next=3140 gate=Vec3(-260.78107, 9.19056, -152.51883) landing=Vec3(-217.45511, 8.542219, -88.11313)
2026-10-04T05:53:31.646642Z  INFO mm2_app::scripted: scripted player started a bounded escape after sustained low-speed throttle tick=177758 escapes=63 position=Vec3(-215.83354, 8.332367, -97.28162) speed=0.028740914538502693 heading_rad=-0.672919750213623 bearing_rad=-0.3851057291030884 route_next=Some(3142) gate=Vec3(-260.78107, 9.19056, -152.51883) aim=Vec3(-212.42313, 8.39324, -108.80198)
2026-10-04T05:53:32.679848Z  INFO mm2_app::scripted: scripted player started a bounded escape after sustained low-speed throttle tick=178230 escapes=64 position=Vec3(-216.3204, 8.33777, -97.61211) speed=-0.0028481977060437202 heading_rad=-0.4391459822654724 bearing_rad=-0.10564753413200378 route_next=Some(3142) gate=Vec3(-260.78107, 9.19056, -152.51883) aim=Vec3(-212.37444, 8.39324, -109.002205)
2026-10-04T05:53:33.664438Z  INFO mm2_app::scripted: scripted player started a bounded escape after sustained low-speed throttle tick=178692 escapes=65 position=Vec3(-215.25186, 8.327879, -96.89416) speed=-0.006295417435467243 heading_rad=-0.8567478060722351 bearing_rad=-0.6236249208450317 route_next=Some(3142) gate=Vec3(-260.78107, 9.19056, -152.51883) aim=Vec3(-212.47961, 8.39324, -108.56973)
2026-10-04T05:53:34.700897Z  INFO mm2_app::scripted: scripted player started a bounded escape after sustained low-speed throttle tick=179170 escapes=66 position=Vec3(-216.26614, 8.337775, -97.540726) speed=-0.011943012475967407 heading_rad=-0.38265231251716614 bearing_rad=-0.054903544485569 route_next=Some(3142) gate=Vec3(-260.78107, 9.19056, -152.51883) aim=Vec3(-212.38779, 8.39324, -108.94727)
2026-10-04T05:53:35.108033Z  INFO mm2_app::scripted: scripted player re-anchored onto its route after a bounded stuck tick=179362 reanchors=15 position=Vec3(-216.49777, 8.299802, -95.97344) speed=1.1129199266433716 heading_rad=-0.8425012826919556 route_next=3140 gate=Vec3(-260.78107, 9.19056, -152.51883) landing=Vec3(-217.48726, 8.540595, -87.98088)
2026-10-04T05:53:36.052554Z  INFO mm2_app::scripted: scripted player started a bounded escape after sustained low-speed throttle tick=179790 escapes=67 position=Vec3(-215.8189, 8.33256, -97.287605) speed=0.022558245807886124 heading_rad=-0.6538991332054138 bearing_rad=-0.3671517074108124 route_next=Some(3142) gate=Vec3(-260.78107, 9.19056, -152.51883) aim=Vec3(-212.42094, 8.39324, -108.811)
2026-10-04T05:53:36.957453Z  INFO mm2_app::scripted: scripted player started a bounded escape after sustained low-speed throttle tick=180210 escapes=68 position=Vec3(-216.51154, 8.322181, -97.00623) speed=-0.011186002753674984 heading_rad=-0.3744124174118042 bearing_rad=-0.03740325942635536 route_next=Some(3142) gate=Vec3(-260.78107, 9.19056, -152.51883) aim=Vec3(-212.52425, 8.39324, -108.386284)
2026-10-04T05:53:37.936580Z  INFO mm2_app::scripted: scripted player started a bounded escape after sustained low-speed throttle tick=180672 escapes=69 position=Vec3(-214.9118, 8.321034, -96.71632) speed=0.03410843014717102 heading_rad=-0.8350562453269958 bearing_rad=-0.6329554319381714 route_next=Some(3142) gate=Vec3(-260.78107, 9.19056, -152.51883) aim=Vec3(-212.50146, 8.39324, -108.47991)
2026-10-04T05:53:38.987167Z  INFO mm2_app::scripted: scripted player started a bounded escape after sustained low-speed throttle tick=181158 escapes=70 position=Vec3(-215.77867, 8.335713, -97.33379) speed=0.009075957350432873 heading_rad=-0.48102572560310364 bearing_rad=-0.1966194063425064 route_next=Some(3142) gate=Vec3(-260.78107, 9.19056, -152.51883) aim=Vec3(-212.40808, 8.39324, -108.86384)
2026-10-04T05:53:39.486151Z  INFO mm2_app::scripted: scripted player re-anchored onto its route after a bounded stuck tick=181392 reanchors=16 position=Vec3(-215.75864, 8.310627, -95.99025) speed=1.9727003574371338 heading_rad=-0.9520416259765625 route_next=3140 gate=Vec3(-260.78107, 9.19056, -152.51883) landing=Vec3(-217.44212, 8.542874, -88.16648)
2026-10-04T05:53:40.440728Z  INFO mm2_app::scripted: scripted player started a bounded escape after sustained low-speed throttle tick=181834 escapes=71 position=Vec3(-215.78265, 8.331979, -97.278305) speed=0.009797187522053719 heading_rad=-0.6332289576530457 bearing_rad=-0.3495916724205017 route_next=Some(3142) gate=Vec3(-260.78107, 9.19056, -152.51883) aim=Vec3(-212.42105, 8.39324, -108.81053)
2026-10-04T05:53:41.327765Z  INFO mm2_app::scripted: scripted player started a bounded escape after sustained low-speed throttle tick=182254 escapes=72 position=Vec3(-216.4946, 8.322463, -96.97045) speed=0.05199148878455162 heading_rad=-0.3406003713607788 bearing_rad=-0.00564693845808506 route_next=Some(3142) gate=Vec3(-260.78107, 9.19056, -152.51883) aim=Vec3(-212.53151, 8.39324, -108.356384)
2026-10-04T05:53:42.300657Z  INFO mm2_app::scripted: scripted player started a bounded escape after sustained low-speed throttle tick=182716 escapes=73 position=Vec3(-214.87106, 8.319933, -96.6999) speed=-0.006377012003213167 heading_rad=-0.8067672848701477 bearing_rad=-0.6082833409309387 route_next=Some(3142) gate=Vec3(-260.78107, 9.19056, -152.51883) aim=Vec3(-212.50296, 8.39324, -108.47376)
2026-10-04T05:53:43.329024Z  INFO mm2_app::scripted: scripted player started a bounded escape after sustained low-speed throttle tick=183194 escapes=74 position=Vec3(-215.75726, 8.331945, -97.330574) speed=0.001500830054283142 heading_rad=-0.4645906984806061 bearing_rad=-0.1819775253534317 route_next=Some(3142) gate=Vec3(-260.78107, 9.19056, -152.51883) aim=Vec3(-212.40762, 8.39324, -108.865715)
2026-10-04T05:53:43.803673Z  INFO mm2_app::scripted: scripted player re-anchored onto its route after a bounded stuck tick=183422 reanchors=17 position=Vec3(-215.8465, 8.3090515, -95.98098) speed=1.8287439346313477 heading_rad=-0.8983493447303772 route_next=3140 gate=Vec3(-260.78107, 9.19056, -152.51883) landing=Vec3(-217.44916, 8.54252, -88.13756)
2026-10-04T05:53:44.724743Z  INFO mm2_app::scripted: scripted player started a bounded escape after sustained low-speed throttle tick=183848 escapes=75 position=Vec3(-215.81575, 8.332304, -97.283966) speed=0.02603110484778881 heading_rad=-0.6551292538642883 bearing_rad=-0.3687068819999695 route_next=Some(3142) gate=Vec3(-260.78107, 9.19056, -152.51883) aim=Vec3(-212.4216, 8.39324, -108.80828)
2026-10-04T05:53:45.609686Z  INFO mm2_app::scripted: scripted player started a bounded escape after sustained low-speed throttle tick=184268 escapes=76 position=Vec3(-216.51517, 8.321629, -96.990456) speed=0.0883357971906662 heading_rad=-0.36599597334861755 bearing_rad=-0.029002360999584198 route_next=Some(3142) gate=Vec3(-260.78107, 9.19056, -152.51883) aim=Vec3(-212.52806, 8.39324, -108.37055)
2026-10-04T05:53:46.579345Z  INFO mm2_app::scripted: scripted player started a bounded escape after sustained low-speed throttle tick=184730 escapes=77 position=Vec3(-214.91713, 8.321072, -96.72139) speed=-0.0067068468779325485 heading_rad=-0.8223565816879272 bearing_rad=-0.6197251081466675 route_next=Some(3142) gate=Vec3(-260.78107, 9.19056, -152.51883) aim=Vec3(-212.5006, 8.39324, -108.48348)
2026-10-04T05:53:47.609793Z  INFO mm2_app::scripted: scripted player started a bounded escape after sustained low-speed throttle tick=185192 escapes=78 position=Vec3(-216.08963, 8.336994, -97.46761) speed=-0.0049264151602983475 heading_rad=-0.4123115837574005 bearing_rad=-0.10019223392009735 route_next=Some(3142) gate=Vec3(-260.78107, 9.19056, -152.51883) aim=Vec3(-212.39473, 8.39324, -108.91878)
2026-10-04T05:53:48.188045Z  INFO mm2_app::scripted: scripted player re-anchored onto its route after a bounded stuck tick=185452 reanchors=18 position=Vec3(-215.4819, 8.317461, -96.47802) speed=2.641878604888916 heading_rad=-0.9503467082977295 route_next=3140 gate=Vec3(-260.78107, 9.19056, -152.51883) landing=Vec3(-217.31467, 8.549312, -88.69056)
2026-10-04T05:53:49.151307Z  INFO mm2_app::scripted: scripted player started a bounded escape after sustained low-speed throttle tick=185872 escapes=79 position=Vec3(-215.73013, 8.332741, -97.26897) speed=0.01480864081531763 heading_rad=-0.6009939312934875 bearing_rad=-0.321785032749176 route_next=Some(3142) gate=Vec3(-260.78107, 9.19056, -152.51883) aim=Vec3(-212.42026, 8.39324, -108.81378)
2026-10-04T05:53:50.198271Z  INFO mm2_app::scripted: scripted player started a bounded escape after sustained low-speed throttle tick=186286 escapes=80 position=Vec3(-217.27525, 8.290193, -96.28073) speed=0.017805704846978188 heading_rad=0.09242041409015656 bearing_rad=0.4762701690196991 route_next=Some(3142) gate=Vec3(-260.78107, 9.19056, -152.51883) aim=Vec3(-212.7335, 8.39324, -107.525925)
2026-10-04T05:53:51.164876Z  INFO mm2_app::scripted: scripted player started a bounded escape after sustained low-speed throttle tick=186700 escapes=81 position=Vec3(-217.06822, 8.291202, -96.21792) speed=0.004868516698479652 heading_rad=-0.01983722299337387 bearing_rad=0.3463456928730011 route_next=Some(3142) gate=Vec3(-260.78107, 9.19056, -152.51883) aim=Vec3(-212.73636, 8.39324, -107.51416)
2026-10-04T05:53:52.079209Z  INFO mm2_app::scripted: scripted player started a bounded escape after sustained low-speed throttle tick=187114 escapes=82 position=Vec3(-217.10622, 8.291777, -96.250336) speed=-0.011166594922542572 heading_rad=0.023158011958003044 bearing_rad=0.392994225025177 route_next=Some(3142) gate=Vec3(-260.78107, 9.19056, -152.51883) aim=Vec3(-212.73103, 8.39324, -107.53604)
2026-10-04T05:53:52.857693Z  INFO mm2_app::scripted: scripted player re-anchored onto its route after a bounded stuck tick=187486 reanchors=19 position=Vec3(-216.86945, 8.365995, -96.58069) speed=0.010723300278186798 heading_rad=-0.16943685710430145 route_next=3140 gate=Vec3(-260.78107, 9.19056, -152.51883) landing=Vec3(-217.36858, 8.546589, -88.468864)
2026-10-04T05:53:53.760630Z  INFO mm2_app::scripted: scripted player started a bounded escape after sustained low-speed throttle tick=187908 escapes=83 position=Vec3(-215.79623, 8.332239, -97.286255) speed=0.017159219831228256 heading_rad=-0.6357147693634033 bearing_rad=-0.35082384943962097 route_next=Some(3142) gate=Vec3(-260.78107, 9.19056, -152.51883) aim=Vec3(-212.41998, 8.39324, -108.81492)
2026-10-04T05:53:54.639156Z  INFO mm2_app::scripted: scripted player started a bounded escape after sustained low-speed throttle tick=188328 escapes=84 position=Vec3(-216.48947, 8.322013, -96.9762) speed=0.022757716476917267 heading_rad=-0.3429226279258728 bearing_rad=-0.008268829435110092 route_next=Some(3142) gate=Vec3(-260.78107, 9.19056, -152.51883) aim=Vec3(-212.5299, 8.39324, -108.36299)
2026-10-04T05:53:55.652874Z  INFO mm2_app::scripted: scripted player started a bounded escape after sustained low-speed throttle tick=188790 escapes=85 position=Vec3(-214.86072, 8.318933, -96.692665) speed=-0.006409552879631519 heading_rad=-0.809284508228302 bearing_rad=-0.6117792725563049 route_next=Some(3142) gate=Vec3(-260.78107, 9.19056, -152.51883) aim=Vec3(-212.50404, 8.39324, -108.469315)
2026-10-04T05:53:56.702819Z  INFO mm2_app::scripted: scripted player started a bounded escape after sustained low-speed throttle tick=189270 escapes=86 position=Vec3(-215.73856, 8.332785, -97.321465) speed=-0.005277538672089577 heading_rad=-0.4652126133441925 bearing_rad=-0.18429099023342133 route_next=Some(3142) gate=Vec3(-260.78107, 9.19056, -152.51883) aim=Vec3(-212.40868, 8.39324, -108.86141)
2026-10-04T05:53:57.193043Z  INFO mm2_app::scripted: scripted player re-anchored onto its route after a bounded stuck tick=189518 reanchors=20 position=Vec3(-215.47206, 8.311743, -96.0219) speed=2.4246318340301514 heading_rad=-1.0019270181655884 route_next=3140 gate=Vec3(-260.78107, 9.19056, -152.51883) landing=Vec3(-217.41885, 8.54405, -88.26217)
2026-10-04T05:53:58.057057Z  INFO mm2_app::scripted: scripted player started a bounded escape after sustained low-speed throttle tick=189942 escapes=87 position=Vec3(-215.81526, 8.332495, -97.29293) speed=0.018741175532341003 heading_rad=-0.6445146799087524 bearing_rad=-0.3579551875591278 route_next=Some(3142) gate=Vec3(-260.78107, 9.19056, -152.51883) aim=Vec3(-212.41951, 8.39324, -108.81686)
2026-10-04T05:53:58.885464Z  INFO mm2_app::scripted: scripted player started a bounded escape after sustained low-speed throttle tick=190362 escapes=88 position=Vec3(-216.5158, 8.321542, -96.97886) speed=0.04274103045463562 heading_rad=-0.3585818409919739 bearing_rad=-0.02176448330283165 route_next=Some(3142) gate=Vec3(-260.78107, 9.19056, -152.51883) aim=Vec3(-212.53076, 8.39324, -108.35946)
2026-10-04T05:53:59.814107Z  INFO mm2_app::scripted: scripted player started a bounded escape after sustained low-speed throttle tick=190824 escapes=89 position=Vec3(-214.91612, 8.321152, -96.723015) speed=0.03542518615722656 heading_rad=-0.8127952814102173 bearing_rad=-0.6102133989334106 route_next=Some(3142) gate=Vec3(-260.78107, 9.19056, -152.51883) aim=Vec3(-212.50017, 8.39324, -108.485245)
2026-10-04T05:54:00.731084Z  INFO mm2_app::scripted: scripted player started a bounded escape after sustained low-speed throttle tick=191282 escapes=90 position=Vec3(-216.02518, 8.33735, -97.42741) speed=-0.00847652368247509 heading_rad=-0.40421250462532043 bearing_rad=-0.09807377308607101 route_next=Some(3142) gate=Vec3(-260.78107, 9.19056, -152.51883) aim=Vec3(-212.40036, 8.39324, -108.895615)
2026-10-04T05:54:01.261214Z  INFO mm2_app::scripted: scripted player re-anchored onto its route after a bounded stuck tick=191550 reanchors=21 position=Vec3(-215.27594, 8.316904, -96.53373) speed=2.8787922859191895 heading_rad=-0.9329561591148376 route_next=3140 gate=Vec3(-260.78107, 9.19056, -152.51883) landing=Vec3(-217.29036, 8.550539, -88.79045)
2026-10-04T05:54:02.104698Z  INFO mm2_app::scripted: scripted player started a bounded escape after sustained low-speed throttle tick=191968 escapes=91 position=Vec3(-215.77617, 8.334255, -97.28877) speed=0.022249696776270866 heading_rad=-0.616664707660675 bearing_rad=-0.3333461880683899 route_next=Some(3142) gate=Vec3(-260.78107, 9.19056, -152.51883) aim=Vec3(-212.41829, 8.39324, -108.82191)
2026-10-04T05:54:02.925946Z  INFO mm2_app::scripted: scripted player started a bounded escape after sustained low-speed throttle tick=192382 escapes=92 position=Vec3(-216.99841, 8.307281, -96.279335) speed=0.03114151582121849 heading_rad=-0.06169877573847771 bearing_rad=0.30011069774627686 route_next=Some(3142) gate=Vec3(-260.78107, 9.19056, -152.51883) aim=Vec3(-212.71835, 8.39324, -107.58818)
2026-10-04T05:54:03.848720Z  INFO mm2_app::scripted: scripted player started a bounded escape after sustained low-speed throttle tick=192834 escapes=93 position=Vec3(-216.11046, 8.336433, -97.507515) speed=0.0034292135387659073 heading_rad=-0.4764787554740906 bearing_rad=-0.16189996898174286 route_next=Some(3142) gate=Vec3(-260.78107, 9.19056, -152.51883) aim=Vec3(-212.38672, 8.39324, -108.95167)
2026-10-04T05:54:04.680473Z  INFO mm2_app::scripted: scripted player started a bounded escape after sustained low-speed throttle tick=193248 escapes=94 position=Vec3(-217.50763, 8.288394, -96.2683) speed=-0.004200160503387451 heading_rad=0.15021516382694244 bearing_rad=0.5521975159645081 route_next=Some(3142) gate=Vec3(-260.78107, 9.19056, -152.51883) aim=Vec3(-212.74933, 8.39324, -107.46083)
2026-10-04T05:54:05.351655Z  INFO mm2_app::scripted: scripted player re-anchored onto its route after a bounded stuck tick=193584 reanchors=22 position=Vec3(-216.62526, 8.365222, -96.38476) speed=1.2522716522216797 heading_rad=-0.23444168269634247 route_next=3140 gate=Vec3(-260.78107, 9.19056, -152.51883) landing=Vec3(-217.39993, 8.545006, -88.33995)
2026-10-04T05:54:06.213252Z  INFO mm2_app::scripted: scripted player started a bounded escape after sustained low-speed throttle tick=194008 escapes=95 position=Vec3(-215.79216, 8.332226, -97.28228) speed=0.012927111238241196 heading_rad=-0.6368696689605713 bearing_rad=-0.3523862063884735 route_next=Some(3142) gate=Vec3(-260.78107, 9.19056, -152.51883) aim=Vec3(-212.42067, 8.39324, -108.8121)
2026-10-04T05:54:07.056226Z  INFO mm2_app::scripted: scripted player started a bounded escape after sustained low-speed throttle tick=194428 escapes=96 position=Vec3(-216.5395, 8.323884, -96.97312) speed=0.0002207104116678238 heading_rad=-0.36343061923980713 bearing_rad=-0.024823669344186783 route_next=Some(3142) gate=Vec3(-260.78107, 9.19056, -152.51883) aim=Vec3(-212.5334, 8.39324, -108.348595)
2026-10-04T05:54:07.977758Z  INFO mm2_app::scripted: scripted player started a bounded escape after sustained low-speed throttle tick=194888 escapes=97 position=Vec3(-214.95998, 8.321348, -96.745995) speed=0.03498684987425804 heading_rad=-0.8107513785362244 bearing_rad=-0.6041711568832397 route_next=Some(3142) gate=Vec3(-260.78107, 9.19056, -152.51883) aim=Vec3(-212.49734, 8.39324, -108.49687)
2026-10-04T05:54:08.896946Z  INFO mm2_app::scripted: scripted player started a bounded escape after sustained low-speed throttle tick=195350 escapes=98 position=Vec3(-216.10576, 8.336825, -97.4669) speed=0.02972930297255516 heading_rad=-0.3999074697494507 bearing_rad=-0.08650242537260056 route_next=Some(3142) gate=Vec3(-260.78107, 9.19056, -152.51883) aim=Vec3(-212.39578, 8.39324, -108.914406)
2026-10-04T05:54:09.421151Z  INFO mm2_app::scripted: scripted player re-anchored onto its route after a bounded stuck tick=195614 reanchors=23 position=Vec3(-215.3812, 8.3156395, -96.445114) speed=2.758554697036743 heading_rad=-0.9745246171951294 route_next=3140 gate=Vec3(-260.78107, 9.19056, -152.51883) landing=Vec3(-217.31659, 8.549214, -88.68262)
2026-10-04T05:54:10.261021Z  INFO mm2_app::scripted: scripted player started a bounded escape after sustained low-speed throttle tick=196034 escapes=99 position=Vec3(-215.74626, 8.332842, -97.276306) speed=0.0009518666192889214 heading_rad=-0.6054250597953796 bearing_rad=-0.3247684836387634 route_next=Some(3142) gate=Vec3(-260.78107, 9.19056, -152.51883) aim=Vec3(-212.41948, 8.39324, -108.817)
2026-10-04T05:54:11.084954Z  INFO mm2_app::scripted: scripted player started a bounded escape after sustained low-speed throttle tick=196448 escapes=100 position=Vec3(-217.40395, 8.288373, -96.28431) speed=-0.006441059522330761 heading_rad=0.1465742588043213 bearing_rad=0.5406797528266907 route_next=Some(3142) gate=Vec3(-260.78107, 9.19056, -152.51883) aim=Vec3(-212.73987, 8.39324, -107.49975)
2026-10-04T05:54:12.193649Z  INFO mm2_app::scripted: scripted player started a bounded escape after sustained low-speed throttle tick=196994 escapes=101 position=Vec3(-216.47592, 8.3200035, -96.79826) speed=-0.005733196623623371 heading_rad=-0.19403709471225739 bearing_rad=0.13605596125125885 route_next=Some(3142) gate=Vec3(-260.78107, 9.19056, -152.51883) aim=Vec3(-212.57, 8.39324, -108.198105)
2026-10-04T05:54:13.031699Z  INFO mm2_app::scripted: scripted player started a bounded escape after sustained low-speed throttle tick=197408 escapes=102 position=Vec3(-216.86008, 8.304444, -96.294334) speed=-0.010559815913438797 heading_rad=0.06676055490970612 bearing_rad=0.417814701795578 route_next=Some(3142) gate=Vec3(-260.78107, 9.19056, -152.51883) aim=Vec3(-212.70718, 8.39324, -107.63411)
2026-10-04T05:54:13.499416Z  INFO mm2_app::scripted: scripted player re-anchored onto its route after a bounded stuck tick=197646 reanchors=24 position=Vec3(-216.84833, 8.368878, -96.40094) speed=0.00862976349890232 heading_rad=0.046622972935438156 route_next=3140 gate=Vec3(-260.78107, 9.19056, -152.51883) landing=Vec3(-217.40868, 8.544564, -88.304)
2026-10-04T05:54:14.340283Z  INFO mm2_app::scripted: scripted player started a bounded escape after sustained low-speed throttle tick=198070 escapes=103 position=Vec3(-215.77599, 8.335635, -97.29394) speed=0.006003882735967636 heading_rad=-0.6110007166862488 bearing_rad=-0.3275948464870453 route_next=Some(3142) gate=Vec3(-260.78107, 9.19056, -152.51883) aim=Vec3(-212.41708, 8.39324, -108.82683)
2026-10-04T05:54:15.169672Z  INFO mm2_app::scripted: scripted player started a bounded escape after sustained low-speed throttle tick=198484 escapes=104 position=Vec3(-217.20374, 8.289935, -96.26521) speed=0.016511976718902588 heading_rad=0.05117352679371834 bearing_rad=0.42905017733573914 route_next=Some(3142) gate=Vec3(-260.78107, 9.19056, -152.51883) aim=Vec3(-212.73306, 8.39324, -107.527695)
2026-10-04T05:54:15.990391Z  INFO mm2_app::scripted: scripted player started a bounded escape after sustained low-speed throttle tick=198898 escapes=105 position=Vec3(-217.00827, 8.29279, -96.24311) speed=0.03028987906873226 heading_rad=-0.02686876803636551 bearing_rad=0.3350233733654022 route_next=Some(3142) gate=Vec3(-260.78107, 9.19056, -152.51883) aim=Vec3(-212.72723, 8.39324, -107.55171)
2026-10-04T05:54:16.825423Z  INFO mm2_app::scripted: scripted player started a bounded escape after sustained low-speed throttle tick=199312 escapes=106 position=Vec3(-217.09383, 8.292785, -96.2707) speed=0.00997699424624443 heading_rad=0.052952833473682404 bearing_rad=0.42219728231430054 route_next=Some(3142) gate=Vec3(-260.78107, 9.19056, -152.51883) aim=Vec3(-212.72566, 8.39324, -107.55811)
2026-10-04T05:54:17.558824Z  INFO mm2_app::scripted: scripted player re-anchored onto its route after a bounded stuck tick=199676 reanchors=25 position=Vec3(-216.98926, 8.355805, -96.34117) speed=-0.009061574935913086 heading_rad=-0.033167243003845215 route_next=3140 gate=Vec3(-260.78107, 9.19056, -152.51883) landing=Vec3(-217.43027, 8.543473, -88.21521)
2026-10-04T05:54:18.395746Z  INFO mm2_app::scripted: scripted player started a bounded escape after sustained low-speed throttle tick=200100 escapes=107 position=Vec3(-215.76563, 8.332311, -97.27868) speed=0.02067939192056656 heading_rad=-0.618543803691864 bearing_rad=-0.3362753689289093 route_next=Some(3142) gate=Vec3(-260.78107, 9.19056, -152.51883) aim=Vec3(-212.42001, 8.39324, -108.8148)
2026-10-04T05:54:19.228020Z  INFO mm2_app::scripted: scripted player started a bounded escape after sustained low-speed throttle tick=200514 escapes=108 position=Vec3(-216.89124, 8.36645, -96.59037) speed=0.02493414655327797 heading_rad=-0.19400399923324585 bearing_rad=0.16529013216495514 route_next=Some(3142) gate=Vec3(-260.78107, 9.19056, -152.51883) aim=Vec3(-212.64095, 8.39324, -107.906456)
2026-10-04T05:54:20.145712Z  INFO mm2_app::scripted: scripted player started a bounded escape after sustained low-speed throttle tick=200974 escapes=109 position=Vec3(-215.96385, 8.410418, -97.478874) speed=0.0023230393417179585 heading_rad=-0.5276720523834229 bearing_rad=-0.22546841204166412 route_next=Some(3142) gate=Vec3(-260.78107, 9.19056, -152.51883) aim=Vec3(-212.38512, 8.39324, -108.95829)
2026-10-04T05:54:21.017626Z  INFO mm2_app::scripted: scripted player started a bounded escape after sustained low-speed throttle tick=201388 escapes=110 position=Vec3(-217.64624, 8.344212, -96.24844) speed=0.014048773795366287 heading_rad=0.29022207856178284 bearing_rad=0.7027320265769958 route_next=Some(3142) gate=Vec3(-260.78107, 9.19056, -152.51883) aim=Vec3(-212.76163, 8.39324, -107.41025)
2026-10-04T05:54:21.700913Z  INFO mm2_app::scripted: scripted player re-anchored onto its route after a bounded stuck tick=201706 reanchors=26 position=Vec3(-216.55237, 8.241513, -92.125084) speed=3.8605337142944336 heading_rad=-0.5537636280059814 route_next=3139 gate=Vec3(-260.78107, 9.19056, -152.51883) landing=Vec3(-218.72725, 8.478432, -82.88272)
2026-10-04T05:54:22.732743Z  INFO mm2_app::scripted: scripted player started a bounded escape after sustained low-speed throttle tick=202190 escapes=111 position=Vec3(-216.25659, 8.345712, -97.44593) speed=0.0240393728017807 heading_rad=-1.0264885425567627 bearing_rad=-0.7013601064682007 route_next=Some(3142) gate=Vec3(-260.78107, 9.19056, -152.51883) aim=Vec3(-212.40903, 8.39324, -108.85996)
2026-10-04T05:54:23.750223Z  INFO mm2_app::scripted: scripted player started a bounded escape after sustained low-speed throttle tick=202604 escapes=112 position=Vec3(-217.54341, 8.324235, -96.877716) speed=0.010148751549422741 heading_rad=-0.7152843475341797 bearing_rad=-0.29883280396461487 route_next=Some(3142) gate=Vec3(-260.78107, 9.19056, -152.51883) aim=Vec3(-212.61139, 8.39324, -108.027985)
2026-10-04T05:54:24.806774Z  INFO mm2_app::scripted: scripted player started a bounded escape after sustained low-speed throttle tick=203116 escapes=113 position=Vec3(-216.58975, 8.350917, -97.59943) speed=-0.007138809189200401 heading_rad=-0.7354364991188049 bearing_rad=-0.38061851263046265 route_next=Some(3142) gate=Vec3(-260.78107, 9.19056, -152.51883) aim=Vec3(-212.3924, 8.39324, -108.92838)
2026-10-04T05:54:25.643138Z  INFO mm2_app::scripted: scripted player started a bounded escape after sustained low-speed throttle tick=203530 escapes=114 position=Vec3(-217.06497, 8.340429, -97.14367) speed=0.0017406055703759193 heading_rad=-0.6666301488876343 bearing_rad=-0.2828112244606018 route_next=Some(3142) gate=Vec3(-260.78107, 9.19056, -152.51883) aim=Vec3(-212.52359, 8.39324, -108.388954)
2026-10-04T05:54:26.045458Z  INFO mm2_app::scripted: scripted player re-anchored onto its route after a bounded stuck tick=203732 reanchors=27 position=Vec3(-217.2794, 8.32384, -96.64254) speed=0.6622127890586853 heading_rad=-0.778299868106842 route_next=3140 gate=Vec3(-260.78107, 9.19056, -152.51883) landing=Vec3(-217.37727, 8.54615, -88.43312)
2026-10-04T05:54:26.884047Z  INFO mm2_app::scripted: scripted player started a bounded escape after sustained low-speed throttle tick=204154 escapes=115 position=Vec3(-215.77437, 8.332637, -97.28212) speed=-0.0015528351068496704 heading_rad=-0.6220839023590088 bearing_rad=-0.3390410244464874 route_next=Some(3142) gate=Vec3(-260.78107, 9.19056, -152.51883) aim=Vec3(-212.41971, 8.39324, -108.81604)
2026-10-04T05:54:27.731264Z  INFO mm2_app::scripted: scripted player started a bounded escape after sustained low-speed throttle tick=204574 escapes=116 position=Vec3(-216.48436, 8.321676, -96.93219) speed=0.05364783853292465 heading_rad=-0.3083868622779846 bearing_rad=0.024998648092150688 route_next=Some(3142) gate=Vec3(-260.78107, 9.19056, -152.51883) aim=Vec3(-212.53972, 8.39324, -108.32262)
2026-10-04T05:54:28.650782Z  INFO mm2_app::scripted: scripted player started a bounded escape after sustained low-speed throttle tick=205036 escapes=117 position=Vec3(-214.83238, 8.319112, -96.68517) speed=0.03266631439328194 heading_rad=-0.782869279384613 bearing_rad=-0.5878015160560608 route_next=Some(3142) gate=Vec3(-260.78107, 9.19056, -152.51883) aim=Vec3(-212.50418, 8.39324, -108.46875)
2026-10-04T05:54:29.649865Z  INFO mm2_app::scripted: scripted player started a bounded escape after sustained low-speed throttle tick=205526 escapes=118 position=Vec3(-215.5926, 8.331185, -97.246056) speed=-0.008299460634589195 heading_rad=-0.46844080090522766 bearing_rad=-0.2008056342601776 route_next=Some(3142) gate=Vec3(-260.78107, 9.19056, -152.51883) aim=Vec3(-212.41785, 8.39324, -108.82373)
2026-10-04T05:54:30.121129Z  INFO mm2_app::scripted: scripted player re-anchored onto its route after a bounded stuck tick=205764 reanchors=28 position=Vec3(-215.50352, 8.30256, -95.794785) speed=2.147761583328247 heading_rad=-0.9903739094734192 route_next=3140 gate=Vec3(-260.78107, 9.19056, -152.51883) landing=Vec3(-217.47276, 8.541327, -88.04052)
2026-10-04T05:54:30.970257Z  INFO mm2_app::scripted: scripted player started a bounded escape after sustained low-speed throttle tick=206190 escapes=119 position=Vec3(-215.81282, 8.332318, -97.28968) speed=0.013971252366900444 heading_rad=-0.6460819840431213 bearing_rad=-0.3597835898399353 route_next=Some(3142) gate=Vec3(-260.78107, 9.19056, -152.51883) aim=Vec3(-212.42012, 8.39324, -108.81435)
2026-10-04T05:54:31.821188Z  INFO mm2_app::scripted: scripted player started a bounded escape after sustained low-speed throttle tick=206610 escapes=120 position=Vec3(-216.51534, 8.322105, -96.99187) speed=0.030057206749916077 heading_rad=-0.3665240705013275 bearing_rad=-0.029490288347005844 route_next=Some(3142) gate=Vec3(-260.78107, 9.19056, -152.51883) aim=Vec3(-212.52776, 8.39324, -108.37185)
2026-10-04T05:54:32.740279Z  INFO mm2_app::scripted: scripted player started a bounded escape after sustained low-speed throttle tick=207072 escapes=121 position=Vec3(-214.92342, 8.321126, -96.723915) speed=-0.006449225824326277 heading_rad=-0.8261541128158569 bearing_rad=-0.6229645609855652 route_next=Some(3142) gate=Vec3(-260.78107, 9.19056, -152.51883) aim=Vec3(-212.50037, 8.39324, -108.48442)
2026-10-04T05:54:33.670389Z  INFO mm2_app::scripted: scripted player started a bounded escape after sustained low-speed throttle tick=207534 escapes=122 position=Vec3(-216.08043, 8.33716, -97.46619) speed=0.0190436951816082 heading_rad=-0.4167516827583313 bearing_rad=-0.10540148615837097 route_next=Some(3142) gate=Vec3(-260.78107, 9.19056, -152.51883) aim=Vec3(-212.39455, 8.39324, -108.91954)
2026-10-04T05:54:34.190092Z  INFO mm2_app::scripted: scripted player re-anchored onto its route after a bounded stuck tick=207794 reanchors=29 position=Vec3(-215.49722, 8.317299, -96.463776) speed=2.6229681968688965 heading_rad=-0.9545400142669678 route_next=3140 gate=Vec3(-260.78107, 9.19056, -152.51883) landing=Vec3(-217.31879, 8.549104, -88.67359)
2026-10-04T05:54:35.024581Z  INFO mm2_app::scripted: scripted player started a bounded escape after sustained low-speed throttle tick=208214 escapes=123 position=Vec3(-215.77075, 8.334346, -97.28762) speed=0.021407369524240494 heading_rad=-0.6134890913963318 bearing_rad=-0.3306303024291992 route_next=Some(3142) gate=Vec3(-260.78107, 9.19056, -152.51883) aim=Vec3(-212.41824, 8.39324, -108.82206)
2026-10-04T05:54:35.858509Z  INFO mm2_app::scripted: scripted player started a bounded escape after sustained low-speed throttle tick=208628 escapes=124 position=Vec3(-216.97818, 8.301445, -96.27638) speed=-0.006900392938405275 heading_rad=-0.04797104746103287 bearing_rad=0.31216660141944885 route_next=Some(3142) gate=Vec3(-260.78107, 9.19056, -152.51883) aim=Vec3(-212.71791, 8.39324, -107.590034)
2026-10-04T05:54:36.766865Z  INFO mm2_app::scripted: scripted player started a bounded escape after sustained low-speed throttle tick=209080 escapes=125 position=Vec3(-216.15282, 8.336764, -97.53151) speed=0.001567726954817772 heading_rad=-0.4581982493400574 bearing_rad=-0.13974067568778992 route_next=Some(3142) gate=Vec3(-260.78107, 9.19056, -152.51883) aim=Vec3(-212.38358, 8.39324, -108.96459)
2026-10-04T05:54:37.602277Z  INFO mm2_app::scripted: scripted player started a bounded escape after sustained low-speed throttle tick=209494 escapes=126 position=Vec3(-216.30305, 8.336423, -97.583405) speed=-0.010881706140935421 heading_rad=-0.41591230034828186 bearing_rad=-0.08436598628759384 route_next=Some(3142) gate=Vec3(-260.78107, 9.19056, -152.51883) aim=Vec3(-212.38005, 8.39324, -108.97909)
2026-10-04T05:54:38.271715Z  INFO mm2_app::scripted: scripted player re-anchored onto its route after a bounded stuck tick=209826 reanchors=30 position=Vec3(-215.18622, 8.325885, -96.8589) speed=0.039561983197927475 heading_rad=-0.8685842752456665 route_next=3140 gate=Vec3(-260.78107, 9.19056, -152.51883) landing=Vec3(-217.21068, 8.554563, -89.118065)
2026-10-04T05:54:39.095208Z  INFO mm2_app::scripted: scripted player started a bounded escape after sustained low-speed throttle tick=210240 escapes=127 position=Vec3(-215.77246, 8.334956, -97.290405) speed=0.02140403538942337 heading_rad=-0.6119496822357178 bearing_rad=-0.32889899611473083 route_next=Some(3142) gate=Vec3(-260.78107, 9.19056, -152.51883) aim=Vec3(-212.41771, 8.39324, -108.8243)
2026-10-04T05:54:39.921779Z  INFO mm2_app::scripted: scripted player started a bounded escape after sustained low-speed throttle tick=210654 escapes=128 position=Vec3(-217.02612, 8.295037, -96.24189) speed=-0.0011011867318302393 heading_rad=-0.046564072370529175 bearing_rad=0.3167286217212677 route_next=Some(3142) gate=Vec3(-260.78107, 9.19056, -152.51883) aim=Vec3(-212.7285, 8.39324, -107.54646)
2026-10-04T05:54:40.980220Z  INFO mm2_app::scripted: scripted player started a bounded escape after sustained low-speed throttle tick=211112 escapes=129 position=Vec3(-216.20886, 8.33801, -97.56032) speed=0.00047565996646881104 heading_rad=-0.45281848311424255 bearing_rad=-0.1292906254529953 route_next=Some(3142) gate=Vec3(-260.78107, 9.19056, -152.51883) aim=Vec3(-212.3801, 8.39324, -108.97893)
2026-10-04T05:54:41.806390Z  INFO mm2_app::scripted: scripted player started a bounded escape after sustained low-speed throttle tick=211526 escapes=130 position=Vec3(-216.30794, 8.336939, -97.587425) speed=0.02172279916703701 heading_rad=-0.41829997301101685 bearing_rad=-0.08628405630588531 route_next=Some(3142) gate=Vec3(-260.78107, 9.19056, -152.51883) aim=Vec3(-212.37941, 8.39324, -108.981766)
2026-10-04T05:54:42.479201Z  INFO mm2_app::scripted: scripted player re-anchored onto its route after a bounded stuck tick=211860 reanchors=31 position=Vec3(-215.20912, 8.326372, -96.87065) speed=0.03540920466184616 heading_rad=-0.8716560006141663 route_next=3140 gate=Vec3(-260.78107, 9.19056, -152.51883) landing=Vec3(-217.20926, 8.554634, -89.1239)
2026-10-04T05:54:43.302614Z  INFO mm2_app::scripted: scripted player started a bounded escape after sustained low-speed throttle tick=212274 escapes=131 position=Vec3(-215.73991, 8.333214, -97.27466) speed=0.024251846596598625 heading_rad=-0.6026029586791992 bearing_rad=-0.32249128818511963 route_next=Some(3142) gate=Vec3(-260.78107, 9.19056, -152.51883) aim=Vec3(-212.4195, 8.39324, -108.81691)
2026-10-04T05:54:44.131903Z  INFO mm2_app::scripted: scripted player started a bounded escape after sustained low-speed throttle tick=212688 escapes=132 position=Vec3(-217.35146, 8.286947, -96.28304) speed=0.004589155316352844 heading_rad=0.11802693456411362 bearing_rad=0.5079570412635803 route_next=Some(3142) gate=Vec3(-260.78107, 9.19056, -152.51883) aim=Vec3(-212.73723, 8.39324, -107.510605)
2026-10-04T05:54:44.965994Z  INFO mm2_app::scripted: scripted player started a bounded escape after sustained low-speed throttle tick=213102 escapes=133 position=Vec3(-217.1036, 8.293007, -96.23979) speed=0.02625967748463154 heading_rad=0.009023076854646206 bearing_rad=0.37844762206077576 route_next=Some(3142) gate=Vec3(-260.78107, 9.19056, -152.51883) aim=Vec3(-212.7333, 8.39324, -107.52669)
2026-10-04T05:54:45.784998Z  INFO mm2_app::scripted: scripted player started a bounded escape after sustained low-speed throttle tick=213516 escapes=134 position=Vec3(-217.16147, 8.292117, -96.26987) speed=-0.015304183587431908 heading_rad=0.05716531351208687 bearing_rad=0.43177303671836853 route_next=Some(3142) gate=Vec3(-260.78107, 9.19056, -152.51883) aim=Vec3(-212.72964, 8.39324, -107.541794)
2026-10-04T05:54:46.552966Z  INFO mm2_app::scripted: scripted player re-anchored onto its route after a bounded stuck tick=213894 reanchors=32 position=Vec3(-216.97247, 8.314682, -96.29495) speed=0.004454153589904308 heading_rad=-0.040797483175992966 route_next=3140 gate=Vec3(-260.78107, 9.19056, -152.51883) landing=Vec3(-217.43994, 8.542985, -88.17543)
2026-10-04T05:54:47.395244Z  INFO mm2_app::scripted: scripted player started a bounded escape after sustained low-speed throttle tick=214320 escapes=135 position=Vec3(-215.83426, 8.332641, -97.29285) speed=0.01312968134880066 heading_rad=-0.6613489389419556 bearing_rad=-0.37325674295425415 route_next=Some(3142) gate=Vec3(-260.78107, 9.19056, -152.51883) aim=Vec3(-212.4206, 8.39324, -108.812416)
2026-10-04T05:54:48.233210Z  INFO mm2_app::scripted: scripted player started a bounded escape after sustained low-speed throttle tick=214742 escapes=136 position=Vec3(-216.48883, 8.323952, -97.050476) speed=0.04492245987057686 heading_rad=-0.39071527123451233 bearing_rad=-0.05466381832957268 route_next=Some(3142) gate=Vec3(-260.78107, 9.19056, -152.51883) aim=Vec3(-212.51282, 8.39324, -108.433266)
2026-10-04T05:54:49.169035Z  INFO mm2_app::scripted: scripted player started a bounded escape after sustained low-speed throttle tick=215206 escapes=137 position=Vec3(-214.86815, 8.32058, -96.691185) speed=-0.006377294193953276 heading_rad=-0.8496348857879639 bearing_rad=-0.6515585780143738 route_next=Some(3142) gate=Vec3(-260.78107, 9.19056, -152.51883) aim=Vec3(-212.5048, 8.39324, -108.46621)
2026-10-04T05:54:50.096497Z  INFO mm2_app::scripted: scripted player started a bounded escape after sustained low-speed throttle tick=215670 escapes=138 position=Vec3(-216.03615, 8.338385, -97.465614) speed=-0.004014299251139164 heading_rad=-0.4447932839393616 bearing_rad=-0.13702119886875153 route_next=Some(3142) gate=Vec3(-260.78107, 9.19056, -152.51883) aim=Vec3(-212.3922, 8.39324, -108.92917)
2026-10-04T05:54:50.607964Z  INFO mm2_app::scripted: scripted player re-anchored onto its route after a bounded stuck tick=215924 reanchors=33 position=Vec3(-215.62978, 8.318594, -96.44523) speed=2.469050884246826 heading_rad=-0.9508150815963745 route_next=3140 gate=Vec3(-260.78107, 9.19056, -152.51883) landing=Vec3(-217.33044, 8.548514, -88.62564)
2026-10-04T05:54:51.449252Z  INFO mm2_app::scripted: scripted player started a bounded escape after sustained low-speed throttle tick=216344 escapes=139 position=Vec3(-215.77457, 8.332129, -97.27998) speed=-0.001919684000313282 heading_rad=-0.6245068311691284 bearing_rad=-0.34149014949798584 route_next=Some(3142) gate=Vec3(-260.78107, 9.19056, -152.51883) aim=Vec3(-212.42021, 8.39324, -108.81398)
2026-10-04T05:54:52.282947Z  INFO mm2_app::scripted: scripted player started a bounded escape after sustained low-speed throttle tick=216764 escapes=140 position=Vec3(-216.5081, 8.321327, -96.9316) speed=-0.007322937250137329 heading_rad=-0.3211299180984497 bearing_rad=0.01414886862039566 route_next=Some(3142) gate=Vec3(-260.78107, 9.19056, -152.51883) aim=Vec3(-212.54118, 8.39324, -108.316605)
2026-10-04T05:54:53.215444Z  INFO mm2_app::scripted: scripted player started a bounded escape after sustained low-speed throttle tick=217226 escapes=141 position=Vec3(-214.8811, 8.320345, -96.71166) speed=-0.006077125668525696 heading_rad=-0.7833994626998901 bearing_rad=-0.5838728547096252 route_next=Some(3142) gate=Vec3(-260.78107, 9.19056, -152.51883) aim=Vec3(-212.50082, 8.39324, -108.48257)
2026-10-04T05:54:54.225627Z  INFO mm2_app::scripted: scripted player started a bounded escape after sustained low-speed throttle tick=217714 escapes=142 position=Vec3(-215.70358, 8.332693, -97.30351) speed=-0.00944160670042038 heading_rad=-0.4660584330558777 bearing_rad=-0.18831674754619598 route_next=Some(3142) gate=Vec3(-260.78107, 9.19056, -152.51883) aim=Vec3(-212.41084, 8.39324, -108.85249)
2026-10-04T05:54:54.752687Z  INFO mm2_app::scripted: scripted player re-anchored onto its route after a bounded stuck tick=217956 reanchors=34 position=Vec3(-215.56285, 8.312569, -96.00151) speed=2.2070422172546387 heading_rad=-0.9587233066558838 route_next=3140 gate=Vec3(-260.78107, 9.19056, -152.51883) landing=Vec3(-217.4286, 8.543557, -88.22208)
2026-10-04T05:54:55.783384Z  INFO mm2_app::scripted: scripted player started a bounded escape after sustained low-speed throttle tick=218380 escapes=143 position=Vec3(-215.76956, 8.332265, -97.27944) speed=0.020631739869713783 heading_rad=-0.62095046043396 bearing_rad=-0.33834898471832275 route_next=Some(3142) gate=Vec3(-260.78107, 9.19056, -152.51883) aim=Vec3(-212.42006, 8.39324, -108.81461)
2026-10-04T05:54:56.822387Z  INFO mm2_app::scripted: scripted player started a bounded escape after sustained low-speed throttle tick=218794 escapes=144 position=Vec3(-216.8891, 8.371316, -96.598656) speed=0.014197645708918571 heading_rad=-0.19267955422401428 bearing_rad=0.1666044294834137 route_next=Some(3142) gate=Vec3(-260.78107, 9.19056, -152.51883) aim=Vec3(-212.63893, 8.39324, -107.914764)
2026-10-04T05:54:57.832091Z  INFO mm2_app::scripted: scripted player started a bounded escape after sustained low-speed throttle tick=219254 escapes=145 position=Vec3(-215.74838, 8.335263, -97.324684) speed=0.02137734182178974 heading_rad=-0.47061586380004883 bearing_rad=-0.1888371855020523 route_next=Some(3142) gate=Vec3(-260.78107, 9.19056, -152.51883) aim=Vec3(-212.4085, 8.39324, -108.86219)
2026-10-04T05:54:58.682172Z  INFO mm2_app::scripted: scripted player started a bounded escape after sustained low-speed throttle tick=219670 escapes=146 position=Vec3(-216.58337, 8.312272, -96.73745) speed=-0.009838039055466652 heading_rad=-0.22184330224990845 bearing_rad=0.11568435281515121 route_next=Some(3142) gate=Vec3(-260.78107, 9.19056, -152.51883) aim=Vec3(-212.58998, 8.39324, -108.11601)
2026-10-04T05:54:59.319972Z  INFO mm2_app::scripted: scripted player re-anchored onto its route after a bounded stuck tick=219986 reanchors=35 position=Vec3(-214.8504, 8.300571, -96.27581) speed=3.4317235946655273 heading_rad=-0.8902687430381775 route_next=3140 gate=Vec3(-260.78107, 9.19056, -152.51883) landing=Vec3(-217.32582, 8.548748, -88.64466)
2026-10-04T05:55:00.162194Z  INFO mm2_app::scripted: scripted player started a bounded escape after sustained low-speed throttle tick=220406 escapes=147 position=Vec3(-215.76883, 8.332079, -97.27842) speed=0.0010524410754442215 heading_rad=-0.621433436870575 bearing_rad=-0.33891168236732483 route_next=Some(3142) gate=Vec3(-260.78107, 9.19056, -152.51883) aim=Vec3(-212.42026, 8.39324, -108.81382)
2026-10-04T05:55:00.987040Z  INFO mm2_app::scripted: scripted player started a bounded escape after sustained low-speed throttle tick=220820 escapes=148 position=Vec3(-216.89532, 8.370449, -96.59793) speed=0.006390680558979511 heading_rad=-0.19743917882442474 bearing_rad=0.1623283177614212 route_next=Some(3142) gate=Vec3(-260.78107, 9.19056, -152.51883) aim=Vec3(-212.63943, 8.39324, -107.91265)
2026-10-04T05:55:01.915437Z  INFO mm2_app::scripted: scripted player started a bounded escape after sustained low-speed throttle tick=221280 escapes=149 position=Vec3(-215.96645, 8.410646, -97.47978) speed=0.0022824006155133247 heading_rad=-0.5298367738723755 bearing_rad=-0.22740645706653595 route_next=Some(3142) gate=Vec3(-260.78107, 9.19056, -152.51883) aim=Vec3(-212.38506, 8.39324, -108.95856)
2026-10-04T05:55:02.750654Z  INFO mm2_app::scripted: scripted player started a bounded escape after sustained low-speed throttle tick=221694 escapes=150 position=Vec3(-217.6505, 8.344051, -96.243965) speed=0.011292695999145508 heading_rad=0.2965667247772217 bearing_rad=0.7093254327774048 route_next=Some(3142) gate=Vec3(-260.78107, 9.19056, -152.51883) aim=Vec3(-212.7629, 8.39324, -107.405045)
2026-10-04T05:55:03.399547Z  INFO mm2_app::scripted: scripted player re-anchored onto its route after a bounded stuck tick=222018 reanchors=36 position=Vec3(-216.82866, 8.236784, -91.8023) speed=3.521256923675537 heading_rad=-0.5304464101791382 route_next=3139 gate=Vec3(-260.78107, 9.19056, -152.51883) landing=Vec3(-218.72725, 8.478432, -82.88272)
2026-10-04T05:55:04.372792Z  INFO mm2_app::scripted: scripted player started a bounded escape after sustained low-speed throttle tick=222502 escapes=151 position=Vec3(-216.25659, 8.345712, -97.44593) speed=0.0240393728017807 heading_rad=-1.0264885425567627 bearing_rad=-0.7013601064682007 route_next=Some(3142) gate=Vec3(-260.78107, 9.19056, -152.51883) aim=Vec3(-212.40903, 8.39324, -108.85996)
smoke=headless-physics world=city/stockholm.psdl status=pass updates=111607 ticks=222854 driver=scripted diff=amateur phase=playing impacts=1238 dropped=0 peak=12.1m/s travel=15081.6m sim=1857.12s resets=36 controls=141380t/80334b/81904s finite=true moved=70m wheels=4/4 final=(-218,8.3,-97) race=Running cp=25/26 results=4 lap=1/1 pos=5/6 opp=4/5 opp_rec=10 cu=1 opp_drv=64045m/15.1mps/5.2ipk/1.3xpk/0.2apk/0.06hpk opps=0:sthlm_racer/26c/1l/F/10e/3r/900w/18d,1:sthlm_racer/26c/1l/F/9e/2r/900w/19d,2:sthlm_racer/26c/1l/F/6e/1r/900w/19d,3:sthlm_racer/14c/1l/23e/1r/900w/7d,4:sthlm_racer/26c/1l/F/27e/3r/900w/14d p_rec=36r/151e env=lt05(cloudy-noon) fog=none sky=none wtr=0.2/1698r map=inset/north/z1200/hudmap_stockholm.pkg/1t/32m dash=absent:missing-spec+pkg trk=sized ind=on/5m/5b tmr=22g/30:57:11 arr=hudarrow01/off sta=10g/p5of6/l1of1/c25of26 bng=3222d/7a/53s/20b bng_ev=0a/53s/20b bng_rec=28 rcv=49w/907f/956r wfx=0r/0e/0x+8f+ut aud=0h/0v/0s/0l/0a/0r+30x
