{
  "mode": "red",
  "alignment": [],
  "native_floors": [
    {
      "body": [
        1060.7212,
        6.7827826,
        23.614555
      ],
      "face_count": 54,
      "minimum_normal_y": 0.7655263656502963
    },
    {
      "body": [
        1070.2966,
        7.221368,
        36.25343
      ],
      "face_count": 38,
      "minimum_normal_y": 0.6888696504220884
    },
    {
      "body": [
        1087.5679,
        8.5007925,
        56.986816
      ],
      "face_count": 30,
      "minimum_normal_y": 0.5606697999676779
    }
  ]
}
Traceback (most recent call last):
  File "/private/tmp/check-vasa-alignment-native.py", line 18, in <module>
    print(json.dumps({'mode':sys.argv[1],'alignment':metadata,'native_floors':out},indent=2));Path('/private/tmp/vasa-alignment-native-'+sys.argv[1]+'.json').write_text(json.dumps(out,indent=2)+'\n');assert all(q['minimum_normal_y']>.9 for q in out)
                                                                                                                                                                                                               ~~~^^^^^^^^^^^^^^^^^^^^^^^^^^^^^^^^^^^^^^^
AssertionError
