mm2-smoke commit=ab5ad9ad98e317aaebeb503305154bb980946bcb
2026-10-04T00:46:59.237112Z  WARN mm2_app::city: water refs resolved no rooms; deadly water off path=city/stockholm.parts/part_-3_0.water skipped=0
2026-10-04T00:46:59.532490Z  WARN mm2_app::city: water refs resolved no rooms; deadly water off path=city/stockholm.parts/part_-2_2.water skipped=0
2026-10-04T00:46:59.534945Z  WARN mm2_app::city: water refs resolved no rooms; deadly water off path=city/stockholm.parts/part_-2_3.water skipped=0
2026-10-04T00:46:59.673029Z  WARN mm2_app::city: water refs resolved no rooms; deadly water off path=city/stockholm.parts/part_-1_0.water skipped=0
2026-10-04T00:46:59.794162Z  WARN mm2_app::city: water refs resolved no rooms; deadly water off path=city/stockholm.parts/part_-1_2.water skipped=0
2026-10-04T00:46:59.837314Z  WARN mm2_app::city: water refs resolved no rooms; deadly water off path=city/stockholm.parts/part_-1_3.water skipped=0
2026-10-04T00:46:59.939252Z  WARN mm2_app::city: water refs resolved no rooms; deadly water off path=city/stockholm.parts/part_0_-2.water skipped=0
2026-10-04T00:47:00.166057Z  WARN mm2_app::city: water refs resolved no rooms; deadly water off path=city/stockholm.parts/part_0_2.water skipped=0
2026-10-04T00:47:00.215981Z  WARN mm2_app::city: water refs resolved no rooms; deadly water off path=city/stockholm.parts/part_0_3.water skipped=0
2026-10-04T00:47:00.296223Z  WARN mm2_app::city: water refs resolved no rooms; deadly water off path=city/stockholm.parts/part_1_-3.water skipped=0
2026-10-04T00:47:00.380106Z  WARN mm2_app::city: water refs resolved no rooms; deadly water off path=city/stockholm.parts/part_1_-2.water skipped=0
2026-10-04T00:47:00.576959Z  WARN mm2_app::city: water refs resolved no rooms; deadly water off path=city/stockholm.parts/part_1_1.water skipped=0
2026-10-04T00:47:00.647826Z  WARN mm2_app::city: water refs resolved no rooms; deadly water off path=city/stockholm.parts/part_1_2.water skipped=0
2026-10-04T00:47:00.696189Z  WARN mm2_app::city: water refs resolved no rooms; deadly water off path=city/stockholm.parts/part_1_3.water skipped=0
2026-10-04T00:47:00.813674Z  WARN mm2_app::city: water refs resolved no rooms; deadly water off path=city/stockholm.parts/part_2_-3.water skipped=0
2026-10-04T00:47:01.023709Z  WARN mm2_app::city: water refs resolved no rooms; deadly water off path=city/stockholm.parts/part_2_1.water skipped=0
2026-10-04T00:47:01.105339Z  WARN mm2_app::city: water refs resolved no rooms; deadly water off path=city/stockholm.parts/part_2_2.water skipped=0
2026-10-04T00:47:01.136480Z  WARN mm2_app::city: water refs resolved no rooms; deadly water off path=city/stockholm.parts/part_2_3.water skipped=0
2026-10-04T00:47:01.568239Z  WARN mm2_app::city: water refs resolved no rooms; deadly water off path=city/stockholm.parts/part_3_1.water skipped=0
2026-10-04T00:47:01.641759Z  WARN mm2_app::city: water refs resolved no rooms; deadly water off path=city/stockholm.parts/part_3_2.water skipped=0
2026-10-04T00:47:01.700223Z  WARN mm2_app::city: water refs resolved no rooms; deadly water off path=city/stockholm.parts/part_3_3.water skipped=0
2026-10-04T00:47:01.943356Z  WARN mm2_app::city: water refs resolved no rooms; deadly water off path=city/stockholm.parts/part_4_1.water skipped=0
2026-10-04T00:47:01.997569Z  WARN mm2_app::city: water refs resolved no rooms; deadly water off path=city/stockholm.parts/part_4_2.water skipped=0
2026-10-04T00:47:02.403173Z  WARN mm2_app::city: water refs resolved no rooms; deadly water off path=city/stockholm.parts/part_6_1.water skipped=0
2026-10-04T00:47:02.542838Z  WARN mm2_app::object_sound: object sound table unreadable path=aud/ambient/ferry.csv error=asset not found: aud/ambient/ferry.csv
2026-10-04T00:47:02.542851Z  WARN mm2_app::object_sound: object sound table unreadable path=aud/ambient/subwaycar.csv error=asset not found: aud/ambient/subwaycar.csv
2026-10-04T00:47:02.542944Z  WARN mm2_app::environment: lighting preset validation issue path=city/stockholm.lt04 issue=OffGridName("noon")
2026-10-04T00:47:02.542963Z  WARN mm2_app::environment: fog table unavailable path=city/stockholm_fog.csv error=asset not found: city/stockholm_fog.csv
2026-10-04T00:47:02.542966Z  WARN mm2_app::environment: sky definition unavailable path=city/stockholm.sky error=asset not found: city/stockholm.sky
2026-10-04T00:47:02.570586Z  WARN mm2_app::damage_fx: smoke atlas unresolved — untextured puffs texture="fxpt2"
2026-10-04T00:47:02.570630Z  WARN mm2_app::spark_fx: spark texture unresolved — untextured streaks texture="spark"
2026-10-04T00:47:02.570651Z  WARN mm2_app::wheel_fx: wheel effect unavailable rule="dirt" path=tune/effects/dirt.asbirthrule
2026-10-04T00:47:02.570653Z  WARN mm2_app::wheel_fx: wheel effect unavailable rule="dust" path=tune/effects/dust.asbirthrule
2026-10-04T00:47:02.570654Z  WARN mm2_app::wheel_fx: wheel effect unavailable rule="grass" path=tune/effects/grass.asbirthrule
2026-10-04T00:47:02.570656Z  WARN mm2_app::wheel_fx: wheel effect unavailable rule="leaf" path=tune/effects/leaf.asbirthrule
2026-10-04T00:47:02.570656Z  WARN mm2_app::wheel_fx: wheel effect unavailable rule="smoke" path=tune/effects/smoke.asbirthrule
2026-10-04T00:47:02.570657Z  WARN mm2_app::wheel_fx: wheel effect unavailable rule="snow" path=tune/effects/snow.asbirthrule
2026-10-04T00:47:02.570658Z  WARN mm2_app::wheel_fx: wheel effect unavailable rule="splash" path=tune/effects/splash.asbirthrule
2026-10-04T00:47:02.570660Z  WARN mm2_app::wheel_fx: wheel effect unavailable rule="rock" path=tune/effects/rock.asbirthrule
2026-10-04T00:47:02.570661Z  WARN mm2_app::wheel_fx: wheel atlas unresolved — untextured puffs texture="ptx_wheel"
2026-10-04T00:47:02.571177Z  WARN mm2_app::audio: audio: aud/cardata/player/default_impacts.csv: asset not found: aud/cardata/player/default_impacts.csv
2026-10-04T00:47:02.571209Z  WARN mm2_app::audio: audio: aud/cardata/player/default_surfacedry.csv: asset not found: aud/cardata/player/default_surfacedry.csv
2026-10-04T00:47:02.571217Z  WARN mm2_app::audio: audio: aud/cardata/player/stockholmpolicesiren.csv: asset not found: aud/cardata/player/stockholmpolicesiren.csv
2026-10-04T00:47:02.571219Z  WARN mm2_app::audio: audio: aud/cardata/opponent/policesiren.csv: asset not found: aud/cardata/opponent/policesiren.csv
2026-10-04T00:47:02.926088Z  WARN mm2_app::audio: audio: aud/spchdata/stockholm.csv: asset not found: aud/spchdata/stockholm.csv
2026-10-04T00:47:03.015297Z  WARN bevy_app::hierarchy: warning[B0004]: Entity 134850v0 with the <Enable the debug feature to see the name> component has a parent (134849v0 entity) without <Enable the debug feature to see the name>.
This will cause inconsistent behaviors! See: https://bevy.org/learn/errors/b0004
2026-10-04T00:47:03.015312Z  WARN bevy_app::hierarchy: warning[B0004]: Entity 134853v0 with the <Enable the debug feature to see the name> component has a parent (134852v0 entity) without <Enable the debug feature to see the name>.
This will cause inconsistent behaviors! See: https://bevy.org/learn/errors/b0004
2026-10-04T00:47:03.015315Z  WARN bevy_app::hierarchy: warning[B0004]: Entity 134856v0 with the <Enable the debug feature to see the name> component has a parent (134855v0 entity) without <Enable the debug feature to see the name>.
This will cause inconsistent behaviors! See: https://bevy.org/learn/errors/b0004
2026-10-04T00:47:03.015317Z  WARN bevy_app::hierarchy: warning[B0004]: Entity 134859v0 with the <Enable the debug feature to see the name> component has a parent (134858v0 entity) without <Enable the debug feature to see the name>.
This will cause inconsistent behaviors! See: https://bevy.org/learn/errors/b0004
smoke=visual world=city/stockholm.psdl status=pass frames=done screenshot=/Users/linus/coding/mm2-sthlm/evidence/overnight-city/final-races/views/door-kungsholmen.png bytes=3429426 aud=0h/0v/0s/0l/0a
2026-10-04T00:47:06.334193Z  WARN bevy_winit::state: Skipped event Destroyed for unknown winit Window Id WindowId(52803764864)
