mm2-smoke commit=3a76ab37a871b20921b562b4ac1fabb854b27748
2026-10-04T04:11:51.733083Z  WARN mm2: wheel part whl0 geometry authored in place; recentring onto origin car=Some("sthlm_racer")
2026-10-04T04:11:51.733531Z  WARN mm2: wheel part whl1 geometry authored in place; recentring onto origin car=Some("sthlm_racer")
2026-10-04T04:11:51.733534Z  WARN mm2: wheel part whl2 geometry authored in place; recentring onto origin car=Some("sthlm_racer")
2026-10-04T04:11:51.733536Z  WARN mm2: wheel part whl3 geometry authored in place; recentring onto origin car=Some("sthlm_racer")
2026-10-04T04:11:52.451658Z  WARN mm2_app::city: water refs resolved no rooms; deadly water off path=city/stockholm.parts/part_-3_0.water skipped=0
2026-10-04T04:11:52.791519Z  WARN mm2_app::city: water refs resolved no rooms; deadly water off path=city/stockholm.parts/part_-2_2.water skipped=0
2026-10-04T04:11:52.794322Z  WARN mm2_app::city: water refs resolved no rooms; deadly water off path=city/stockholm.parts/part_-2_3.water skipped=0
2026-10-04T04:11:52.941347Z  WARN mm2_app::city: water refs resolved no rooms; deadly water off path=city/stockholm.parts/part_-1_0.water skipped=0
2026-10-04T04:11:53.066432Z  WARN mm2_app::city: water refs resolved no rooms; deadly water off path=city/stockholm.parts/part_-1_2.water skipped=0
2026-10-04T04:11:53.110539Z  WARN mm2_app::city: water refs resolved no rooms; deadly water off path=city/stockholm.parts/part_-1_3.water skipped=0
2026-10-04T04:11:53.224548Z  WARN mm2_app::city: water refs resolved no rooms; deadly water off path=city/stockholm.parts/part_0_-2.water skipped=0
2026-10-04T04:11:53.469278Z  WARN mm2_app::city: water refs resolved no rooms; deadly water off path=city/stockholm.parts/part_0_2.water skipped=0
2026-10-04T04:11:53.523970Z  WARN mm2_app::city: water refs resolved no rooms; deadly water off path=city/stockholm.parts/part_0_3.water skipped=0
2026-10-04T04:11:53.608200Z  WARN mm2_app::city: water refs resolved no rooms; deadly water off path=city/stockholm.parts/part_1_-3.water skipped=0
2026-10-04T04:11:53.693284Z  WARN mm2_app::city: water refs resolved no rooms; deadly water off path=city/stockholm.parts/part_1_-2.water skipped=0
2026-10-04T04:11:53.758103Z  WARN mm2_app::city: water refs resolved no rooms; deadly water off path=city/stockholm.parts/part_1_-1.water skipped=0
2026-10-04T04:11:53.981712Z  WARN mm2_app::city: water refs resolved no rooms; deadly water off path=city/stockholm.parts/part_1_1.water skipped=0
2026-10-04T04:11:54.055205Z  WARN mm2_app::city: water refs resolved no rooms; deadly water off path=city/stockholm.parts/part_1_2.water skipped=0
2026-10-04T04:11:54.111538Z  WARN mm2_app::city: water refs resolved no rooms; deadly water off path=city/stockholm.parts/part_1_3.water skipped=0
2026-10-04T04:11:54.231559Z  WARN mm2_app::city: water refs resolved no rooms; deadly water off path=city/stockholm.parts/part_2_-3.water skipped=0
2026-10-04T04:11:54.363847Z  WARN mm2_app::city: water refs resolved no rooms; deadly water off path=city/stockholm.parts/part_2_-1.water skipped=0
2026-10-04T04:11:54.482131Z  WARN mm2_app::city: water refs resolved no rooms; deadly water off path=city/stockholm.parts/part_2_1.water skipped=0
2026-10-04T04:11:54.535631Z  WARN mm2_app::city: water refs resolved no rooms; deadly water off path=city/stockholm.parts/part_2_2.water skipped=0
2026-10-04T04:11:54.558259Z  WARN mm2_app::city: water refs resolved no rooms; deadly water off path=city/stockholm.parts/part_2_3.water skipped=0
2026-10-04T04:11:54.837517Z  WARN mm2_app::city: water refs resolved no rooms; deadly water off path=city/stockholm.parts/part_3_1.water skipped=0
2026-10-04T04:11:54.883341Z  WARN mm2_app::city: water refs resolved no rooms; deadly water off path=city/stockholm.parts/part_3_2.water skipped=0
2026-10-04T04:11:54.921152Z  WARN mm2_app::city: water refs resolved no rooms; deadly water off path=city/stockholm.parts/part_3_3.water skipped=0
2026-10-04T04:11:55.097231Z  WARN mm2_app::city: water refs resolved no rooms; deadly water off path=city/stockholm.parts/part_4_1.water skipped=0
2026-10-04T04:11:55.134648Z  WARN mm2_app::city: water refs resolved no rooms; deadly water off path=city/stockholm.parts/part_4_2.water skipped=0
2026-10-04T04:11:55.436674Z  WARN mm2_app::city: water refs resolved no rooms; deadly water off path=city/stockholm.parts/part_6_1.water skipped=0
2026-10-04T04:11:55.690404Z  WARN mm2_app::object_sound: object sound table unreadable path=aud/ambient/ferry.csv error=asset not found: aud/ambient/ferry.csv
2026-10-04T04:11:55.690436Z  WARN mm2_app::object_sound: object sound table unreadable path=aud/ambient/subwaycar.csv error=asset not found: aud/ambient/subwaycar.csv
2026-10-04T04:11:55.693106Z  WARN mm2_app::environment: lighting preset validation issue path=city/stockholm.lt04 issue=OffGridName("noon")
2026-10-04T04:11:55.693120Z  WARN mm2_app::environment: fog table unavailable path=city/stockholm_fog.csv error=asset not found: city/stockholm_fog.csv
2026-10-04T04:11:55.693125Z  WARN mm2_app::environment: sky definition unavailable path=city/stockholm.sky error=asset not found: city/stockholm.sky
2026-10-04T04:11:55.709660Z  WARN mm2_app::damage_fx: smoke atlas unresolved — untextured puffs texture="fxpt2"
2026-10-04T04:11:55.709688Z  WARN mm2_app::spark_fx: spark texture unresolved — untextured streaks texture="spark"
2026-10-04T04:11:55.709698Z  WARN mm2_app::wheel_fx: wheel effect unavailable rule="dirt" path=tune/effects/dirt.asbirthrule
2026-10-04T04:11:55.709702Z  WARN mm2_app::wheel_fx: wheel effect unavailable rule="dust" path=tune/effects/dust.asbirthrule
2026-10-04T04:11:55.709705Z  WARN mm2_app::wheel_fx: wheel effect unavailable rule="grass" path=tune/effects/grass.asbirthrule
2026-10-04T04:11:55.709707Z  WARN mm2_app::wheel_fx: wheel effect unavailable rule="leaf" path=tune/effects/leaf.asbirthrule
2026-10-04T04:11:55.709710Z  WARN mm2_app::wheel_fx: wheel effect unavailable rule="smoke" path=tune/effects/smoke.asbirthrule
2026-10-04T04:11:55.709713Z  WARN mm2_app::wheel_fx: wheel effect unavailable rule="snow" path=tune/effects/snow.asbirthrule
2026-10-04T04:11:55.709716Z  WARN mm2_app::wheel_fx: wheel effect unavailable rule="splash" path=tune/effects/splash.asbirthrule
2026-10-04T04:11:55.709718Z  WARN mm2_app::wheel_fx: wheel effect unavailable rule="rock" path=tune/effects/rock.asbirthrule
2026-10-04T04:11:55.709722Z  WARN mm2_app::wheel_fx: wheel atlas unresolved — untextured puffs texture="ptx_wheel"
2026-10-04T04:11:55.710196Z  WARN mm2_app::audio: audio: aud/cardata/player/default_impacts.csv: asset not found: aud/cardata/player/default_impacts.csv
2026-10-04T04:11:55.710208Z  WARN mm2_app::audio: audio: aud/cardata/player/default_surfacedry.csv: asset not found: aud/cardata/player/default_surfacedry.csv
2026-10-04T04:11:55.710213Z  WARN mm2_app::audio: audio: aud/cardata/player/stockholmpolicesiren.csv: asset not found: aud/cardata/player/stockholmpolicesiren.csv
2026-10-04T04:11:55.710216Z  WARN mm2_app::audio: audio: aud/cardata/opponent/policesiren.csv: asset not found: aud/cardata/opponent/policesiren.csv
2026-10-04T04:11:55.711587Z  WARN mm2_app::session: nav graph failed to load — opponent routes stay verbatim error=city/stockholm.bai: not found in the VFS
2026-10-04T04:11:56.163917Z  WARN mm2_app::race_audio: audio: race cue startracelow: no wave matches stem "startracelow"
2026-10-04T04:11:56.163955Z  WARN mm2_app::audio: audio: aud/spchdata/stockholm.csv: asset not found: aud/spchdata/stockholm.csv
2026-10-04T04:11:56.480071Z  WARN mm2_app::race_audio: audio: race cue startracelow: no wave matches stem "startracelow"
2026-10-04T04:11:56.692201Z  WARN mm2_app::race_audio: audio: race cue startracelow: no wave matches stem "startracelow"
2026-10-04T04:11:56.916322Z  WARN mm2_app::race_audio: audio: race cue startracehigh: no wave matches stem "startracehigh"
2026-10-04T04:12:08.707940Z  WARN mm2_app::race_audio: audio: race cue waypoint: no wave matches stem "waypoint"
2026-10-04T04:12:16.858774Z  INFO mm2_app::scripted: scripted player started a bounded escape after sustained low-speed throttle tick=9356 escapes=1 position=Vec3(462.6625, 2.7144766, -567.4471) speed=0.04007764905691147 heading_rad=1.5646811723709106 bearing_rad=-1.322377324104309 route_next=Some(386) gate=Vec3(1732.7577, 2.79616, 397.85587) aim=Vec3(457.93704, 12.41017, -549.2846)
2026-10-04T04:12:17.150522Z  INFO mm2_app::scripted: scripted player re-anchored onto its route after a bounded stuck tick=9496 reanchors=1 position=Vec3(467.28146, 2.670563, -568.59607) speed=-7.736411094665527 heading_rad=2.452040672302246 route_next=385 gate=Vec3(1732.7577, 2.79616, 397.85587) landing=Vec3(473.59406, 12.556112, -556.6403)
2026-10-04T04:12:21.016622Z  INFO mm2_app::scripted: scripted player started a bounded escape after sustained low-speed throttle tick=11312 escapes=2 position=Vec3(335.1612, 0.7425173, -482.87073) speed=0.03166043385863304 heading_rad=-0.19022266566753387 bearing_rad=-1.7656537294387817 route_next=Some(426) gate=Vec3(1732.7577, 2.79616, 397.85587) aim=Vec3(294.13312, 8.91978, -482.68057)
2026-10-04T04:12:21.692587Z  INFO mm2_app::scripted: scripted player re-anchored onto its route after a bounded stuck tick=11630 reanchors=2 position=Vec3(334.4202, 0.6998823, -484.39386) speed=3.625628709793091 heading_rad=0.18219394981861115 route_next=425 gate=Vec3(1732.7577, 2.79616, 397.85587) landing=Vec3(309.35025, 10.26628, -487.62415)
2026-10-04T04:12:29.033602Z  INFO mm2_app::scripted: scripted player started a bounded escape after sustained low-speed throttle tick=15006 escapes=3 position=Vec3(-7.2290387, 10.280014, -105.459) speed=0.024493403732776642 heading_rad=2.1400370597839355 bearing_rad=-0.9068585634231567 route_next=Some(550) gate=Vec3(1732.7577, 2.79616, 397.85587) aim=Vec3(-8.380978, 10.09471, -93.33092)
2026-10-04T04:12:37.570519Z  WARN mm2_app::race_audio: audio: race cue waypoint: no wave matches stem "waypoint"
2026-10-04T04:12:52.894378Z  WARN mm2_app::race_audio: audio: race cue waypoint: no wave matches stem "waypoint"
2026-10-04T04:12:56.312827Z  INFO mm2_app::scripted: scripted player started a bounded escape after sustained low-speed throttle tick=26890 escapes=4 position=Vec3(1261.6838, 3.29352, 453.30927) speed=0.0588667206466198 heading_rad=-2.433748722076416 bearing_rad=1.1293011903762817 route_next=Some(1025) gate=Vec3(1732.7577, 2.79616, 397.85587) aim=Vec3(1254.2437, 3.10179, 469.9049)
2026-10-04T04:12:56.905630Z  INFO mm2_app::scripted: scripted player re-anchored onto its route after a bounded stuck tick=27164 reanchors=3 position=Vec3(1260.6155, 3.4506907, 444.98993) speed=0.16214561462402344 heading_rad=2.2755823135375977 route_next=1024 gate=Vec3(1732.7577, 2.79616, 397.85587) landing=Vec3(1245.8403, 3.4929888, 452.0271)
2026-10-04T04:13:05.308746Z  WARN mm2_app::race_audio: audio: race cue lastwaypoint: no wave matches stem "lastwaypoint"
2026-10-04T04:13:07.704666Z  WARN mm2_app::race_audio: audio: race cue endofracetag: no wave matches stem "endofracetag"
smoke=headless-physics world=city/stockholm.psdl status=pass updates=45749 ticks=32166 driver=scripted diff=amateur phase=results impacts=105 dropped=0 peak=30.1m/s travel=5554.3m sim=268.05s resets=5 controls=22316t/2536b/11822s finite=true moved=417m wheels=4/4 final=(1512,-0.0,-117) race=Running cp=4/4 results=5 pos=1/6 outcome=finished place=1 opp=4/5 opp_rec=10 cu=1 opp_drv=37047m/17.2mps/2.6ipk/1.5xpk/0.2apk/0.16hpk opps=0:sthlm_racer/4c/F/6e/1r/900w,1:sthlm_racer/4c/F/2e/632w,2:sthlm_racer/4c/F/6e/1r/900w,3:sthlm_racer/1c/25e/8r/900w,4:sthlm_racer/4c/F/6e/783w p_rec=3r/4e env=lt04(noon) fog=none sky=none wtr=0.2/1698r map=inset/north/z1200/hudmap_stockholm.pkg/1t/11m dash=absent:missing-spec+pkg trk=sized ind=on/5m/5b tmr=22g/12:39:48 arr=hudarrow01/off sta=10g/p1of6/-/c4of4 bng=3239d/0a/3s/0b bng_ev=3a/3s/0b rcv=16w/0f/16r wfx=0r/0e/0x+8f+ut aud=0h/0v/0s/0l/0a/0r+10x
