mm2-smoke commit=1a822c1cc472f6c04a25a6832e346b162bbb0ff5
2026-10-04T08:00:51.598289Z  WARN mm2: wheel part whl0 geometry authored in place; recentring onto origin car=Some("sthlm_racer")
2026-10-04T08:00:51.598311Z  WARN mm2: wheel part whl1 geometry authored in place; recentring onto origin car=Some("sthlm_racer")
2026-10-04T08:00:51.598314Z  WARN mm2: wheel part whl2 geometry authored in place; recentring onto origin car=Some("sthlm_racer")
2026-10-04T08:00:51.598317Z  WARN mm2: wheel part whl3 geometry authored in place; recentring onto origin car=Some("sthlm_racer")
2026-10-04T08:00:52.306983Z  WARN mm2_app::city: water refs resolved no rooms; deadly water off path=city/stockholm.parts/part_-3_0.water skipped=0
2026-10-04T08:00:52.690181Z  WARN mm2_app::city: water refs resolved no rooms; deadly water off path=city/stockholm.parts/part_-2_2.water skipped=0
2026-10-04T08:00:52.693466Z  WARN mm2_app::city: water refs resolved no rooms; deadly water off path=city/stockholm.parts/part_-2_3.water skipped=0
2026-10-04T08:00:52.865160Z  WARN mm2_app::city: water refs resolved no rooms; deadly water off path=city/stockholm.parts/part_-1_0.water skipped=0
2026-10-04T08:00:53.014650Z  WARN mm2_app::city: water refs resolved no rooms; deadly water off path=city/stockholm.parts/part_-1_2.water skipped=0
2026-10-04T08:00:53.069534Z  WARN mm2_app::city: water refs resolved no rooms; deadly water off path=city/stockholm.parts/part_-1_3.water skipped=0
2026-10-04T08:00:53.204668Z  WARN mm2_app::city: water refs resolved no rooms; deadly water off path=city/stockholm.parts/part_0_-2.water skipped=0
2026-10-04T08:00:53.495905Z  WARN mm2_app::city: water refs resolved no rooms; deadly water off path=city/stockholm.parts/part_0_2.water skipped=0
2026-10-04T08:00:53.558923Z  WARN mm2_app::city: water refs resolved no rooms; deadly water off path=city/stockholm.parts/part_0_3.water skipped=0
2026-10-04T08:00:53.659577Z  WARN mm2_app::city: water refs resolved no rooms; deadly water off path=city/stockholm.parts/part_1_-3.water skipped=0
2026-10-04T08:00:53.762436Z  WARN mm2_app::city: water refs resolved no rooms; deadly water off path=city/stockholm.parts/part_1_-2.water skipped=0
2026-10-04T08:00:53.839605Z  WARN mm2_app::city: water refs resolved no rooms; deadly water off path=city/stockholm.parts/part_1_-1.water skipped=0
2026-10-04T08:00:54.072867Z  WARN mm2_app::city: water refs resolved no rooms; deadly water off path=city/stockholm.parts/part_1_1.water skipped=0
2026-10-04T08:00:54.156142Z  WARN mm2_app::city: water refs resolved no rooms; deadly water off path=city/stockholm.parts/part_1_2.water skipped=0
2026-10-04T08:00:54.219322Z  WARN mm2_app::city: water refs resolved no rooms; deadly water off path=city/stockholm.parts/part_1_3.water skipped=0
2026-10-04T08:00:54.356477Z  WARN mm2_app::city: water refs resolved no rooms; deadly water off path=city/stockholm.parts/part_2_-3.water skipped=0
2026-10-04T08:00:54.507995Z  WARN mm2_app::city: water refs resolved no rooms; deadly water off path=city/stockholm.parts/part_2_-1.water skipped=0
2026-10-04T08:00:54.641409Z  WARN mm2_app::city: water refs resolved no rooms; deadly water off path=city/stockholm.parts/part_2_1.water skipped=0
2026-10-04T08:00:54.702535Z  WARN mm2_app::city: water refs resolved no rooms; deadly water off path=city/stockholm.parts/part_2_2.water skipped=0
2026-10-04T08:00:54.727159Z  WARN mm2_app::city: water refs resolved no rooms; deadly water off path=city/stockholm.parts/part_2_3.water skipped=0
2026-10-04T08:00:55.034816Z  WARN mm2_app::city: water refs resolved no rooms; deadly water off path=city/stockholm.parts/part_3_1.water skipped=0
2026-10-04T08:00:55.086414Z  WARN mm2_app::city: water refs resolved no rooms; deadly water off path=city/stockholm.parts/part_3_2.water skipped=0
2026-10-04T08:00:55.128545Z  WARN mm2_app::city: water refs resolved no rooms; deadly water off path=city/stockholm.parts/part_3_3.water skipped=0
2026-10-04T08:00:55.314126Z  WARN mm2_app::city: water refs resolved no rooms; deadly water off path=city/stockholm.parts/part_4_1.water skipped=0
2026-10-04T08:00:55.355740Z  WARN mm2_app::city: water refs resolved no rooms; deadly water off path=city/stockholm.parts/part_4_2.water skipped=0
2026-10-04T08:00:55.668965Z  WARN mm2_app::city: water refs resolved no rooms; deadly water off path=city/stockholm.parts/part_6_1.water skipped=0
2026-10-04T08:00:55.770662Z  WARN mm2_app::object_sound: object sound table unreadable path=aud/ambient/ferry.csv error=asset not found: aud/ambient/ferry.csv
2026-10-04T08:00:55.770692Z  WARN mm2_app::object_sound: object sound table unreadable path=aud/ambient/subwaycar.csv error=asset not found: aud/ambient/subwaycar.csv
2026-10-04T08:00:55.770732Z  WARN mm2_app::environment: lighting preset validation issue path=city/stockholm.lt00 issue=OffGridName("morning")
2026-10-04T08:00:55.770738Z  WARN mm2_app::environment: fog table unavailable path=city/stockholm_fog.csv error=asset not found: city/stockholm_fog.csv
2026-10-04T08:00:55.770742Z  WARN mm2_app::environment: sky definition unavailable path=city/stockholm.sky error=asset not found: city/stockholm.sky
2026-10-04T08:00:55.790615Z  WARN mm2_app::damage_fx: smoke atlas unresolved — untextured puffs texture="fxpt2"
2026-10-04T08:00:55.790704Z  WARN mm2_app::spark_fx: spark texture unresolved — untextured streaks texture="spark"
2026-10-04T08:00:55.790752Z  WARN mm2_app::wheel_fx: wheel effect unavailable rule="dirt" path=tune/effects/dirt.asbirthrule
2026-10-04T08:00:55.790779Z  WARN mm2_app::wheel_fx: wheel effect unavailable rule="dust" path=tune/effects/dust.asbirthrule
2026-10-04T08:00:55.790784Z  WARN mm2_app::wheel_fx: wheel effect unavailable rule="grass" path=tune/effects/grass.asbirthrule
2026-10-04T08:00:55.790787Z  WARN mm2_app::wheel_fx: wheel effect unavailable rule="leaf" path=tune/effects/leaf.asbirthrule
2026-10-04T08:00:55.790790Z  WARN mm2_app::wheel_fx: wheel effect unavailable rule="smoke" path=tune/effects/smoke.asbirthrule
2026-10-04T08:00:55.790792Z  WARN mm2_app::wheel_fx: wheel effect unavailable rule="snow" path=tune/effects/snow.asbirthrule
2026-10-04T08:00:55.790795Z  WARN mm2_app::wheel_fx: wheel effect unavailable rule="splash" path=tune/effects/splash.asbirthrule
2026-10-04T08:00:55.790798Z  WARN mm2_app::wheel_fx: wheel effect unavailable rule="rock" path=tune/effects/rock.asbirthrule
2026-10-04T08:00:55.790802Z  WARN mm2_app::wheel_fx: wheel atlas unresolved — untextured puffs texture="ptx_wheel"
2026-10-04T08:00:55.791052Z  WARN mm2_app::audio: audio: aud/cardata/player/default_impacts.csv: asset not found: aud/cardata/player/default_impacts.csv
2026-10-04T08:00:55.791062Z  WARN mm2_app::audio: audio: aud/cardata/player/default_surfacedry.csv: asset not found: aud/cardata/player/default_surfacedry.csv
2026-10-04T08:00:55.791067Z  WARN mm2_app::audio: audio: aud/cardata/player/stockholmpolicesiren.csv: asset not found: aud/cardata/player/stockholmpolicesiren.csv
2026-10-04T08:00:55.791070Z  WARN mm2_app::audio: audio: aud/cardata/opponent/policesiren.csv: asset not found: aud/cardata/opponent/policesiren.csv
2026-10-04T08:00:56.243792Z  WARN mm2_app::audio: audio: aud/spchdata/stockholm.csv: asset not found: aud/spchdata/stockholm.csv
smoke=headless-physics world=city/stockholm.psdl status=pass updates=600 ticks=1200 driver=hold diff=amateur phase=playing impacts=2 dropped=0 peak=11.4m/s travel=15.2m sim=10.00s resets=0 controls=960t/0b/0s finite=true moved=13m wheels=4/4 final=(1385,19.3,944) env=lt00(morning) fog=none sky=none wtr=0.2/1698r map=inset/north/z1200/hudmap_stockholm.pkg/1t/1m dash=absent:missing-spec+pkg trk=sized bng=3242d/0a/0s/0b bng_ev=0a/0s/0b wfx=0r/0e/0x+8f+ut aud=0h/0v/0s/0l/0a/0r+1x
