mm2-smoke commit=b3d9804489bdcd576dd4b85b3f40fec75c545071
2026-10-03T22:24:17.793298Z  WARN mm2_app::environment: lighting preset unavailable path=city/stockholm.lt00 error=asset not found: city/stockholm.lt00
2026-10-03T22:24:17.793316Z  WARN mm2_app::environment: fog table unavailable path=city/stockholm_fog.csv error=asset not found: city/stockholm_fog.csv
2026-10-03T22:24:17.793318Z  WARN mm2_app::environment: sky definition unavailable path=city/stockholm.sky error=asset not found: city/stockholm.sky
2026-10-03T22:24:17.793337Z  WARN mm2_app::hudmap: hud map spec unavailable path=tune/stockholm.mmhudmap error=asset not found: tune/stockholm.mmhudmap
2026-10-03T22:24:17.793345Z  WARN mm2_app::damage_fx: smoke atlas unresolved — untextured puffs texture="fxpt2"
2026-10-03T22:24:17.793352Z  WARN mm2_app::spark_fx: spark texture unresolved — untextured streaks texture="spark"
2026-10-03T22:24:17.793358Z  WARN mm2_app::wheel_fx: wheel effect unavailable rule="dirt" path=tune/effects/dirt.asbirthrule
2026-10-03T22:24:17.793359Z  WARN mm2_app::wheel_fx: wheel effect unavailable rule="dust" path=tune/effects/dust.asbirthrule
2026-10-03T22:24:17.793360Z  WARN mm2_app::wheel_fx: wheel effect unavailable rule="grass" path=tune/effects/grass.asbirthrule
2026-10-03T22:24:17.793361Z  WARN mm2_app::wheel_fx: wheel effect unavailable rule="leaf" path=tune/effects/leaf.asbirthrule
2026-10-03T22:24:17.793362Z  WARN mm2_app::wheel_fx: wheel effect unavailable rule="smoke" path=tune/effects/smoke.asbirthrule
2026-10-03T22:24:17.793363Z  WARN mm2_app::wheel_fx: wheel effect unavailable rule="snow" path=tune/effects/snow.asbirthrule
2026-10-03T22:24:17.793364Z  WARN mm2_app::wheel_fx: wheel effect unavailable rule="splash" path=tune/effects/splash.asbirthrule
2026-10-03T22:24:17.793366Z  WARN mm2_app::wheel_fx: wheel effect unavailable rule="rock" path=tune/effects/rock.asbirthrule
2026-10-03T22:24:17.793367Z  WARN mm2_app::wheel_fx: wheel atlas unresolved — untextured puffs texture="ptx_wheel"
2026-10-03T22:24:17.793391Z  WARN mm2_app::audio: audio: aud/cardata/player/default_impacts.csv: asset not found: aud/cardata/player/default_impacts.csv
2026-10-03T22:24:17.793397Z  WARN mm2_app::audio: audio: aud/cardata/player/default_surfacedry.csv: asset not found: aud/cardata/player/default_surfacedry.csv
2026-10-03T22:24:17.793399Z  WARN mm2_app::audio: audio: aud/cardata/player/stockholmpolicesiren.csv: asset not found: aud/cardata/player/stockholmpolicesiren.csv
2026-10-03T22:24:17.793400Z  WARN mm2_app::audio: audio: aud/cardata/opponent/policesiren.csv: asset not found: aud/cardata/opponent/policesiren.csv
2026-10-03T22:24:17.794254Z  WARN mm2_app::audio: audio: aud/spchdata/stockholm.csv: asset not found: aud/spchdata/stockholm.csv
smoke=headless-physics world=city/stockholm.psdl status=pass updates=100 ticks=200 driver=hold diff=amateur phase=playing impacts=0 dropped=0 peak=0.0m/s travel=0.0m sim=1.67s resets=0 controls=0t/0b/0s finite=true moved=1m wheels=4/4 final=(-10,24.8,-10) env=lt00(fallback) fog=none sky=none wtr=0.2/1r map=absent:missing-tune wfx=0r/0e/0x+8f+ut aud=0h/0v/0s/0l/0a/0r+1x
