{
  "mode": "green",
  "alignment": [
    {
      "name": "Str\u00f6mbron",
      "source_ways": [
        35969580,
        959169606,
        1337078899
      ],
      "rule": "shared component upper longitudinal datum; true span anchors retained",
      "max_raise_m": 3.525305,
      "source_junction_lifts": []
    }
  ],
  "floors": [
    {
      "xz": [
        1596.0148,
        -96.75505
      ],
      "faces": 3,
      "min_normal_y": 0.9994761477753872,
      "floor_levels": [
        6.373437262529385
      ],
      "source_height": 6.373330782167732,
      "highest_floor_error": 0.00010648036165328278
    },
    {
      "xz": [
        1598.18487,
        -94.99115
      ],
      "faces": 5,
      "min_normal_y": 0.9994761735298192,
      "floor_levels": [
        6.324696819545902
      ],
      "source_height": 6.324617671848831,
      "highest_floor_error": 7.914769707095815e-05
    },
    {
      "xz": [
        1597.099835,
        -95.8731
      ],
      "faces": 4,
      "min_normal_y": 0.9994761735298192,
      "floor_levels": [
        6.349122115851828
      ],
      "source_height": 6.348974227008281,
      "highest_floor_error": 0.000147888843547328
    }
  ]
}
