test_genuine_stacked_layers_remain_separate (test_bridge_anchor_compatible_profiles.AnchorCompatibleBridgeProfilesTest.test_genuine_stacked_layers_remain_separate) ... ok
test_independent_source_bank_heights_do_not_use_exception (test_bridge_anchor_compatible_profiles.AnchorCompatibleBridgeProfilesTest.test_independent_source_bank_heights_do_not_use_exception) ... ok
test_native_floor_matches_source_at_exact_stall_and_held_guide (test_bridge_anchor_compatible_profiles.AnchorCompatibleBridgeProfilesTest.test_native_floor_matches_source_at_exact_stall_and_held_guide) ... ok
test_actual_parallel_and_segmented_decks_have_native_lane_clearance (test_bridge_physical_perimeters.BridgePhysicalPerimeterTests.test_actual_parallel_and_segmented_decks_have_native_lane_clearance) ... ok
test_true_stacked_and_distant_equal_names_keep_independent_perimeters (test_bridge_physical_perimeters.BridgePhysicalPerimeterTests.test_true_stacked_and_distant_equal_names_keep_independent_perimeters) ... ok
test_equal_named_unconnected_stacked_spans_keep_separate_portals (test_bridge_structure_groups.BridgeStructureGroupTests.test_equal_named_unconnected_stacked_spans_keep_separate_portals) ... ok
test_named_arch_landmark_is_actually_written_for_each_source_component (test_bridge_structure_groups.BridgeStructureGroupTests.test_named_arch_landmark_is_actually_written_for_each_source_component) ... ok
test_source_connected_layer_change_keeps_rails_at_internal_join (test_bridge_structure_groups.BridgeStructureGroupTests.test_source_connected_layer_change_keeps_rails_at_internal_join) ... ok
test_fixed_interior_land_anchor_skips_component_alignment (test_bridge_segmented_profiles.SegmentedBridgeProfilesTest.test_fixed_interior_land_anchor_skips_component_alignment) ... ok
test_native_floor_footprints_share_component_datum (test_bridge_segmented_profiles.SegmentedBridgeProfilesTest.test_native_floor_footprints_share_component_datum) ... ok
test_stacked_component_profiles_remain_independent (test_bridge_segmented_profiles.SegmentedBridgeProfilesTest.test_stacked_component_profiles_remain_independent) ... ok
test_actual_parallel_deck_has_smooth_native_floor_at_all_three_stalls (test_bridge_parallel_profiles.BridgeParallelProfileTests.test_actual_parallel_deck_has_smooth_native_floor_at_all_three_stalls) ... ok
test_interior_source_approach_anchor_is_not_moved_without_join_alignment (test_bridge_parallel_profiles.BridgeParallelProfileTests.test_interior_source_approach_anchor_is_not_moved_without_join_alignment) ... ok
test_unconnected_stacked_or_distant_equal_named_decks_remain_independent (test_bridge_parallel_profiles.BridgeParallelProfileTests.test_unconnected_stacked_or_distant_equal_named_decks_remain_independent) ... ok
test_already_coherent_shared_datum_is_not_raised_again (test_bridge_alignment_junctions.BridgeAlignmentJunctionTests.test_already_coherent_shared_datum_is_not_raised_again) ... ok
test_exact_stromsborg_connector_lift_is_smooth_not_one_raised_vertex (test_bridge_alignment_junctions.BridgeAlignmentJunctionTests.test_exact_stromsborg_connector_lift_is_smooth_not_one_raised_vertex) ... ok
test_exact_vasa_source_connector_emits_continuous_native_facets (test_bridge_alignment_junctions.BridgeAlignmentJunctionTests.test_exact_vasa_source_connector_emits_continuous_native_facets) ... ok
test_global_shared_nodes_and_fixed_ordinary_anchors_are_preserved (test_bridge_alignment_junctions.BridgeAlignmentJunctionTests.test_global_shared_nodes_and_fixed_ordinary_anchors_are_preserved) ... ok

----------------------------------------------------------------------
Ran 18 tests in 2.083s

OK
