{"building_route_overlaps": [], "road_area": 136708.74049245787, "route_m": 1527.3475638275881, "spawn_clearance_m": 1.5, "status": "pass", "triangulated_area": 136708.74049245758}
engine=/Users/linus/coding/rust-mm2/target/debug/mm2 package=/Users/linus/coding/mm2-sthlm/dist/stockholm
mm2-smoke commit=1a568de7996be6813d32ab4f50d2f3dc150f258c
2026-10-03T11:42:03.281054Z  WARN mm2_app::environment: lighting preset unavailable path=city/stockholm.lt04 error=asset not found: city/stockholm.lt04
2026-10-03T11:42:03.281371Z  WARN mm2_app::environment: fog table unavailable path=city/stockholm_fog.csv error=asset not found: city/stockholm_fog.csv
2026-10-03T11:42:03.281376Z  WARN mm2_app::environment: sky definition unavailable path=city/stockholm.sky error=asset not found: city/stockholm.sky
2026-10-03T11:42:03.281380Z  WARN mm2_app::hudmap: hud map spec unavailable path=tune/stockholm.mmhudmap error=asset not found: tune/stockholm.mmhudmap
2026-10-03T11:42:03.281384Z  WARN mm2_app::damage_fx: smoke atlas unresolved — untextured puffs texture="fxpt2"
2026-10-03T11:42:03.281390Z  WARN mm2_app::spark_fx: spark texture unresolved — untextured streaks texture="spark"
2026-10-03T11:42:03.281402Z  WARN mm2_app::wheel_fx: wheel effect unavailable rule="dirt" path=tune/effects/dirt.asbirthrule
2026-10-03T11:42:03.281405Z  WARN mm2_app::wheel_fx: wheel effect unavailable rule="dust" path=tune/effects/dust.asbirthrule
2026-10-03T11:42:03.281407Z  WARN mm2_app::wheel_fx: wheel effect unavailable rule="grass" path=tune/effects/grass.asbirthrule
2026-10-03T11:42:03.281409Z  WARN mm2_app::wheel_fx: wheel effect unavailable rule="leaf" path=tune/effects/leaf.asbirthrule
2026-10-03T11:42:03.281410Z  WARN mm2_app::wheel_fx: wheel effect unavailable rule="smoke" path=tune/effects/smoke.asbirthrule
2026-10-03T11:42:03.281412Z  WARN mm2_app::wheel_fx: wheel effect unavailable rule="snow" path=tune/effects/snow.asbirthrule
2026-10-03T11:42:03.281414Z  WARN mm2_app::wheel_fx: wheel effect unavailable rule="splash" path=tune/effects/splash.asbirthrule
2026-10-03T11:42:03.281416Z  WARN mm2_app::wheel_fx: wheel effect unavailable rule="rock" path=tune/effects/rock.asbirthrule
2026-10-03T11:42:03.281418Z  WARN mm2_app::wheel_fx: wheel atlas unresolved — untextured puffs texture="ptx_wheel"
2026-10-03T11:42:03.281440Z  WARN mm2_app::audio: audio: aud/cardata/player/default_impacts.csv: asset not found: aud/cardata/player/default_impacts.csv
2026-10-03T11:42:03.281444Z  WARN mm2_app::audio: audio: aud/cardata/player/default_surfacedry.csv: asset not found: aud/cardata/player/default_surfacedry.csv
2026-10-03T11:42:03.281446Z  WARN mm2_app::audio: audio: aud/cardata/player/stockholmpolicesiren.csv: asset not found: aud/cardata/player/stockholmpolicesiren.csv
2026-10-03T11:42:03.281448Z  WARN mm2_app::audio: audio: aud/cardata/opponent/policesiren.csv: asset not found: aud/cardata/opponent/policesiren.csv
2026-10-03T11:42:03.281819Z  WARN mm2_app::session: nav graph failed to load — opponent routes stay verbatim error=city/stockholm.bai: not found in the VFS
2026-10-03T11:42:03.289499Z  WARN mm2_app::audio: audio: aud/spchdata/stockholm.csv: asset not found: aud/spchdata/stockholm.csv
smoke=headless-physics world=city/stockholm.psdl status=pass updates=7000 ticks=13640 driver=scripted diff=amateur phase=playing impacts=6 dropped=0 peak=30.1m/s moved=38m wheels=4/4 final=(-70,2.8,136) race=Running cp=99/102 results=0 lap=1/1 pos=1/1 p_rec=0r/5e env=lt04(fallback) fog=none sky=none wtr=0.2/83r map=absent:missing-tune ind=absent:missing-pkg tmr=absent:missing-glyphs arr=absent:missing-pkg sta=absent:missing-glyphs wfx=0r/0e/0x+8f+ut aud=0h/0v/0s/0l/0a/0r+1x
