mm2-smoke commit=cf5d4741100f78fc372398d36e06b228a3c0e938
2026-10-03T12:17:45.654967Z  WARN mm2_app::environment: lighting preset unavailable path=city/triangle.lt00 error=asset not found: city/triangle.lt00
2026-10-03T12:17:45.654982Z  WARN mm2_app::environment: fog table unavailable path=city/triangle_fog.csv error=asset not found: city/triangle_fog.csv
2026-10-03T12:17:45.654989Z  WARN mm2_app::environment: sky definition unavailable path=city/triangle.sky error=asset not found: city/triangle.sky
2026-10-03T12:17:45.654998Z  WARN mm2_app::hudmap: hud map spec unavailable path=tune/triangle.mmhudmap error=asset not found: tune/triangle.mmhudmap
2026-10-03T12:17:45.655002Z  WARN mm2_app::damage_fx: smoke atlas unresolved — untextured puffs texture="fxpt2"
2026-10-03T12:17:45.655006Z  WARN mm2_app::spark_fx: spark texture unresolved — untextured streaks texture="spark"
2026-10-03T12:17:45.655010Z  WARN mm2_app::wheel_fx: wheel effect unavailable rule="dirt" path=tune/effects/dirt.asbirthrule
2026-10-03T12:17:45.655012Z  WARN mm2_app::wheel_fx: wheel effect unavailable rule="dust" path=tune/effects/dust.asbirthrule
2026-10-03T12:17:45.655013Z  WARN mm2_app::wheel_fx: wheel effect unavailable rule="grass" path=tune/effects/grass.asbirthrule
2026-10-03T12:17:45.655014Z  WARN mm2_app::wheel_fx: wheel effect unavailable rule="leaf" path=tune/effects/leaf.asbirthrule
2026-10-03T12:17:45.655015Z  WARN mm2_app::wheel_fx: wheel effect unavailable rule="smoke" path=tune/effects/smoke.asbirthrule
2026-10-03T12:17:45.655016Z  WARN mm2_app::wheel_fx: wheel effect unavailable rule="snow" path=tune/effects/snow.asbirthrule
2026-10-03T12:17:45.655017Z  WARN mm2_app::wheel_fx: wheel effect unavailable rule="splash" path=tune/effects/splash.asbirthrule
2026-10-03T12:17:45.655018Z  WARN mm2_app::wheel_fx: wheel effect unavailable rule="rock" path=tune/effects/rock.asbirthrule
2026-10-03T12:17:45.655020Z  WARN mm2_app::wheel_fx: wheel atlas unresolved — untextured puffs texture="ptx_wheel"
2026-10-03T12:17:45.655044Z  WARN mm2_app::audio: audio: aud/cardata/player/default_impacts.csv: asset not found: aud/cardata/player/default_impacts.csv
2026-10-03T12:17:45.655047Z  WARN mm2_app::audio: audio: aud/cardata/player/default_surfacedry.csv: asset not found: aud/cardata/player/default_surfacedry.csv
2026-10-03T12:17:45.655050Z  WARN mm2_app::audio: audio: aud/cardata/player/trianglepolicesiren.csv: asset not found: aud/cardata/player/trianglepolicesiren.csv
2026-10-03T12:17:45.655051Z  WARN mm2_app::audio: audio: aud/cardata/opponent/policesiren.csv: asset not found: aud/cardata/opponent/policesiren.csv
2026-10-03T12:17:45.655515Z  WARN mm2_app::audio: audio: aud/spchdata/triangle.csv: asset not found: aud/spchdata/triangle.csv
smoke=headless-physics world=city/triangle.psdl status=pass updates=400 ticks=800 driver=hold diff=amateur phase=playing impacts=0 dropped=0 peak=27.1m/s travel=72.3m sim=6.67s resets=0 controls=560t/0b/0s finite=true moved=72m wheels=4/4 final=(0,2.8,-72) env=lt00(fallback) fog=none sky=none map=absent:missing-tune wfx=0r/0e/0x+8f+ut aud=0h/0v/0s/0l/0a/0r+1x
