mm2-smoke commit=c4156b780969666f420375d9f5647f51913646a0
2026-10-04T03:25:32.314016Z  WARN mm2: wheel part whl0 geometry authored in place; recentring onto origin car=Some("sthlm_racer")
2026-10-04T03:25:32.314036Z  WARN mm2: wheel part whl1 geometry authored in place; recentring onto origin car=Some("sthlm_racer")
2026-10-04T03:25:32.314040Z  WARN mm2: wheel part whl2 geometry authored in place; recentring onto origin car=Some("sthlm_racer")
2026-10-04T03:25:32.314043Z  WARN mm2: wheel part whl3 geometry authored in place; recentring onto origin car=Some("sthlm_racer")
2026-10-04T03:25:32.996715Z  WARN mm2_app::city: water refs resolved no rooms; deadly water off path=city/stockholm.parts/part_-3_0.water skipped=0
2026-10-04T03:25:33.378913Z  WARN mm2_app::city: water refs resolved no rooms; deadly water off path=city/stockholm.parts/part_-2_2.water skipped=0
2026-10-04T03:25:33.382222Z  WARN mm2_app::city: water refs resolved no rooms; deadly water off path=city/stockholm.parts/part_-2_3.water skipped=0
2026-10-04T03:25:33.548080Z  WARN mm2_app::city: water refs resolved no rooms; deadly water off path=city/stockholm.parts/part_-1_0.water skipped=0
2026-10-04T03:25:33.698588Z  WARN mm2_app::city: water refs resolved no rooms; deadly water off path=city/stockholm.parts/part_-1_2.water skipped=0
2026-10-04T03:25:33.754203Z  WARN mm2_app::city: water refs resolved no rooms; deadly water off path=city/stockholm.parts/part_-1_3.water skipped=0
2026-10-04T03:25:33.880129Z  WARN mm2_app::city: water refs resolved no rooms; deadly water off path=city/stockholm.parts/part_0_-2.water skipped=0
2026-10-04T03:25:34.152904Z  WARN mm2_app::city: water refs resolved no rooms; deadly water off path=city/stockholm.parts/part_0_2.water skipped=0
2026-10-04T03:25:34.213389Z  WARN mm2_app::city: water refs resolved no rooms; deadly water off path=city/stockholm.parts/part_0_3.water skipped=0
2026-10-04T03:25:34.309177Z  WARN mm2_app::city: water refs resolved no rooms; deadly water off path=city/stockholm.parts/part_1_-3.water skipped=0
2026-10-04T03:25:34.400796Z  WARN mm2_app::city: water refs resolved no rooms; deadly water off path=city/stockholm.parts/part_1_-2.water skipped=0
2026-10-04T03:25:34.461004Z  WARN mm2_app::city: water refs resolved no rooms; deadly water off path=city/stockholm.parts/part_1_-1.water skipped=0
2026-10-04T03:25:34.514766Z  WARN mm2_app::city: water refs resolved no rooms; deadly water off path=city/stockholm.parts/part_1_-1_spill_1.water skipped=0
2026-10-04T03:25:34.619246Z  WARN mm2_app::city: water refs resolved no rooms; deadly water off path=city/stockholm.parts/part_1_0_spill_1.water skipped=0
2026-10-04T03:25:34.710214Z  WARN mm2_app::city: water refs resolved no rooms; deadly water off path=city/stockholm.parts/part_1_1.water skipped=0
2026-10-04T03:25:34.715110Z  WARN mm2_app::city: water refs resolved no rooms; deadly water off path=city/stockholm.parts/part_1_1_spill_1.water skipped=0
2026-10-04T03:25:34.800549Z  WARN mm2_app::city: water refs resolved no rooms; deadly water off path=city/stockholm.parts/part_1_2.water skipped=0
2026-10-04T03:25:34.863479Z  WARN mm2_app::city: water refs resolved no rooms; deadly water off path=city/stockholm.parts/part_1_3.water skipped=0
2026-10-04T03:25:34.998680Z  WARN mm2_app::city: water refs resolved no rooms; deadly water off path=city/stockholm.parts/part_2_-3.water skipped=0
2026-10-04T03:25:35.141536Z  WARN mm2_app::city: water refs resolved no rooms; deadly water off path=city/stockholm.parts/part_2_-1.water skipped=0
2026-10-04T03:25:35.305300Z  WARN mm2_app::city: water refs resolved no rooms; deadly water off path=city/stockholm.parts/part_2_1.water skipped=0
2026-10-04T03:25:35.373246Z  WARN mm2_app::city: water refs resolved no rooms; deadly water off path=city/stockholm.parts/part_2_2.water skipped=0
2026-10-04T03:25:35.397696Z  WARN mm2_app::city: water refs resolved no rooms; deadly water off path=city/stockholm.parts/part_2_3.water skipped=0
2026-10-04T03:25:35.716310Z  WARN mm2_app::city: water refs resolved no rooms; deadly water off path=city/stockholm.parts/part_3_1.water skipped=0
2026-10-04T03:25:35.768235Z  WARN mm2_app::city: water refs resolved no rooms; deadly water off path=city/stockholm.parts/part_3_2.water skipped=0
2026-10-04T03:25:35.818188Z  WARN mm2_app::city: water refs resolved no rooms; deadly water off path=city/stockholm.parts/part_3_3.water skipped=0
2026-10-04T03:25:36.007521Z  WARN mm2_app::city: water refs resolved no rooms; deadly water off path=city/stockholm.parts/part_4_1.water skipped=0
2026-10-04T03:25:36.044259Z  WARN mm2_app::city: water refs resolved no rooms; deadly water off path=city/stockholm.parts/part_4_2.water skipped=0
2026-10-04T03:25:36.347095Z  WARN mm2_app::city: water refs resolved no rooms; deadly water off path=city/stockholm.parts/part_6_1.water skipped=0
2026-10-04T03:25:36.601555Z  WARN mm2_app::object_sound: object sound table unreadable path=aud/ambient/ferry.csv error=asset not found: aud/ambient/ferry.csv
2026-10-04T03:25:36.601577Z  WARN mm2_app::object_sound: object sound table unreadable path=aud/ambient/subwaycar.csv error=asset not found: aud/ambient/subwaycar.csv
2026-10-04T03:25:36.601627Z  WARN mm2_app::environment: lighting preset validation issue path=city/stockholm.lt04 issue=OffGridName("noon")
2026-10-04T03:25:36.601633Z  WARN mm2_app::environment: fog table unavailable path=city/stockholm_fog.csv error=asset not found: city/stockholm_fog.csv
2026-10-04T03:25:36.601636Z  WARN mm2_app::environment: sky definition unavailable path=city/stockholm.sky error=asset not found: city/stockholm.sky
2026-10-04T03:25:36.617965Z  WARN mm2_app::damage_fx: smoke atlas unresolved — untextured puffs texture="fxpt2"
2026-10-04T03:25:36.618006Z  WARN mm2_app::spark_fx: spark texture unresolved — untextured streaks texture="spark"
2026-10-04T03:25:36.618015Z  WARN mm2_app::wheel_fx: wheel effect unavailable rule="dirt" path=tune/effects/dirt.asbirthrule
2026-10-04T03:25:36.618019Z  WARN mm2_app::wheel_fx: wheel effect unavailable rule="dust" path=tune/effects/dust.asbirthrule
2026-10-04T03:25:36.618022Z  WARN mm2_app::wheel_fx: wheel effect unavailable rule="grass" path=tune/effects/grass.asbirthrule
2026-10-04T03:25:36.618025Z  WARN mm2_app::wheel_fx: wheel effect unavailable rule="leaf" path=tune/effects/leaf.asbirthrule
2026-10-04T03:25:36.618027Z  WARN mm2_app::wheel_fx: wheel effect unavailable rule="smoke" path=tune/effects/smoke.asbirthrule
2026-10-04T03:25:36.618029Z  WARN mm2_app::wheel_fx: wheel effect unavailable rule="snow" path=tune/effects/snow.asbirthrule
2026-10-04T03:25:36.618031Z  WARN mm2_app::wheel_fx: wheel effect unavailable rule="splash" path=tune/effects/splash.asbirthrule
2026-10-04T03:25:36.618033Z  WARN mm2_app::wheel_fx: wheel effect unavailable rule="rock" path=tune/effects/rock.asbirthrule
2026-10-04T03:25:36.618037Z  WARN mm2_app::wheel_fx: wheel atlas unresolved — untextured puffs texture="ptx_wheel"
2026-10-04T03:25:36.618306Z  WARN mm2_app::audio: audio: aud/cardata/player/default_impacts.csv: asset not found: aud/cardata/player/default_impacts.csv
2026-10-04T03:25:36.618313Z  WARN mm2_app::audio: audio: aud/cardata/player/default_surfacedry.csv: asset not found: aud/cardata/player/default_surfacedry.csv
2026-10-04T03:25:36.618317Z  WARN mm2_app::audio: audio: aud/cardata/player/stockholmpolicesiren.csv: asset not found: aud/cardata/player/stockholmpolicesiren.csv
2026-10-04T03:25:36.618319Z  WARN mm2_app::audio: audio: aud/cardata/opponent/policesiren.csv: asset not found: aud/cardata/opponent/policesiren.csv
2026-10-04T03:25:36.619147Z  WARN mm2_app::session: nav graph failed to load — opponent routes stay verbatim error=city/stockholm.bai: not found in the VFS
2026-10-04T03:25:37.180252Z  WARN mm2_app::race_audio: audio: race cue startracelow: no wave matches stem "startracelow"
2026-10-04T03:25:37.180295Z  WARN mm2_app::audio: audio: aud/spchdata/stockholm.csv: asset not found: aud/spchdata/stockholm.csv
2026-10-04T03:25:37.520062Z  WARN mm2_app::race_audio: audio: race cue startracelow: no wave matches stem "startracelow"
2026-10-04T03:25:37.737105Z  WARN mm2_app::race_audio: audio: race cue startracelow: no wave matches stem "startracelow"
2026-10-04T03:25:37.955181Z  WARN mm2_app::race_audio: audio: race cue startracehigh: no wave matches stem "startracehigh"
2026-10-04T03:25:52.037218Z  INFO mm2_app::scripted: scripted player started a bounded escape after sustained low-speed throttle tick=6654 escapes=1 position=Vec3(-1319.6654, 14.600591, -100.0713) speed=0.0029196529649198055 heading_rad=2.7266480922698975 bearing_rad=-0.00628197705373168 route_next=Some(286) gate=Vec3(-864.29767, 35.11112, 637.2484) aim=Vec3(-1324.4341, 13.75804, -89.05926)
2026-10-04T03:25:53.430340Z  INFO mm2_app::scripted: scripted player started a bounded escape after sustained low-speed throttle tick=7320 escapes=2 position=Vec3(-1321.9082, 14.612806, -101.07635) speed=-0.005730718374252319 heading_rad=2.760119676589966 bearing_rad=-0.1745787411928177 route_next=Some(286) gate=Vec3(-864.29767, 35.11112, 637.2484) aim=Vec3(-1324.4274, 13.75804, -89.07448)
2026-10-04T03:25:54.826196Z  INFO mm2_app::scripted: scripted player started a bounded escape after sustained low-speed throttle tick=7980 escapes=3 position=Vec3(-1320.3536, 14.603391, -100.36043) speed=0.02156572975218296 heading_rad=2.744525909423828 bearing_rad=-0.05050336569547653 route_next=Some(286) gate=Vec3(-864.29767, 35.11112, 637.2484) aim=Vec3(-1324.4391, 13.75804, -89.047745)
2026-10-04T03:25:55.457962Z  INFO mm2_app::scripted: scripted player re-anchored onto its route after a bounded stuck tick=8244 reanchors=1 position=Vec3(-1319.6216, 15.112093, -106.62937) speed=2.4231207370758057 heading_rad=-3.1064324378967285 route_next=285 gate=Vec3(-864.29767, 35.11112, 637.2484) landing=Vec3(-1312.8807, 16.42182, -116.109505)
2026-10-04T03:25:56.481071Z  INFO mm2_app::scripted: scripted player started a bounded escape after sustained low-speed throttle tick=8730 escapes=4 position=Vec3(-1319.4036, 14.601682, -99.941444) speed=-0.0009362818673253059 heading_rad=2.6758837699890137 bearing_rad=-0.032719649374485016 route_next=Some(286) gate=Vec3(-864.29767, 35.11112, 637.2484) aim=Vec3(-1324.4395, 13.75804, -89.047005)
2026-10-04T03:25:57.836184Z  INFO mm2_app::scripted: scripted player started a bounded escape after sustained low-speed throttle tick=9382 escapes=5 position=Vec3(-1321.5905, 14.601321, -100.914474) speed=0.008820939809083939 heading_rad=2.7219293117523193 bearing_rad=-0.1842034012079239 route_next=Some(286) gate=Vec3(-864.29767, 35.11112, 637.2484) aim=Vec3(-1324.4354, 13.75804, -89.055984)
2026-10-04T03:25:59.234008Z  INFO mm2_app::scripted: scripted player started a bounded escape after sustained low-speed throttle tick=10056 escapes=6 position=Vec3(-1319.0433, 14.603387, -99.78228) speed=0.02437553182244301 heading_rad=2.711529493331909 bearing_rad=0.03570251166820526 route_next=Some(286) gate=Vec3(-864.29767, 35.11112, 637.2484) aim=Vec3(-1324.4397, 13.75804, -89.04646)
2026-10-04T03:25:59.815611Z  INFO mm2_app::scripted: scripted player re-anchored onto its route after a bounded stuck tick=10338 reanchors=2 position=Vec3(-1317.5325, 15.281022, -107.87862) speed=-0.1083705872297287 heading_rad=2.342188596725464 route_next=285 gate=Vec3(-864.29767, 35.11112, 637.2484) landing=Vec3(-1312.8807, 16.42182, -116.109505)
2026-10-04T03:26:00.830572Z  INFO mm2_app::scripted: scripted player started a bounded escape after sustained low-speed throttle tick=10824 escapes=7 position=Vec3(-1319.4036, 14.601682, -99.941444) speed=-0.0009362818673253059 heading_rad=2.6758837699890137 bearing_rad=-0.032719649374485016 route_next=Some(286) gate=Vec3(-864.29767, 35.11112, 637.2484) aim=Vec3(-1324.4395, 13.75804, -89.047005)
2026-10-04T03:26:02.194920Z  INFO mm2_app::scripted: scripted player started a bounded escape after sustained low-speed throttle tick=11476 escapes=8 position=Vec3(-1321.5905, 14.601321, -100.914474) speed=0.008820939809083939 heading_rad=2.7219293117523193 bearing_rad=-0.1842034012079239 route_next=Some(286) gate=Vec3(-864.29767, 35.11112, 637.2484) aim=Vec3(-1324.4354, 13.75804, -89.055984)
2026-10-04T03:26:03.598920Z  INFO mm2_app::scripted: scripted player started a bounded escape after sustained low-speed throttle tick=12150 escapes=9 position=Vec3(-1319.0433, 14.603387, -99.78228) speed=0.02437553182244301 heading_rad=2.711529493331909 bearing_rad=0.03570251166820526 route_next=Some(286) gate=Vec3(-864.29767, 35.11112, 637.2484) aim=Vec3(-1324.4397, 13.75804, -89.04646)
2026-10-04T03:26:04.174060Z  INFO mm2_app::scripted: scripted player re-anchored onto its route after a bounded stuck tick=12432 reanchors=3 position=Vec3(-1317.5325, 15.281022, -107.87862) speed=-0.1083705872297287 heading_rad=2.342188596725464 route_next=285 gate=Vec3(-864.29767, 35.11112, 637.2484) landing=Vec3(-1312.8807, 16.42182, -116.109505)
2026-10-04T03:26:05.184490Z  INFO mm2_app::scripted: scripted player started a bounded escape after sustained low-speed throttle tick=12918 escapes=10 position=Vec3(-1319.4036, 14.601682, -99.941444) speed=-0.0009362818673253059 heading_rad=2.6758837699890137 bearing_rad=-0.032719649374485016 route_next=Some(286) gate=Vec3(-864.29767, 35.11112, 637.2484) aim=Vec3(-1324.4395, 13.75804, -89.047005)
2026-10-04T03:26:06.549563Z  INFO mm2_app::scripted: scripted player started a bounded escape after sustained low-speed throttle tick=13570 escapes=11 position=Vec3(-1321.5905, 14.601321, -100.914474) speed=0.008820939809083939 heading_rad=2.7219293117523193 bearing_rad=-0.1842034012079239 route_next=Some(286) gate=Vec3(-864.29767, 35.11112, 637.2484) aim=Vec3(-1324.4354, 13.75804, -89.055984)
2026-10-04T03:26:07.971323Z  INFO mm2_app::scripted: scripted player started a bounded escape after sustained low-speed throttle tick=14244 escapes=12 position=Vec3(-1319.0433, 14.603387, -99.78228) speed=0.02437553182244301 heading_rad=2.711529493331909 bearing_rad=0.03570251166820526 route_next=Some(286) gate=Vec3(-864.29767, 35.11112, 637.2484) aim=Vec3(-1324.4397, 13.75804, -89.04646)
2026-10-04T03:26:08.561628Z  INFO mm2_app::scripted: scripted player re-anchored onto its route after a bounded stuck tick=14526 reanchors=4 position=Vec3(-1317.5325, 15.281022, -107.87862) speed=-0.1083705872297287 heading_rad=2.342188596725464 route_next=285 gate=Vec3(-864.29767, 35.11112, 637.2484) landing=Vec3(-1312.8807, 16.42182, -116.109505)
2026-10-04T03:26:09.606455Z  INFO mm2_app::scripted: scripted player started a bounded escape after sustained low-speed throttle tick=15012 escapes=13 position=Vec3(-1319.4036, 14.601682, -99.941444) speed=-0.0009362818673253059 heading_rad=2.6758837699890137 bearing_rad=-0.032719649374485016 route_next=Some(286) gate=Vec3(-864.29767, 35.11112, 637.2484) aim=Vec3(-1324.4395, 13.75804, -89.047005)
2026-10-04T03:26:10.959829Z  INFO mm2_app::scripted: scripted player started a bounded escape after sustained low-speed throttle tick=15664 escapes=14 position=Vec3(-1321.5905, 14.601321, -100.914474) speed=0.008820939809083939 heading_rad=2.7219293117523193 bearing_rad=-0.1842034012079239 route_next=Some(286) gate=Vec3(-864.29767, 35.11112, 637.2484) aim=Vec3(-1324.4354, 13.75804, -89.055984)
2026-10-04T03:26:12.352144Z  INFO mm2_app::scripted: scripted player started a bounded escape after sustained low-speed throttle tick=16338 escapes=15 position=Vec3(-1319.0433, 14.603387, -99.78228) speed=0.02437553182244301 heading_rad=2.711529493331909 bearing_rad=0.03570251166820526 route_next=Some(286) gate=Vec3(-864.29767, 35.11112, 637.2484) aim=Vec3(-1324.4397, 13.75804, -89.04646)
2026-10-04T03:26:12.932458Z  INFO mm2_app::scripted: scripted player re-anchored onto its route after a bounded stuck tick=16620 reanchors=5 position=Vec3(-1317.5325, 15.281022, -107.87862) speed=-0.1083705872297287 heading_rad=2.342188596725464 route_next=285 gate=Vec3(-864.29767, 35.11112, 637.2484) landing=Vec3(-1312.8807, 16.42182, -116.109505)
2026-10-04T03:26:13.953242Z  INFO mm2_app::scripted: scripted player started a bounded escape after sustained low-speed throttle tick=17106 escapes=16 position=Vec3(-1319.4036, 14.601682, -99.941444) speed=-0.0009362818673253059 heading_rad=2.6758837699890137 bearing_rad=-0.032719649374485016 route_next=Some(286) gate=Vec3(-864.29767, 35.11112, 637.2484) aim=Vec3(-1324.4395, 13.75804, -89.047005)
2026-10-04T03:26:15.308169Z  INFO mm2_app::scripted: scripted player started a bounded escape after sustained low-speed throttle tick=17758 escapes=17 position=Vec3(-1321.5905, 14.601321, -100.914474) speed=0.008820939809083939 heading_rad=2.7219293117523193 bearing_rad=-0.1842034012079239 route_next=Some(286) gate=Vec3(-864.29767, 35.11112, 637.2484) aim=Vec3(-1324.4354, 13.75804, -89.055984)
2026-10-04T03:26:16.705594Z  INFO mm2_app::scripted: scripted player started a bounded escape after sustained low-speed throttle tick=18432 escapes=18 position=Vec3(-1319.0433, 14.603387, -99.78228) speed=0.02437553182244301 heading_rad=2.711529493331909 bearing_rad=0.03570251166820526 route_next=Some(286) gate=Vec3(-864.29767, 35.11112, 637.2484) aim=Vec3(-1324.4397, 13.75804, -89.04646)
2026-10-04T03:26:17.286467Z  INFO mm2_app::scripted: scripted player re-anchored onto its route after a bounded stuck tick=18714 reanchors=6 position=Vec3(-1317.5325, 15.281022, -107.87862) speed=-0.1083705872297287 heading_rad=2.342188596725464 route_next=285 gate=Vec3(-864.29767, 35.11112, 637.2484) landing=Vec3(-1312.8807, 16.42182, -116.109505)
2026-10-04T03:26:18.317457Z  INFO mm2_app::scripted: scripted player started a bounded escape after sustained low-speed throttle tick=19200 escapes=19 position=Vec3(-1319.4036, 14.601682, -99.941444) speed=-0.0009362818673253059 heading_rad=2.6758837699890137 bearing_rad=-0.032719649374485016 route_next=Some(286) gate=Vec3(-864.29767, 35.11112, 637.2484) aim=Vec3(-1324.4395, 13.75804, -89.047005)
2026-10-04T03:26:19.674636Z  INFO mm2_app::scripted: scripted player started a bounded escape after sustained low-speed throttle tick=19852 escapes=20 position=Vec3(-1321.5905, 14.601321, -100.914474) speed=0.008820939809083939 heading_rad=2.7219293117523193 bearing_rad=-0.1842034012079239 route_next=Some(286) gate=Vec3(-864.29767, 35.11112, 637.2484) aim=Vec3(-1324.4354, 13.75804, -89.055984)
2026-10-04T03:26:21.088376Z  INFO mm2_app::scripted: scripted player started a bounded escape after sustained low-speed throttle tick=20526 escapes=21 position=Vec3(-1319.0433, 14.603387, -99.78228) speed=0.02437553182244301 heading_rad=2.711529493331909 bearing_rad=0.03570251166820526 route_next=Some(286) gate=Vec3(-864.29767, 35.11112, 637.2484) aim=Vec3(-1324.4397, 13.75804, -89.04646)
2026-10-04T03:26:21.725332Z  INFO mm2_app::scripted: scripted player re-anchored onto its route after a bounded stuck tick=20808 reanchors=7 position=Vec3(-1317.5325, 15.281022, -107.87862) speed=-0.1083705872297287 heading_rad=2.342188596725464 route_next=285 gate=Vec3(-864.29767, 35.11112, 637.2484) landing=Vec3(-1312.8807, 16.42182, -116.109505)
2026-10-04T03:26:22.838595Z  INFO mm2_app::scripted: scripted player started a bounded escape after sustained low-speed throttle tick=21294 escapes=22 position=Vec3(-1319.4036, 14.601682, -99.941444) speed=-0.0009362818673253059 heading_rad=2.6758837699890137 bearing_rad=-0.032719649374485016 route_next=Some(286) gate=Vec3(-864.29767, 35.11112, 637.2484) aim=Vec3(-1324.4395, 13.75804, -89.047005)
2026-10-04T03:26:24.275508Z  INFO mm2_app::scripted: scripted player started a bounded escape after sustained low-speed throttle tick=21946 escapes=23 position=Vec3(-1321.5905, 14.601321, -100.914474) speed=0.008820939809083939 heading_rad=2.7219293117523193 bearing_rad=-0.1842034012079239 route_next=Some(286) gate=Vec3(-864.29767, 35.11112, 637.2484) aim=Vec3(-1324.4354, 13.75804, -89.055984)
2026-10-04T03:26:25.672539Z  INFO mm2_app::scripted: scripted player started a bounded escape after sustained low-speed throttle tick=22620 escapes=24 position=Vec3(-1319.0433, 14.603387, -99.78228) speed=0.02437553182244301 heading_rad=2.711529493331909 bearing_rad=0.03570251166820526 route_next=Some(286) gate=Vec3(-864.29767, 35.11112, 637.2484) aim=Vec3(-1324.4397, 13.75804, -89.04646)
2026-10-04T03:26:26.261766Z  INFO mm2_app::scripted: scripted player re-anchored onto its route after a bounded stuck tick=22902 reanchors=8 position=Vec3(-1317.5325, 15.281022, -107.87862) speed=-0.1083705872297287 heading_rad=2.342188596725464 route_next=285 gate=Vec3(-864.29767, 35.11112, 637.2484) landing=Vec3(-1312.8807, 16.42182, -116.109505)
2026-10-04T03:26:27.276174Z  INFO mm2_app::scripted: scripted player started a bounded escape after sustained low-speed throttle tick=23388 escapes=25 position=Vec3(-1319.4036, 14.601682, -99.941444) speed=-0.0009362818673253059 heading_rad=2.6758837699890137 bearing_rad=-0.032719649374485016 route_next=Some(286) gate=Vec3(-864.29767, 35.11112, 637.2484) aim=Vec3(-1324.4395, 13.75804, -89.047005)
2026-10-04T03:26:28.642972Z  INFO mm2_app::scripted: scripted player started a bounded escape after sustained low-speed throttle tick=24040 escapes=26 position=Vec3(-1321.5905, 14.601321, -100.914474) speed=0.008820939809083939 heading_rad=2.7219293117523193 bearing_rad=-0.1842034012079239 route_next=Some(286) gate=Vec3(-864.29767, 35.11112, 637.2484) aim=Vec3(-1324.4354, 13.75804, -89.055984)
2026-10-04T03:26:30.057855Z  INFO mm2_app::scripted: scripted player started a bounded escape after sustained low-speed throttle tick=24714 escapes=27 position=Vec3(-1319.0433, 14.603387, -99.78228) speed=0.02437553182244301 heading_rad=2.711529493331909 bearing_rad=0.03570251166820526 route_next=Some(286) gate=Vec3(-864.29767, 35.11112, 637.2484) aim=Vec3(-1324.4397, 13.75804, -89.04646)
2026-10-04T03:26:30.650925Z  INFO mm2_app::scripted: scripted player re-anchored onto its route after a bounded stuck tick=24996 reanchors=9 position=Vec3(-1317.5325, 15.281022, -107.87862) speed=-0.1083705872297287 heading_rad=2.342188596725464 route_next=285 gate=Vec3(-864.29767, 35.11112, 637.2484) landing=Vec3(-1312.8807, 16.42182, -116.109505)
2026-10-04T03:26:31.653689Z  INFO mm2_app::scripted: scripted player started a bounded escape after sustained low-speed throttle tick=25482 escapes=28 position=Vec3(-1319.4036, 14.601682, -99.941444) speed=-0.0009362818673253059 heading_rad=2.6758837699890137 bearing_rad=-0.032719649374485016 route_next=Some(286) gate=Vec3(-864.29767, 35.11112, 637.2484) aim=Vec3(-1324.4395, 13.75804, -89.047005)
2026-10-04T03:26:33.003310Z  INFO mm2_app::scripted: scripted player started a bounded escape after sustained low-speed throttle tick=26134 escapes=29 position=Vec3(-1321.5905, 14.601321, -100.914474) speed=0.008820939809083939 heading_rad=2.7219293117523193 bearing_rad=-0.1842034012079239 route_next=Some(286) gate=Vec3(-864.29767, 35.11112, 637.2484) aim=Vec3(-1324.4354, 13.75804, -89.055984)
2026-10-04T03:26:34.401211Z  INFO mm2_app::scripted: scripted player started a bounded escape after sustained low-speed throttle tick=26808 escapes=30 position=Vec3(-1319.0433, 14.603387, -99.78228) speed=0.02437553182244301 heading_rad=2.711529493331909 bearing_rad=0.03570251166820526 route_next=Some(286) gate=Vec3(-864.29767, 35.11112, 637.2484) aim=Vec3(-1324.4397, 13.75804, -89.04646)
2026-10-04T03:26:34.984779Z  INFO mm2_app::scripted: scripted player re-anchored onto its route after a bounded stuck tick=27090 reanchors=10 position=Vec3(-1317.5325, 15.281022, -107.87862) speed=-0.1083705872297287 heading_rad=2.342188596725464 route_next=285 gate=Vec3(-864.29767, 35.11112, 637.2484) landing=Vec3(-1312.8807, 16.42182, -116.109505)
2026-10-04T03:26:36.006646Z  INFO mm2_app::scripted: scripted player started a bounded escape after sustained low-speed throttle tick=27576 escapes=31 position=Vec3(-1319.4036, 14.601682, -99.941444) speed=-0.0009362818673253059 heading_rad=2.6758837699890137 bearing_rad=-0.032719649374485016 route_next=Some(286) gate=Vec3(-864.29767, 35.11112, 637.2484) aim=Vec3(-1324.4395, 13.75804, -89.047005)
2026-10-04T03:26:37.358598Z  INFO mm2_app::scripted: scripted player started a bounded escape after sustained low-speed throttle tick=28228 escapes=32 position=Vec3(-1321.5905, 14.601321, -100.914474) speed=0.008820939809083939 heading_rad=2.7219293117523193 bearing_rad=-0.1842034012079239 route_next=Some(286) gate=Vec3(-864.29767, 35.11112, 637.2484) aim=Vec3(-1324.4354, 13.75804, -89.055984)
2026-10-04T03:26:38.757254Z  INFO mm2_app::scripted: scripted player started a bounded escape after sustained low-speed throttle tick=28902 escapes=33 position=Vec3(-1319.0433, 14.603387, -99.78228) speed=0.02437553182244301 heading_rad=2.711529493331909 bearing_rad=0.03570251166820526 route_next=Some(286) gate=Vec3(-864.29767, 35.11112, 637.2484) aim=Vec3(-1324.4397, 13.75804, -89.04646)
2026-10-04T03:26:39.344941Z  INFO mm2_app::scripted: scripted player re-anchored onto its route after a bounded stuck tick=29184 reanchors=11 position=Vec3(-1317.5325, 15.281022, -107.87862) speed=-0.1083705872297287 heading_rad=2.342188596725464 route_next=285 gate=Vec3(-864.29767, 35.11112, 637.2484) landing=Vec3(-1312.8807, 16.42182, -116.109505)
2026-10-04T03:26:40.348664Z  INFO mm2_app::scripted: scripted player started a bounded escape after sustained low-speed throttle tick=29670 escapes=34 position=Vec3(-1319.4036, 14.601682, -99.941444) speed=-0.0009362818673253059 heading_rad=2.6758837699890137 bearing_rad=-0.032719649374485016 route_next=Some(286) gate=Vec3(-864.29767, 35.11112, 637.2484) aim=Vec3(-1324.4395, 13.75804, -89.047005)
2026-10-04T03:26:41.700293Z  INFO mm2_app::scripted: scripted player started a bounded escape after sustained low-speed throttle tick=30322 escapes=35 position=Vec3(-1321.5905, 14.601321, -100.914474) speed=0.008820939809083939 heading_rad=2.7219293117523193 bearing_rad=-0.1842034012079239 route_next=Some(286) gate=Vec3(-864.29767, 35.11112, 637.2484) aim=Vec3(-1324.4354, 13.75804, -89.055984)
2026-10-04T03:26:43.098948Z  INFO mm2_app::scripted: scripted player started a bounded escape after sustained low-speed throttle tick=30996 escapes=36 position=Vec3(-1319.0433, 14.603387, -99.78228) speed=0.02437553182244301 heading_rad=2.711529493331909 bearing_rad=0.03570251166820526 route_next=Some(286) gate=Vec3(-864.29767, 35.11112, 637.2484) aim=Vec3(-1324.4397, 13.75804, -89.04646)
2026-10-04T03:26:43.677505Z  INFO mm2_app::scripted: scripted player re-anchored onto its route after a bounded stuck tick=31278 reanchors=12 position=Vec3(-1317.5325, 15.281022, -107.87862) speed=-0.1083705872297287 heading_rad=2.342188596725464 route_next=285 gate=Vec3(-864.29767, 35.11112, 637.2484) landing=Vec3(-1312.8807, 16.42182, -116.109505)
2026-10-04T03:26:44.680825Z  INFO mm2_app::scripted: scripted player started a bounded escape after sustained low-speed throttle tick=31764 escapes=37 position=Vec3(-1319.4036, 14.601682, -99.941444) speed=-0.0009362818673253059 heading_rad=2.6758837699890137 bearing_rad=-0.032719649374485016 route_next=Some(286) gate=Vec3(-864.29767, 35.11112, 637.2484) aim=Vec3(-1324.4395, 13.75804, -89.047005)
2026-10-04T03:26:46.042287Z  INFO mm2_app::scripted: scripted player started a bounded escape after sustained low-speed throttle tick=32416 escapes=38 position=Vec3(-1321.5905, 14.601321, -100.914474) speed=0.008820939809083939 heading_rad=2.7219293117523193 bearing_rad=-0.1842034012079239 route_next=Some(286) gate=Vec3(-864.29767, 35.11112, 637.2484) aim=Vec3(-1324.4354, 13.75804, -89.055984)
2026-10-04T03:26:47.438952Z  INFO mm2_app::scripted: scripted player started a bounded escape after sustained low-speed throttle tick=33090 escapes=39 position=Vec3(-1319.0433, 14.603387, -99.78228) speed=0.02437553182244301 heading_rad=2.711529493331909 bearing_rad=0.03570251166820526 route_next=Some(286) gate=Vec3(-864.29767, 35.11112, 637.2484) aim=Vec3(-1324.4397, 13.75804, -89.04646)
2026-10-04T03:26:48.022204Z  INFO mm2_app::scripted: scripted player re-anchored onto its route after a bounded stuck tick=33372 reanchors=13 position=Vec3(-1317.5325, 15.281022, -107.87862) speed=-0.1083705872297287 heading_rad=2.342188596725464 route_next=285 gate=Vec3(-864.29767, 35.11112, 637.2484) landing=Vec3(-1312.8807, 16.42182, -116.109505)
2026-10-04T03:26:49.035324Z  INFO mm2_app::scripted: scripted player started a bounded escape after sustained low-speed throttle tick=33858 escapes=40 position=Vec3(-1319.4036, 14.601682, -99.941444) speed=-0.0009362818673253059 heading_rad=2.6758837699890137 bearing_rad=-0.032719649374485016 route_next=Some(286) gate=Vec3(-864.29767, 35.11112, 637.2484) aim=Vec3(-1324.4395, 13.75804, -89.047005)
2026-10-04T03:26:50.510877Z  INFO mm2_app::scripted: scripted player started a bounded escape after sustained low-speed throttle tick=34510 escapes=41 position=Vec3(-1321.5905, 14.601321, -100.914474) speed=0.008820939809083939 heading_rad=2.7219293117523193 bearing_rad=-0.1842034012079239 route_next=Some(286) gate=Vec3(-864.29767, 35.11112, 637.2484) aim=Vec3(-1324.4354, 13.75804, -89.055984)
2026-10-04T03:26:51.920429Z  INFO mm2_app::scripted: scripted player started a bounded escape after sustained low-speed throttle tick=35184 escapes=42 position=Vec3(-1319.0433, 14.603387, -99.78228) speed=0.02437553182244301 heading_rad=2.711529493331909 bearing_rad=0.03570251166820526 route_next=Some(286) gate=Vec3(-864.29767, 35.11112, 637.2484) aim=Vec3(-1324.4397, 13.75804, -89.04646)
2026-10-04T03:26:52.501576Z  INFO mm2_app::scripted: scripted player re-anchored onto its route after a bounded stuck tick=35466 reanchors=14 position=Vec3(-1317.5325, 15.281022, -107.87862) speed=-0.1083705872297287 heading_rad=2.342188596725464 route_next=285 gate=Vec3(-864.29767, 35.11112, 637.2484) landing=Vec3(-1312.8807, 16.42182, -116.109505)
2026-10-04T03:26:53.512838Z  INFO mm2_app::scripted: scripted player started a bounded escape after sustained low-speed throttle tick=35952 escapes=43 position=Vec3(-1319.4036, 14.601682, -99.941444) speed=-0.0009362818673253059 heading_rad=2.6758837699890137 bearing_rad=-0.032719649374485016 route_next=Some(286) gate=Vec3(-864.29767, 35.11112, 637.2484) aim=Vec3(-1324.4395, 13.75804, -89.047005)
2026-10-04T03:26:54.960469Z  INFO mm2_app::scripted: scripted player started a bounded escape after sustained low-speed throttle tick=36604 escapes=44 position=Vec3(-1321.5905, 14.601321, -100.914474) speed=0.008820939809083939 heading_rad=2.7219293117523193 bearing_rad=-0.1842034012079239 route_next=Some(286) gate=Vec3(-864.29767, 35.11112, 637.2484) aim=Vec3(-1324.4354, 13.75804, -89.055984)
2026-10-04T03:26:56.464235Z  INFO mm2_app::scripted: scripted player started a bounded escape after sustained low-speed throttle tick=37278 escapes=45 position=Vec3(-1319.0433, 14.603387, -99.78228) speed=0.02437553182244301 heading_rad=2.711529493331909 bearing_rad=0.03570251166820526 route_next=Some(286) gate=Vec3(-864.29767, 35.11112, 637.2484) aim=Vec3(-1324.4397, 13.75804, -89.04646)
2026-10-04T03:26:57.044018Z  INFO mm2_app::scripted: scripted player re-anchored onto its route after a bounded stuck tick=37560 reanchors=15 position=Vec3(-1317.5325, 15.281022, -107.87862) speed=-0.1083705872297287 heading_rad=2.342188596725464 route_next=285 gate=Vec3(-864.29767, 35.11112, 637.2484) landing=Vec3(-1312.8807, 16.42182, -116.109505)
2026-10-04T03:26:58.062935Z  INFO mm2_app::scripted: scripted player started a bounded escape after sustained low-speed throttle tick=38046 escapes=46 position=Vec3(-1319.4036, 14.601682, -99.941444) speed=-0.0009362818673253059 heading_rad=2.6758837699890137 bearing_rad=-0.032719649374485016 route_next=Some(286) gate=Vec3(-864.29767, 35.11112, 637.2484) aim=Vec3(-1324.4395, 13.75804, -89.047005)
2026-10-04T03:26:59.451931Z  INFO mm2_app::scripted: scripted player started a bounded escape after sustained low-speed throttle tick=38698 escapes=47 position=Vec3(-1321.5905, 14.601321, -100.914474) speed=0.008820939809083939 heading_rad=2.7219293117523193 bearing_rad=-0.1842034012079239 route_next=Some(286) gate=Vec3(-864.29767, 35.11112, 637.2484) aim=Vec3(-1324.4354, 13.75804, -89.055984)
2026-10-04T03:27:00.851691Z  INFO mm2_app::scripted: scripted player started a bounded escape after sustained low-speed throttle tick=39372 escapes=48 position=Vec3(-1319.0433, 14.603387, -99.78228) speed=0.02437553182244301 heading_rad=2.711529493331909 bearing_rad=0.03570251166820526 route_next=Some(286) gate=Vec3(-864.29767, 35.11112, 637.2484) aim=Vec3(-1324.4397, 13.75804, -89.04646)
2026-10-04T03:27:01.430585Z  INFO mm2_app::scripted: scripted player re-anchored onto its route after a bounded stuck tick=39654 reanchors=16 position=Vec3(-1317.5325, 15.281022, -107.87862) speed=-0.1083705872297287 heading_rad=2.342188596725464 route_next=285 gate=Vec3(-864.29767, 35.11112, 637.2484) landing=Vec3(-1312.8807, 16.42182, -116.109505)
2026-10-04T03:27:02.449591Z  INFO mm2_app::scripted: scripted player started a bounded escape after sustained low-speed throttle tick=40140 escapes=49 position=Vec3(-1319.4036, 14.601682, -99.941444) speed=-0.0009362818673253059 heading_rad=2.6758837699890137 bearing_rad=-0.032719649374485016 route_next=Some(286) gate=Vec3(-864.29767, 35.11112, 637.2484) aim=Vec3(-1324.4395, 13.75804, -89.047005)
2026-10-04T03:27:02.577944Z  WARN mm2_app::race_audio: audio: race cue timerwarning: no wave matches stem "timerwarning"
2026-10-04T03:27:03.818046Z  INFO mm2_app::scripted: scripted player started a bounded escape after sustained low-speed throttle tick=40792 escapes=50 position=Vec3(-1321.5905, 14.601321, -100.914474) speed=0.008820939809083939 heading_rad=2.7219293117523193 bearing_rad=-0.1842034012079239 route_next=Some(286) gate=Vec3(-864.29767, 35.11112, 637.2484) aim=Vec3(-1324.4354, 13.75804, -89.055984)
2026-10-04T03:27:05.169641Z  WARN mm2_app::race_audio: audio: race cue youlose: no wave matches stem "youlose"
smoke=headless-physics world=city/stockholm.psdl status=pass updates=47553 ticks=41400 driver=scripted diff=professional phase=results impacts=56 dropped=0 peak=30.1m/s travel=2215.2m sim=345.00s resets=16 controls=32316t/7600b/25792s finite=true moved=290m wheels=4/4 final=(-1328,8.1,-90) race=Complete cp=0/2 results=1 tl=0.0s pos=1/1 outcome=timed-out place=1 p_rec=16r/50e env=lt04(noon) fog=none sky=none wtr=0.2/1698r map=inset/north/z1200/hudmap_stockholm.pkg/1t/4m dash=absent:missing-spec+pkg trk=sized ind=on/0m/0b tmr=22g/off arr=hudarrow_blitz01/off sta=10g/-/-/- bng=3242d/0a/0s/0b bng_ev=0a/0s/0b wfx=0r/0e/0x+8f+ut aud=0h/0v/0s/0l/0a/0r+7x
