mm2-smoke commit=c4156b780969666f420375d9f5647f51913646a0
2026-10-04T03:12:46.478619Z  WARN mm2: wheel part whl0 geometry authored in place; recentring onto origin car=Some("sthlm_racer")
2026-10-04T03:12:46.478640Z  WARN mm2: wheel part whl1 geometry authored in place; recentring onto origin car=Some("sthlm_racer")
2026-10-04T03:12:46.478644Z  WARN mm2: wheel part whl2 geometry authored in place; recentring onto origin car=Some("sthlm_racer")
2026-10-04T03:12:46.478647Z  WARN mm2: wheel part whl3 geometry authored in place; recentring onto origin car=Some("sthlm_racer")
2026-10-04T03:12:47.214064Z  WARN mm2_app::city: water refs resolved no rooms; deadly water off path=city/stockholm.parts/part_-3_0.water skipped=0
2026-10-04T03:12:47.626118Z  WARN mm2_app::city: water refs resolved no rooms; deadly water off path=city/stockholm.parts/part_-2_2.water skipped=0
2026-10-04T03:12:47.629523Z  WARN mm2_app::city: water refs resolved no rooms; deadly water off path=city/stockholm.parts/part_-2_3.water skipped=0
2026-10-04T03:12:47.802255Z  WARN mm2_app::city: water refs resolved no rooms; deadly water off path=city/stockholm.parts/part_-1_0.water skipped=0
2026-10-04T03:12:47.965322Z  WARN mm2_app::city: water refs resolved no rooms; deadly water off path=city/stockholm.parts/part_-1_2.water skipped=0
2026-10-04T03:12:48.024832Z  WARN mm2_app::city: water refs resolved no rooms; deadly water off path=city/stockholm.parts/part_-1_3.water skipped=0
2026-10-04T03:12:48.169675Z  WARN mm2_app::city: water refs resolved no rooms; deadly water off path=city/stockholm.parts/part_0_-2.water skipped=0
2026-10-04T03:12:48.493833Z  WARN mm2_app::city: water refs resolved no rooms; deadly water off path=city/stockholm.parts/part_0_2.water skipped=0
2026-10-04T03:12:48.564357Z  WARN mm2_app::city: water refs resolved no rooms; deadly water off path=city/stockholm.parts/part_0_3.water skipped=0
2026-10-04T03:12:48.670842Z  WARN mm2_app::city: water refs resolved no rooms; deadly water off path=city/stockholm.parts/part_1_-3.water skipped=0
2026-10-04T03:12:48.766330Z  WARN mm2_app::city: water refs resolved no rooms; deadly water off path=city/stockholm.parts/part_1_-2.water skipped=0
2026-10-04T03:12:48.832845Z  WARN mm2_app::city: water refs resolved no rooms; deadly water off path=city/stockholm.parts/part_1_-1.water skipped=0
2026-10-04T03:12:48.891638Z  WARN mm2_app::city: water refs resolved no rooms; deadly water off path=city/stockholm.parts/part_1_-1_spill_1.water skipped=0
2026-10-04T03:12:49.001359Z  WARN mm2_app::city: water refs resolved no rooms; deadly water off path=city/stockholm.parts/part_1_0_spill_1.water skipped=0
2026-10-04T03:12:49.098538Z  WARN mm2_app::city: water refs resolved no rooms; deadly water off path=city/stockholm.parts/part_1_1.water skipped=0
2026-10-04T03:12:49.103920Z  WARN mm2_app::city: water refs resolved no rooms; deadly water off path=city/stockholm.parts/part_1_1_spill_1.water skipped=0
2026-10-04T03:12:49.196811Z  WARN mm2_app::city: water refs resolved no rooms; deadly water off path=city/stockholm.parts/part_1_2.water skipped=0
2026-10-04T03:12:49.265443Z  WARN mm2_app::city: water refs resolved no rooms; deadly water off path=city/stockholm.parts/part_1_3.water skipped=0
2026-10-04T03:12:49.407636Z  WARN mm2_app::city: water refs resolved no rooms; deadly water off path=city/stockholm.parts/part_2_-3.water skipped=0
2026-10-04T03:12:49.562089Z  WARN mm2_app::city: water refs resolved no rooms; deadly water off path=city/stockholm.parts/part_2_-1.water skipped=0
2026-10-04T03:12:49.736757Z  WARN mm2_app::city: water refs resolved no rooms; deadly water off path=city/stockholm.parts/part_2_1.water skipped=0
2026-10-04T03:12:49.806185Z  WARN mm2_app::city: water refs resolved no rooms; deadly water off path=city/stockholm.parts/part_2_2.water skipped=0
2026-10-04T03:12:49.831326Z  WARN mm2_app::city: water refs resolved no rooms; deadly water off path=city/stockholm.parts/part_2_3.water skipped=0
2026-10-04T03:12:50.169907Z  WARN mm2_app::city: water refs resolved no rooms; deadly water off path=city/stockholm.parts/part_3_1.water skipped=0
2026-10-04T03:12:50.225443Z  WARN mm2_app::city: water refs resolved no rooms; deadly water off path=city/stockholm.parts/part_3_2.water skipped=0
2026-10-04T03:12:50.276617Z  WARN mm2_app::city: water refs resolved no rooms; deadly water off path=city/stockholm.parts/part_3_3.water skipped=0
2026-10-04T03:12:50.475359Z  WARN mm2_app::city: water refs resolved no rooms; deadly water off path=city/stockholm.parts/part_4_1.water skipped=0
2026-10-04T03:12:50.512932Z  WARN mm2_app::city: water refs resolved no rooms; deadly water off path=city/stockholm.parts/part_4_2.water skipped=0
2026-10-04T03:12:50.833956Z  WARN mm2_app::city: water refs resolved no rooms; deadly water off path=city/stockholm.parts/part_6_1.water skipped=0
2026-10-04T03:12:51.099771Z  WARN mm2_app::object_sound: object sound table unreadable path=aud/ambient/ferry.csv error=asset not found: aud/ambient/ferry.csv
2026-10-04T03:12:51.099796Z  WARN mm2_app::object_sound: object sound table unreadable path=aud/ambient/subwaycar.csv error=asset not found: aud/ambient/subwaycar.csv
2026-10-04T03:12:51.099845Z  WARN mm2_app::environment: lighting preset validation issue path=city/stockholm.lt04 issue=OffGridName("noon")
2026-10-04T03:12:51.099852Z  WARN mm2_app::environment: fog table unavailable path=city/stockholm_fog.csv error=asset not found: city/stockholm_fog.csv
2026-10-04T03:12:51.099855Z  WARN mm2_app::environment: sky definition unavailable path=city/stockholm.sky error=asset not found: city/stockholm.sky
2026-10-04T03:12:51.116661Z  WARN mm2_app::damage_fx: smoke atlas unresolved — untextured puffs texture="fxpt2"
2026-10-04T03:12:51.116691Z  WARN mm2_app::spark_fx: spark texture unresolved — untextured streaks texture="spark"
2026-10-04T03:12:51.116702Z  WARN mm2_app::wheel_fx: wheel effect unavailable rule="dirt" path=tune/effects/dirt.asbirthrule
2026-10-04T03:12:51.116706Z  WARN mm2_app::wheel_fx: wheel effect unavailable rule="dust" path=tune/effects/dust.asbirthrule
2026-10-04T03:12:51.116709Z  WARN mm2_app::wheel_fx: wheel effect unavailable rule="grass" path=tune/effects/grass.asbirthrule
2026-10-04T03:12:51.116711Z  WARN mm2_app::wheel_fx: wheel effect unavailable rule="leaf" path=tune/effects/leaf.asbirthrule
2026-10-04T03:12:51.116713Z  WARN mm2_app::wheel_fx: wheel effect unavailable rule="smoke" path=tune/effects/smoke.asbirthrule
2026-10-04T03:12:51.116715Z  WARN mm2_app::wheel_fx: wheel effect unavailable rule="snow" path=tune/effects/snow.asbirthrule
2026-10-04T03:12:51.116717Z  WARN mm2_app::wheel_fx: wheel effect unavailable rule="splash" path=tune/effects/splash.asbirthrule
2026-10-04T03:12:51.116718Z  WARN mm2_app::wheel_fx: wheel effect unavailable rule="rock" path=tune/effects/rock.asbirthrule
2026-10-04T03:12:51.116722Z  WARN mm2_app::wheel_fx: wheel atlas unresolved — untextured puffs texture="ptx_wheel"
2026-10-04T03:12:51.116966Z  WARN mm2_app::audio: audio: aud/cardata/player/default_impacts.csv: asset not found: aud/cardata/player/default_impacts.csv
2026-10-04T03:12:51.116973Z  WARN mm2_app::audio: audio: aud/cardata/player/default_surfacedry.csv: asset not found: aud/cardata/player/default_surfacedry.csv
2026-10-04T03:12:51.116976Z  WARN mm2_app::audio: audio: aud/cardata/player/stockholmpolicesiren.csv: asset not found: aud/cardata/player/stockholmpolicesiren.csv
2026-10-04T03:12:51.116979Z  WARN mm2_app::audio: audio: aud/cardata/opponent/policesiren.csv: asset not found: aud/cardata/opponent/policesiren.csv
2026-10-04T03:12:51.117864Z  WARN mm2_app::session: nav graph failed to load — opponent routes stay verbatim error=city/stockholm.bai: not found in the VFS
2026-10-04T03:12:51.708328Z  WARN mm2_app::race_audio: audio: race cue startracelow: no wave matches stem "startracelow"
2026-10-04T03:12:51.708367Z  WARN mm2_app::audio: audio: aud/spchdata/stockholm.csv: asset not found: aud/spchdata/stockholm.csv
2026-10-04T03:12:52.073455Z  WARN mm2_app::race_audio: audio: race cue startracelow: no wave matches stem "startracelow"
2026-10-04T03:12:52.306562Z  WARN mm2_app::race_audio: audio: race cue startracelow: no wave matches stem "startracelow"
2026-10-04T03:12:52.545716Z  WARN mm2_app::race_audio: audio: race cue startracehigh: no wave matches stem "startracehigh"
2026-10-04T03:12:59.869902Z  INFO mm2_app::scripted: scripted player started a bounded escape after sustained low-speed throttle tick=3174 escapes=1 position=Vec3(-805.8606, 21.407885, -430.38025) speed=0.022540107369422913 heading_rad=1.1445528268814087 bearing_rad=1.4786951541900635 route_next=Some(121) gate=Vec3(-1238.1011, 14.3986, -313.20853) aim=Vec3(-801.7469, 21.29378, -442.22986)
2026-10-04T03:13:06.885926Z  WARN mm2_app::race_audio: audio: race cue waypoint: no wave matches stem "waypoint"
2026-10-04T03:13:08.936407Z  INFO mm2_app::scripted: scripted player started a bounded escape after sustained low-speed throttle tick=7168 escapes=2 position=Vec3(-1298.0271, 19.417671, -153.23071) speed=-0.004316135309636593 heading_rad=2.1911118030548096 bearing_rad=-0.5198751091957092 route_next=Some(282) gate=Vec3(-864.29767, 35.11112, 637.2484) aim=Vec3(-1303.0488, 18.56405, -142.29857)
2026-10-04T03:13:09.960548Z  INFO mm2_app::scripted: scripted player started a bounded escape after sustained low-speed throttle tick=7582 escapes=3 position=Vec3(-1298.0339, 19.419262, -153.22993) speed=0.0020017847418785095 heading_rad=2.185340166091919 bearing_rad=-0.5261547565460205 route_next=Some(282) gate=Vec3(-864.29767, 35.11112, 637.2484) aim=Vec3(-1303.0499, 18.56405, -142.29564)
2026-10-04T03:13:11.011753Z  INFO mm2_app::scripted: scripted player started a bounded escape after sustained low-speed throttle tick=7996 escapes=4 position=Vec3(-1297.9866, 19.417315, -153.22444) speed=-0.00021294504404067993 heading_rad=2.2189033031463623 bearing_rad=-0.48875465989112854 route_next=Some(282) gate=Vec3(-864.29767, 35.11112, 637.2484) aim=Vec3(-1303.0459, 18.56405, -142.30641)
2026-10-04T03:13:12.036759Z  INFO mm2_app::scripted: scripted player started a bounded escape after sustained low-speed throttle tick=8410 escapes=5 position=Vec3(-1297.9819, 19.412752, -153.19812) speed=0.02779131941497326 heading_rad=2.2370481491088867 bearing_rad=-0.46948477625846863 route_next=Some(282) gate=Vec3(-864.29767, 35.11112, 637.2484) aim=Vec3(-1303.054, 18.56405, -142.2849)
2026-10-04T03:13:12.914805Z  INFO mm2_app::scripted: scripted player re-anchored onto its route after a bounded stuck tick=8752 reanchors=1 position=Vec3(-1299.3296, 19.311783, -150.92885) speed=6.233183860778809 heading_rad=2.543273687362671 route_next=284 gate=Vec3(-864.29767, 35.11112, 637.2484) landing=Vec3(-1296.9354, 20.214327, -158.5752)
2026-10-04T03:13:13.813580Z  INFO mm2_app::scripted: scripted player started a bounded escape after sustained low-speed throttle tick=9098 escapes=6 position=Vec3(-1298.4736, 19.47151, -154.095) speed=-0.005430547520518303 heading_rad=2.7131898403167725 bearing_rad=-0.061800576746463776 route_next=Some(284) gate=Vec3(-864.29767, 35.11112, 637.2484) aim=Vec3(-1305.061, 18.19284, -136.93849)
2026-10-04T03:13:15.560314Z  INFO mm2_app::scripted: scripted player started a bounded escape after sustained low-speed throttle tick=9754 escapes=7 position=Vec3(-1300.8427, 19.489746, -155.33115) speed=0.030827950686216354 heading_rad=2.643235683441162 bearing_rad=-0.27290454506874084 route_next=Some(284) gate=Vec3(-864.29767, 35.11112, 637.2484) aim=Vec3(-1305.061, 18.19284, -136.93849)
2026-10-04T03:13:17.304412Z  INFO mm2_app::scripted: scripted player started a bounded escape after sustained low-speed throttle tick=10426 escapes=8 position=Vec3(-1299.6313, 19.474993, -154.60219) speed=-0.009060701355338097 heading_rad=2.759382724761963 bearing_rad=-0.08398491144180298 route_next=Some(284) gate=Vec3(-864.29767, 35.11112, 637.2484) aim=Vec3(-1305.061, 18.19284, -136.93849)
2026-10-04T03:13:17.621234Z  INFO mm2_app::scripted: scripted player re-anchored onto its route after a bounded stuck tick=10552 reanchors=2 position=Vec3(-1298.8981, 19.753735, -157.94461) speed=-6.520387172698975 heading_rad=-3.083888053894043 route_next=282 gate=Vec3(-864.29767, 35.11112, 637.2484) landing=Vec3(-1293.7402, 20.94954, -166.86855)
2026-10-04T03:13:18.795123Z  INFO mm2_app::scripted: scripted player started a bounded escape after sustained low-speed throttle tick=11004 escapes=9 position=Vec3(-1298.524, 19.469198, -154.09001) speed=0.0304243303835392 heading_rad=2.677466869354248 bearing_rad=-0.09734348952770233 route_next=Some(282) gate=Vec3(-864.29767, 35.11112, 637.2484) aim=Vec3(-1302.8275, 18.56405, -142.88791)
2026-10-04T03:13:20.655234Z  INFO mm2_app::scripted: scripted player started a bounded escape after sustained low-speed throttle tick=11658 escapes=10 position=Vec3(-1299.8062, 19.471718, -154.65227) speed=-0.01636715792119503 heading_rad=2.7986912727355957 bearing_rad=-0.09217686951160431 route_next=Some(282) gate=Vec3(-864.29767, 35.11112, 637.2484) aim=Vec3(-1302.8011, 18.56405, -142.95827)
2026-10-04T03:13:23.568270Z  INFO mm2_app::scripted: scripted player started a bounded escape after sustained low-speed throttle tick=12732 escapes=11 position=Vec3(-1319.661, 14.592885, -100.074776) speed=-0.0002490449696779251 heading_rad=2.7170705795288086 bearing_rad=-0.015647493302822113 route_next=Some(296) gate=Vec3(-864.29767, 35.11112, 637.2484) aim=Vec3(-1324.432, 13.75804, -89.06378)
2026-10-04T03:13:25.225091Z  INFO mm2_app::scripted: scripted player started a bounded escape after sustained low-speed throttle tick=13382 escapes=12 position=Vec3(-1321.571, 14.601926, -100.9024) speed=-0.005789179354906082 heading_rad=2.7102818489074707 bearing_rad=-0.19402143359184265 route_next=Some(296) gate=Vec3(-864.29767, 35.11112, 637.2484) aim=Vec3(-1324.4368, 13.75804, -89.05301)
2026-10-04T03:13:26.950212Z  INFO mm2_app::scripted: scripted player started a bounded escape after sustained low-speed throttle tick=14050 escapes=13 position=Vec3(-1319.7115, 14.601689, -100.09242) speed=0.005957208573818207 heading_rad=2.7031474113464355 bearing_rad=-0.03401637449860573 route_next=Some(296) gate=Vec3(-864.29767, 35.11112, 637.2484) aim=Vec3(-1324.4337, 13.75804, -89.05993)
2026-10-04T03:13:27.637730Z  INFO mm2_app::scripted: scripted player re-anchored onto its route after a bounded stuck tick=14318 reanchors=3 position=Vec3(-1318.8334, 15.247283, -108.01773) speed=-0.414079487323761 heading_rad=2.697816848754883 route_next=295 gate=Vec3(-864.29767, 35.11112, 637.2484) landing=Vec3(-1312.8807, 16.42182, -116.109505)
2026-10-04T03:13:28.892885Z  INFO mm2_app::scripted: scripted player started a bounded escape after sustained low-speed throttle tick=14804 escapes=14 position=Vec3(-1319.4036, 14.601682, -99.941444) speed=-0.0009362818673253059 heading_rad=2.6758837699890137 bearing_rad=-0.032719649374485016 route_next=Some(296) gate=Vec3(-864.29767, 35.11112, 637.2484) aim=Vec3(-1324.4395, 13.75804, -89.047005)
2026-10-04T03:13:30.581479Z  INFO mm2_app::scripted: scripted player started a bounded escape after sustained low-speed throttle tick=15456 escapes=15 position=Vec3(-1321.5905, 14.601321, -100.914474) speed=0.008820939809083939 heading_rad=2.7219293117523193 bearing_rad=-0.1842034012079239 route_next=Some(296) gate=Vec3(-864.29767, 35.11112, 637.2484) aim=Vec3(-1324.4354, 13.75804, -89.055984)
2026-10-04T03:13:32.406395Z  INFO mm2_app::scripted: scripted player started a bounded escape after sustained low-speed throttle tick=16130 escapes=16 position=Vec3(-1319.0433, 14.603387, -99.78228) speed=0.02437553182244301 heading_rad=2.711529493331909 bearing_rad=0.03570251166820526 route_next=Some(296) gate=Vec3(-864.29767, 35.11112, 637.2484) aim=Vec3(-1324.4397, 13.75804, -89.04646)
2026-10-04T03:13:33.127277Z  INFO mm2_app::scripted: scripted player re-anchored onto its route after a bounded stuck tick=16412 reanchors=4 position=Vec3(-1317.5325, 15.281022, -107.87862) speed=-0.1083705872297287 heading_rad=2.342188596725464 route_next=295 gate=Vec3(-864.29767, 35.11112, 637.2484) landing=Vec3(-1312.8807, 16.42182, -116.109505)
2026-10-04T03:13:34.381653Z  INFO mm2_app::scripted: scripted player started a bounded escape after sustained low-speed throttle tick=16898 escapes=17 position=Vec3(-1319.4036, 14.601682, -99.941444) speed=-0.0009362818673253059 heading_rad=2.6758837699890137 bearing_rad=-0.032719649374485016 route_next=Some(296) gate=Vec3(-864.29767, 35.11112, 637.2484) aim=Vec3(-1324.4395, 13.75804, -89.047005)
2026-10-04T03:13:36.028447Z  INFO mm2_app::scripted: scripted player started a bounded escape after sustained low-speed throttle tick=17550 escapes=18 position=Vec3(-1321.5905, 14.601321, -100.914474) speed=0.008820939809083939 heading_rad=2.7219293117523193 bearing_rad=-0.1842034012079239 route_next=Some(296) gate=Vec3(-864.29767, 35.11112, 637.2484) aim=Vec3(-1324.4354, 13.75804, -89.055984)
2026-10-04T03:13:37.725541Z  INFO mm2_app::scripted: scripted player started a bounded escape after sustained low-speed throttle tick=18224 escapes=19 position=Vec3(-1319.0433, 14.603387, -99.78228) speed=0.02437553182244301 heading_rad=2.711529493331909 bearing_rad=0.03570251166820526 route_next=Some(296) gate=Vec3(-864.29767, 35.11112, 637.2484) aim=Vec3(-1324.4397, 13.75804, -89.04646)
2026-10-04T03:13:38.460240Z  INFO mm2_app::scripted: scripted player re-anchored onto its route after a bounded stuck tick=18506 reanchors=5 position=Vec3(-1317.5325, 15.281022, -107.87862) speed=-0.1083705872297287 heading_rad=2.342188596725464 route_next=295 gate=Vec3(-864.29767, 35.11112, 637.2484) landing=Vec3(-1312.8807, 16.42182, -116.109505)
2026-10-04T03:13:39.688165Z  INFO mm2_app::scripted: scripted player started a bounded escape after sustained low-speed throttle tick=18992 escapes=20 position=Vec3(-1319.4036, 14.601682, -99.941444) speed=-0.0009362818673253059 heading_rad=2.6758837699890137 bearing_rad=-0.032719649374485016 route_next=Some(296) gate=Vec3(-864.29767, 35.11112, 637.2484) aim=Vec3(-1324.4395, 13.75804, -89.047005)
2026-10-04T03:13:41.348680Z  INFO mm2_app::scripted: scripted player started a bounded escape after sustained low-speed throttle tick=19644 escapes=21 position=Vec3(-1321.5905, 14.601321, -100.914474) speed=0.008820939809083939 heading_rad=2.7219293117523193 bearing_rad=-0.1842034012079239 route_next=Some(296) gate=Vec3(-864.29767, 35.11112, 637.2484) aim=Vec3(-1324.4354, 13.75804, -89.055984)
2026-10-04T03:13:43.079621Z  INFO mm2_app::scripted: scripted player started a bounded escape after sustained low-speed throttle tick=20318 escapes=22 position=Vec3(-1319.0433, 14.603387, -99.78228) speed=0.02437553182244301 heading_rad=2.711529493331909 bearing_rad=0.03570251166820526 route_next=Some(296) gate=Vec3(-864.29767, 35.11112, 637.2484) aim=Vec3(-1324.4397, 13.75804, -89.04646)
2026-10-04T03:13:43.775518Z  INFO mm2_app::scripted: scripted player re-anchored onto its route after a bounded stuck tick=20600 reanchors=6 position=Vec3(-1317.5325, 15.281022, -107.87862) speed=-0.1083705872297287 heading_rad=2.342188596725464 route_next=295 gate=Vec3(-864.29767, 35.11112, 637.2484) landing=Vec3(-1312.8807, 16.42182, -116.109505)
2026-10-04T03:13:45.028380Z  INFO mm2_app::scripted: scripted player started a bounded escape after sustained low-speed throttle tick=21086 escapes=23 position=Vec3(-1319.4036, 14.601682, -99.941444) speed=-0.0009362818673253059 heading_rad=2.6758837699890137 bearing_rad=-0.032719649374485016 route_next=Some(296) gate=Vec3(-864.29767, 35.11112, 637.2484) aim=Vec3(-1324.4395, 13.75804, -89.047005)
2026-10-04T03:13:46.725880Z  INFO mm2_app::scripted: scripted player started a bounded escape after sustained low-speed throttle tick=21738 escapes=24 position=Vec3(-1321.5905, 14.601321, -100.914474) speed=0.008820939809083939 heading_rad=2.7219293117523193 bearing_rad=-0.1842034012079239 route_next=Some(296) gate=Vec3(-864.29767, 35.11112, 637.2484) aim=Vec3(-1324.4354, 13.75804, -89.055984)
2026-10-04T03:13:48.420982Z  INFO mm2_app::scripted: scripted player started a bounded escape after sustained low-speed throttle tick=22412 escapes=25 position=Vec3(-1319.0433, 14.603387, -99.78228) speed=0.02437553182244301 heading_rad=2.711529493331909 bearing_rad=0.03570251166820526 route_next=Some(296) gate=Vec3(-864.29767, 35.11112, 637.2484) aim=Vec3(-1324.4397, 13.75804, -89.04646)
2026-10-04T03:13:49.147741Z  INFO mm2_app::scripted: scripted player re-anchored onto its route after a bounded stuck tick=22694 reanchors=7 position=Vec3(-1317.5325, 15.281022, -107.87862) speed=-0.1083705872297287 heading_rad=2.342188596725464 route_next=295 gate=Vec3(-864.29767, 35.11112, 637.2484) landing=Vec3(-1312.8807, 16.42182, -116.109505)
2026-10-04T03:13:50.385962Z  INFO mm2_app::scripted: scripted player started a bounded escape after sustained low-speed throttle tick=23180 escapes=26 position=Vec3(-1319.4036, 14.601682, -99.941444) speed=-0.0009362818673253059 heading_rad=2.6758837699890137 bearing_rad=-0.032719649374485016 route_next=Some(296) gate=Vec3(-864.29767, 35.11112, 637.2484) aim=Vec3(-1324.4395, 13.75804, -89.047005)
2026-10-04T03:13:52.116621Z  INFO mm2_app::scripted: scripted player started a bounded escape after sustained low-speed throttle tick=23832 escapes=27 position=Vec3(-1321.5905, 14.601321, -100.914474) speed=0.008820939809083939 heading_rad=2.7219293117523193 bearing_rad=-0.1842034012079239 route_next=Some(296) gate=Vec3(-864.29767, 35.11112, 637.2484) aim=Vec3(-1324.4354, 13.75804, -89.055984)
2026-10-04T03:13:54.069989Z  INFO mm2_app::scripted: scripted player started a bounded escape after sustained low-speed throttle tick=24506 escapes=28 position=Vec3(-1319.0433, 14.603387, -99.78228) speed=0.02437553182244301 heading_rad=2.711529493331909 bearing_rad=0.03570251166820526 route_next=Some(296) gate=Vec3(-864.29767, 35.11112, 637.2484) aim=Vec3(-1324.4397, 13.75804, -89.04646)
2026-10-04T03:13:54.789541Z  INFO mm2_app::scripted: scripted player re-anchored onto its route after a bounded stuck tick=24788 reanchors=8 position=Vec3(-1317.5325, 15.281022, -107.87862) speed=-0.1083705872297287 heading_rad=2.342188596725464 route_next=295 gate=Vec3(-864.29767, 35.11112, 637.2484) landing=Vec3(-1312.8807, 16.42182, -116.109505)
2026-10-04T03:13:56.150075Z  INFO mm2_app::scripted: scripted player started a bounded escape after sustained low-speed throttle tick=25274 escapes=29 position=Vec3(-1319.4036, 14.601682, -99.941444) speed=-0.0009362818673253059 heading_rad=2.6758837699890137 bearing_rad=-0.032719649374485016 route_next=Some(296) gate=Vec3(-864.29767, 35.11112, 637.2484) aim=Vec3(-1324.4395, 13.75804, -89.047005)
2026-10-04T03:13:57.783420Z  INFO mm2_app::scripted: scripted player started a bounded escape after sustained low-speed throttle tick=25926 escapes=30 position=Vec3(-1321.5905, 14.601321, -100.914474) speed=0.008820939809083939 heading_rad=2.7219293117523193 bearing_rad=-0.1842034012079239 route_next=Some(296) gate=Vec3(-864.29767, 35.11112, 637.2484) aim=Vec3(-1324.4354, 13.75804, -89.055984)
2026-10-04T03:13:59.469776Z  INFO mm2_app::scripted: scripted player started a bounded escape after sustained low-speed throttle tick=26600 escapes=31 position=Vec3(-1319.0433, 14.603387, -99.78228) speed=0.02437553182244301 heading_rad=2.711529493331909 bearing_rad=0.03570251166820526 route_next=Some(296) gate=Vec3(-864.29767, 35.11112, 637.2484) aim=Vec3(-1324.4397, 13.75804, -89.04646)
2026-10-04T03:14:00.179490Z  INFO mm2_app::scripted: scripted player re-anchored onto its route after a bounded stuck tick=26882 reanchors=9 position=Vec3(-1317.5325, 15.281022, -107.87862) speed=-0.1083705872297287 heading_rad=2.342188596725464 route_next=295 gate=Vec3(-864.29767, 35.11112, 637.2484) landing=Vec3(-1312.8807, 16.42182, -116.109505)
2026-10-04T03:14:01.396942Z  INFO mm2_app::scripted: scripted player started a bounded escape after sustained low-speed throttle tick=27368 escapes=32 position=Vec3(-1319.4036, 14.601682, -99.941444) speed=-0.0009362818673253059 heading_rad=2.6758837699890137 bearing_rad=-0.032719649374485016 route_next=Some(296) gate=Vec3(-864.29767, 35.11112, 637.2484) aim=Vec3(-1324.4395, 13.75804, -89.047005)
2026-10-04T03:14:03.083294Z  INFO mm2_app::scripted: scripted player started a bounded escape after sustained low-speed throttle tick=28020 escapes=33 position=Vec3(-1321.5905, 14.601321, -100.914474) speed=0.008820939809083939 heading_rad=2.7219293117523193 bearing_rad=-0.1842034012079239 route_next=Some(296) gate=Vec3(-864.29767, 35.11112, 637.2484) aim=Vec3(-1324.4354, 13.75804, -89.055984)
2026-10-04T03:14:04.778636Z  INFO mm2_app::scripted: scripted player started a bounded escape after sustained low-speed throttle tick=28694 escapes=34 position=Vec3(-1319.0433, 14.603387, -99.78228) speed=0.02437553182244301 heading_rad=2.711529493331909 bearing_rad=0.03570251166820526 route_next=Some(296) gate=Vec3(-864.29767, 35.11112, 637.2484) aim=Vec3(-1324.4397, 13.75804, -89.04646)
2026-10-04T03:14:05.472223Z  INFO mm2_app::scripted: scripted player re-anchored onto its route after a bounded stuck tick=28976 reanchors=10 position=Vec3(-1317.5325, 15.281022, -107.87862) speed=-0.1083705872297287 heading_rad=2.342188596725464 route_next=295 gate=Vec3(-864.29767, 35.11112, 637.2484) landing=Vec3(-1312.8807, 16.42182, -116.109505)
2026-10-04T03:14:06.716839Z  INFO mm2_app::scripted: scripted player started a bounded escape after sustained low-speed throttle tick=29462 escapes=35 position=Vec3(-1319.4036, 14.601682, -99.941444) speed=-0.0009362818673253059 heading_rad=2.6758837699890137 bearing_rad=-0.032719649374485016 route_next=Some(296) gate=Vec3(-864.29767, 35.11112, 637.2484) aim=Vec3(-1324.4395, 13.75804, -89.047005)
2026-10-04T03:14:08.348694Z  INFO mm2_app::scripted: scripted player started a bounded escape after sustained low-speed throttle tick=30114 escapes=36 position=Vec3(-1321.5905, 14.601321, -100.914474) speed=0.008820939809083939 heading_rad=2.7219293117523193 bearing_rad=-0.1842034012079239 route_next=Some(296) gate=Vec3(-864.29767, 35.11112, 637.2484) aim=Vec3(-1324.4354, 13.75804, -89.055984)
2026-10-04T03:14:10.053185Z  INFO mm2_app::scripted: scripted player started a bounded escape after sustained low-speed throttle tick=30788 escapes=37 position=Vec3(-1319.0433, 14.603387, -99.78228) speed=0.02437553182244301 heading_rad=2.711529493331909 bearing_rad=0.03570251166820526 route_next=Some(296) gate=Vec3(-864.29767, 35.11112, 637.2484) aim=Vec3(-1324.4397, 13.75804, -89.04646)
2026-10-04T03:14:10.777006Z  INFO mm2_app::scripted: scripted player re-anchored onto its route after a bounded stuck tick=31070 reanchors=11 position=Vec3(-1317.5325, 15.281022, -107.87862) speed=-0.1083705872297287 heading_rad=2.342188596725464 route_next=295 gate=Vec3(-864.29767, 35.11112, 637.2484) landing=Vec3(-1312.8807, 16.42182, -116.109505)
2026-10-04T03:14:12.004759Z  INFO mm2_app::scripted: scripted player started a bounded escape after sustained low-speed throttle tick=31556 escapes=38 position=Vec3(-1319.4036, 14.601682, -99.941444) speed=-0.0009362818673253059 heading_rad=2.6758837699890137 bearing_rad=-0.032719649374485016 route_next=Some(296) gate=Vec3(-864.29767, 35.11112, 637.2484) aim=Vec3(-1324.4395, 13.75804, -89.047005)
2026-10-04T03:14:13.636524Z  INFO mm2_app::scripted: scripted player started a bounded escape after sustained low-speed throttle tick=32208 escapes=39 position=Vec3(-1321.5905, 14.601321, -100.914474) speed=0.008820939809083939 heading_rad=2.7219293117523193 bearing_rad=-0.1842034012079239 route_next=Some(296) gate=Vec3(-864.29767, 35.11112, 637.2484) aim=Vec3(-1324.4354, 13.75804, -89.055984)
2026-10-04T03:14:15.422769Z  INFO mm2_app::scripted: scripted player started a bounded escape after sustained low-speed throttle tick=32882 escapes=40 position=Vec3(-1319.0433, 14.603387, -99.78228) speed=0.02437553182244301 heading_rad=2.711529493331909 bearing_rad=0.03570251166820526 route_next=Some(296) gate=Vec3(-864.29767, 35.11112, 637.2484) aim=Vec3(-1324.4397, 13.75804, -89.04646)
2026-10-04T03:14:16.136735Z  INFO mm2_app::scripted: scripted player re-anchored onto its route after a bounded stuck tick=33164 reanchors=12 position=Vec3(-1317.5325, 15.281022, -107.87862) speed=-0.1083705872297287 heading_rad=2.342188596725464 route_next=295 gate=Vec3(-864.29767, 35.11112, 637.2484) landing=Vec3(-1312.8807, 16.42182, -116.109505)
2026-10-04T03:14:17.362718Z  INFO mm2_app::scripted: scripted player started a bounded escape after sustained low-speed throttle tick=33650 escapes=41 position=Vec3(-1319.4036, 14.601682, -99.941444) speed=-0.0009362818673253059 heading_rad=2.6758837699890137 bearing_rad=-0.032719649374485016 route_next=Some(296) gate=Vec3(-864.29767, 35.11112, 637.2484) aim=Vec3(-1324.4395, 13.75804, -89.047005)
2026-10-04T03:14:18.996069Z  INFO mm2_app::scripted: scripted player started a bounded escape after sustained low-speed throttle tick=34302 escapes=42 position=Vec3(-1321.5905, 14.601321, -100.914474) speed=0.008820939809083939 heading_rad=2.7219293117523193 bearing_rad=-0.1842034012079239 route_next=Some(296) gate=Vec3(-864.29767, 35.11112, 637.2484) aim=Vec3(-1324.4354, 13.75804, -89.055984)
2026-10-04T03:14:20.755059Z  INFO mm2_app::scripted: scripted player started a bounded escape after sustained low-speed throttle tick=34976 escapes=43 position=Vec3(-1319.0433, 14.603387, -99.78228) speed=0.02437553182244301 heading_rad=2.711529493331909 bearing_rad=0.03570251166820526 route_next=Some(296) gate=Vec3(-864.29767, 35.11112, 637.2484) aim=Vec3(-1324.4397, 13.75804, -89.04646)
2026-10-04T03:14:21.532936Z  INFO mm2_app::scripted: scripted player re-anchored onto its route after a bounded stuck tick=35258 reanchors=13 position=Vec3(-1317.5325, 15.281022, -107.87862) speed=-0.1083705872297287 heading_rad=2.342188596725464 route_next=295 gate=Vec3(-864.29767, 35.11112, 637.2484) landing=Vec3(-1312.8807, 16.42182, -116.109505)
2026-10-04T03:14:22.769461Z  INFO mm2_app::scripted: scripted player started a bounded escape after sustained low-speed throttle tick=35744 escapes=44 position=Vec3(-1319.4036, 14.601682, -99.941444) speed=-0.0009362818673253059 heading_rad=2.6758837699890137 bearing_rad=-0.032719649374485016 route_next=Some(296) gate=Vec3(-864.29767, 35.11112, 637.2484) aim=Vec3(-1324.4395, 13.75804, -89.047005)
2026-10-04T03:14:24.456710Z  INFO mm2_app::scripted: scripted player started a bounded escape after sustained low-speed throttle tick=36396 escapes=45 position=Vec3(-1321.5905, 14.601321, -100.914474) speed=0.008820939809083939 heading_rad=2.7219293117523193 bearing_rad=-0.1842034012079239 route_next=Some(296) gate=Vec3(-864.29767, 35.11112, 637.2484) aim=Vec3(-1324.4354, 13.75804, -89.055984)
2026-10-04T03:14:26.366187Z  INFO mm2_app::scripted: scripted player started a bounded escape after sustained low-speed throttle tick=37070 escapes=46 position=Vec3(-1319.0433, 14.603387, -99.78228) speed=0.02437553182244301 heading_rad=2.711529493331909 bearing_rad=0.03570251166820526 route_next=Some(296) gate=Vec3(-864.29767, 35.11112, 637.2484) aim=Vec3(-1324.4397, 13.75804, -89.04646)
2026-10-04T03:14:27.086240Z  INFO mm2_app::scripted: scripted player re-anchored onto its route after a bounded stuck tick=37352 reanchors=14 position=Vec3(-1317.5325, 15.281022, -107.87862) speed=-0.1083705872297287 heading_rad=2.342188596725464 route_next=295 gate=Vec3(-864.29767, 35.11112, 637.2484) landing=Vec3(-1312.8807, 16.42182, -116.109505)
2026-10-04T03:14:28.299506Z  INFO mm2_app::scripted: scripted player started a bounded escape after sustained low-speed throttle tick=37838 escapes=47 position=Vec3(-1319.4036, 14.601682, -99.941444) speed=-0.0009362818673253059 heading_rad=2.6758837699890137 bearing_rad=-0.032719649374485016 route_next=Some(296) gate=Vec3(-864.29767, 35.11112, 637.2484) aim=Vec3(-1324.4395, 13.75804, -89.047005)
2026-10-04T03:14:29.905931Z  INFO mm2_app::scripted: scripted player started a bounded escape after sustained low-speed throttle tick=38490 escapes=48 position=Vec3(-1321.5905, 14.601321, -100.914474) speed=0.008820939809083939 heading_rad=2.7219293117523193 bearing_rad=-0.1842034012079239 route_next=Some(296) gate=Vec3(-864.29767, 35.11112, 637.2484) aim=Vec3(-1324.4354, 13.75804, -89.055984)
2026-10-04T03:14:31.591603Z  INFO mm2_app::scripted: scripted player started a bounded escape after sustained low-speed throttle tick=39164 escapes=49 position=Vec3(-1319.0433, 14.603387, -99.78228) speed=0.02437553182244301 heading_rad=2.711529493331909 bearing_rad=0.03570251166820526 route_next=Some(296) gate=Vec3(-864.29767, 35.11112, 637.2484) aim=Vec3(-1324.4397, 13.75804, -89.04646)
2026-10-04T03:14:32.281702Z  INFO mm2_app::scripted: scripted player re-anchored onto its route after a bounded stuck tick=39446 reanchors=15 position=Vec3(-1317.5325, 15.281022, -107.87862) speed=-0.1083705872297287 heading_rad=2.342188596725464 route_next=295 gate=Vec3(-864.29767, 35.11112, 637.2484) landing=Vec3(-1312.8807, 16.42182, -116.109505)
2026-10-04T03:14:32.657390Z  WARN mm2_app::race_audio: audio: race cue timerwarning: no wave matches stem "timerwarning"
2026-10-04T03:14:33.483667Z  INFO mm2_app::scripted: scripted player started a bounded escape after sustained low-speed throttle tick=39932 escapes=50 position=Vec3(-1319.4036, 14.601682, -99.941444) speed=-0.0009362818673253059 heading_rad=2.6758837699890137 bearing_rad=-0.032719649374485016 route_next=Some(296) gate=Vec3(-864.29767, 35.11112, 637.2484) aim=Vec3(-1324.4395, 13.75804, -89.047005)
2026-10-04T03:14:35.011732Z  INFO mm2_app::scripted: scripted player started a bounded escape after sustained low-speed throttle tick=40584 escapes=51 position=Vec3(-1321.5905, 14.601321, -100.914474) speed=0.008820939809083939 heading_rad=2.7219293117523193 bearing_rad=-0.1842034012079239 route_next=Some(296) gate=Vec3(-864.29767, 35.11112, 637.2484) aim=Vec3(-1324.4354, 13.75804, -89.055984)
2026-10-04T03:14:35.505168Z  WARN mm2_app::race_audio: audio: race cue youlose: no wave matches stem "youlose"
smoke=headless-physics world=city/stockholm.psdl status=pass updates=45859 ticks=40800 driver=scripted diff=professional phase=results impacts=53 dropped=0 peak=30.1m/s travel=2220.5m sim=340.00s resets=15 controls=31282t/7756b/25232s finite=true moved=778m wheels=4/4 final=(-1320,14.6,-100) race=Complete cp=1/4 results=1 tl=0.0s pos=1/1 outcome=timed-out place=1 p_rec=15r/51e env=lt04(noon) fog=none sky=none wtr=0.2/1698r map=inset/north/z1200/hudmap_stockholm.pkg/1t/6m dash=absent:missing-spec+pkg trk=sized ind=on/0m/0b tmr=22g/off arr=hudarrow_blitz01/off sta=10g/-/-/- bng=3242d/0a/0s/0b bng_ev=0a/0s/0b wfx=0r/0e/0x+8f+ut aud=0h/0v/0s/0l/0a/0r+8x
