mm2-smoke commit=c4156b780969666f420375d9f5647f51913646a0
2026-10-04T02:41:51.118200Z  WARN mm2: wheel part whl0 geometry authored in place; recentring onto origin car=Some("sthlm_racer")
2026-10-04T02:41:51.118230Z  WARN mm2: wheel part whl1 geometry authored in place; recentring onto origin car=Some("sthlm_racer")
2026-10-04T02:41:51.118235Z  WARN mm2: wheel part whl2 geometry authored in place; recentring onto origin car=Some("sthlm_racer")
2026-10-04T02:41:51.118238Z  WARN mm2: wheel part whl3 geometry authored in place; recentring onto origin car=Some("sthlm_racer")
2026-10-04T02:41:51.907350Z  WARN mm2_app::city: water refs resolved no rooms; deadly water off path=city/stockholm.parts/part_-3_0.water skipped=0
2026-10-04T02:41:52.343126Z  WARN mm2_app::city: water refs resolved no rooms; deadly water off path=city/stockholm.parts/part_-2_2.water skipped=0
2026-10-04T02:41:52.346807Z  WARN mm2_app::city: water refs resolved no rooms; deadly water off path=city/stockholm.parts/part_-2_3.water skipped=0
2026-10-04T02:41:52.536538Z  WARN mm2_app::city: water refs resolved no rooms; deadly water off path=city/stockholm.parts/part_-1_0.water skipped=0
2026-10-04T02:41:52.706496Z  WARN mm2_app::city: water refs resolved no rooms; deadly water off path=city/stockholm.parts/part_-1_2.water skipped=0
2026-10-04T02:41:52.768832Z  WARN mm2_app::city: water refs resolved no rooms; deadly water off path=city/stockholm.parts/part_-1_3.water skipped=0
2026-10-04T02:41:52.915879Z  WARN mm2_app::city: water refs resolved no rooms; deadly water off path=city/stockholm.parts/part_0_-2.water skipped=0
2026-10-04T02:41:53.238601Z  WARN mm2_app::city: water refs resolved no rooms; deadly water off path=city/stockholm.parts/part_0_2.water skipped=0
2026-10-04T02:41:53.307776Z  WARN mm2_app::city: water refs resolved no rooms; deadly water off path=city/stockholm.parts/part_0_3.water skipped=0
2026-10-04T02:41:53.418354Z  WARN mm2_app::city: water refs resolved no rooms; deadly water off path=city/stockholm.parts/part_1_-3.water skipped=0
2026-10-04T02:41:53.523152Z  WARN mm2_app::city: water refs resolved no rooms; deadly water off path=city/stockholm.parts/part_1_-2.water skipped=0
2026-10-04T02:41:53.591020Z  WARN mm2_app::city: water refs resolved no rooms; deadly water off path=city/stockholm.parts/part_1_-1.water skipped=0
2026-10-04T02:41:53.655375Z  WARN mm2_app::city: water refs resolved no rooms; deadly water off path=city/stockholm.parts/part_1_-1_spill_1.water skipped=0
2026-10-04T02:41:53.775394Z  WARN mm2_app::city: water refs resolved no rooms; deadly water off path=city/stockholm.parts/part_1_0_spill_1.water skipped=0
2026-10-04T02:41:53.878507Z  WARN mm2_app::city: water refs resolved no rooms; deadly water off path=city/stockholm.parts/part_1_1.water skipped=0
2026-10-04T02:41:53.883942Z  WARN mm2_app::city: water refs resolved no rooms; deadly water off path=city/stockholm.parts/part_1_1_spill_1.water skipped=0
2026-10-04T02:41:53.977352Z  WARN mm2_app::city: water refs resolved no rooms; deadly water off path=city/stockholm.parts/part_1_2.water skipped=0
2026-10-04T02:41:54.054834Z  WARN mm2_app::city: water refs resolved no rooms; deadly water off path=city/stockholm.parts/part_1_3.water skipped=0
2026-10-04T02:41:54.225419Z  WARN mm2_app::city: water refs resolved no rooms; deadly water off path=city/stockholm.parts/part_2_-3.water skipped=0
2026-10-04T02:41:54.402566Z  WARN mm2_app::city: water refs resolved no rooms; deadly water off path=city/stockholm.parts/part_2_-1.water skipped=0
2026-10-04T02:41:54.606002Z  WARN mm2_app::city: water refs resolved no rooms; deadly water off path=city/stockholm.parts/part_2_1.water skipped=0
2026-10-04T02:41:54.695971Z  WARN mm2_app::city: water refs resolved no rooms; deadly water off path=city/stockholm.parts/part_2_2.water skipped=0
2026-10-04T02:41:54.726863Z  WARN mm2_app::city: water refs resolved no rooms; deadly water off path=city/stockholm.parts/part_2_3.water skipped=0
2026-10-04T02:41:55.129604Z  WARN mm2_app::city: water refs resolved no rooms; deadly water off path=city/stockholm.parts/part_3_1.water skipped=0
2026-10-04T02:41:55.193055Z  WARN mm2_app::city: water refs resolved no rooms; deadly water off path=city/stockholm.parts/part_3_2.water skipped=0
2026-10-04T02:41:55.253454Z  WARN mm2_app::city: water refs resolved no rooms; deadly water off path=city/stockholm.parts/part_3_3.water skipped=0
2026-10-04T02:41:55.470727Z  WARN mm2_app::city: water refs resolved no rooms; deadly water off path=city/stockholm.parts/part_4_1.water skipped=0
2026-10-04T02:41:55.512281Z  WARN mm2_app::city: water refs resolved no rooms; deadly water off path=city/stockholm.parts/part_4_2.water skipped=0
2026-10-04T02:41:55.854714Z  WARN mm2_app::city: water refs resolved no rooms; deadly water off path=city/stockholm.parts/part_6_1.water skipped=0
2026-10-04T02:41:56.133846Z  WARN mm2_app::object_sound: object sound table unreadable path=aud/ambient/ferry.csv error=asset not found: aud/ambient/ferry.csv
2026-10-04T02:41:56.133874Z  WARN mm2_app::object_sound: object sound table unreadable path=aud/ambient/subwaycar.csv error=asset not found: aud/ambient/subwaycar.csv
2026-10-04T02:41:56.133923Z  WARN mm2_app::environment: lighting preset validation issue path=city/stockholm.lt04 issue=OffGridName("noon")
2026-10-04T02:41:56.133931Z  WARN mm2_app::environment: fog table unavailable path=city/stockholm_fog.csv error=asset not found: city/stockholm_fog.csv
2026-10-04T02:41:56.133936Z  WARN mm2_app::environment: sky definition unavailable path=city/stockholm.sky error=asset not found: city/stockholm.sky
2026-10-04T02:41:56.152082Z  WARN mm2_app::damage_fx: smoke atlas unresolved — untextured puffs texture="fxpt2"
2026-10-04T02:41:56.152120Z  WARN mm2_app::spark_fx: spark texture unresolved — untextured streaks texture="spark"
2026-10-04T02:41:56.152131Z  WARN mm2_app::wheel_fx: wheel effect unavailable rule="dirt" path=tune/effects/dirt.asbirthrule
2026-10-04T02:41:56.152136Z  WARN mm2_app::wheel_fx: wheel effect unavailable rule="dust" path=tune/effects/dust.asbirthrule
2026-10-04T02:41:56.152140Z  WARN mm2_app::wheel_fx: wheel effect unavailable rule="grass" path=tune/effects/grass.asbirthrule
2026-10-04T02:41:56.152144Z  WARN mm2_app::wheel_fx: wheel effect unavailable rule="leaf" path=tune/effects/leaf.asbirthrule
2026-10-04T02:41:56.152147Z  WARN mm2_app::wheel_fx: wheel effect unavailable rule="smoke" path=tune/effects/smoke.asbirthrule
2026-10-04T02:41:56.152150Z  WARN mm2_app::wheel_fx: wheel effect unavailable rule="snow" path=tune/effects/snow.asbirthrule
2026-10-04T02:41:56.152154Z  WARN mm2_app::wheel_fx: wheel effect unavailable rule="splash" path=tune/effects/splash.asbirthrule
2026-10-04T02:41:56.152156Z  WARN mm2_app::wheel_fx: wheel effect unavailable rule="rock" path=tune/effects/rock.asbirthrule
2026-10-04T02:41:56.152160Z  WARN mm2_app::wheel_fx: wheel atlas unresolved — untextured puffs texture="ptx_wheel"
2026-10-04T02:41:56.152541Z  WARN mm2_app::audio: audio: aud/cardata/player/default_impacts.csv: asset not found: aud/cardata/player/default_impacts.csv
2026-10-04T02:41:56.152558Z  WARN mm2_app::audio: audio: aud/cardata/player/default_surfacedry.csv: asset not found: aud/cardata/player/default_surfacedry.csv
2026-10-04T02:41:56.152565Z  WARN mm2_app::audio: audio: aud/cardata/player/stockholmpolicesiren.csv: asset not found: aud/cardata/player/stockholmpolicesiren.csv
2026-10-04T02:41:56.152569Z  WARN mm2_app::audio: audio: aud/cardata/opponent/policesiren.csv: asset not found: aud/cardata/opponent/policesiren.csv
2026-10-04T02:41:56.153895Z  WARN mm2_app::session: nav graph failed to load — opponent routes stay verbatim error=city/stockholm.bai: not found in the VFS
2026-10-04T02:41:56.769133Z  WARN mm2_app::race_audio: audio: race cue startracelow: no wave matches stem "startracelow"
2026-10-04T02:41:56.769180Z  WARN mm2_app::audio: audio: aud/spchdata/stockholm.csv: asset not found: aud/spchdata/stockholm.csv
2026-10-04T02:41:57.167692Z  WARN mm2_app::race_audio: audio: race cue startracelow: no wave matches stem "startracelow"
2026-10-04T02:41:57.466350Z  WARN mm2_app::race_audio: audio: race cue startracelow: no wave matches stem "startracelow"
2026-10-04T02:41:57.746579Z  WARN mm2_app::race_audio: audio: race cue startracehigh: no wave matches stem "startracehigh"
2026-10-04T02:42:05.267393Z  WARN mm2_app::race_audio: audio: race cue lastwaypoint: no wave matches stem "lastwaypoint"
2026-10-04T02:42:11.198310Z  WARN mm2_app::race_audio: audio: race cue endofracetag: no wave matches stem "endofracetag"
smoke=headless-physics world=city/stockholm.psdl status=pass updates=12000 ticks=4963 driver=scripted diff=professional phase=results impacts=0 dropped=0 peak=30.1m/s travel=1104.5m sim=41.36s resets=0 controls=2535t/0b/521s finite=true moved=1305m wheels=4/4 final=(-991,3.2,-60) race=Complete cp=1/1 results=1 tl=43.6s pos=1/1 outcome=finished place=1 env=lt04(noon) fog=none sky=none wtr=0.2/1698r map=inset/north/z1200/hudmap_stockholm.pkg/1t/3m dash=absent:missing-spec+pkg trk=sized ind=on/0m/0b tmr=22g/off arr=hudarrow_blitz01/off sta=10g/-/-/- bng=3242d/0a/0s/0b bng_ev=0a/0s/0b wfx=0r/0e/0x+8f+ut aud=0h/0v/0s/0l/0a/0r+7x
