mm2-smoke commit=c4156b780969666f420375d9f5647f51913646a0
2026-10-04T03:22:12.891581Z  WARN mm2: wheel part whl0 geometry authored in place; recentring onto origin car=Some("sthlm_racer")
2026-10-04T03:22:12.891599Z  WARN mm2: wheel part whl1 geometry authored in place; recentring onto origin car=Some("sthlm_racer")
2026-10-04T03:22:12.891603Z  WARN mm2: wheel part whl2 geometry authored in place; recentring onto origin car=Some("sthlm_racer")
2026-10-04T03:22:12.891606Z  WARN mm2: wheel part whl3 geometry authored in place; recentring onto origin car=Some("sthlm_racer")
2026-10-04T03:22:13.572911Z  WARN mm2_app::city: water refs resolved no rooms; deadly water off path=city/stockholm.parts/part_-3_0.water skipped=0
2026-10-04T03:22:13.955811Z  WARN mm2_app::city: water refs resolved no rooms; deadly water off path=city/stockholm.parts/part_-2_2.water skipped=0
2026-10-04T03:22:13.958996Z  WARN mm2_app::city: water refs resolved no rooms; deadly water off path=city/stockholm.parts/part_-2_3.water skipped=0
2026-10-04T03:22:14.124212Z  WARN mm2_app::city: water refs resolved no rooms; deadly water off path=city/stockholm.parts/part_-1_0.water skipped=0
2026-10-04T03:22:14.274055Z  WARN mm2_app::city: water refs resolved no rooms; deadly water off path=city/stockholm.parts/part_-1_2.water skipped=0
2026-10-04T03:22:14.330060Z  WARN mm2_app::city: water refs resolved no rooms; deadly water off path=city/stockholm.parts/part_-1_3.water skipped=0
2026-10-04T03:22:14.456172Z  WARN mm2_app::city: water refs resolved no rooms; deadly water off path=city/stockholm.parts/part_0_-2.water skipped=0
2026-10-04T03:22:14.730848Z  WARN mm2_app::city: water refs resolved no rooms; deadly water off path=city/stockholm.parts/part_0_2.water skipped=0
2026-10-04T03:22:14.791500Z  WARN mm2_app::city: water refs resolved no rooms; deadly water off path=city/stockholm.parts/part_0_3.water skipped=0
2026-10-04T03:22:14.889984Z  WARN mm2_app::city: water refs resolved no rooms; deadly water off path=city/stockholm.parts/part_1_-3.water skipped=0
2026-10-04T03:22:14.981339Z  WARN mm2_app::city: water refs resolved no rooms; deadly water off path=city/stockholm.parts/part_1_-2.water skipped=0
2026-10-04T03:22:15.041202Z  WARN mm2_app::city: water refs resolved no rooms; deadly water off path=city/stockholm.parts/part_1_-1.water skipped=0
2026-10-04T03:22:15.095568Z  WARN mm2_app::city: water refs resolved no rooms; deadly water off path=city/stockholm.parts/part_1_-1_spill_1.water skipped=0
2026-10-04T03:22:15.200490Z  WARN mm2_app::city: water refs resolved no rooms; deadly water off path=city/stockholm.parts/part_1_0_spill_1.water skipped=0
2026-10-04T03:22:15.291203Z  WARN mm2_app::city: water refs resolved no rooms; deadly water off path=city/stockholm.parts/part_1_1.water skipped=0
2026-10-04T03:22:15.296236Z  WARN mm2_app::city: water refs resolved no rooms; deadly water off path=city/stockholm.parts/part_1_1_spill_1.water skipped=0
2026-10-04T03:22:15.381050Z  WARN mm2_app::city: water refs resolved no rooms; deadly water off path=city/stockholm.parts/part_1_2.water skipped=0
2026-10-04T03:22:15.443617Z  WARN mm2_app::city: water refs resolved no rooms; deadly water off path=city/stockholm.parts/part_1_3.water skipped=0
2026-10-04T03:22:15.576757Z  WARN mm2_app::city: water refs resolved no rooms; deadly water off path=city/stockholm.parts/part_2_-3.water skipped=0
2026-10-04T03:22:15.719871Z  WARN mm2_app::city: water refs resolved no rooms; deadly water off path=city/stockholm.parts/part_2_-1.water skipped=0
2026-10-04T03:22:15.883605Z  WARN mm2_app::city: water refs resolved no rooms; deadly water off path=city/stockholm.parts/part_2_1.water skipped=0
2026-10-04T03:22:15.951049Z  WARN mm2_app::city: water refs resolved no rooms; deadly water off path=city/stockholm.parts/part_2_2.water skipped=0
2026-10-04T03:22:15.974863Z  WARN mm2_app::city: water refs resolved no rooms; deadly water off path=city/stockholm.parts/part_2_3.water skipped=0
2026-10-04T03:22:16.291273Z  WARN mm2_app::city: water refs resolved no rooms; deadly water off path=city/stockholm.parts/part_3_1.water skipped=0
2026-10-04T03:22:16.343794Z  WARN mm2_app::city: water refs resolved no rooms; deadly water off path=city/stockholm.parts/part_3_2.water skipped=0
2026-10-04T03:22:16.393575Z  WARN mm2_app::city: water refs resolved no rooms; deadly water off path=city/stockholm.parts/part_3_3.water skipped=0
2026-10-04T03:22:16.584192Z  WARN mm2_app::city: water refs resolved no rooms; deadly water off path=city/stockholm.parts/part_4_1.water skipped=0
2026-10-04T03:22:16.621180Z  WARN mm2_app::city: water refs resolved no rooms; deadly water off path=city/stockholm.parts/part_4_2.water skipped=0
2026-10-04T03:22:16.927411Z  WARN mm2_app::city: water refs resolved no rooms; deadly water off path=city/stockholm.parts/part_6_1.water skipped=0
2026-10-04T03:22:17.181523Z  WARN mm2_app::object_sound: object sound table unreadable path=aud/ambient/ferry.csv error=asset not found: aud/ambient/ferry.csv
2026-10-04T03:22:17.181548Z  WARN mm2_app::object_sound: object sound table unreadable path=aud/ambient/subwaycar.csv error=asset not found: aud/ambient/subwaycar.csv
2026-10-04T03:22:17.181593Z  WARN mm2_app::environment: lighting preset validation issue path=city/stockholm.lt04 issue=OffGridName("noon")
2026-10-04T03:22:17.181599Z  WARN mm2_app::environment: fog table unavailable path=city/stockholm_fog.csv error=asset not found: city/stockholm_fog.csv
2026-10-04T03:22:17.181602Z  WARN mm2_app::environment: sky definition unavailable path=city/stockholm.sky error=asset not found: city/stockholm.sky
2026-10-04T03:22:17.197861Z  WARN mm2_app::damage_fx: smoke atlas unresolved — untextured puffs texture="fxpt2"
2026-10-04T03:22:17.197889Z  WARN mm2_app::spark_fx: spark texture unresolved — untextured streaks texture="spark"
2026-10-04T03:22:17.197899Z  WARN mm2_app::wheel_fx: wheel effect unavailable rule="dirt" path=tune/effects/dirt.asbirthrule
2026-10-04T03:22:17.197903Z  WARN mm2_app::wheel_fx: wheel effect unavailable rule="dust" path=tune/effects/dust.asbirthrule
2026-10-04T03:22:17.197906Z  WARN mm2_app::wheel_fx: wheel effect unavailable rule="grass" path=tune/effects/grass.asbirthrule
2026-10-04T03:22:17.197909Z  WARN mm2_app::wheel_fx: wheel effect unavailable rule="leaf" path=tune/effects/leaf.asbirthrule
2026-10-04T03:22:17.197911Z  WARN mm2_app::wheel_fx: wheel effect unavailable rule="smoke" path=tune/effects/smoke.asbirthrule
2026-10-04T03:22:17.197914Z  WARN mm2_app::wheel_fx: wheel effect unavailable rule="snow" path=tune/effects/snow.asbirthrule
2026-10-04T03:22:17.197916Z  WARN mm2_app::wheel_fx: wheel effect unavailable rule="splash" path=tune/effects/splash.asbirthrule
2026-10-04T03:22:17.197917Z  WARN mm2_app::wheel_fx: wheel effect unavailable rule="rock" path=tune/effects/rock.asbirthrule
2026-10-04T03:22:17.197920Z  WARN mm2_app::wheel_fx: wheel atlas unresolved — untextured puffs texture="ptx_wheel"
2026-10-04T03:22:17.198159Z  WARN mm2_app::audio: audio: aud/cardata/player/default_impacts.csv: asset not found: aud/cardata/player/default_impacts.csv
2026-10-04T03:22:17.198165Z  WARN mm2_app::audio: audio: aud/cardata/player/default_surfacedry.csv: asset not found: aud/cardata/player/default_surfacedry.csv
2026-10-04T03:22:17.198168Z  WARN mm2_app::audio: audio: aud/cardata/player/stockholmpolicesiren.csv: asset not found: aud/cardata/player/stockholmpolicesiren.csv
2026-10-04T03:22:17.198170Z  WARN mm2_app::audio: audio: aud/cardata/opponent/policesiren.csv: asset not found: aud/cardata/opponent/policesiren.csv
2026-10-04T03:22:17.198985Z  WARN mm2_app::session: nav graph failed to load — opponent routes stay verbatim error=city/stockholm.bai: not found in the VFS
2026-10-04T03:22:17.749103Z  WARN mm2_app::race_audio: audio: race cue startracelow: no wave matches stem "startracelow"
2026-10-04T03:22:17.749147Z  WARN mm2_app::audio: audio: aud/spchdata/stockholm.csv: asset not found: aud/spchdata/stockholm.csv
2026-10-04T03:22:18.080199Z  WARN mm2_app::race_audio: audio: race cue startracelow: no wave matches stem "startracelow"
2026-10-04T03:22:18.294899Z  WARN mm2_app::race_audio: audio: race cue startracelow: no wave matches stem "startracelow"
2026-10-04T03:22:18.515725Z  WARN mm2_app::race_audio: audio: race cue startracehigh: no wave matches stem "startracehigh"
2026-10-04T03:22:32.574052Z  INFO mm2_app::scripted: scripted player started a bounded escape after sustained low-speed throttle tick=6654 escapes=1 position=Vec3(-1319.6654, 14.600591, -100.0713) speed=0.0029196529649198055 heading_rad=2.7266480922698975 bearing_rad=-0.00628197705373168 route_next=Some(286) gate=Vec3(-864.29767, 35.11112, 637.2484) aim=Vec3(-1324.4341, 13.75804, -89.05926)
2026-10-04T03:22:34.054769Z  INFO mm2_app::scripted: scripted player started a bounded escape after sustained low-speed throttle tick=7320 escapes=2 position=Vec3(-1321.9082, 14.612806, -101.07635) speed=-0.005730718374252319 heading_rad=2.760119676589966 bearing_rad=-0.1745787411928177 route_next=Some(286) gate=Vec3(-864.29767, 35.11112, 637.2484) aim=Vec3(-1324.4274, 13.75804, -89.07448)
2026-10-04T03:22:35.625093Z  INFO mm2_app::scripted: scripted player started a bounded escape after sustained low-speed throttle tick=7980 escapes=3 position=Vec3(-1320.3536, 14.603391, -100.36043) speed=0.02156572975218296 heading_rad=2.744525909423828 bearing_rad=-0.05050336569547653 route_next=Some(286) gate=Vec3(-864.29767, 35.11112, 637.2484) aim=Vec3(-1324.4391, 13.75804, -89.047745)
2026-10-04T03:22:36.205525Z  INFO mm2_app::scripted: scripted player re-anchored onto its route after a bounded stuck tick=8244 reanchors=1 position=Vec3(-1319.6216, 15.112093, -106.62937) speed=2.4231207370758057 heading_rad=-3.1064324378967285 route_next=285 gate=Vec3(-864.29767, 35.11112, 637.2484) landing=Vec3(-1312.8807, 16.42182, -116.109505)
2026-10-04T03:22:37.255624Z  INFO mm2_app::scripted: scripted player started a bounded escape after sustained low-speed throttle tick=8730 escapes=4 position=Vec3(-1319.4036, 14.601682, -99.941444) speed=-0.0009362818673253059 heading_rad=2.6758837699890137 bearing_rad=-0.032719649374485016 route_next=Some(286) gate=Vec3(-864.29767, 35.11112, 637.2484) aim=Vec3(-1324.4395, 13.75804, -89.047005)
2026-10-04T03:22:38.681069Z  INFO mm2_app::scripted: scripted player started a bounded escape after sustained low-speed throttle tick=9382 escapes=5 position=Vec3(-1321.5905, 14.601321, -100.914474) speed=0.008820939809083939 heading_rad=2.7219293117523193 bearing_rad=-0.1842034012079239 route_next=Some(286) gate=Vec3(-864.29767, 35.11112, 637.2484) aim=Vec3(-1324.4354, 13.75804, -89.055984)
2026-10-04T03:22:40.139168Z  INFO mm2_app::scripted: scripted player started a bounded escape after sustained low-speed throttle tick=10056 escapes=6 position=Vec3(-1319.0433, 14.603387, -99.78228) speed=0.02437553182244301 heading_rad=2.711529493331909 bearing_rad=0.03570251166820526 route_next=Some(286) gate=Vec3(-864.29767, 35.11112, 637.2484) aim=Vec3(-1324.4397, 13.75804, -89.04646)
2026-10-04T03:22:40.751706Z  INFO mm2_app::scripted: scripted player re-anchored onto its route after a bounded stuck tick=10338 reanchors=2 position=Vec3(-1317.5325, 15.281022, -107.87862) speed=-0.1083705872297287 heading_rad=2.342188596725464 route_next=285 gate=Vec3(-864.29767, 35.11112, 637.2484) landing=Vec3(-1312.8807, 16.42182, -116.109505)
2026-10-04T03:22:41.808110Z  INFO mm2_app::scripted: scripted player started a bounded escape after sustained low-speed throttle tick=10824 escapes=7 position=Vec3(-1319.4036, 14.601682, -99.941444) speed=-0.0009362818673253059 heading_rad=2.6758837699890137 bearing_rad=-0.032719649374485016 route_next=Some(286) gate=Vec3(-864.29767, 35.11112, 637.2484) aim=Vec3(-1324.4395, 13.75804, -89.047005)
2026-10-04T03:22:43.205546Z  INFO mm2_app::scripted: scripted player started a bounded escape after sustained low-speed throttle tick=11476 escapes=8 position=Vec3(-1321.5905, 14.601321, -100.914474) speed=0.008820939809083939 heading_rad=2.7219293117523193 bearing_rad=-0.1842034012079239 route_next=Some(286) gate=Vec3(-864.29767, 35.11112, 637.2484) aim=Vec3(-1324.4354, 13.75804, -89.055984)
2026-10-04T03:22:44.623806Z  INFO mm2_app::scripted: scripted player started a bounded escape after sustained low-speed throttle tick=12150 escapes=9 position=Vec3(-1319.0433, 14.603387, -99.78228) speed=0.02437553182244301 heading_rad=2.711529493331909 bearing_rad=0.03570251166820526 route_next=Some(286) gate=Vec3(-864.29767, 35.11112, 637.2484) aim=Vec3(-1324.4397, 13.75804, -89.04646)
2026-10-04T03:22:45.206529Z  INFO mm2_app::scripted: scripted player re-anchored onto its route after a bounded stuck tick=12432 reanchors=3 position=Vec3(-1317.5325, 15.281022, -107.87862) speed=-0.1083705872297287 heading_rad=2.342188596725464 route_next=285 gate=Vec3(-864.29767, 35.11112, 637.2484) landing=Vec3(-1312.8807, 16.42182, -116.109505)
2026-10-04T03:22:46.216900Z  INFO mm2_app::scripted: scripted player started a bounded escape after sustained low-speed throttle tick=12918 escapes=10 position=Vec3(-1319.4036, 14.601682, -99.941444) speed=-0.0009362818673253059 heading_rad=2.6758837699890137 bearing_rad=-0.032719649374485016 route_next=Some(286) gate=Vec3(-864.29767, 35.11112, 637.2484) aim=Vec3(-1324.4395, 13.75804, -89.047005)
2026-10-04T03:22:47.602552Z  INFO mm2_app::scripted: scripted player started a bounded escape after sustained low-speed throttle tick=13570 escapes=11 position=Vec3(-1321.5905, 14.601321, -100.914474) speed=0.008820939809083939 heading_rad=2.7219293117523193 bearing_rad=-0.1842034012079239 route_next=Some(286) gate=Vec3(-864.29767, 35.11112, 637.2484) aim=Vec3(-1324.4354, 13.75804, -89.055984)
2026-10-04T03:22:49.019107Z  INFO mm2_app::scripted: scripted player started a bounded escape after sustained low-speed throttle tick=14244 escapes=12 position=Vec3(-1319.0433, 14.603387, -99.78228) speed=0.02437553182244301 heading_rad=2.711529493331909 bearing_rad=0.03570251166820526 route_next=Some(286) gate=Vec3(-864.29767, 35.11112, 637.2484) aim=Vec3(-1324.4397, 13.75804, -89.04646)
2026-10-04T03:22:49.603503Z  INFO mm2_app::scripted: scripted player re-anchored onto its route after a bounded stuck tick=14526 reanchors=4 position=Vec3(-1317.5325, 15.281022, -107.87862) speed=-0.1083705872297287 heading_rad=2.342188596725464 route_next=285 gate=Vec3(-864.29767, 35.11112, 637.2484) landing=Vec3(-1312.8807, 16.42182, -116.109505)
2026-10-04T03:22:50.628710Z  INFO mm2_app::scripted: scripted player started a bounded escape after sustained low-speed throttle tick=15012 escapes=13 position=Vec3(-1319.4036, 14.601682, -99.941444) speed=-0.0009362818673253059 heading_rad=2.6758837699890137 bearing_rad=-0.032719649374485016 route_next=Some(286) gate=Vec3(-864.29767, 35.11112, 637.2484) aim=Vec3(-1324.4395, 13.75804, -89.047005)
2026-10-04T03:22:52.006954Z  INFO mm2_app::scripted: scripted player started a bounded escape after sustained low-speed throttle tick=15664 escapes=14 position=Vec3(-1321.5905, 14.601321, -100.914474) speed=0.008820939809083939 heading_rad=2.7219293117523193 bearing_rad=-0.1842034012079239 route_next=Some(286) gate=Vec3(-864.29767, 35.11112, 637.2484) aim=Vec3(-1324.4354, 13.75804, -89.055984)
2026-10-04T03:22:53.423202Z  INFO mm2_app::scripted: scripted player started a bounded escape after sustained low-speed throttle tick=16338 escapes=15 position=Vec3(-1319.0433, 14.603387, -99.78228) speed=0.02437553182244301 heading_rad=2.711529493331909 bearing_rad=0.03570251166820526 route_next=Some(286) gate=Vec3(-864.29767, 35.11112, 637.2484) aim=Vec3(-1324.4397, 13.75804, -89.04646)
2026-10-04T03:22:54.018512Z  INFO mm2_app::scripted: scripted player re-anchored onto its route after a bounded stuck tick=16620 reanchors=5 position=Vec3(-1317.5325, 15.281022, -107.87862) speed=-0.1083705872297287 heading_rad=2.342188596725464 route_next=285 gate=Vec3(-864.29767, 35.11112, 637.2484) landing=Vec3(-1312.8807, 16.42182, -116.109505)
2026-10-04T03:22:55.104962Z  INFO mm2_app::scripted: scripted player started a bounded escape after sustained low-speed throttle tick=17106 escapes=16 position=Vec3(-1319.4036, 14.601682, -99.941444) speed=-0.0009362818673253059 heading_rad=2.6758837699890137 bearing_rad=-0.032719649374485016 route_next=Some(286) gate=Vec3(-864.29767, 35.11112, 637.2484) aim=Vec3(-1324.4395, 13.75804, -89.047005)
2026-10-04T03:22:56.515186Z  INFO mm2_app::scripted: scripted player started a bounded escape after sustained low-speed throttle tick=17758 escapes=17 position=Vec3(-1321.5905, 14.601321, -100.914474) speed=0.008820939809083939 heading_rad=2.7219293117523193 bearing_rad=-0.1842034012079239 route_next=Some(286) gate=Vec3(-864.29767, 35.11112, 637.2484) aim=Vec3(-1324.4354, 13.75804, -89.055984)
2026-10-04T03:22:57.922848Z  INFO mm2_app::scripted: scripted player started a bounded escape after sustained low-speed throttle tick=18432 escapes=18 position=Vec3(-1319.0433, 14.603387, -99.78228) speed=0.02437553182244301 heading_rad=2.711529493331909 bearing_rad=0.03570251166820526 route_next=Some(286) gate=Vec3(-864.29767, 35.11112, 637.2484) aim=Vec3(-1324.4397, 13.75804, -89.04646)
2026-10-04T03:22:58.503331Z  INFO mm2_app::scripted: scripted player re-anchored onto its route after a bounded stuck tick=18714 reanchors=6 position=Vec3(-1317.5325, 15.281022, -107.87862) speed=-0.1083705872297287 heading_rad=2.342188596725464 route_next=285 gate=Vec3(-864.29767, 35.11112, 637.2484) landing=Vec3(-1312.8807, 16.42182, -116.109505)
2026-10-04T03:22:59.539453Z  INFO mm2_app::scripted: scripted player started a bounded escape after sustained low-speed throttle tick=19200 escapes=19 position=Vec3(-1319.4036, 14.601682, -99.941444) speed=-0.0009362818673253059 heading_rad=2.6758837699890137 bearing_rad=-0.032719649374485016 route_next=Some(286) gate=Vec3(-864.29767, 35.11112, 637.2484) aim=Vec3(-1324.4395, 13.75804, -89.047005)
2026-10-04T03:23:00.899290Z  INFO mm2_app::scripted: scripted player started a bounded escape after sustained low-speed throttle tick=19852 escapes=20 position=Vec3(-1321.5905, 14.601321, -100.914474) speed=0.008820939809083939 heading_rad=2.7219293117523193 bearing_rad=-0.1842034012079239 route_next=Some(286) gate=Vec3(-864.29767, 35.11112, 637.2484) aim=Vec3(-1324.4354, 13.75804, -89.055984)
2026-10-04T03:23:02.343481Z  INFO mm2_app::scripted: scripted player started a bounded escape after sustained low-speed throttle tick=20526 escapes=21 position=Vec3(-1319.0433, 14.603387, -99.78228) speed=0.02437553182244301 heading_rad=2.711529493331909 bearing_rad=0.03570251166820526 route_next=Some(286) gate=Vec3(-864.29767, 35.11112, 637.2484) aim=Vec3(-1324.4397, 13.75804, -89.04646)
2026-10-04T03:23:02.946557Z  INFO mm2_app::scripted: scripted player re-anchored onto its route after a bounded stuck tick=20808 reanchors=7 position=Vec3(-1317.5325, 15.281022, -107.87862) speed=-0.1083705872297287 heading_rad=2.342188596725464 route_next=285 gate=Vec3(-864.29767, 35.11112, 637.2484) landing=Vec3(-1312.8807, 16.42182, -116.109505)
2026-10-04T03:23:03.972173Z  INFO mm2_app::scripted: scripted player started a bounded escape after sustained low-speed throttle tick=21294 escapes=22 position=Vec3(-1319.4036, 14.601682, -99.941444) speed=-0.0009362818673253059 heading_rad=2.6758837699890137 bearing_rad=-0.032719649374485016 route_next=Some(286) gate=Vec3(-864.29767, 35.11112, 637.2484) aim=Vec3(-1324.4395, 13.75804, -89.047005)
2026-10-04T03:23:05.359782Z  INFO mm2_app::scripted: scripted player started a bounded escape after sustained low-speed throttle tick=21946 escapes=23 position=Vec3(-1321.5905, 14.601321, -100.914474) speed=0.008820939809083939 heading_rad=2.7219293117523193 bearing_rad=-0.1842034012079239 route_next=Some(286) gate=Vec3(-864.29767, 35.11112, 637.2484) aim=Vec3(-1324.4354, 13.75804, -89.055984)
2026-10-04T03:23:06.854491Z  INFO mm2_app::scripted: scripted player started a bounded escape after sustained low-speed throttle tick=22620 escapes=24 position=Vec3(-1319.0433, 14.603387, -99.78228) speed=0.02437553182244301 heading_rad=2.711529493331909 bearing_rad=0.03570251166820526 route_next=Some(286) gate=Vec3(-864.29767, 35.11112, 637.2484) aim=Vec3(-1324.4397, 13.75804, -89.04646)
2026-10-04T03:23:07.545345Z  INFO mm2_app::scripted: scripted player re-anchored onto its route after a bounded stuck tick=22902 reanchors=8 position=Vec3(-1317.5325, 15.281022, -107.87862) speed=-0.1083705872297287 heading_rad=2.342188596725464 route_next=285 gate=Vec3(-864.29767, 35.11112, 637.2484) landing=Vec3(-1312.8807, 16.42182, -116.109505)
2026-10-04T03:23:08.575657Z  INFO mm2_app::scripted: scripted player started a bounded escape after sustained low-speed throttle tick=23388 escapes=25 position=Vec3(-1319.4036, 14.601682, -99.941444) speed=-0.0009362818673253059 heading_rad=2.6758837699890137 bearing_rad=-0.032719649374485016 route_next=Some(286) gate=Vec3(-864.29767, 35.11112, 637.2484) aim=Vec3(-1324.4395, 13.75804, -89.047005)
2026-10-04T03:23:09.953665Z  INFO mm2_app::scripted: scripted player started a bounded escape after sustained low-speed throttle tick=24040 escapes=26 position=Vec3(-1321.5905, 14.601321, -100.914474) speed=0.008820939809083939 heading_rad=2.7219293117523193 bearing_rad=-0.1842034012079239 route_next=Some(286) gate=Vec3(-864.29767, 35.11112, 637.2484) aim=Vec3(-1324.4354, 13.75804, -89.055984)
2026-10-04T03:23:11.357052Z  INFO mm2_app::scripted: scripted player started a bounded escape after sustained low-speed throttle tick=24714 escapes=27 position=Vec3(-1319.0433, 14.603387, -99.78228) speed=0.02437553182244301 heading_rad=2.711529493331909 bearing_rad=0.03570251166820526 route_next=Some(286) gate=Vec3(-864.29767, 35.11112, 637.2484) aim=Vec3(-1324.4397, 13.75804, -89.04646)
2026-10-04T03:23:11.944940Z  INFO mm2_app::scripted: scripted player re-anchored onto its route after a bounded stuck tick=24996 reanchors=9 position=Vec3(-1317.5325, 15.281022, -107.87862) speed=-0.1083705872297287 heading_rad=2.342188596725464 route_next=285 gate=Vec3(-864.29767, 35.11112, 637.2484) landing=Vec3(-1312.8807, 16.42182, -116.109505)
2026-10-04T03:23:12.964640Z  INFO mm2_app::scripted: scripted player started a bounded escape after sustained low-speed throttle tick=25482 escapes=28 position=Vec3(-1319.4036, 14.601682, -99.941444) speed=-0.0009362818673253059 heading_rad=2.6758837699890137 bearing_rad=-0.032719649374485016 route_next=Some(286) gate=Vec3(-864.29767, 35.11112, 637.2484) aim=Vec3(-1324.4395, 13.75804, -89.047005)
2026-10-04T03:23:14.335689Z  INFO mm2_app::scripted: scripted player started a bounded escape after sustained low-speed throttle tick=26134 escapes=29 position=Vec3(-1321.5905, 14.601321, -100.914474) speed=0.008820939809083939 heading_rad=2.7219293117523193 bearing_rad=-0.1842034012079239 route_next=Some(286) gate=Vec3(-864.29767, 35.11112, 637.2484) aim=Vec3(-1324.4354, 13.75804, -89.055984)
2026-10-04T03:23:15.743180Z  INFO mm2_app::scripted: scripted player started a bounded escape after sustained low-speed throttle tick=26808 escapes=30 position=Vec3(-1319.0433, 14.603387, -99.78228) speed=0.02437553182244301 heading_rad=2.711529493331909 bearing_rad=0.03570251166820526 route_next=Some(286) gate=Vec3(-864.29767, 35.11112, 637.2484) aim=Vec3(-1324.4397, 13.75804, -89.04646)
2026-10-04T03:23:16.367807Z  INFO mm2_app::scripted: scripted player re-anchored onto its route after a bounded stuck tick=27090 reanchors=10 position=Vec3(-1317.5325, 15.281022, -107.87862) speed=-0.1083705872297287 heading_rad=2.342188596725464 route_next=285 gate=Vec3(-864.29767, 35.11112, 637.2484) landing=Vec3(-1312.8807, 16.42182, -116.109505)
2026-10-04T03:23:17.393923Z  INFO mm2_app::scripted: scripted player started a bounded escape after sustained low-speed throttle tick=27576 escapes=31 position=Vec3(-1319.4036, 14.601682, -99.941444) speed=-0.0009362818673253059 heading_rad=2.6758837699890137 bearing_rad=-0.032719649374485016 route_next=Some(286) gate=Vec3(-864.29767, 35.11112, 637.2484) aim=Vec3(-1324.4395, 13.75804, -89.047005)
2026-10-04T03:23:18.788549Z  INFO mm2_app::scripted: scripted player started a bounded escape after sustained low-speed throttle tick=28228 escapes=32 position=Vec3(-1321.5905, 14.601321, -100.914474) speed=0.008820939809083939 heading_rad=2.7219293117523193 bearing_rad=-0.1842034012079239 route_next=Some(286) gate=Vec3(-864.29767, 35.11112, 637.2484) aim=Vec3(-1324.4354, 13.75804, -89.055984)
2026-10-04T03:23:20.220717Z  INFO mm2_app::scripted: scripted player started a bounded escape after sustained low-speed throttle tick=28902 escapes=33 position=Vec3(-1319.0433, 14.603387, -99.78228) speed=0.02437553182244301 heading_rad=2.711529493331909 bearing_rad=0.03570251166820526 route_next=Some(286) gate=Vec3(-864.29767, 35.11112, 637.2484) aim=Vec3(-1324.4397, 13.75804, -89.04646)
2026-10-04T03:23:20.842940Z  INFO mm2_app::scripted: scripted player re-anchored onto its route after a bounded stuck tick=29184 reanchors=11 position=Vec3(-1317.5325, 15.281022, -107.87862) speed=-0.1083705872297287 heading_rad=2.342188596725464 route_next=285 gate=Vec3(-864.29767, 35.11112, 637.2484) landing=Vec3(-1312.8807, 16.42182, -116.109505)
2026-10-04T03:23:21.892658Z  INFO mm2_app::scripted: scripted player started a bounded escape after sustained low-speed throttle tick=29670 escapes=34 position=Vec3(-1319.4036, 14.601682, -99.941444) speed=-0.0009362818673253059 heading_rad=2.6758837699890137 bearing_rad=-0.032719649374485016 route_next=Some(286) gate=Vec3(-864.29767, 35.11112, 637.2484) aim=Vec3(-1324.4395, 13.75804, -89.047005)
2026-10-04T03:23:23.294375Z  INFO mm2_app::scripted: scripted player started a bounded escape after sustained low-speed throttle tick=30322 escapes=35 position=Vec3(-1321.5905, 14.601321, -100.914474) speed=0.008820939809083939 heading_rad=2.7219293117523193 bearing_rad=-0.1842034012079239 route_next=Some(286) gate=Vec3(-864.29767, 35.11112, 637.2484) aim=Vec3(-1324.4354, 13.75804, -89.055984)
2026-10-04T03:23:24.740597Z  INFO mm2_app::scripted: scripted player started a bounded escape after sustained low-speed throttle tick=30996 escapes=36 position=Vec3(-1319.0433, 14.603387, -99.78228) speed=0.02437553182244301 heading_rad=2.711529493331909 bearing_rad=0.03570251166820526 route_next=Some(286) gate=Vec3(-864.29767, 35.11112, 637.2484) aim=Vec3(-1324.4397, 13.75804, -89.04646)
2026-10-04T03:23:25.331101Z  INFO mm2_app::scripted: scripted player re-anchored onto its route after a bounded stuck tick=31278 reanchors=12 position=Vec3(-1317.5325, 15.281022, -107.87862) speed=-0.1083705872297287 heading_rad=2.342188596725464 route_next=285 gate=Vec3(-864.29767, 35.11112, 637.2484) landing=Vec3(-1312.8807, 16.42182, -116.109505)
2026-10-04T03:23:26.351043Z  INFO mm2_app::scripted: scripted player started a bounded escape after sustained low-speed throttle tick=31764 escapes=37 position=Vec3(-1319.4036, 14.601682, -99.941444) speed=-0.0009362818673253059 heading_rad=2.6758837699890137 bearing_rad=-0.032719649374485016 route_next=Some(286) gate=Vec3(-864.29767, 35.11112, 637.2484) aim=Vec3(-1324.4395, 13.75804, -89.047005)
2026-10-04T03:23:27.717609Z  INFO mm2_app::scripted: scripted player started a bounded escape after sustained low-speed throttle tick=32416 escapes=38 position=Vec3(-1321.5905, 14.601321, -100.914474) speed=0.008820939809083939 heading_rad=2.7219293117523193 bearing_rad=-0.1842034012079239 route_next=Some(286) gate=Vec3(-864.29767, 35.11112, 637.2484) aim=Vec3(-1324.4354, 13.75804, -89.055984)
2026-10-04T03:23:29.122987Z  INFO mm2_app::scripted: scripted player started a bounded escape after sustained low-speed throttle tick=33090 escapes=39 position=Vec3(-1319.0433, 14.603387, -99.78228) speed=0.02437553182244301 heading_rad=2.711529493331909 bearing_rad=0.03570251166820526 route_next=Some(286) gate=Vec3(-864.29767, 35.11112, 637.2484) aim=Vec3(-1324.4397, 13.75804, -89.04646)
2026-10-04T03:23:29.712392Z  INFO mm2_app::scripted: scripted player re-anchored onto its route after a bounded stuck tick=33372 reanchors=13 position=Vec3(-1317.5325, 15.281022, -107.87862) speed=-0.1083705872297287 heading_rad=2.342188596725464 route_next=285 gate=Vec3(-864.29767, 35.11112, 637.2484) landing=Vec3(-1312.8807, 16.42182, -116.109505)
2026-10-04T03:23:30.744733Z  INFO mm2_app::scripted: scripted player started a bounded escape after sustained low-speed throttle tick=33858 escapes=40 position=Vec3(-1319.4036, 14.601682, -99.941444) speed=-0.0009362818673253059 heading_rad=2.6758837699890137 bearing_rad=-0.032719649374485016 route_next=Some(286) gate=Vec3(-864.29767, 35.11112, 637.2484) aim=Vec3(-1324.4395, 13.75804, -89.047005)
2026-10-04T03:23:32.179452Z  INFO mm2_app::scripted: scripted player started a bounded escape after sustained low-speed throttle tick=34510 escapes=41 position=Vec3(-1321.5905, 14.601321, -100.914474) speed=0.008820939809083939 heading_rad=2.7219293117523193 bearing_rad=-0.1842034012079239 route_next=Some(286) gate=Vec3(-864.29767, 35.11112, 637.2484) aim=Vec3(-1324.4354, 13.75804, -89.055984)
2026-10-04T03:23:33.633745Z  INFO mm2_app::scripted: scripted player started a bounded escape after sustained low-speed throttle tick=35184 escapes=42 position=Vec3(-1319.0433, 14.603387, -99.78228) speed=0.02437553182244301 heading_rad=2.711529493331909 bearing_rad=0.03570251166820526 route_next=Some(286) gate=Vec3(-864.29767, 35.11112, 637.2484) aim=Vec3(-1324.4397, 13.75804, -89.04646)
2026-10-04T03:23:34.276084Z  INFO mm2_app::scripted: scripted player re-anchored onto its route after a bounded stuck tick=35466 reanchors=14 position=Vec3(-1317.5325, 15.281022, -107.87862) speed=-0.1083705872297287 heading_rad=2.342188596725464 route_next=285 gate=Vec3(-864.29767, 35.11112, 637.2484) landing=Vec3(-1312.8807, 16.42182, -116.109505)
2026-10-04T03:23:35.340191Z  INFO mm2_app::scripted: scripted player started a bounded escape after sustained low-speed throttle tick=35952 escapes=43 position=Vec3(-1319.4036, 14.601682, -99.941444) speed=-0.0009362818673253059 heading_rad=2.6758837699890137 bearing_rad=-0.032719649374485016 route_next=Some(286) gate=Vec3(-864.29767, 35.11112, 637.2484) aim=Vec3(-1324.4395, 13.75804, -89.047005)
2026-10-04T03:23:36.752068Z  INFO mm2_app::scripted: scripted player started a bounded escape after sustained low-speed throttle tick=36604 escapes=44 position=Vec3(-1321.5905, 14.601321, -100.914474) speed=0.008820939809083939 heading_rad=2.7219293117523193 bearing_rad=-0.1842034012079239 route_next=Some(286) gate=Vec3(-864.29767, 35.11112, 637.2484) aim=Vec3(-1324.4354, 13.75804, -89.055984)
2026-10-04T03:23:38.248628Z  INFO mm2_app::scripted: scripted player started a bounded escape after sustained low-speed throttle tick=37278 escapes=45 position=Vec3(-1319.0433, 14.603387, -99.78228) speed=0.02437553182244301 heading_rad=2.711529493331909 bearing_rad=0.03570251166820526 route_next=Some(286) gate=Vec3(-864.29767, 35.11112, 637.2484) aim=Vec3(-1324.4397, 13.75804, -89.04646)
2026-10-04T03:23:38.880686Z  INFO mm2_app::scripted: scripted player re-anchored onto its route after a bounded stuck tick=37560 reanchors=15 position=Vec3(-1317.5325, 15.281022, -107.87862) speed=-0.1083705872297287 heading_rad=2.342188596725464 route_next=285 gate=Vec3(-864.29767, 35.11112, 637.2484) landing=Vec3(-1312.8807, 16.42182, -116.109505)
2026-10-04T03:23:40.109313Z  INFO mm2_app::scripted: scripted player started a bounded escape after sustained low-speed throttle tick=38046 escapes=46 position=Vec3(-1319.4036, 14.601682, -99.941444) speed=-0.0009362818673253059 heading_rad=2.6758837699890137 bearing_rad=-0.032719649374485016 route_next=Some(286) gate=Vec3(-864.29767, 35.11112, 637.2484) aim=Vec3(-1324.4395, 13.75804, -89.047005)
2026-10-04T03:23:41.501792Z  INFO mm2_app::scripted: scripted player started a bounded escape after sustained low-speed throttle tick=38698 escapes=47 position=Vec3(-1321.5905, 14.601321, -100.914474) speed=0.008820939809083939 heading_rad=2.7219293117523193 bearing_rad=-0.1842034012079239 route_next=Some(286) gate=Vec3(-864.29767, 35.11112, 637.2484) aim=Vec3(-1324.4354, 13.75804, -89.055984)
2026-10-04T03:23:43.055922Z  INFO mm2_app::scripted: scripted player started a bounded escape after sustained low-speed throttle tick=39372 escapes=48 position=Vec3(-1319.0433, 14.603387, -99.78228) speed=0.02437553182244301 heading_rad=2.711529493331909 bearing_rad=0.03570251166820526 route_next=Some(286) gate=Vec3(-864.29767, 35.11112, 637.2484) aim=Vec3(-1324.4397, 13.75804, -89.04646)
2026-10-04T03:23:43.690315Z  INFO mm2_app::scripted: scripted player re-anchored onto its route after a bounded stuck tick=39654 reanchors=16 position=Vec3(-1317.5325, 15.281022, -107.87862) speed=-0.1083705872297287 heading_rad=2.342188596725464 route_next=285 gate=Vec3(-864.29767, 35.11112, 637.2484) landing=Vec3(-1312.8807, 16.42182, -116.109505)
2026-10-04T03:23:44.742665Z  INFO mm2_app::scripted: scripted player started a bounded escape after sustained low-speed throttle tick=40140 escapes=49 position=Vec3(-1319.4036, 14.601682, -99.941444) speed=-0.0009362818673253059 heading_rad=2.6758837699890137 bearing_rad=-0.032719649374485016 route_next=Some(286) gate=Vec3(-864.29767, 35.11112, 637.2484) aim=Vec3(-1324.4395, 13.75804, -89.047005)
2026-10-04T03:23:46.167538Z  INFO mm2_app::scripted: scripted player started a bounded escape after sustained low-speed throttle tick=40792 escapes=50 position=Vec3(-1321.5905, 14.601321, -100.914474) speed=0.008820939809083939 heading_rad=2.7219293117523193 bearing_rad=-0.1842034012079239 route_next=Some(286) gate=Vec3(-864.29767, 35.11112, 637.2484) aim=Vec3(-1324.4354, 13.75804, -89.055984)
2026-10-04T03:23:47.680832Z  INFO mm2_app::scripted: scripted player started a bounded escape after sustained low-speed throttle tick=41466 escapes=51 position=Vec3(-1319.0433, 14.603387, -99.78228) speed=0.02437553182244301 heading_rad=2.711529493331909 bearing_rad=0.03570251166820526 route_next=Some(286) gate=Vec3(-864.29767, 35.11112, 637.2484) aim=Vec3(-1324.4397, 13.75804, -89.04646)
2026-10-04T03:23:48.315921Z  INFO mm2_app::scripted: scripted player re-anchored onto its route after a bounded stuck tick=41748 reanchors=17 position=Vec3(-1317.5325, 15.281022, -107.87862) speed=-0.1083705872297287 heading_rad=2.342188596725464 route_next=285 gate=Vec3(-864.29767, 35.11112, 637.2484) landing=Vec3(-1312.8807, 16.42182, -116.109505)
2026-10-04T03:23:49.375920Z  INFO mm2_app::scripted: scripted player started a bounded escape after sustained low-speed throttle tick=42234 escapes=52 position=Vec3(-1319.4036, 14.601682, -99.941444) speed=-0.0009362818673253059 heading_rad=2.6758837699890137 bearing_rad=-0.032719649374485016 route_next=Some(286) gate=Vec3(-864.29767, 35.11112, 637.2484) aim=Vec3(-1324.4395, 13.75804, -89.047005)
2026-10-04T03:23:50.781973Z  INFO mm2_app::scripted: scripted player started a bounded escape after sustained low-speed throttle tick=42886 escapes=53 position=Vec3(-1321.5905, 14.601321, -100.914474) speed=0.008820939809083939 heading_rad=2.7219293117523193 bearing_rad=-0.1842034012079239 route_next=Some(286) gate=Vec3(-864.29767, 35.11112, 637.2484) aim=Vec3(-1324.4354, 13.75804, -89.055984)
2026-10-04T03:23:52.232239Z  INFO mm2_app::scripted: scripted player started a bounded escape after sustained low-speed throttle tick=43560 escapes=54 position=Vec3(-1319.0433, 14.603387, -99.78228) speed=0.02437553182244301 heading_rad=2.711529493331909 bearing_rad=0.03570251166820526 route_next=Some(286) gate=Vec3(-864.29767, 35.11112, 637.2484) aim=Vec3(-1324.4397, 13.75804, -89.04646)
2026-10-04T03:23:52.845448Z  INFO mm2_app::scripted: scripted player re-anchored onto its route after a bounded stuck tick=43842 reanchors=18 position=Vec3(-1317.5325, 15.281022, -107.87862) speed=-0.1083705872297287 heading_rad=2.342188596725464 route_next=285 gate=Vec3(-864.29767, 35.11112, 637.2484) landing=Vec3(-1312.8807, 16.42182, -116.109505)
2026-10-04T03:23:53.895129Z  INFO mm2_app::scripted: scripted player started a bounded escape after sustained low-speed throttle tick=44328 escapes=55 position=Vec3(-1319.4036, 14.601682, -99.941444) speed=-0.0009362818673253059 heading_rad=2.6758837699890137 bearing_rad=-0.032719649374485016 route_next=Some(286) gate=Vec3(-864.29767, 35.11112, 637.2484) aim=Vec3(-1324.4395, 13.75804, -89.047005)
2026-10-04T03:23:55.466493Z  INFO mm2_app::scripted: scripted player started a bounded escape after sustained low-speed throttle tick=44980 escapes=56 position=Vec3(-1321.5905, 14.601321, -100.914474) speed=0.008820939809083939 heading_rad=2.7219293117523193 bearing_rad=-0.1842034012079239 route_next=Some(286) gate=Vec3(-864.29767, 35.11112, 637.2484) aim=Vec3(-1324.4354, 13.75804, -89.055984)
2026-10-04T03:23:57.045526Z  INFO mm2_app::scripted: scripted player started a bounded escape after sustained low-speed throttle tick=45654 escapes=57 position=Vec3(-1319.0433, 14.603387, -99.78228) speed=0.02437553182244301 heading_rad=2.711529493331909 bearing_rad=0.03570251166820526 route_next=Some(286) gate=Vec3(-864.29767, 35.11112, 637.2484) aim=Vec3(-1324.4397, 13.75804, -89.04646)
2026-10-04T03:23:57.642145Z  INFO mm2_app::scripted: scripted player re-anchored onto its route after a bounded stuck tick=45936 reanchors=19 position=Vec3(-1317.5325, 15.281022, -107.87862) speed=-0.1083705872297287 heading_rad=2.342188596725464 route_next=285 gate=Vec3(-864.29767, 35.11112, 637.2484) landing=Vec3(-1312.8807, 16.42182, -116.109505)
2026-10-04T03:23:58.715444Z  INFO mm2_app::scripted: scripted player started a bounded escape after sustained low-speed throttle tick=46422 escapes=58 position=Vec3(-1319.4036, 14.601682, -99.941444) speed=-0.0009362818673253059 heading_rad=2.6758837699890137 bearing_rad=-0.032719649374485016 route_next=Some(286) gate=Vec3(-864.29767, 35.11112, 637.2484) aim=Vec3(-1324.4395, 13.75804, -89.047005)
2026-10-04T03:24:00.141337Z  INFO mm2_app::scripted: scripted player started a bounded escape after sustained low-speed throttle tick=47074 escapes=59 position=Vec3(-1321.5905, 14.601321, -100.914474) speed=0.008820939809083939 heading_rad=2.7219293117523193 bearing_rad=-0.1842034012079239 route_next=Some(286) gate=Vec3(-864.29767, 35.11112, 637.2484) aim=Vec3(-1324.4354, 13.75804, -89.055984)
2026-10-04T03:24:01.594968Z  INFO mm2_app::scripted: scripted player started a bounded escape after sustained low-speed throttle tick=47748 escapes=60 position=Vec3(-1319.0433, 14.603387, -99.78228) speed=0.02437553182244301 heading_rad=2.711529493331909 bearing_rad=0.03570251166820526 route_next=Some(286) gate=Vec3(-864.29767, 35.11112, 637.2484) aim=Vec3(-1324.4397, 13.75804, -89.04646)
2026-10-04T03:24:02.186165Z  INFO mm2_app::scripted: scripted player re-anchored onto its route after a bounded stuck tick=48030 reanchors=20 position=Vec3(-1317.5325, 15.281022, -107.87862) speed=-0.1083705872297287 heading_rad=2.342188596725464 route_next=285 gate=Vec3(-864.29767, 35.11112, 637.2484) landing=Vec3(-1312.8807, 16.42182, -116.109505)
2026-10-04T03:24:03.241529Z  INFO mm2_app::scripted: scripted player started a bounded escape after sustained low-speed throttle tick=48516 escapes=61 position=Vec3(-1319.4036, 14.601682, -99.941444) speed=-0.0009362818673253059 heading_rad=2.6758837699890137 bearing_rad=-0.032719649374485016 route_next=Some(286) gate=Vec3(-864.29767, 35.11112, 637.2484) aim=Vec3(-1324.4395, 13.75804, -89.047005)
2026-10-04T03:24:04.651229Z  INFO mm2_app::scripted: scripted player started a bounded escape after sustained low-speed throttle tick=49168 escapes=62 position=Vec3(-1321.5905, 14.601321, -100.914474) speed=0.008820939809083939 heading_rad=2.7219293117523193 bearing_rad=-0.1842034012079239 route_next=Some(286) gate=Vec3(-864.29767, 35.11112, 637.2484) aim=Vec3(-1324.4354, 13.75804, -89.055984)
2026-10-04T03:24:06.106629Z  INFO mm2_app::scripted: scripted player started a bounded escape after sustained low-speed throttle tick=49842 escapes=63 position=Vec3(-1319.0433, 14.603387, -99.78228) speed=0.02437553182244301 heading_rad=2.711529493331909 bearing_rad=0.03570251166820526 route_next=Some(286) gate=Vec3(-864.29767, 35.11112, 637.2484) aim=Vec3(-1324.4397, 13.75804, -89.04646)
2026-10-04T03:24:06.705832Z  INFO mm2_app::scripted: scripted player re-anchored onto its route after a bounded stuck tick=50124 reanchors=21 position=Vec3(-1317.5325, 15.281022, -107.87862) speed=-0.1083705872297287 heading_rad=2.342188596725464 route_next=285 gate=Vec3(-864.29767, 35.11112, 637.2484) landing=Vec3(-1312.8807, 16.42182, -116.109505)
2026-10-04T03:24:07.794053Z  INFO mm2_app::scripted: scripted player started a bounded escape after sustained low-speed throttle tick=50610 escapes=64 position=Vec3(-1319.4036, 14.601682, -99.941444) speed=-0.0009362818673253059 heading_rad=2.6758837699890137 bearing_rad=-0.032719649374485016 route_next=Some(286) gate=Vec3(-864.29767, 35.11112, 637.2484) aim=Vec3(-1324.4395, 13.75804, -89.047005)
2026-10-04T03:24:09.209856Z  INFO mm2_app::scripted: scripted player started a bounded escape after sustained low-speed throttle tick=51262 escapes=65 position=Vec3(-1321.5905, 14.601321, -100.914474) speed=0.008820939809083939 heading_rad=2.7219293117523193 bearing_rad=-0.1842034012079239 route_next=Some(286) gate=Vec3(-864.29767, 35.11112, 637.2484) aim=Vec3(-1324.4354, 13.75804, -89.055984)
2026-10-04T03:24:10.725035Z  INFO mm2_app::scripted: scripted player started a bounded escape after sustained low-speed throttle tick=51936 escapes=66 position=Vec3(-1319.0433, 14.603387, -99.78228) speed=0.02437553182244301 heading_rad=2.711529493331909 bearing_rad=0.03570251166820526 route_next=Some(286) gate=Vec3(-864.29767, 35.11112, 637.2484) aim=Vec3(-1324.4397, 13.75804, -89.04646)
2026-10-04T03:24:11.390693Z  INFO mm2_app::scripted: scripted player re-anchored onto its route after a bounded stuck tick=52218 reanchors=22 position=Vec3(-1317.5325, 15.281022, -107.87862) speed=-0.1083705872297287 heading_rad=2.342188596725464 route_next=285 gate=Vec3(-864.29767, 35.11112, 637.2484) landing=Vec3(-1312.8807, 16.42182, -116.109505)
2026-10-04T03:24:12.624043Z  INFO mm2_app::scripted: scripted player started a bounded escape after sustained low-speed throttle tick=52704 escapes=67 position=Vec3(-1319.4036, 14.601682, -99.941444) speed=-0.0009362818673253059 heading_rad=2.6758837699890137 bearing_rad=-0.032719649374485016 route_next=Some(286) gate=Vec3(-864.29767, 35.11112, 637.2484) aim=Vec3(-1324.4395, 13.75804, -89.047005)
2026-10-04T03:24:14.046385Z  INFO mm2_app::scripted: scripted player started a bounded escape after sustained low-speed throttle tick=53356 escapes=68 position=Vec3(-1321.5905, 14.601321, -100.914474) speed=0.008820939809083939 heading_rad=2.7219293117523193 bearing_rad=-0.1842034012079239 route_next=Some(286) gate=Vec3(-864.29767, 35.11112, 637.2484) aim=Vec3(-1324.4354, 13.75804, -89.055984)
2026-10-04T03:24:15.430499Z  WARN mm2_app::race_audio: audio: race cue timerwarning: no wave matches stem "timerwarning"
2026-10-04T03:24:15.494666Z  INFO mm2_app::scripted: scripted player started a bounded escape after sustained low-speed throttle tick=54030 escapes=69 position=Vec3(-1319.0433, 14.603387, -99.78228) speed=0.02437553182244301 heading_rad=2.711529493331909 bearing_rad=0.03570251166820526 route_next=Some(286) gate=Vec3(-864.29767, 35.11112, 637.2484) aim=Vec3(-1324.4397, 13.75804, -89.04646)
2026-10-04T03:24:16.112603Z  INFO mm2_app::scripted: scripted player re-anchored onto its route after a bounded stuck tick=54312 reanchors=23 position=Vec3(-1317.5325, 15.281022, -107.87862) speed=-0.1083705872297287 heading_rad=2.342188596725464 route_next=285 gate=Vec3(-864.29767, 35.11112, 637.2484) landing=Vec3(-1312.8807, 16.42182, -116.109505)
2026-10-04T03:24:17.169495Z  INFO mm2_app::scripted: scripted player started a bounded escape after sustained low-speed throttle tick=54798 escapes=70 position=Vec3(-1319.4036, 14.601682, -99.941444) speed=-0.0009362818673253059 heading_rad=2.6758837699890137 bearing_rad=-0.032719649374485016 route_next=Some(286) gate=Vec3(-864.29767, 35.11112, 637.2484) aim=Vec3(-1324.4395, 13.75804, -89.047005)
2026-10-04T03:24:18.026206Z  WARN mm2_app::race_audio: audio: race cue youlose: no wave matches stem "youlose"
smoke=headless-physics world=city/stockholm.psdl status=pass updates=47553 ticks=55200 driver=scripted diff=amateur phase=results impacts=75 dropped=0 peak=30.1m/s travel=2618.1m sim=460.00s resets=23 controls=43222t/10480b/35064s finite=true moved=280m wheels=4/4 final=(-1322,14.6,-101) race=Complete cp=0/2 results=1 tl=0.0s pos=1/1 outcome=timed-out place=1 p_rec=23r/70e env=lt04(noon) fog=none sky=none wtr=0.2/1698r map=inset/north/z1200/hudmap_stockholm.pkg/1t/4m dash=absent:missing-spec+pkg trk=sized ind=on/0m/0b tmr=22g/off arr=hudarrow_blitz01/off sta=10g/-/-/- bng=3242d/0a/0s/0b bng_ev=0a/0s/0b wfx=0r/0e/0x+8f+ut aud=0h/0v/0s/0l/0a/0r+7x
