mm2-smoke commit=c4156b780969666f420375d9f5647f51913646a0
2026-10-04T03:36:36.858781Z  WARN mm2: wheel part whl0 geometry authored in place; recentring onto origin car=Some("sthlm_racer")
2026-10-04T03:36:36.858844Z  WARN mm2: wheel part whl1 geometry authored in place; recentring onto origin car=Some("sthlm_racer")
2026-10-04T03:36:36.858848Z  WARN mm2: wheel part whl2 geometry authored in place; recentring onto origin car=Some("sthlm_racer")
2026-10-04T03:36:36.858851Z  WARN mm2: wheel part whl3 geometry authored in place; recentring onto origin car=Some("sthlm_racer")
2026-10-04T03:36:37.561846Z  WARN mm2_app::city: water refs resolved no rooms; deadly water off path=city/stockholm.parts/part_-3_0.water skipped=0
2026-10-04T03:36:37.946223Z  WARN mm2_app::city: water refs resolved no rooms; deadly water off path=city/stockholm.parts/part_-2_2.water skipped=0
2026-10-04T03:36:37.949400Z  WARN mm2_app::city: water refs resolved no rooms; deadly water off path=city/stockholm.parts/part_-2_3.water skipped=0
2026-10-04T03:36:38.115183Z  WARN mm2_app::city: water refs resolved no rooms; deadly water off path=city/stockholm.parts/part_-1_0.water skipped=0
2026-10-04T03:36:38.264239Z  WARN mm2_app::city: water refs resolved no rooms; deadly water off path=city/stockholm.parts/part_-1_2.water skipped=0
2026-10-04T03:36:38.320116Z  WARN mm2_app::city: water refs resolved no rooms; deadly water off path=city/stockholm.parts/part_-1_3.water skipped=0
2026-10-04T03:36:38.447052Z  WARN mm2_app::city: water refs resolved no rooms; deadly water off path=city/stockholm.parts/part_0_-2.water skipped=0
2026-10-04T03:36:38.720302Z  WARN mm2_app::city: water refs resolved no rooms; deadly water off path=city/stockholm.parts/part_0_2.water skipped=0
2026-10-04T03:36:38.781020Z  WARN mm2_app::city: water refs resolved no rooms; deadly water off path=city/stockholm.parts/part_0_3.water skipped=0
2026-10-04T03:36:38.877418Z  WARN mm2_app::city: water refs resolved no rooms; deadly water off path=city/stockholm.parts/part_1_-3.water skipped=0
2026-10-04T03:36:38.968963Z  WARN mm2_app::city: water refs resolved no rooms; deadly water off path=city/stockholm.parts/part_1_-2.water skipped=0
2026-10-04T03:36:39.028639Z  WARN mm2_app::city: water refs resolved no rooms; deadly water off path=city/stockholm.parts/part_1_-1.water skipped=0
2026-10-04T03:36:39.082901Z  WARN mm2_app::city: water refs resolved no rooms; deadly water off path=city/stockholm.parts/part_1_-1_spill_1.water skipped=0
2026-10-04T03:36:39.188438Z  WARN mm2_app::city: water refs resolved no rooms; deadly water off path=city/stockholm.parts/part_1_0_spill_1.water skipped=0
2026-10-04T03:36:39.279615Z  WARN mm2_app::city: water refs resolved no rooms; deadly water off path=city/stockholm.parts/part_1_1.water skipped=0
2026-10-04T03:36:39.284526Z  WARN mm2_app::city: water refs resolved no rooms; deadly water off path=city/stockholm.parts/part_1_1_spill_1.water skipped=0
2026-10-04T03:36:39.369886Z  WARN mm2_app::city: water refs resolved no rooms; deadly water off path=city/stockholm.parts/part_1_2.water skipped=0
2026-10-04T03:36:39.433001Z  WARN mm2_app::city: water refs resolved no rooms; deadly water off path=city/stockholm.parts/part_1_3.water skipped=0
2026-10-04T03:36:39.567409Z  WARN mm2_app::city: water refs resolved no rooms; deadly water off path=city/stockholm.parts/part_2_-3.water skipped=0
2026-10-04T03:36:39.710007Z  WARN mm2_app::city: water refs resolved no rooms; deadly water off path=city/stockholm.parts/part_2_-1.water skipped=0
2026-10-04T03:36:39.874238Z  WARN mm2_app::city: water refs resolved no rooms; deadly water off path=city/stockholm.parts/part_2_1.water skipped=0
2026-10-04T03:36:39.941358Z  WARN mm2_app::city: water refs resolved no rooms; deadly water off path=city/stockholm.parts/part_2_2.water skipped=0
2026-10-04T03:36:39.965636Z  WARN mm2_app::city: water refs resolved no rooms; deadly water off path=city/stockholm.parts/part_2_3.water skipped=0
2026-10-04T03:36:40.285019Z  WARN mm2_app::city: water refs resolved no rooms; deadly water off path=city/stockholm.parts/part_3_1.water skipped=0
2026-10-04T03:36:40.337287Z  WARN mm2_app::city: water refs resolved no rooms; deadly water off path=city/stockholm.parts/part_3_2.water skipped=0
2026-10-04T03:36:40.386932Z  WARN mm2_app::city: water refs resolved no rooms; deadly water off path=city/stockholm.parts/part_3_3.water skipped=0
2026-10-04T03:36:40.580573Z  WARN mm2_app::city: water refs resolved no rooms; deadly water off path=city/stockholm.parts/part_4_1.water skipped=0
2026-10-04T03:36:40.617816Z  WARN mm2_app::city: water refs resolved no rooms; deadly water off path=city/stockholm.parts/part_4_2.water skipped=0
2026-10-04T03:36:40.936169Z  WARN mm2_app::city: water refs resolved no rooms; deadly water off path=city/stockholm.parts/part_6_1.water skipped=0
2026-10-04T03:36:41.194135Z  WARN mm2_app::object_sound: object sound table unreadable path=aud/ambient/ferry.csv error=asset not found: aud/ambient/ferry.csv
2026-10-04T03:36:41.194159Z  WARN mm2_app::object_sound: object sound table unreadable path=aud/ambient/subwaycar.csv error=asset not found: aud/ambient/subwaycar.csv
2026-10-04T03:36:41.194231Z  WARN mm2_app::environment: lighting preset validation issue path=city/stockholm.lt04 issue=OffGridName("noon")
2026-10-04T03:36:41.194237Z  WARN mm2_app::environment: fog table unavailable path=city/stockholm_fog.csv error=asset not found: city/stockholm_fog.csv
2026-10-04T03:36:41.194240Z  WARN mm2_app::environment: sky definition unavailable path=city/stockholm.sky error=asset not found: city/stockholm.sky
2026-10-04T03:36:41.211017Z  WARN mm2_app::damage_fx: smoke atlas unresolved — untextured puffs texture="fxpt2"
2026-10-04T03:36:41.211046Z  WARN mm2_app::spark_fx: spark texture unresolved — untextured streaks texture="spark"
2026-10-04T03:36:41.211055Z  WARN mm2_app::wheel_fx: wheel effect unavailable rule="dirt" path=tune/effects/dirt.asbirthrule
2026-10-04T03:36:41.211060Z  WARN mm2_app::wheel_fx: wheel effect unavailable rule="dust" path=tune/effects/dust.asbirthrule
2026-10-04T03:36:41.211068Z  WARN mm2_app::wheel_fx: wheel effect unavailable rule="grass" path=tune/effects/grass.asbirthrule
2026-10-04T03:36:41.211071Z  WARN mm2_app::wheel_fx: wheel effect unavailable rule="leaf" path=tune/effects/leaf.asbirthrule
2026-10-04T03:36:41.211073Z  WARN mm2_app::wheel_fx: wheel effect unavailable rule="smoke" path=tune/effects/smoke.asbirthrule
2026-10-04T03:36:41.211078Z  WARN mm2_app::wheel_fx: wheel effect unavailable rule="snow" path=tune/effects/snow.asbirthrule
2026-10-04T03:36:41.211081Z  WARN mm2_app::wheel_fx: wheel effect unavailable rule="splash" path=tune/effects/splash.asbirthrule
2026-10-04T03:36:41.211083Z  WARN mm2_app::wheel_fx: wheel effect unavailable rule="rock" path=tune/effects/rock.asbirthrule
2026-10-04T03:36:41.211085Z  WARN mm2_app::wheel_fx: wheel atlas unresolved — untextured puffs texture="ptx_wheel"
2026-10-04T03:36:41.211322Z  WARN mm2_app::audio: audio: aud/cardata/player/default_impacts.csv: asset not found: aud/cardata/player/default_impacts.csv
2026-10-04T03:36:41.211328Z  WARN mm2_app::audio: audio: aud/cardata/player/default_surfacedry.csv: asset not found: aud/cardata/player/default_surfacedry.csv
2026-10-04T03:36:41.211331Z  WARN mm2_app::audio: audio: aud/cardata/player/stockholmpolicesiren.csv: asset not found: aud/cardata/player/stockholmpolicesiren.csv
2026-10-04T03:36:41.211333Z  WARN mm2_app::audio: audio: aud/cardata/opponent/policesiren.csv: asset not found: aud/cardata/opponent/policesiren.csv
2026-10-04T03:36:41.212261Z  WARN mm2_app::session: nav graph failed to load — opponent routes stay verbatim error=city/stockholm.bai: not found in the VFS
2026-10-04T03:36:41.778346Z  WARN mm2_app::race_audio: audio: race cue startracelow: no wave matches stem "startracelow"
2026-10-04T03:36:41.778385Z  WARN mm2_app::audio: audio: aud/spchdata/stockholm.csv: asset not found: aud/spchdata/stockholm.csv
2026-10-04T03:36:42.106962Z  WARN mm2_app::race_audio: audio: race cue startracelow: no wave matches stem "startracelow"
2026-10-04T03:36:42.330231Z  WARN mm2_app::race_audio: audio: race cue startracelow: no wave matches stem "startracelow"
2026-10-04T03:36:42.585664Z  WARN mm2_app::race_audio: audio: race cue startracehigh: no wave matches stem "startracehigh"
2026-10-04T03:36:53.401794Z  WARN mm2_app::race_audio: audio: race cue lastwaypoint: no wave matches stem "lastwaypoint"
2026-10-04T03:37:03.137776Z  WARN mm2_app::race_audio: audio: race cue endofracetag: no wave matches stem "endofracetag"
smoke=headless-physics world=city/stockholm.psdl status=pass updates=7500 ticks=9788 driver=scripted diff=amateur phase=results impacts=0 dropped=0 peak=14.1m/s travel=1104.4m sim=81.57s resets=0 controls=6324t/3464b/520s finite=true moved=1130m wheels=4/4 final=(-817,3.3,-38) race=Complete cp=1/1 results=1 tl=33.4s pos=1/1 outcome=finished place=1 env=lt04(noon) fog=none sky=none wtr=0.2/1698r map=inset/north/z1200/hudmap_stockholm.pkg/1t/3m dash=absent:missing-spec+pkg trk=sized ind=on/0m/0b tmr=22g/off arr=hudarrow_blitz01/off sta=10g/-/-/- bng=3242d/0a/0s/0b bng_ev=0a/0s/0b wfx=0r/0e/0x+8f+ut aud=0h/0v/0s/0l/0a/0r+7x
